Note: switching to 'ecdb3a0be1d95ef51e7d40493808ba4659274f41'.

You are in 'detached HEAD' state. You can look around, make experimental
changes and commit them, and you can discard any commits you make in this
state without impacting any branches by switching back to a branch.

If you want to create a new branch to retain commits you create, you may
do so (now or later) by using -c with the switch command. Example:

  git switch -c <new-branch-name>

Or undo this operation with:

  git switch -

Turn off this advice by setting config variable advice.detachedHead to false

  Determining projects to restore...
  Restored C:\g3b7\s4\peers\onboard-hmi-ecdb3a0be1d95ef51e7d40493808ba4659274f41\clone\src\SQCD.Agv.Contracts\SQCD.Agv.Contracts.csproj (in 145 ms).
  Restored C:\g3b7\s4\peers\onboard-hmi-ecdb3a0be1d95ef51e7d40493808ba4659274f41\clone\src\SQCD.Agv.AutomationHost\SQCD.Agv.AutomationHost.csproj (in 152 ms).
  Restored C:\g3b7\s4\peers\onboard-hmi-ecdb3a0be1d95ef51e7d40493808ba4659274f41\clone\src\SQCD.Agv.Application\SQCD.Agv.Application.csproj (in 152 ms).
  Restored C:\g3b7\s4\peers\onboard-hmi-ecdb3a0be1d95ef51e7d40493808ba4659274f41\clone\src\SQCD.Agv.Core\SQCD.Agv.Core.csproj (in 145 ms).
  Restored C:\g3b7\s4\peers\onboard-hmi-ecdb3a0be1d95ef51e7d40493808ba4659274f41\clone\src\SQCD.Agv.Wpf\SQCD.Agv.Wpf.csproj (in 373 ms).
  Restored C:\g3b7\s4\peers\onboard-hmi-ecdb3a0be1d95ef51e7d40493808ba4659274f41\clone\src\SQCD.Agv.Infrastructure\SQCD.Agv.Infrastructure.csproj (in 373 ms).
  SQCD.Agv.Contracts -> C:\g3b7\s4\peers\onboard-hmi-ecdb3a0be1d95ef51e7d40493808ba4659274f41\clone\src\SQCD.Agv.Contracts\bin\Release\net8.0\win-x64\SQCD.Agv.Contracts.dll
  SQCD.Agv.Core -> C:\g3b7\s4\peers\onboard-hmi-ecdb3a0be1d95ef51e7d40493808ba4659274f41\clone\src\SQCD.Agv.Core\bin\Release\net8.0\win-x64\SQCD.Agv.Core.dll
  SQCD.Agv.AutomationHost -> C:\g3b7\s4\peers\onboard-hmi-ecdb3a0be1d95ef51e7d40493808ba4659274f41\clone\src\SQCD.Agv.AutomationHost\bin\Release\net8.0\win-x64\SQCD.Agv.AutomationHost.dll
  SQCD.Agv.Application -> C:\g3b7\s4\peers\onboard-hmi-ecdb3a0be1d95ef51e7d40493808ba4659274f41\clone\src\SQCD.Agv.Application\bin\Release\net8.0\win-x64\SQCD.Agv.Application.dll
  SQCD.Agv.Infrastructure -> C:\g3b7\s4\peers\onboard-hmi-ecdb3a0be1d95ef51e7d40493808ba4659274f41\clone\src\SQCD.Agv.Infrastructure\bin\Release\net8.0\win-x64\SQCD.Agv.Infrastructure.dll
  SQCD.Agv.Wpf -> C:\g3b7\s4\peers\onboard-hmi-ecdb3a0be1d95ef51e7d40493808ba4659274f41\clone\src\SQCD.Agv.Wpf\bin\Release\net8.0-windows\win-x64\SQCD.Agv.Wpf.dll
  SQCD.Agv.Wpf -> C:\g3b7\s4\peers\onboard-hmi-ecdb3a0be1d95ef51e7d40493808ba4659274f41\publish\
