2026-09-10T09:58:07.7386178+08:00	Information	App	车载端启动：agvId=AGV-L2-001，environment=Development，version=0.2.0-safety-mock-travel+3d8206fc9fc4ce02b58e78a205d9563be68c6b0e。
2026-09-10T09:58:08.8252087+08:00	Information	ModbusTcpIoModuleClient	已连接IO模块 127.0.0.1:58412，UnitId=255。
2026-09-10T09:58:08.8548172+08:00	Information	OnboardController	IO模块在线。
2026-09-10T09:58:08.8566148+08:00	Information	OnboardController	启动IO安全快照验证通过。
2026-09-10T09:58:09.6555698+08:00	Information	WireToGateSessionService	上层会话已建立：generation=1，readiness=Ready。
2026-09-10T09:58:14.1577630+08:00	Information	App	服务端请求录入Sublot：demandId=3401ebd3-907b-4374-91a9-0866fcdbc200，revision=1。 
2026-09-10T09:58:14.8822532+08:00	Information	App	服务端请求录入Sublot：demandId=3401ebd3-907b-4374-91a9-0866fcdbc200，revision=1。 
2026-09-10T09:58:15.2105049+08:00	Information	ModbusTcpIoModuleClient	已向物理1号仓发送开锁脉冲触发，DO地址=100。硬件负责自动复位。 
2026-09-10T09:58:15.2400534+08:00	Information	ModbusTcpIoModuleClient	1号仓IO变化：DO 0->1，锁DI 1->1，光幕DI 1->1。
2026-09-10T09:58:15.3633399+08:00	Information	ModbusTcpIoModuleClient	1号仓IO变化：DO 1->1，锁DI 1->0，光幕DI 1->1。
2026-09-10T09:58:15.8115288+08:00	Information	ModbusTcpIoModuleClient	1号仓IO变化：DO 1->0，锁DI 0->0，光幕DI 1->1。
2026-09-10T09:58:15.8921883+08:00	Information	WireToGateBusinessService	忽略并发重复SlotOperationCommand：attempt=c1608e4e-1c76-b353-b47b-49785f0b0dff。
2026-09-10T09:58:16.5249619+08:00	Information	ModbusTcpIoModuleClient	1号仓IO变化：DO 0->0，锁DI 0->1，光幕DI 1->1。
2026-09-10T09:58:16.9006202+08:00	Information	WireToGateBusinessService	忽略并发重复SlotOperationCommand：attempt=c1608e4e-1c76-b353-b47b-49785f0b0dff。
2026-09-10T09:58:16.9393288+08:00	Information	ModbusTcpIoModuleClient	已向物理1号仓发送开锁脉冲触发，DO地址=100。硬件负责自动复位。 
2026-09-10T09:58:16.9844987+08:00	Information	ModbusTcpIoModuleClient	1号仓IO变化：DO 0->1，锁DI 1->1，光幕DI 1->1。
2026-09-10T09:58:17.5407287+08:00	Information	ModbusTcpIoModuleClient	1号仓IO变化：DO 1->0，锁DI 1->1，光幕DI 1->1。
2026-09-10T09:58:17.8889117+08:00	Information	WireToGateBusinessService	忽略并发重复SlotOperationCommand：attempt=c1608e4e-1c76-b353-b47b-49785f0b0dff。
2026-09-10T09:58:18.8915227+08:00	Information	WireToGateBusinessService	忽略并发重复SlotOperationCommand：attempt=c1608e4e-1c76-b353-b47b-49785f0b0dff。
2026-09-10T09:58:19.9001636+08:00	Information	WireToGateBusinessService	忽略并发重复SlotOperationCommand：attempt=c1608e4e-1c76-b353-b47b-49785f0b0dff。
2026-09-10T09:58:21.1310511+08:00	Information	ModbusTcpIoModuleClient	1号仓IO变化：DO 0->0，锁DI 1->1，光幕DI 1->0。
2026-09-10T09:58:22.0680499+08:00	Information	ModbusTcpIoModuleClient	已向物理1号仓发送开锁脉冲触发，DO地址=100。硬件负责自动复位。 
2026-09-10T09:58:22.1353295+08:00	Information	ModbusTcpIoModuleClient	1号仓IO变化：DO 0->1，锁DI 1->1，光幕DI 0->0。
2026-09-10T09:58:22.2590941+08:00	Information	ModbusTcpIoModuleClient	1号仓IO变化：DO 1->1，锁DI 1->0，光幕DI 0->0。
2026-09-10T09:58:22.6211624+08:00	Information	ModbusTcpIoModuleClient	1号仓IO变化：DO 1->0，锁DI 0->0，光幕DI 0->0。
2026-09-10T09:58:23.2919301+08:00	Information	ModbusTcpIoModuleClient	1号仓IO变化：DO 0->0，锁DI 0->0，光幕DI 0->1。
2026-09-10T09:58:23.4172663+08:00	Information	ModbusTcpIoModuleClient	1号仓IO变化：DO 0->0，锁DI 0->1，光幕DI 1->1。
