<?xml version="1.0" encoding="utf-8"?>
<TestRun id="a7415174-8832-4fe0-9391-5e5d6ac46b1d" name="szy@LAB-WIN-01 2026-09-08 11:15:51" runUser="LAB-WIN-01\szy" xmlns="http://microsoft.com/schemas/VisualStudio/TeamTest/2010">
  <Times creation="2026-09-08T11:15:51.7062668+08:00" queuing="2026-09-08T11:15:51.7062670+08:00" start="2026-09-08T11:15:50.1184588+08:00" finish="2026-09-08T11:16:01.1979658+08:00" />
  <TestSettings name="default" id="95ab5e3d-82b3-4f5a-be2f-64d5eebee15f">
    <Deployment runDeploymentRoot="szy_LAB-WIN-01_2026-09-08_11_15_51" />
  </TestSettings>
  <Results>
    <UnitTestResult executionId="9d629fb2-2db1-4de6-a645-fb022f7bc361" testId="69b43fc9-bb48-85e2-99e4-a1cc6cdac0eb" testName="ControlServer.Tests.JourneyRuntimeWorkerTests.AmbiguousAreaStationMappingRemainsBackloggedAndNeverCreatesMovement" computerName="LAB-WIN-01" duration="00:00:00.0668155" startTime="2026-09-08T11:15:52.9085262+08:00" endTime="2026-09-08T11:15:52.9754057+08:00" testType="13cdc9d9-ddb5-4fa4-a97d-d965ccfc6d4b" outcome="Passed" testListId="8c84fa94-04c1-424b-9868-57a2d4851a1d" relativeResultsDirectory="9d629fb2-2db1-4de6-a645-fb022f7bc361" />
    <UnitTestResult executionId="aca4d828-4220-4996-9135-1685ab46862a" testId="1f057f91-7643-ade7-3dd7-96eb944caa1d" testName="ControlServer.Tests.JourneyRuntimeWorkerTests.AcceptedDemandWithoutPersistedRuntimeFailsClosedInsteadOfBeingAdopted" computerName="LAB-WIN-01" duration="00:00:00.0444371" startTime="2026-09-08T11:15:56.6418077+08:00" endTime="2026-09-08T11:15:56.6862970+08:00" testType="13cdc9d9-ddb5-4fa4-a97d-d965ccfc6d4b" outcome="Passed" testListId="8c84fa94-04c1-424b-9868-57a2d4851a1d" relativeResultsDirectory="aca4d828-4220-4996-9135-1685ab46862a" />
    <UnitTestResult executionId="fc748246-dcdc-490e-9d76-448edfbd38aa" testId="5355e115-170b-0436-93d5-d684aace6b7a" testName="ControlServer.Tests.DemandAcceptanceAtomicityTests.AcceptedDemandAndToPickupIntentAreCommittedAtomically" computerName="LAB-WIN-01" duration="00:00:00.0381181" startTime="2026-09-08T11:15:53.1611221+08:00" endTime="2026-09-08T11:15:53.1992873+08:00" testType="13cdc9d9-ddb5-4fa4-a97d-d965ccfc6d4b" outcome="Passed" testListId="8c84fa94-04c1-424b-9868-57a2d4851a1d" relativeResultsDirectory="fc748246-dcdc-490e-9d76-448edfbd38aa" />
    <UnitTestResult executionId="b91da871-a927-4302-b57c-0cc473088aa1" testId="3676df9e-25fb-c74c-be7b-d675b899d792" testName="ControlServer.Tests.FakeRiotTests.MapStationReadsCountEveryIterationWithoutMovingTheStateRevision" computerName="LAB-WIN-01" duration="00:00:00.3276135" startTime="2026-09-08T11:15:51.5158081+08:00" endTime="2026-09-08T11:15:51.8508524+08:00" testType="13cdc9d9-ddb5-4fa4-a97d-d965ccfc6d4b" outcome="Passed" testListId="8c84fa94-04c1-424b-9868-57a2d4851a1d" relativeResultsDirectory="b91da871-a927-4302-b57c-0cc473088aa1" />
    <UnitTestResult executionId="fa0bd64e-de25-4da2-9e6f-4d2490d382c6" testId="02e0fc63-3136-6408-abe8-c822a51b5179" testName="ControlServer.Tests.JourneyRuntimeWorkerTests.EveryAdmissionGateFailsClosedBeforeAcceptance(scenario: &quot;box-count-missing&quot;, expectedReason: &quot;SUBLOT_BOX_COUNT_UNAVAILABLE&quot;)" computerName="LAB-WIN-01" duration="00:00:00.0392261" startTime="2026-09-08T11:15:53.2410546+08:00" endTime="2026-09-08T11:15:53.2803317+08:00" testType="13cdc9d9-ddb5-4fa4-a97d-d965ccfc6d4b" outcome="Passed" testListId="8c84fa94-04c1-424b-9868-57a2d4851a1d" relativeResultsDirectory="fa0bd64e-de25-4da2-9e6f-4d2490d382c6" />
    <UnitTestResult executionId="79f221be-c2f3-4446-afb2-37f94f24da20" testId="717f5863-35bc-b67e-a118-c07dbe7f20ef" testName="ControlServer.Tests.JourneyRuntimeWorkerTests.AdmissionSafetyFactsComeFromTheLatestChangeNotTheSessionSnapshot" computerName="LAB-WIN-01" duration="00:00:00.0200848" startTime="2026-09-08T11:16:01.0810556+08:00" endTime="2026-09-08T11:16:01.1012249+08:00" testType="13cdc9d9-ddb5-4fa4-a97d-d965ccfc6d4b" outcome="Passed" testListId="8c84fa94-04c1-424b-9868-57a2d4851a1d" relativeResultsDirectory="79f221be-c2f3-4446-afb2-37f94f24da20" />
    <UnitTestResult executionId="44fcab19-98ad-4d2e-b4ea-4845a034e75c" testId="b3d06b9a-da69-2c2e-2da5-5b1369d6ca1e" testName="ControlServer.Tests.JourneyRuntimeWorkerTests.RestartReconcilesUnknownPickupCreateWithoutSecondOrderOrIdentityChange" computerName="LAB-WIN-01" duration="00:00:00.0688086" startTime="2026-09-08T11:15:55.6524225+08:00" endTime="2026-09-08T11:15:55.7212888+08:00" testType="13cdc9d9-ddb5-4fa4-a97d-d965ccfc6d4b" outcome="Passed" testListId="8c84fa94-04c1-424b-9868-57a2d4851a1d" relativeResultsDirectory="44fcab19-98ad-4d2e-b4ea-4845a034e75c" />
    <UnitTestResult executionId="bdbe6c9b-36e8-4f03-9b57-4630c8923dac" testId="7b15c4f9-73fd-d045-2380-78df636efd1d" testName="ControlServer.Tests.JourneyRuntimeWorkerTests.EveryAdmissionGateFailsClosedBeforeAcceptance(scenario: &quot;riot-order-occupied&quot;, expectedReason: &quot;RIOT_VEHICLE_ORDER_OCCUPIED&quot;)" computerName="LAB-WIN-01" duration="00:00:00.0378097" startTime="2026-09-08T11:15:53.2025345+08:00" endTime="2026-09-08T11:15:53.2403924+08:00" testType="13cdc9d9-ddb5-4fa4-a97d-d965ccfc6d4b" outcome="Passed" testListId="8c84fa94-04c1-424b-9868-57a2d4851a1d" relativeResultsDirectory="bdbe6c9b-36e8-4f03-9b57-4630c8923dac" />
    <UnitTestResult executionId="b103bc96-a52f-48c7-9bb3-bd2fafa3d08f" testId="4808dc36-ad3b-9fde-004a-e7c0ed00a150" testName="ControlServer.Tests.ApplicationOrchestrationTests.IntakeCoordinatorPersistsFinalDecisionFactsBeforeRiotMutation" computerName="LAB-WIN-01" duration="00:00:00.1543701" startTime="2026-09-08T11:15:52.7454977+08:00" endTime="2026-09-08T11:15:52.8999201+08:00" testType="13cdc9d9-ddb5-4fa4-a97d-d965ccfc6d4b" outcome="Passed" testListId="8c84fa94-04c1-424b-9868-57a2d4851a1d" relativeResultsDirectory="b103bc96-a52f-48c7-9bb3-bd2fafa3d08f" />
    <UnitTestResult executionId="f625f480-2088-4196-8abe-a595f6039971" testId="87ab6baa-a2fa-4bd2-e2a4-5abe279110f2" testName="ControlServer.Tests.OnboardJourneyPublisherTests.CoreJourneyCommandsEmitFormalSchemaPayloadsWithExactCorrelationRules" computerName="LAB-WIN-01" duration="00:00:00.1809510" startTime="2026-09-08T11:15:52.6268914+08:00" endTime="2026-09-08T11:15:52.8079004+08:00" testType="13cdc9d9-ddb5-4fa4-a97d-d965ccfc6d4b" outcome="Passed" testListId="8c84fa94-04c1-424b-9868-57a2d4851a1d" relativeResultsDirectory="f625f480-2088-4196-8abe-a595f6039971" />
    <UnitTestResult executionId="a3e9206e-5c30-4d05-8a93-aa46c29906da" testId="397ab49f-1422-8877-407e-43f0d1bef1f9" testName="ControlServer.Tests.JourneyRuntimeWorkerTests.OutOfScopeOrMap25UnresolvableAreaNeverCreatesMissingPackageNoise(area: &quot;N22-1&quot;, expectedReason: &quot;AREA_STATION_NOT_FOUND&quot;)" computerName="LAB-WIN-01" duration="00:00:00.0456880" startTime="2026-09-08T11:15:56.4528350+08:00" endTime="2026-09-08T11:15:56.4985777+08:00" testType="13cdc9d9-ddb5-4fa4-a97d-d965ccfc6d4b" outcome="Passed" testListId="8c84fa94-04c1-424b-9868-57a2d4851a1d" relativeResultsDirectory="a3e9206e-5c30-4d05-8a93-aa46c29906da" />
    <UnitTestResult executionId="d39ddcf9-d774-48f7-909e-12bdd686114d" testId="c83e6d8d-7930-4a73-6703-a1ff2790d599" testName="ControlServer.Tests.JourneyRuntimeWorkerTests.HardAdmissionFiltersBeforeStableBacklogOrderingAndRemoteSideEffects" computerName="LAB-WIN-01" duration="00:00:00.0576637" startTime="2026-09-08T11:15:56.8609614+08:00" endTime="2026-09-08T11:15:56.9186890+08:00" testType="13cdc9d9-ddb5-4fa4-a97d-d965ccfc6d4b" outcome="Passed" testListId="8c84fa94-04c1-424b-9868-57a2d4851a1d" relativeResultsDirectory="d39ddcf9-d774-48f7-909e-12bdd686114d" />
    <UnitTestResult executionId="d8231fa1-e80a-4203-a231-5ee62e282354" testId="3b1a8132-4641-59a5-f606-f35a026b3b62" testName="ControlServer.Tests.JourneyRuntimeWorkerTests.OutOfScopeOrMap25UnresolvableAreaNeverCreatesMissingPackageNoise(area: &quot;D11-10&quot;, expectedReason: &quot;OUT_OF_SCOPE_AREA&quot;)" computerName="LAB-WIN-01" duration="00:00:00.0440256" startTime="2026-09-08T11:15:56.4992386+08:00" endTime="2026-09-08T11:15:56.5433232+08:00" testType="13cdc9d9-ddb5-4fa4-a97d-d965ccfc6d4b" outcome="Passed" testListId="8c84fa94-04c1-424b-9868-57a2d4851a1d" relativeResultsDirectory="d8231fa1-e80a-4203-a231-5ee62e282354" />
    <UnitTestResult executionId="cedc0807-0ca6-4955-abb8-28d3ea02e02f" testId="d6597f25-d7d1-0921-2135-fa70a872fb6d" testName="ControlServer.Tests.HttpRiotMovementGatewayTests.VehicleFactsAreMappedAndObservedAfterSdkReadCompletes" computerName="LAB-WIN-01" duration="00:00:00.0959487" startTime="2026-09-08T11:15:51.5158132+08:00" endTime="2026-09-08T11:15:51.6181909+08:00" testType="13cdc9d9-ddb5-4fa4-a97d-d965ccfc6d4b" outcome="Passed" testListId="8c84fa94-04c1-424b-9868-57a2d4851a1d" relativeResultsDirectory="cedc0807-0ca6-4955-abb8-28d3ea02e02f" />
    <UnitTestResult executionId="849042d0-1b41-40f1-9412-f5ba3c2dccfa" testId="1727ffe7-6886-eebf-346c-b7e747cb719b" testName="ControlServer.Tests.OnboardJourneyPublisherTests.JourneySnapshotIsPersistedBeforeSendReplayedByteForByteAndAcknowledgedByExactHash" computerName="LAB-WIN-01" duration="00:00:01.1036964" startTime="2026-09-08T11:15:51.5158226+08:00" endTime="2026-09-08T11:15:52.6259764+08:00" testType="13cdc9d9-ddb5-4fa4-a97d-d965ccfc6d4b" outcome="Passed" testListId="8c84fa94-04c1-424b-9868-57a2d4851a1d" relativeResultsDirectory="849042d0-1b41-40f1-9412-f5ba3c2dccfa" />
    <UnitTestResult executionId="ed2b4bef-9f6a-4bb3-b0eb-52dd2bbc3115" testId="ac88da79-deb1-9087-5dc2-ea89612ca053" testName="ControlServer.Tests.JourneyRuntimeWorkerTests.AChargerMissingFromTheLiveMapStartsNoRunAndDispatchesNothing" computerName="LAB-WIN-01" duration="00:00:00.0152784" startTime="2026-09-08T11:16:01.1020171+08:00" endTime="2026-09-08T11:16:01.1173550+08:00" testType="13cdc9d9-ddb5-4fa4-a97d-d965ccfc6d4b" outcome="Passed" testListId="8c84fa94-04c1-424b-9868-57a2d4851a1d" relativeResultsDirectory="ed2b4bef-9f6a-4bb3-b0eb-52dd2bbc3115" />
    <UnitTestResult executionId="8256d9a9-0a7d-465f-9d20-71d29cd677a0" testId="ce24c2e7-ff2a-1f88-cefb-245dd0e4aabe" testName="ControlServer.Tests.JourneyRuntimeWorkerTests.ACompletedDemandStillListedByMesIngestIsNeverOfferedForIntakeAgain" computerName="LAB-WIN-01" duration="00:00:01.9964634" startTime="2026-09-08T11:15:57.0209860+08:00" endTime="2026-09-08T11:15:59.0175246+08:00" testType="13cdc9d9-ddb5-4fa4-a97d-d965ccfc6d4b" outcome="Passed" testListId="8c84fa94-04c1-424b-9868-57a2d4851a1d" relativeResultsDirectory="8256d9a9-0a7d-465f-9d20-71d29cd677a0" />
    <UnitTestResult executionId="7421aabf-7645-4e11-be15-3de794821a88" testId="7ddecb37-e9aa-eb93-c813-1f7dc8a55120" testName="ControlServer.Tests.JourneyRuntimeWorkerTests.AVehicleStandingOnTheChargerWithoutDrawingCurrentIsNamedRatherThanWaitedOut" computerName="LAB-WIN-01" duration="00:00:00.0538680" startTime="2026-09-08T11:15:56.0286371+08:00" endTime="2026-09-08T11:15:56.0825611+08:00" testType="13cdc9d9-ddb5-4fa4-a97d-d965ccfc6d4b" outcome="Passed" testListId="8c84fa94-04c1-424b-9868-57a2d4851a1d" relativeResultsDirectory="7421aabf-7645-4e11-be15-3de794821a88" />
    <UnitTestResult executionId="05e5ed19-03dd-41fd-a094-1a45767faf06" testId="79b11f8c-3390-a463-5743-63d9ccdceb98" testName="ControlServer.Tests.JourneyRuntimeWorkerTests.EveryAdmissionGateFailsClosedBeforeAcceptance(scenario: &quot;zone-not-admitted&quot;, expectedReason: &quot;DISPATCH_ZONE_VEHICLE_ADMISSION_MISSING&quot;)" computerName="LAB-WIN-01" duration="00:00:00.0462018" startTime="2026-09-08T11:15:53.0953390+08:00" endTime="2026-09-08T11:15:53.1415921+08:00" testType="13cdc9d9-ddb5-4fa4-a97d-d965ccfc6d4b" outcome="Passed" testListId="8c84fa94-04c1-424b-9868-57a2d4851a1d" relativeResultsDirectory="05e5ed19-03dd-41fd-a094-1a45767faf06" />
    <UnitTestResult executionId="bff3225d-1d9d-4a92-ba32-a995e96be2d0" testId="17914d66-16ef-fd68-a24f-d2bc29e0a14c" testName="ControlServer.Tests.JourneyRuntimeWorkerTests.ALowVehicleDrivesItselfToTheChargerAndBecomesAvailableAgainAtTheResumeLevel" computerName="LAB-WIN-01" duration="00:00:00.1371178" startTime="2026-09-08T11:15:55.7220364+08:00" endTime="2026-09-08T11:15:55.8592095+08:00" testType="13cdc9d9-ddb5-4fa4-a97d-d965ccfc6d4b" outcome="Passed" testListId="8c84fa94-04c1-424b-9868-57a2d4851a1d" relativeResultsDirectory="bff3225d-1d9d-4a92-ba32-a995e96be2d0" />
    <UnitTestResult executionId="cdb83783-d774-470b-a850-9f350cd3eeaa" testId="74ac2c98-7862-b3b5-6f3b-ced8a541c9e2" testName="ControlServer.Tests.JourneyRuntimeWorkerTests.BatteryAtConfirmedThirtyPercentThresholdRemainsEligible" computerName="LAB-WIN-01" duration="00:00:00.0554779" startTime="2026-09-08T11:15:56.9195246+08:00" endTime="2026-09-08T11:15:56.9750574+08:00" testType="13cdc9d9-ddb5-4fa4-a97d-d965ccfc6d4b" outcome="Passed" testListId="8c84fa94-04c1-424b-9868-57a2d4851a1d" relativeResultsDirectory="cdb83783-d774-470b-a850-9f350cd3eeaa" />
    <UnitTestResult executionId="e7cf1c07-dd88-4ab3-bcc7-699c692af854" testId="c6cb778b-1e51-fbdc-af1c-04b5e0b021bf" testName="ControlServer.Tests.JourneyRuntimeWorkerTests.ArrivalIsNotTrustedWhileTheLatestSafetyStateSaysTheVehicleIsMoving" computerName="LAB-WIN-01" duration="00:00:00.0798540" startTime="2026-09-08T11:15:56.2671456+08:00" endTime="2026-09-08T11:15:56.3470656+08:00" testType="13cdc9d9-ddb5-4fa4-a97d-d965ccfc6d4b" outcome="Passed" testListId="8c84fa94-04c1-424b-9868-57a2d4851a1d" relativeResultsDirectory="e7cf1c07-dd88-4ab3-bcc7-699c692af854" />
    <UnitTestResult executionId="696c2541-0603-42fe-99f1-51d12862f1c2" testId="85e33137-052a-1f4d-9acd-0519cc9e83a7" testName="ControlServer.Tests.JourneyRuntimeWorkerTests.EveryAdmissionGateFailsClosedBeforeAcceptance(scenario: &quot;vehicle-not-idle&quot;, expectedReason: &quot;RIOT_VEHICLE_NOT_IDLE&quot;)" computerName="LAB-WIN-01" duration="00:00:00.0422635" startTime="2026-09-08T11:15:53.3335143+08:00" endTime="2026-09-08T11:15:53.3758344+08:00" testType="13cdc9d9-ddb5-4fa4-a97d-d965ccfc6d4b" outcome="Passed" testListId="8c84fa94-04c1-424b-9868-57a2d4851a1d" relativeResultsDirectory="696c2541-0603-42fe-99f1-51d12862f1c2" />
    <UnitTestResult executionId="eba44cbf-0b50-4258-af21-7cd54dcb72dc" testId="bf958b45-3ddd-6eb2-3178-dd74a1b2e93a" testName="ControlServer.Tests.JourneyRuntimeWorkerTests.SnapshotsFromEarlierInALiveSessionStillAdmit" computerName="LAB-WIN-01" duration="00:00:00.0210135" startTime="2026-09-08T11:16:01.0587554+08:00" endTime="2026-09-08T11:16:01.0798257+08:00" testType="13cdc9d9-ddb5-4fa4-a97d-d965ccfc6d4b" outcome="Passed" testListId="8c84fa94-04c1-424b-9868-57a2d4851a1d" relativeResultsDirectory="eba44cbf-0b50-4258-af21-7cd54dcb72dc" />
    <UnitTestResult executionId="7d821d0f-bc99-49aa-ac95-f34e9741c4f6" testId="77aad09d-bdca-746a-e302-ed6c6864d555" testName="ControlServer.Tests.JourneyRuntimeWorkerTests.NoChargingRunStartsWhileAJourneyStillHoldsTheVehicle" computerName="LAB-WIN-01" duration="00:00:00.0656014" startTime="2026-09-08T11:15:55.9621215+08:00" endTime="2026-09-08T11:15:56.0277932+08:00" testType="13cdc9d9-ddb5-4fa4-a97d-d965ccfc6d4b" outcome="Passed" testListId="8c84fa94-04c1-424b-9868-57a2d4851a1d" relativeResultsDirectory="7d821d0f-bc99-49aa-ac95-f34e9741c4f6" />
    <UnitTestResult executionId="05b501ce-6e5c-4e46-87b3-f7bba2e51427" testId="aeb9550c-8c59-3cae-9e22-2d4fa0e8434b" testName="ControlServer.Tests.JourneyRuntimeWorkerTests.LargeCatalogBatchesBacklogPersistenceBeforeAcceptingEligibleJourney" computerName="LAB-WIN-01" duration="00:00:00.0311843" startTime="2026-09-08T11:16:01.0059107+08:00" endTime="2026-09-08T11:16:01.0371515+08:00" testType="13cdc9d9-ddb5-4fa4-a97d-d965ccfc6d4b" outcome="Passed" testListId="8c84fa94-04c1-424b-9868-57a2d4851a1d" relativeResultsDirectory="05b501ce-6e5c-4e46-87b3-f7bba2e51427" />
    <UnitTestResult executionId="cc0d06a9-dc33-43eb-9f00-a2d67fde7eb1" testId="418c7075-1cf2-6a8b-1b84-87f197ade153" testName="ControlServer.Tests.FakeRiotTests.AnOrderAdvancedToCompleteBecomesATerminalArrivalObservation" computerName="LAB-WIN-01" duration="00:00:00.0671973" startTime="2026-09-08T11:15:51.9874011+08:00" endTime="2026-09-08T11:15:52.0546624+08:00" testType="13cdc9d9-ddb5-4fa4-a97d-d965ccfc6d4b" outcome="Passed" testListId="8c84fa94-04c1-424b-9868-57a2d4851a1d" relativeResultsDirectory="cc0d06a9-dc33-43eb-9f00-a2d67fde7eb1" />
    <UnitTestResult executionId="97816781-3da4-4759-b6fa-b0b656d2107e" testId="42d95441-9c10-0b21-e9c4-29b9e18ad97f" testName="ControlServer.Tests.JourneyRuntimeOptionsTests.EnabledRuntimeRejectsMissingRemoteExternalSecretReferencesButAllowsLoopbackMesIngest" computerName="LAB-WIN-01" duration="00:00:00.0323083" startTime="2026-09-08T11:15:51.5157861+08:00" endTime="2026-09-08T11:15:51.5575526+08:00" testType="13cdc9d9-ddb5-4fa4-a97d-d965ccfc6d4b" outcome="Passed" testListId="8c84fa94-04c1-424b-9868-57a2d4851a1d" relativeResultsDirectory="97816781-3da4-4759-b6fa-b0b656d2107e" />
    <UnitTestResult executionId="deb17bb1-9a90-42c4-8daa-1fa8a0c97c8d" testId="d434c678-cc22-d7b5-f991-912031a4b250" testName="ControlServer.Tests.JourneyRuntimeWorkerTests.EveryAdmissionGateFailsClosedBeforeAcceptance(scenario: &quot;package-capacity-missing&quot;, expectedReason: &quot;PACKAGE_CAPACITY_NOT_UNIQUE&quot;)" computerName="LAB-WIN-01" duration="00:00:00.0601916" startTime="2026-09-08T11:15:53.0344128+08:00" endTime="2026-09-08T11:15:53.0946536+08:00" testType="13cdc9d9-ddb5-4fa4-a97d-d965ccfc6d4b" outcome="Passed" testListId="8c84fa94-04c1-424b-9868-57a2d4851a1d" relativeResultsDirectory="deb17bb1-9a90-42c4-8daa-1fa8a0c97c8d" />
    <UnitTestResult executionId="e805ac0b-3836-4ce2-9edc-39262534dc7a" testId="92f515a5-fade-0e8d-df2a-1de4553c89f6" testName="ControlServer.Tests.HttpMesIngestCatalogTests.RejectsContractWithoutTheExactSublotBoxCountCapabilityVersion" computerName="LAB-WIN-01" duration="00:00:00.0047719" startTime="2026-09-08T11:15:51.6392409+08:00" endTime="2026-09-08T11:15:51.6440709+08:00" testType="13cdc9d9-ddb5-4fa4-a97d-d965ccfc6d4b" outcome="Passed" testListId="8c84fa94-04c1-424b-9868-57a2d4851a1d" relativeResultsDirectory="e805ac0b-3836-4ce2-9edc-39262534dc7a" />
    <UnitTestResult executionId="5faefa96-c4a3-4b87-82b2-d67d20de2939" testId="d39d6d55-c896-7db4-9e75-f14dbd5de198" testName="ControlServer.Tests.ApplicationOrchestrationTests.IntakeCoordinatorDoesNotDispatchWhenAnyDecisionFactChanged" computerName="LAB-WIN-01" duration="00:00:00.0926232" startTime="2026-09-08T11:15:52.6517478+08:00" endTime="2026-09-08T11:15:52.7444267+08:00" testType="13cdc9d9-ddb5-4fa4-a97d-d965ccfc6d4b" outcome="Passed" testListId="8c84fa94-04c1-424b-9868-57a2d4851a1d" relativeResultsDirectory="5faefa96-c4a3-4b87-82b2-d67d20de2939" />
    <UnitTestResult executionId="e01895f2-af8b-4158-a7d8-ff306b2953b0" testId="5bd4c076-46e0-1c05-6567-eea7fa69c651" testName="ControlServer.Tests.JourneyRuntimeWorkerTests.EveryAdmissionGateFailsClosedBeforeAcceptance(scenario: &quot;onboard-silent&quot;, expectedReason: &quot;ONBOARD_FACTS_NOT_READY&quot;)" computerName="LAB-WIN-01" duration="00:00:00.0400832" startTime="2026-09-08T11:15:53.4250151+08:00" endTime="2026-09-08T11:15:53.4651450+08:00" testType="13cdc9d9-ddb5-4fa4-a97d-d965ccfc6d4b" outcome="Passed" testListId="8c84fa94-04c1-424b-9868-57a2d4851a1d" relativeResultsDirectory="e01895f2-af8b-4158-a7d8-ff306b2953b0" />
    <UnitTestResult executionId="9f5a2088-88d7-478d-b06a-524b691373aa" testId="a5a9bcf4-1d04-70cd-5e05-60bceeb67c9f" testName="ControlServer.Tests.OnboardJourneyPublisherTests.AllJourneyProjectionKindsEmitFormalReleaseEnvelopesAndPersistExactWire" computerName="LAB-WIN-01" duration="00:00:00.0586483" startTime="2026-09-08T11:15:52.8087817+08:00" endTime="2026-09-08T11:15:52.8674835+08:00" testType="13cdc9d9-ddb5-4fa4-a97d-d965ccfc6d4b" outcome="Passed" testListId="8c84fa94-04c1-424b-9868-57a2d4851a1d" relativeResultsDirectory="9f5a2088-88d7-478d-b06a-524b691373aa" />
    <UnitTestResult executionId="9a4784bc-5ac4-4371-a1de-cbed25e956eb" testId="ddcd91e2-c889-44c2-2319-6e0b7e87b8b7" testName="ControlServer.Tests.JourneyRuntimeWorkerTests.AVehicleAlreadyOnTheChargerIsNotDispatchedToTheStationItIsStandingOn" computerName="LAB-WIN-01" duration="00:00:00.0434441" startTime="2026-09-08T11:15:56.9764532+08:00" endTime="2026-09-08T11:15:57.0199542+08:00" testType="13cdc9d9-ddb5-4fa4-a97d-d965ccfc6d4b" outcome="Passed" testListId="8c84fa94-04c1-424b-9868-57a2d4851a1d" relativeResultsDirectory="9a4784bc-5ac4-4371-a1de-cbed25e956eb" />
    <UnitTestResult executionId="f9d110ff-548d-49f2-8ea2-c8b51af05fcc" testId="9426c248-c385-d533-758a-8fcac5e40269" testName="ControlServer.Tests.JourneyRuntimeWorkerTests.SupportsBatchUnlockFalseDoesNotBlockAdmission" computerName="LAB-WIN-01" duration="00:00:00.0568454" startTime="2026-09-08T11:15:56.7442329+08:00" endTime="2026-09-08T11:15:56.8011330+08:00" testType="13cdc9d9-ddb5-4fa4-a97d-d965ccfc6d4b" outcome="Passed" testListId="8c84fa94-04c1-424b-9868-57a2d4851a1d" relativeResultsDirectory="f9d110ff-548d-49f2-8ea2-c8b51af05fcc" />
    <UnitTestResult executionId="1b02b024-11b1-4b9b-8bef-6a0734d1e8a2" testId="ec4155a6-06fb-17b8-5c90-1ea881551411" testName="ControlServer.Tests.JourneyRuntimeWorkerTests.RestartKeepsOriginalVehicleLeaseAndStablePickupIdentity" computerName="LAB-WIN-01" duration="00:00:00.0571474" startTime="2026-09-08T11:15:56.8025150+08:00" endTime="2026-09-08T11:15:56.8597161+08:00" testType="13cdc9d9-ddb5-4fa4-a97d-d965ccfc6d4b" outcome="Passed" testListId="8c84fa94-04c1-424b-9868-57a2d4851a1d" relativeResultsDirectory="1b02b024-11b1-4b9b-8bef-6a0734d1e8a2" />
    <UnitTestResult executionId="bfab14fa-9d5e-4c85-8c4b-8cabbc7e796c" testId="79a7bd75-a928-3efe-579e-acabd35738e3" testName="ControlServer.Tests.FakeRiotTests.DrivingTheVehicleThroughTheControlPlaneChangesWhatTheAdapterSees" computerName="LAB-WIN-01" duration="00:00:00.0890152" startTime="2026-09-08T11:15:51.8972186+08:00" endTime="2026-09-08T11:15:51.9863381+08:00" testType="13cdc9d9-ddb5-4fa4-a97d-d965ccfc6d4b" outcome="Passed" testListId="8c84fa94-04c1-424b-9868-57a2d4851a1d" relativeResultsDirectory="bfab14fa-9d5e-4c85-8c4b-8cabbc7e796c" />
    <UnitTestResult executionId="77f8f07d-5760-427d-a434-c3fe2f64b347" testId="480cf8f2-a2fd-ecff-5a3c-67abc4eeb3e2" testName="ControlServer.Tests.DemandAcceptanceAtomicityTests.VehicleLeaseRejectsSecondDemandUntilSuccessfulUnloadReleasesIt" computerName="LAB-WIN-01" duration="00:00:01.1783141" startTime="2026-09-08T11:15:51.5157923+08:00" endTime="2026-09-08T11:15:52.7005268+08:00" testType="13cdc9d9-ddb5-4fa4-a97d-d965ccfc6d4b" outcome="Passed" testListId="8c84fa94-04c1-424b-9868-57a2d4851a1d" relativeResultsDirectory="77f8f07d-5760-427d-a434-c3fe2f64b347" />
    <UnitTestResult executionId="8247c798-604c-4b01-8055-33972ba1fd17" testId="ab6f32a2-2965-549e-cbc3-b46073cf0277" testName="ControlServer.Tests.JourneyRuntimeWorkerTests.ChargingBelowTheResumeLevelKeepsRefusingDemandsWithAutoChargingOff" computerName="LAB-WIN-01" duration="00:00:00.0496928" startTime="2026-09-08T11:15:56.4018443+08:00" endTime="2026-09-08T11:15:56.4516048+08:00" testType="13cdc9d9-ddb5-4fa4-a97d-d965ccfc6d4b" outcome="Passed" testListId="8c84fa94-04c1-424b-9868-57a2d4851a1d" relativeResultsDirectory="8247c798-604c-4b01-8055-33972ba1fd17" />
    <UnitTestResult executionId="196015f0-0f8c-4c9e-9bb1-f62447b2d50f" testId="2124f149-f221-9d4e-ab19-ab955b95625c" testName="ControlServer.Tests.JourneyRuntimeWorkerTests.MultipleEqpsForOneAreaRemainBackloggedAndNeverCreateMovement" computerName="LAB-WIN-01" duration="00:00:00.0517619" startTime="2026-09-08T11:15:56.3486070+08:00" endTime="2026-09-08T11:15:56.4004583+08:00" testType="13cdc9d9-ddb5-4fa4-a97d-d965ccfc6d4b" outcome="Passed" testListId="8c84fa94-04c1-424b-9868-57a2d4851a1d" relativeResultsDirectory="196015f0-0f8c-4c9e-9bb1-f62447b2d50f" />
    <UnitTestResult executionId="994ab5b3-625d-4a4a-a5d8-a543611cc4a2" testId="90e99f38-fdeb-ca60-c35f-7fdc62e48a8d" testName="ControlServer.Tests.JourneyRuntimeWorkerTests.InScopeResolvedUnknownPackageIsDeduplicatedAndNeverCreatesOrder" computerName="LAB-WIN-01" duration="00:00:00.0196099" startTime="2026-09-08T11:16:01.0382521+08:00" endTime="2026-09-08T11:16:01.0579227+08:00" testType="13cdc9d9-ddb5-4fa4-a97d-d965ccfc6d4b" outcome="Passed" testListId="8c84fa94-04c1-424b-9868-57a2d4851a1d" relativeResultsDirectory="994ab5b3-625d-4a4a-a5d8-a543611cc4a2" />
    <UnitTestResult executionId="a56caab0-885b-4d7f-a72c-c08f823fc8f8" testId="a5d74ca5-a3f9-415f-3789-a90c0d20a63b" testName="ControlServer.Tests.ApplicationOrchestrationTests.IntakeUsesFinalMesReadBeforeAtomicCommit" computerName="LAB-WIN-01" duration="00:00:01.1288130" startTime="2026-09-08T11:15:51.5157984+08:00" endTime="2026-09-08T11:15:52.6510104+08:00" testType="13cdc9d9-ddb5-4fa4-a97d-d965ccfc6d4b" outcome="Passed" testListId="8c84fa94-04c1-424b-9868-57a2d4851a1d" relativeResultsDirectory="a56caab0-885b-4d7f-a72c-c08f823fc8f8" />
    <UnitTestResult executionId="12bf1320-75b5-4d5f-bcdf-9cd1d42688ee" testId="e5c990ef-58fb-93e3-6912-732048420f38" testName="ControlServer.Tests.JourneyRuntimeWorkerTests.UnknownOrStaleDynamicFactsFailClosedWithoutAcceptingOrDispatching" computerName="LAB-WIN-01" duration="00:00:00.0453518" startTime="2026-09-08T11:15:55.8605000+08:00" endTime="2026-09-08T11:15:55.9059145+08:00" testType="13cdc9d9-ddb5-4fa4-a97d-d965ccfc6d4b" outcome="Passed" testListId="8c84fa94-04c1-424b-9868-57a2d4851a1d" relativeResultsDirectory="12bf1320-75b5-4d5f-bcdf-9cd1d42688ee" />
    <UnitTestResult executionId="291db98d-6349-4067-9e98-326e9c69003c" testId="77b4474b-64a1-5f6b-cde2-30ee9f365490" testName="ControlServer.Tests.JourneyRuntimeWorkerTests.EveryAdmissionGateFailsClosedBeforeAcceptance(scenario: &quot;battery-low&quot;, expectedReason: &quot;BATTERY_POLICY_NOT_SATISFIED&quot;)" computerName="LAB-WIN-01" duration="00:00:00.0508315" startTime="2026-09-08T11:15:53.2815966+08:00" endTime="2026-09-08T11:15:53.3324852+08:00" testType="13cdc9d9-ddb5-4fa4-a97d-d965ccfc6d4b" outcome="Passed" testListId="8c84fa94-04c1-424b-9868-57a2d4851a1d" relativeResultsDirectory="291db98d-6349-4067-9e98-326e9c69003c" />
    <UnitTestResult executionId="c259a723-a118-46d7-aca1-b842a92802e7" testId="5954b2f1-bdd4-1ee1-ca28-a4210a04971b" testName="ControlServer.Tests.HttpMesIngestCatalogTests.UsesOnlyFrozenV2GetContractAndReturnsFinalCatalogFact" computerName="LAB-WIN-01" duration="00:00:00.1164013" startTime="2026-09-08T11:15:51.5157812+08:00" endTime="2026-09-08T11:15:51.6386716+08:00" testType="13cdc9d9-ddb5-4fa4-a97d-d965ccfc6d4b" outcome="Passed" testListId="8c84fa94-04c1-424b-9868-57a2d4851a1d" relativeResultsDirectory="c259a723-a118-46d7-aca1-b842a92802e7" />
    <UnitTestResult executionId="3e421f4e-aee7-418f-8d9d-31ea6514bdbe" testId="f23f351e-5244-1a54-38a7-479bcf6a4395" testName="ControlServer.Tests.DemandAcceptanceAtomicityTests.VehicleLeaseMigrationBackfillsAnUnresolvedAcceptedDemand" computerName="LAB-WIN-01" duration="00:00:00.4458779" startTime="2026-09-08T11:15:52.7012943+08:00" endTime="2026-09-08T11:15:53.1472297+08:00" testType="13cdc9d9-ddb5-4fa4-a97d-d965ccfc6d4b" outcome="Passed" testListId="8c84fa94-04c1-424b-9868-57a2d4851a1d" relativeResultsDirectory="3e421f4e-aee7-418f-8d9d-31ea6514bdbe" />
    <UnitTestResult executionId="2669dea8-ff0e-408d-bc5b-183fa867609d" testId="3068b830-151b-7b83-56d6-ef6644765d21" testName="ControlServer.Tests.JourneyRuntimeWorkerTests.CandidateProcessingThatExpiresDynamicFactsDoesNotAcceptOrDispatch" computerName="LAB-WIN-01" duration="00:00:00.0536003" startTime="2026-09-08T11:15:55.9070973+08:00" endTime="2026-09-08T11:15:55.9607658+08:00" testType="13cdc9d9-ddb5-4fa4-a97d-d965ccfc6d4b" outcome="Passed" testListId="8c84fa94-04c1-424b-9868-57a2d4851a1d" relativeResultsDirectory="2669dea8-ff0e-408d-bc5b-183fa867609d" />
    <UnitTestResult executionId="3ab21357-b885-4b46-b641-ebb73be18450" testId="2e7b21d8-dd92-96c1-a28b-310cc8fcb842" testName="ControlServer.Tests.JourneyRuntimeWorkerTests.EveryAdmissionGateFailsClosedBeforeAcceptance(scenario: &quot;vehicle-map-mismatch&quot;, expectedReason: &quot;RIOT_VEHICLE_MAP_MISMATCH&quot;)" computerName="LAB-WIN-01" duration="00:00:00.0473383" startTime="2026-09-08T11:15:53.3769697+08:00" endTime="2026-09-08T11:15:53.4243600+08:00" testType="13cdc9d9-ddb5-4fa4-a97d-d965ccfc6d4b" outcome="Passed" testListId="8c84fa94-04c1-424b-9868-57a2d4851a1d" relativeResultsDirectory="3ab21357-b885-4b46-b641-ebb73be18450" />
    <UnitTestResult executionId="0ae9a76f-2211-44c4-a1ed-dc39ea0612d7" testId="90a49d82-9452-7239-52bd-4bf6719ee16c" testName="ControlServer.Tests.JourneyRuntimeWorkerTests.VolatileCatalogReadMetadataDoesNotOverwriteCurrentBacklogReason" computerName="LAB-WIN-01" duration="00:00:00.0557292" startTime="2026-09-08T11:15:56.6876304+08:00" endTime="2026-09-08T11:15:56.7434166+08:00" testType="13cdc9d9-ddb5-4fa4-a97d-d965ccfc6d4b" outcome="Passed" testListId="8c84fa94-04c1-424b-9868-57a2d4851a1d" relativeResultsDirectory="0ae9a76f-2211-44c4-a1ed-dc39ea0612d7" />
    <UnitTestResult executionId="d4916d9c-8b7e-4207-af25-6d5fede34d4b" testId="6fea1d2f-e02f-742d-7376-bf8c24835495" testName="ControlServer.Tests.JourneyRuntimeWorkerTests.ProductionRuntimeResumesOneJourneyThroughTrustedArrivalsAndAtomicCompletion" computerName="LAB-WIN-01" duration="00:00:01.9845038" startTime="2026-09-08T11:15:59.0199517+08:00" endTime="2026-09-08T11:16:01.0045344+08:00" testType="13cdc9d9-ddb5-4fa4-a97d-d965ccfc6d4b" outcome="Passed" testListId="8c84fa94-04c1-424b-9868-57a2d4851a1d" relativeResultsDirectory="d4916d9c-8b7e-4207-af25-6d5fede34d4b" />
    <UnitTestResult executionId="edb1a030-1275-4e2b-99fd-2973d2212776" testId="7e8a7d32-1859-69bc-4a2b-3eb40d8b40f6" testName="ControlServer.Tests.FakeRiotTests.VehicleFactsAndMapCatalogAreServedInTheShapeTheProductionAdapterParses" computerName="LAB-WIN-01" duration="00:00:00.0424703" startTime="2026-09-08T11:15:51.8540223+08:00" endTime="2026-09-08T11:15:51.8965710+08:00" testType="13cdc9d9-ddb5-4fa4-a97d-d965ccfc6d4b" outcome="Passed" testListId="8c84fa94-04c1-424b-9868-57a2d4851a1d" relativeResultsDirectory="edb1a030-1275-4e2b-99fd-2973d2212776" />
    <UnitTestResult executionId="aae13561-596b-4b8b-a8af-b9d27460e7e1" testId="e776b56e-d8e3-1563-ec12-e29be1f3b01a" testName="ControlServer.Tests.JourneyRuntimeWorkerTests.OutOfScopeOrMap25UnresolvableAreaNeverCreatesMissingPackageNoise(area: &quot;Q18-10&quot;, expectedReason: &quot;OUT_OF_SCOPE_AREA&quot;)" computerName="LAB-WIN-01" duration="00:00:00.0446434" startTime="2026-09-08T11:15:56.5444406+08:00" endTime="2026-09-08T11:15:56.5891484+08:00" testType="13cdc9d9-ddb5-4fa4-a97d-d965ccfc6d4b" outcome="Passed" testListId="8c84fa94-04c1-424b-9868-57a2d4851a1d" relativeResultsDirectory="aae13561-596b-4b8b-a8af-b9d27460e7e1" />
    <UnitTestResult executionId="303e3c0c-e423-44d8-81a5-975376d2ac32" testId="9767b289-979c-9c13-37eb-7a5becc45b70" testName="ControlServer.Tests.JourneyRuntimeWorkerTests.VehicleReadsThatAdvanceClockUsePostReadTimeForAdmission" computerName="LAB-WIN-01" duration="00:00:00.0627736" startTime="2026-09-08T11:15:56.0838408+08:00" endTime="2026-09-08T11:15:56.1466818+08:00" testType="13cdc9d9-ddb5-4fa4-a97d-d965ccfc6d4b" outcome="Passed" testListId="8c84fa94-04c1-424b-9868-57a2d4851a1d" relativeResultsDirectory="303e3c0c-e423-44d8-81a5-975376d2ac32" />
    <UnitTestResult executionId="22a4ce53-dc71-4d43-904b-8c6830dd8c2e" testId="300a2396-3525-5068-8437-fdae07bc0cb8" testName="ControlServer.Tests.JourneyRuntimeWorkerTests.FinalCatalogRefreshThatExpiresDynamicFactsDoesNotAcceptOrDispatch" computerName="LAB-WIN-01" duration="00:00:00.0502482" startTime="2026-09-08T11:15:56.5902460+08:00" endTime="2026-09-08T11:15:56.6405628+08:00" testType="13cdc9d9-ddb5-4fa4-a97d-d965ccfc6d4b" outcome="Passed" testListId="8c84fa94-04c1-424b-9868-57a2d4851a1d" relativeResultsDirectory="22a4ce53-dc71-4d43-904b-8c6830dd8c2e" />
    <UnitTestResult executionId="8c15acf5-b10b-44cc-8b4a-c9e541049088" testId="20ed8693-1ab1-e0db-5e82-e5a8f2dbbcba" testName="ControlServer.Tests.HttpRiotMovementGatewayTests.StrictMapCatalogIsCanonicalAndObservedAfterSdkReadCompletes" computerName="LAB-WIN-01" duration="00:00:00.0188067" startTime="2026-09-08T11:15:51.6189797+08:00" endTime="2026-09-08T11:15:51.6378690+08:00" testType="13cdc9d9-ddb5-4fa4-a97d-d965ccfc6d4b" outcome="Passed" testListId="8c84fa94-04c1-424b-9868-57a2d4851a1d" relativeResultsDirectory="8c15acf5-b10b-44cc-8b4a-c9e541049088" />
    <UnitTestResult executionId="2e632710-3056-4791-8c5f-a52c35bccb86" testId="9d1476ff-d438-4fd5-726b-a01ea2a119a3" testName="ControlServer.Tests.JourneyRuntimeWorkerTests.InboundEnvelopesWithoutASessionGenerationDoNotBreakLiveness" computerName="LAB-WIN-01" duration="00:00:01.3849807" startTime="2026-09-08T11:15:51.5158187+08:00" endTime="2026-09-08T11:15:52.9072499+08:00" testType="13cdc9d9-ddb5-4fa4-a97d-d965ccfc6d4b" outcome="Passed" testListId="8c84fa94-04c1-424b-9868-57a2d4851a1d" relativeResultsDirectory="2e632710-3056-4791-8c5f-a52c35bccb86" />
    <UnitTestResult executionId="b34a3ad9-bb1a-42e3-bb02-99f815d2a608" testId="2fe4bccd-109a-df40-410b-bb9cf90a3eb2" testName="ControlServer.Tests.JourneyRuntimeWorkerTests.DynamicMapPickupResolutionFreezesEveryMatchingDemandStation(area: &quot;N1-1&quot;, eqp: &quot;EQP-01&quot;, expectedStationName: &quot;N1-1&quot;, expectedStationId: 12)" computerName="LAB-WIN-01" duration="00:00:00.0600607" startTime="2026-09-08T11:15:56.1475864+08:00" endTime="2026-09-08T11:15:56.2077006+08:00" testType="13cdc9d9-ddb5-4fa4-a97d-d965ccfc6d4b" outcome="Passed" testListId="8c84fa94-04c1-424b-9868-57a2d4851a1d" relativeResultsDirectory="b34a3ad9-bb1a-42e3-bb02-99f815d2a608" />
    <UnitTestResult executionId="88cf13c3-9d33-4b2d-ba5d-a9f4bfdf0563" testId="1c38e6e0-77e5-9518-5c71-9f40b3cf754c" testName="ControlServer.Tests.JourneyRuntimeWorkerTests.EveryAdmissionGateFailsClosedBeforeAcceptance(scenario: &quot;onboard-unsafe&quot;, expectedReason: &quot;ONBOARD_DEPARTURE_UNSAFE&quot;)" computerName="LAB-WIN-01" duration="00:00:00.0587951" startTime="2026-09-08T11:15:53.1426042+08:00" endTime="2026-09-08T11:15:53.2014439+08:00" testType="13cdc9d9-ddb5-4fa4-a97d-d965ccfc6d4b" outcome="Passed" testListId="8c84fa94-04c1-424b-9868-57a2d4851a1d" relativeResultsDirectory="88cf13c3-9d33-4b2d-ba5d-a9f4bfdf0563" />
    <UnitTestResult executionId="abfe2afe-e38e-4740-a3ab-d950e688100c" testId="80c614ac-5934-e338-fffd-c345b622d64c" testName="ControlServer.Tests.JourneyRuntimeWorkerTests.EveryAdmissionGateFailsClosedBeforeAcceptance(scenario: &quot;slot-capacity&quot;, expectedReason: &quot;SLOT_CAPACITY_TEMPORARILY_UNAVAILABLE&quot;)" computerName="LAB-WIN-01" duration="00:00:00.0558050" startTime="2026-09-08T11:15:52.9778989+08:00" endTime="2026-09-08T11:15:53.0337527+08:00" testType="13cdc9d9-ddb5-4fa4-a97d-d965ccfc6d4b" outcome="Passed" testListId="8c84fa94-04c1-424b-9868-57a2d4851a1d" relativeResultsDirectory="abfe2afe-e38e-4740-a3ab-d950e688100c" />
    <UnitTestResult executionId="cefd8841-2d10-4a25-a7b5-606af5e98302" testId="a3dbc8c5-3ee9-0470-7201-5dfde7806932" testName="ControlServer.Tests.JourneyRuntimeWorkerTests.DynamicMapPickupResolutionFreezesEveryMatchingDemandStation(area: &quot;N1-2&quot;, eqp: &quot;EQP-02&quot;, expectedStationName: &quot;N1-2_N1-3&quot;, expectedStationId: 13)" computerName="LAB-WIN-01" duration="00:00:00.0569093" startTime="2026-09-08T11:15:56.2088004+08:00" endTime="2026-09-08T11:15:56.2657733+08:00" testType="13cdc9d9-ddb5-4fa4-a97d-d965ccfc6d4b" outcome="Passed" testListId="8c84fa94-04c1-424b-9868-57a2d4851a1d" relativeResultsDirectory="cefd8841-2d10-4a25-a7b5-606af5e98302" />
    <UnitTestResult executionId="3a4da7ab-3ec8-4823-adb4-e395e2b35b40" testId="07cf976d-60ab-2378-3d08-db84c5facc4c" testName="ControlServer.Tests.JourneyRuntimeWorkerTests.EveryAdmissionGateFailsClosedBeforeAcceptance(scenario: &quot;route-missing&quot;, expectedReason: &quot;AREA_STATION_NOT_FOUND&quot;)" computerName="LAB-WIN-01" duration="00:00:00.0356955" startTime="2026-09-08T11:15:53.4662080+08:00" endTime="2026-09-08T11:15:53.5019482+08:00" testType="13cdc9d9-ddb5-4fa4-a97d-d965ccfc6d4b" outcome="Passed" testListId="8c84fa94-04c1-424b-9868-57a2d4851a1d" relativeResultsDirectory="3a4da7ab-3ec8-4823-adb4-e395e2b35b40" />
    <UnitTestResult executionId="a7af61af-f610-4e58-981d-a2fadf310902" testId="bdc4fb63-67dc-07fd-5096-a48bb6f4ed8c" testName="ControlServer.Tests.JourneyRuntimeWorkerTests.ACompletedDemandStillListedByMesIngestDoesNotBlockTheNextEligibleDemand" computerName="LAB-WIN-01" duration="00:00:02.1477440" startTime="2026-09-08T11:15:53.5028657+08:00" endTime="2026-09-08T11:15:55.6506802+08:00" testType="13cdc9d9-ddb5-4fa4-a97d-d965ccfc6d4b" outcome="Passed" testListId="8c84fa94-04c1-424b-9868-57a2d4851a1d" relativeResultsDirectory="a7af61af-f610-4e58-981d-a2fadf310902" />
  </Results>
  <TestDefinitions>
    <UnitTest name="ControlServer.Tests.FakeRiotTests.DrivingTheVehicleThroughTheControlPlaneChangesWhatTheAdapterSees" storage="c:\users\szy\desktop\8005-workspace\repos\8005-agv-control-server\tests\controlserver.tests\bin\release\net8.0\win-x64\controlserver.tests.dll" id="79a7bd75-a928-3efe-579e-acabd35738e3">
      <Execution id="bfab14fa-9d5e-4c85-8c4b-8cabbc7e796c" />
      <TestMethod codeBase="C:\Users\szy\Desktop\8005-workspace\repos\8005-agv-control-server\tests\ControlServer.Tests\bin\Release\net8.0\win-x64\ControlServer.Tests.dll" adapterTypeName="executor://xunit/VsTestRunner3/netcore/" className="ControlServer.Tests.FakeRiotTests" name="DrivingTheVehicleThroughTheControlPlaneChangesWhatTheAdapterSees" />
    </UnitTest>
    <UnitTest name="ControlServer.Tests.JourneyRuntimeWorkerTests.AChargerMissingFromTheLiveMapStartsNoRunAndDispatchesNothing" storage="c:\users\szy\desktop\8005-workspace\repos\8005-agv-control-server\tests\controlserver.tests\bin\release\net8.0\win-x64\controlserver.tests.dll" id="ac88da79-deb1-9087-5dc2-ea89612ca053">
      <Execution id="ed2b4bef-9f6a-4bb3-b0eb-52dd2bbc3115" />
      <TestMethod codeBase="C:\Users\szy\Desktop\8005-workspace\repos\8005-agv-control-server\tests\ControlServer.Tests\bin\Release\net8.0\win-x64\ControlServer.Tests.dll" adapterTypeName="executor://xunit/VsTestRunner3/netcore/" className="ControlServer.Tests.JourneyRuntimeWorkerTests" name="AChargerMissingFromTheLiveMapStartsNoRunAndDispatchesNothing" />
    </UnitTest>
    <UnitTest name="ControlServer.Tests.JourneyRuntimeWorkerTests.RestartReconcilesUnknownPickupCreateWithoutSecondOrderOrIdentityChange" storage="c:\users\szy\desktop\8005-workspace\repos\8005-agv-control-server\tests\controlserver.tests\bin\release\net8.0\win-x64\controlserver.tests.dll" id="b3d06b9a-da69-2c2e-2da5-5b1369d6ca1e">
      <Execution id="44fcab19-98ad-4d2e-b4ea-4845a034e75c" />
      <TestMethod codeBase="C:\Users\szy\Desktop\8005-workspace\repos\8005-agv-control-server\tests\ControlServer.Tests\bin\Release\net8.0\win-x64\ControlServer.Tests.dll" adapterTypeName="executor://xunit/VsTestRunner3/netcore/" className="ControlServer.Tests.JourneyRuntimeWorkerTests" name="RestartReconcilesUnknownPickupCreateWithoutSecondOrderOrIdentityChange" />
    </UnitTest>
    <UnitTest name="ControlServer.Tests.HttpRiotMovementGatewayTests.StrictMapCatalogIsCanonicalAndObservedAfterSdkReadCompletes" storage="c:\users\szy\desktop\8005-workspace\repos\8005-agv-control-server\tests\controlserver.tests\bin\release\net8.0\win-x64\controlserver.tests.dll" id="20ed8693-1ab1-e0db-5e82-e5a8f2dbbcba">
      <Execution id="8c15acf5-b10b-44cc-8b4a-c9e541049088" />
      <TestMethod codeBase="C:\Users\szy\Desktop\8005-workspace\repos\8005-agv-control-server\tests\ControlServer.Tests\bin\Release\net8.0\win-x64\ControlServer.Tests.dll" adapterTypeName="executor://xunit/VsTestRunner3/netcore/" className="ControlServer.Tests.HttpRiotMovementGatewayTests" name="StrictMapCatalogIsCanonicalAndObservedAfterSdkReadCompletes" />
    </UnitTest>
    <UnitTest name="ControlServer.Tests.JourneyRuntimeWorkerTests.ChargingBelowTheResumeLevelKeepsRefusingDemandsWithAutoChargingOff" storage="c:\users\szy\desktop\8005-workspace\repos\8005-agv-control-server\tests\controlserver.tests\bin\release\net8.0\win-x64\controlserver.tests.dll" id="ab6f32a2-2965-549e-cbc3-b46073cf0277">
      <Execution id="8247c798-604c-4b01-8055-33972ba1fd17" />
      <TestMethod codeBase="C:\Users\szy\Desktop\8005-workspace\repos\8005-agv-control-server\tests\ControlServer.Tests\bin\Release\net8.0\win-x64\ControlServer.Tests.dll" adapterTypeName="executor://xunit/VsTestRunner3/netcore/" className="ControlServer.Tests.JourneyRuntimeWorkerTests" name="ChargingBelowTheResumeLevelKeepsRefusingDemandsWithAutoChargingOff" />
    </UnitTest>
    <UnitTest name="ControlServer.Tests.JourneyRuntimeWorkerTests.EveryAdmissionGateFailsClosedBeforeAcceptance(scenario: &quot;package-capacity-missing&quot;, expectedReason: &quot;PACKAGE_CAPACITY_NOT_UNIQUE&quot;)" storage="c:\users\szy\desktop\8005-workspace\repos\8005-agv-control-server\tests\controlserver.tests\bin\release\net8.0\win-x64\controlserver.tests.dll" id="d434c678-cc22-d7b5-f991-912031a4b250">
      <Execution id="deb17bb1-9a90-42c4-8daa-1fa8a0c97c8d" />
      <TestMethod codeBase="C:\Users\szy\Desktop\8005-workspace\repos\8005-agv-control-server\tests\ControlServer.Tests\bin\Release\net8.0\win-x64\ControlServer.Tests.dll" adapterTypeName="executor://xunit/VsTestRunner3/netcore/" className="ControlServer.Tests.JourneyRuntimeWorkerTests" name="EveryAdmissionGateFailsClosedBeforeAcceptance" />
    </UnitTest>
    <UnitTest name="ControlServer.Tests.JourneyRuntimeWorkerTests.HardAdmissionFiltersBeforeStableBacklogOrderingAndRemoteSideEffects" storage="c:\users\szy\desktop\8005-workspace\repos\8005-agv-control-server\tests\controlserver.tests\bin\release\net8.0\win-x64\controlserver.tests.dll" id="c83e6d8d-7930-4a73-6703-a1ff2790d599">
      <Execution id="d39ddcf9-d774-48f7-909e-12bdd686114d" />
      <TestMethod codeBase="C:\Users\szy\Desktop\8005-workspace\repos\8005-agv-control-server\tests\ControlServer.Tests\bin\Release\net8.0\win-x64\ControlServer.Tests.dll" adapterTypeName="executor://xunit/VsTestRunner3/netcore/" className="ControlServer.Tests.JourneyRuntimeWorkerTests" name="HardAdmissionFiltersBeforeStableBacklogOrderingAndRemoteSideEffects" />
    </UnitTest>
    <UnitTest name="ControlServer.Tests.JourneyRuntimeWorkerTests.ArrivalIsNotTrustedWhileTheLatestSafetyStateSaysTheVehicleIsMoving" storage="c:\users\szy\desktop\8005-workspace\repos\8005-agv-control-server\tests\controlserver.tests\bin\release\net8.0\win-x64\controlserver.tests.dll" id="c6cb778b-1e51-fbdc-af1c-04b5e0b021bf">
      <Execution id="e7cf1c07-dd88-4ab3-bcc7-699c692af854" />
      <TestMethod codeBase="C:\Users\szy\Desktop\8005-workspace\repos\8005-agv-control-server\tests\ControlServer.Tests\bin\Release\net8.0\win-x64\ControlServer.Tests.dll" adapterTypeName="executor://xunit/VsTestRunner3/netcore/" className="ControlServer.Tests.JourneyRuntimeWorkerTests" name="ArrivalIsNotTrustedWhileTheLatestSafetyStateSaysTheVehicleIsMoving" />
    </UnitTest>
    <UnitTest name="ControlServer.Tests.ApplicationOrchestrationTests.IntakeUsesFinalMesReadBeforeAtomicCommit" storage="c:\users\szy\desktop\8005-workspace\repos\8005-agv-control-server\tests\controlserver.tests\bin\release\net8.0\win-x64\controlserver.tests.dll" id="a5d74ca5-a3f9-415f-3789-a90c0d20a63b">
      <Execution id="a56caab0-885b-4d7f-a72c-c08f823fc8f8" />
      <TestMethod codeBase="C:\Users\szy\Desktop\8005-workspace\repos\8005-agv-control-server\tests\ControlServer.Tests\bin\Release\net8.0\win-x64\ControlServer.Tests.dll" adapterTypeName="executor://xunit/VsTestRunner3/netcore/" className="ControlServer.Tests.ApplicationOrchestrationTests" name="IntakeUsesFinalMesReadBeforeAtomicCommit" />
    </UnitTest>
    <UnitTest name="ControlServer.Tests.JourneyRuntimeWorkerTests.VolatileCatalogReadMetadataDoesNotOverwriteCurrentBacklogReason" storage="c:\users\szy\desktop\8005-workspace\repos\8005-agv-control-server\tests\controlserver.tests\bin\release\net8.0\win-x64\controlserver.tests.dll" id="90a49d82-9452-7239-52bd-4bf6719ee16c">
      <Execution id="0ae9a76f-2211-44c4-a1ed-dc39ea0612d7" />
      <TestMethod codeBase="C:\Users\szy\Desktop\8005-workspace\repos\8005-agv-control-server\tests\ControlServer.Tests\bin\Release\net8.0\win-x64\ControlServer.Tests.dll" adapterTypeName="executor://xunit/VsTestRunner3/netcore/" className="ControlServer.Tests.JourneyRuntimeWorkerTests" name="VolatileCatalogReadMetadataDoesNotOverwriteCurrentBacklogReason" />
    </UnitTest>
    <UnitTest name="ControlServer.Tests.JourneyRuntimeWorkerTests.MultipleEqpsForOneAreaRemainBackloggedAndNeverCreateMovement" storage="c:\users\szy\desktop\8005-workspace\repos\8005-agv-control-server\tests\controlserver.tests\bin\release\net8.0\win-x64\controlserver.tests.dll" id="2124f149-f221-9d4e-ab19-ab955b95625c">
      <Execution id="196015f0-0f8c-4c9e-9bb1-f62447b2d50f" />
      <TestMethod codeBase="C:\Users\szy\Desktop\8005-workspace\repos\8005-agv-control-server\tests\ControlServer.Tests\bin\Release\net8.0\win-x64\ControlServer.Tests.dll" adapterTypeName="executor://xunit/VsTestRunner3/netcore/" className="ControlServer.Tests.JourneyRuntimeWorkerTests" name="MultipleEqpsForOneAreaRemainBackloggedAndNeverCreateMovement" />
    </UnitTest>
    <UnitTest name="ControlServer.Tests.JourneyRuntimeWorkerTests.AVehicleStandingOnTheChargerWithoutDrawingCurrentIsNamedRatherThanWaitedOut" storage="c:\users\szy\desktop\8005-workspace\repos\8005-agv-control-server\tests\controlserver.tests\bin\release\net8.0\win-x64\controlserver.tests.dll" id="7ddecb37-e9aa-eb93-c813-1f7dc8a55120">
      <Execution id="7421aabf-7645-4e11-be15-3de794821a88" />
      <TestMethod codeBase="C:\Users\szy\Desktop\8005-workspace\repos\8005-agv-control-server\tests\ControlServer.Tests\bin\Release\net8.0\win-x64\ControlServer.Tests.dll" adapterTypeName="executor://xunit/VsTestRunner3/netcore/" className="ControlServer.Tests.JourneyRuntimeWorkerTests" name="AVehicleStandingOnTheChargerWithoutDrawingCurrentIsNamedRatherThanWaitedOut" />
    </UnitTest>
    <UnitTest name="ControlServer.Tests.JourneyRuntimeWorkerTests.ALowVehicleDrivesItselfToTheChargerAndBecomesAvailableAgainAtTheResumeLevel" storage="c:\users\szy\desktop\8005-workspace\repos\8005-agv-control-server\tests\controlserver.tests\bin\release\net8.0\win-x64\controlserver.tests.dll" id="17914d66-16ef-fd68-a24f-d2bc29e0a14c">
      <Execution id="bff3225d-1d9d-4a92-ba32-a995e96be2d0" />
      <TestMethod codeBase="C:\Users\szy\Desktop\8005-workspace\repos\8005-agv-control-server\tests\ControlServer.Tests\bin\Release\net8.0\win-x64\ControlServer.Tests.dll" adapterTypeName="executor://xunit/VsTestRunner3/netcore/" className="ControlServer.Tests.JourneyRuntimeWorkerTests" name="ALowVehicleDrivesItselfToTheChargerAndBecomesAvailableAgainAtTheResumeLevel" />
    </UnitTest>
    <UnitTest name="ControlServer.Tests.JourneyRuntimeWorkerTests.EveryAdmissionGateFailsClosedBeforeAcceptance(scenario: &quot;route-missing&quot;, expectedReason: &quot;AREA_STATION_NOT_FOUND&quot;)" storage="c:\users\szy\desktop\8005-workspace\repos\8005-agv-control-server\tests\controlserver.tests\bin\release\net8.0\win-x64\controlserver.tests.dll" id="07cf976d-60ab-2378-3d08-db84c5facc4c">
      <Execution id="3a4da7ab-3ec8-4823-adb4-e395e2b35b40" />
      <TestMethod codeBase="C:\Users\szy\Desktop\8005-workspace\repos\8005-agv-control-server\tests\ControlServer.Tests\bin\Release\net8.0\win-x64\ControlServer.Tests.dll" adapterTypeName="executor://xunit/VsTestRunner3/netcore/" className="ControlServer.Tests.JourneyRuntimeWorkerTests" name="EveryAdmissionGateFailsClosedBeforeAcceptance" />
    </UnitTest>
    <UnitTest name="ControlServer.Tests.DemandAcceptanceAtomicityTests.VehicleLeaseMigrationBackfillsAnUnresolvedAcceptedDemand" storage="c:\users\szy\desktop\8005-workspace\repos\8005-agv-control-server\tests\controlserver.tests\bin\release\net8.0\win-x64\controlserver.tests.dll" id="f23f351e-5244-1a54-38a7-479bcf6a4395">
      <Execution id="3e421f4e-aee7-418f-8d9d-31ea6514bdbe" />
      <TestMethod codeBase="C:\Users\szy\Desktop\8005-workspace\repos\8005-agv-control-server\tests\ControlServer.Tests\bin\Release\net8.0\win-x64\ControlServer.Tests.dll" adapterTypeName="executor://xunit/VsTestRunner3/netcore/" className="ControlServer.Tests.DemandAcceptanceAtomicityTests" name="VehicleLeaseMigrationBackfillsAnUnresolvedAcceptedDemand" />
    </UnitTest>
    <UnitTest name="ControlServer.Tests.JourneyRuntimeWorkerTests.EveryAdmissionGateFailsClosedBeforeAcceptance(scenario: &quot;vehicle-map-mismatch&quot;, expectedReason: &quot;RIOT_VEHICLE_MAP_MISMATCH&quot;)" storage="c:\users\szy\desktop\8005-workspace\repos\8005-agv-control-server\tests\controlserver.tests\bin\release\net8.0\win-x64\controlserver.tests.dll" id="2e7b21d8-dd92-96c1-a28b-310cc8fcb842">
      <Execution id="3ab21357-b885-4b46-b641-ebb73be18450" />
      <TestMethod codeBase="C:\Users\szy\Desktop\8005-workspace\repos\8005-agv-control-server\tests\ControlServer.Tests\bin\Release\net8.0\win-x64\ControlServer.Tests.dll" adapterTypeName="executor://xunit/VsTestRunner3/netcore/" className="ControlServer.Tests.JourneyRuntimeWorkerTests" name="EveryAdmissionGateFailsClosedBeforeAcceptance" />
    </UnitTest>
    <UnitTest name="ControlServer.Tests.JourneyRuntimeWorkerTests.UnknownOrStaleDynamicFactsFailClosedWithoutAcceptingOrDispatching" storage="c:\users\szy\desktop\8005-workspace\repos\8005-agv-control-server\tests\controlserver.tests\bin\release\net8.0\win-x64\controlserver.tests.dll" id="e5c990ef-58fb-93e3-6912-732048420f38">
      <Execution id="12bf1320-75b5-4d5f-bcdf-9cd1d42688ee" />
      <TestMethod codeBase="C:\Users\szy\Desktop\8005-workspace\repos\8005-agv-control-server\tests\ControlServer.Tests\bin\Release\net8.0\win-x64\ControlServer.Tests.dll" adapterTypeName="executor://xunit/VsTestRunner3/netcore/" className="ControlServer.Tests.JourneyRuntimeWorkerTests" name="UnknownOrStaleDynamicFactsFailClosedWithoutAcceptingOrDispatching" />
    </UnitTest>
    <UnitTest name="ControlServer.Tests.OnboardJourneyPublisherTests.AllJourneyProjectionKindsEmitFormalReleaseEnvelopesAndPersistExactWire" storage="c:\users\szy\desktop\8005-workspace\repos\8005-agv-control-server\tests\controlserver.tests\bin\release\net8.0\win-x64\controlserver.tests.dll" id="a5a9bcf4-1d04-70cd-5e05-60bceeb67c9f">
      <Execution id="9f5a2088-88d7-478d-b06a-524b691373aa" />
      <TestMethod codeBase="C:\Users\szy\Desktop\8005-workspace\repos\8005-agv-control-server\tests\ControlServer.Tests\bin\Release\net8.0\win-x64\ControlServer.Tests.dll" adapterTypeName="executor://xunit/VsTestRunner3/netcore/" className="ControlServer.Tests.OnboardJourneyPublisherTests" name="AllJourneyProjectionKindsEmitFormalReleaseEnvelopesAndPersistExactWire" />
    </UnitTest>
    <UnitTest name="ControlServer.Tests.JourneyRuntimeWorkerTests.SnapshotsFromEarlierInALiveSessionStillAdmit" storage="c:\users\szy\desktop\8005-workspace\repos\8005-agv-control-server\tests\controlserver.tests\bin\release\net8.0\win-x64\controlserver.tests.dll" id="bf958b45-3ddd-6eb2-3178-dd74a1b2e93a">
      <Execution id="eba44cbf-0b50-4258-af21-7cd54dcb72dc" />
      <TestMethod codeBase="C:\Users\szy\Desktop\8005-workspace\repos\8005-agv-control-server\tests\ControlServer.Tests\bin\Release\net8.0\win-x64\ControlServer.Tests.dll" adapterTypeName="executor://xunit/VsTestRunner3/netcore/" className="ControlServer.Tests.JourneyRuntimeWorkerTests" name="SnapshotsFromEarlierInALiveSessionStillAdmit" />
    </UnitTest>
    <UnitTest name="ControlServer.Tests.JourneyRuntimeWorkerTests.VehicleReadsThatAdvanceClockUsePostReadTimeForAdmission" storage="c:\users\szy\desktop\8005-workspace\repos\8005-agv-control-server\tests\controlserver.tests\bin\release\net8.0\win-x64\controlserver.tests.dll" id="9767b289-979c-9c13-37eb-7a5becc45b70">
      <Execution id="303e3c0c-e423-44d8-81a5-975376d2ac32" />
      <TestMethod codeBase="C:\Users\szy\Desktop\8005-workspace\repos\8005-agv-control-server\tests\ControlServer.Tests\bin\Release\net8.0\win-x64\ControlServer.Tests.dll" adapterTypeName="executor://xunit/VsTestRunner3/netcore/" className="ControlServer.Tests.JourneyRuntimeWorkerTests" name="VehicleReadsThatAdvanceClockUsePostReadTimeForAdmission" />
    </UnitTest>
    <UnitTest name="ControlServer.Tests.JourneyRuntimeWorkerTests.ACompletedDemandStillListedByMesIngestIsNeverOfferedForIntakeAgain" storage="c:\users\szy\desktop\8005-workspace\repos\8005-agv-control-server\tests\controlserver.tests\bin\release\net8.0\win-x64\controlserver.tests.dll" id="ce24c2e7-ff2a-1f88-cefb-245dd0e4aabe">
      <Execution id="8256d9a9-0a7d-465f-9d20-71d29cd677a0" />
      <TestMethod codeBase="C:\Users\szy\Desktop\8005-workspace\repos\8005-agv-control-server\tests\ControlServer.Tests\bin\Release\net8.0\win-x64\ControlServer.Tests.dll" adapterTypeName="executor://xunit/VsTestRunner3/netcore/" className="ControlServer.Tests.JourneyRuntimeWorkerTests" name="ACompletedDemandStillListedByMesIngestIsNeverOfferedForIntakeAgain" />
    </UnitTest>
    <UnitTest name="ControlServer.Tests.JourneyRuntimeWorkerTests.EveryAdmissionGateFailsClosedBeforeAcceptance(scenario: &quot;slot-capacity&quot;, expectedReason: &quot;SLOT_CAPACITY_TEMPORARILY_UNAVAILABLE&quot;)" storage="c:\users\szy\desktop\8005-workspace\repos\8005-agv-control-server\tests\controlserver.tests\bin\release\net8.0\win-x64\controlserver.tests.dll" id="80c614ac-5934-e338-fffd-c345b622d64c">
      <Execution id="abfe2afe-e38e-4740-a3ab-d950e688100c" />
      <TestMethod codeBase="C:\Users\szy\Desktop\8005-workspace\repos\8005-agv-control-server\tests\ControlServer.Tests\bin\Release\net8.0\win-x64\ControlServer.Tests.dll" adapterTypeName="executor://xunit/VsTestRunner3/netcore/" className="ControlServer.Tests.JourneyRuntimeWorkerTests" name="EveryAdmissionGateFailsClosedBeforeAcceptance" />
    </UnitTest>
    <UnitTest name="ControlServer.Tests.DemandAcceptanceAtomicityTests.AcceptedDemandAndToPickupIntentAreCommittedAtomically" storage="c:\users\szy\desktop\8005-workspace\repos\8005-agv-control-server\tests\controlserver.tests\bin\release\net8.0\win-x64\controlserver.tests.dll" id="5355e115-170b-0436-93d5-d684aace6b7a">
      <Execution id="fc748246-dcdc-490e-9d76-448edfbd38aa" />
      <TestMethod codeBase="C:\Users\szy\Desktop\8005-workspace\repos\8005-agv-control-server\tests\ControlServer.Tests\bin\Release\net8.0\win-x64\ControlServer.Tests.dll" adapterTypeName="executor://xunit/VsTestRunner3/netcore/" className="ControlServer.Tests.DemandAcceptanceAtomicityTests" name="AcceptedDemandAndToPickupIntentAreCommittedAtomically" />
    </UnitTest>
    <UnitTest name="ControlServer.Tests.JourneyRuntimeWorkerTests.SupportsBatchUnlockFalseDoesNotBlockAdmission" storage="c:\users\szy\desktop\8005-workspace\repos\8005-agv-control-server\tests\controlserver.tests\bin\release\net8.0\win-x64\controlserver.tests.dll" id="9426c248-c385-d533-758a-8fcac5e40269">
      <Execution id="f9d110ff-548d-49f2-8ea2-c8b51af05fcc" />
      <TestMethod codeBase="C:\Users\szy\Desktop\8005-workspace\repos\8005-agv-control-server\tests\ControlServer.Tests\bin\Release\net8.0\win-x64\ControlServer.Tests.dll" adapterTypeName="executor://xunit/VsTestRunner3/netcore/" className="ControlServer.Tests.JourneyRuntimeWorkerTests" name="SupportsBatchUnlockFalseDoesNotBlockAdmission" />
    </UnitTest>
    <UnitTest name="ControlServer.Tests.FakeRiotTests.AnOrderAdvancedToCompleteBecomesATerminalArrivalObservation" storage="c:\users\szy\desktop\8005-workspace\repos\8005-agv-control-server\tests\controlserver.tests\bin\release\net8.0\win-x64\controlserver.tests.dll" id="418c7075-1cf2-6a8b-1b84-87f197ade153">
      <Execution id="cc0d06a9-dc33-43eb-9f00-a2d67fde7eb1" />
      <TestMethod codeBase="C:\Users\szy\Desktop\8005-workspace\repos\8005-agv-control-server\tests\ControlServer.Tests\bin\Release\net8.0\win-x64\ControlServer.Tests.dll" adapterTypeName="executor://xunit/VsTestRunner3/netcore/" className="ControlServer.Tests.FakeRiotTests" name="AnOrderAdvancedToCompleteBecomesATerminalArrivalObservation" />
    </UnitTest>
    <UnitTest name="ControlServer.Tests.FakeRiotTests.MapStationReadsCountEveryIterationWithoutMovingTheStateRevision" storage="c:\users\szy\desktop\8005-workspace\repos\8005-agv-control-server\tests\controlserver.tests\bin\release\net8.0\win-x64\controlserver.tests.dll" id="3676df9e-25fb-c74c-be7b-d675b899d792">
      <Execution id="b91da871-a927-4302-b57c-0cc473088aa1" />
      <TestMethod codeBase="C:\Users\szy\Desktop\8005-workspace\repos\8005-agv-control-server\tests\ControlServer.Tests\bin\Release\net8.0\win-x64\ControlServer.Tests.dll" adapterTypeName="executor://xunit/VsTestRunner3/netcore/" className="ControlServer.Tests.FakeRiotTests" name="MapStationReadsCountEveryIterationWithoutMovingTheStateRevision" />
    </UnitTest>
    <UnitTest name="ControlServer.Tests.JourneyRuntimeWorkerTests.EveryAdmissionGateFailsClosedBeforeAcceptance(scenario: &quot;zone-not-admitted&quot;, expectedReason: &quot;DISPATCH_ZONE_VEHICLE_ADMISSION_MISSING&quot;)" storage="c:\users\szy\desktop\8005-workspace\repos\8005-agv-control-server\tests\controlserver.tests\bin\release\net8.0\win-x64\controlserver.tests.dll" id="79b11f8c-3390-a463-5743-63d9ccdceb98">
      <Execution id="05e5ed19-03dd-41fd-a094-1a45767faf06" />
      <TestMethod codeBase="C:\Users\szy\Desktop\8005-workspace\repos\8005-agv-control-server\tests\ControlServer.Tests\bin\Release\net8.0\win-x64\ControlServer.Tests.dll" adapterTypeName="executor://xunit/VsTestRunner3/netcore/" className="ControlServer.Tests.JourneyRuntimeWorkerTests" name="EveryAdmissionGateFailsClosedBeforeAcceptance" />
    </UnitTest>
    <UnitTest name="ControlServer.Tests.HttpRiotMovementGatewayTests.VehicleFactsAreMappedAndObservedAfterSdkReadCompletes" storage="c:\users\szy\desktop\8005-workspace\repos\8005-agv-control-server\tests\controlserver.tests\bin\release\net8.0\win-x64\controlserver.tests.dll" id="d6597f25-d7d1-0921-2135-fa70a872fb6d">
      <Execution id="cedc0807-0ca6-4955-abb8-28d3ea02e02f" />
      <TestMethod codeBase="C:\Users\szy\Desktop\8005-workspace\repos\8005-agv-control-server\tests\ControlServer.Tests\bin\Release\net8.0\win-x64\ControlServer.Tests.dll" adapterTypeName="executor://xunit/VsTestRunner3/netcore/" className="ControlServer.Tests.HttpRiotMovementGatewayTests" name="VehicleFactsAreMappedAndObservedAfterSdkReadCompletes" />
    </UnitTest>
    <UnitTest name="ControlServer.Tests.JourneyRuntimeWorkerTests.EveryAdmissionGateFailsClosedBeforeAcceptance(scenario: &quot;battery-low&quot;, expectedReason: &quot;BATTERY_POLICY_NOT_SATISFIED&quot;)" storage="c:\users\szy\desktop\8005-workspace\repos\8005-agv-control-server\tests\controlserver.tests\bin\release\net8.0\win-x64\controlserver.tests.dll" id="77b4474b-64a1-5f6b-cde2-30ee9f365490">
      <Execution id="291db98d-6349-4067-9e98-326e9c69003c" />
      <TestMethod codeBase="C:\Users\szy\Desktop\8005-workspace\repos\8005-agv-control-server\tests\ControlServer.Tests\bin\Release\net8.0\win-x64\ControlServer.Tests.dll" adapterTypeName="executor://xunit/VsTestRunner3/netcore/" className="ControlServer.Tests.JourneyRuntimeWorkerTests" name="EveryAdmissionGateFailsClosedBeforeAcceptance" />
    </UnitTest>
    <UnitTest name="ControlServer.Tests.JourneyRuntimeWorkerTests.DynamicMapPickupResolutionFreezesEveryMatchingDemandStation(area: &quot;N1-2&quot;, eqp: &quot;EQP-02&quot;, expectedStationName: &quot;N1-2_N1-3&quot;, expectedStationId: 13)" storage="c:\users\szy\desktop\8005-workspace\repos\8005-agv-control-server\tests\controlserver.tests\bin\release\net8.0\win-x64\controlserver.tests.dll" id="a3dbc8c5-3ee9-0470-7201-5dfde7806932">
      <Execution id="cefd8841-2d10-4a25-a7b5-606af5e98302" />
      <TestMethod codeBase="C:\Users\szy\Desktop\8005-workspace\repos\8005-agv-control-server\tests\ControlServer.Tests\bin\Release\net8.0\win-x64\ControlServer.Tests.dll" adapterTypeName="executor://xunit/VsTestRunner3/netcore/" className="ControlServer.Tests.JourneyRuntimeWorkerTests" name="DynamicMapPickupResolutionFreezesEveryMatchingDemandStation" />
    </UnitTest>
    <UnitTest name="ControlServer.Tests.OnboardJourneyPublisherTests.CoreJourneyCommandsEmitFormalSchemaPayloadsWithExactCorrelationRules" storage="c:\users\szy\desktop\8005-workspace\repos\8005-agv-control-server\tests\controlserver.tests\bin\release\net8.0\win-x64\controlserver.tests.dll" id="87ab6baa-a2fa-4bd2-e2a4-5abe279110f2">
      <Execution id="f625f480-2088-4196-8abe-a595f6039971" />
      <TestMethod codeBase="C:\Users\szy\Desktop\8005-workspace\repos\8005-agv-control-server\tests\ControlServer.Tests\bin\Release\net8.0\win-x64\ControlServer.Tests.dll" adapterTypeName="executor://xunit/VsTestRunner3/netcore/" className="ControlServer.Tests.OnboardJourneyPublisherTests" name="CoreJourneyCommandsEmitFormalSchemaPayloadsWithExactCorrelationRules" />
    </UnitTest>
    <UnitTest name="ControlServer.Tests.JourneyRuntimeWorkerTests.ACompletedDemandStillListedByMesIngestDoesNotBlockTheNextEligibleDemand" storage="c:\users\szy\desktop\8005-workspace\repos\8005-agv-control-server\tests\controlserver.tests\bin\release\net8.0\win-x64\controlserver.tests.dll" id="bdc4fb63-67dc-07fd-5096-a48bb6f4ed8c">
      <Execution id="a7af61af-f610-4e58-981d-a2fadf310902" />
      <TestMethod codeBase="C:\Users\szy\Desktop\8005-workspace\repos\8005-agv-control-server\tests\ControlServer.Tests\bin\Release\net8.0\win-x64\ControlServer.Tests.dll" adapterTypeName="executor://xunit/VsTestRunner3/netcore/" className="ControlServer.Tests.JourneyRuntimeWorkerTests" name="ACompletedDemandStillListedByMesIngestDoesNotBlockTheNextEligibleDemand" />
    </UnitTest>
    <UnitTest name="ControlServer.Tests.JourneyRuntimeWorkerTests.LargeCatalogBatchesBacklogPersistenceBeforeAcceptingEligibleJourney" storage="c:\users\szy\desktop\8005-workspace\repos\8005-agv-control-server\tests\controlserver.tests\bin\release\net8.0\win-x64\controlserver.tests.dll" id="aeb9550c-8c59-3cae-9e22-2d4fa0e8434b">
      <Execution id="05b501ce-6e5c-4e46-87b3-f7bba2e51427" />
      <TestMethod codeBase="C:\Users\szy\Desktop\8005-workspace\repos\8005-agv-control-server\tests\ControlServer.Tests\bin\Release\net8.0\win-x64\ControlServer.Tests.dll" adapterTypeName="executor://xunit/VsTestRunner3/netcore/" className="ControlServer.Tests.JourneyRuntimeWorkerTests" name="LargeCatalogBatchesBacklogPersistenceBeforeAcceptingEligibleJourney" />
    </UnitTest>
    <UnitTest name="ControlServer.Tests.JourneyRuntimeWorkerTests.AdmissionSafetyFactsComeFromTheLatestChangeNotTheSessionSnapshot" storage="c:\users\szy\desktop\8005-workspace\repos\8005-agv-control-server\tests\controlserver.tests\bin\release\net8.0\win-x64\controlserver.tests.dll" id="717f5863-35bc-b67e-a118-c07dbe7f20ef">
      <Execution id="79f221be-c2f3-4446-afb2-37f94f24da20" />
      <TestMethod codeBase="C:\Users\szy\Desktop\8005-workspace\repos\8005-agv-control-server\tests\ControlServer.Tests\bin\Release\net8.0\win-x64\ControlServer.Tests.dll" adapterTypeName="executor://xunit/VsTestRunner3/netcore/" className="ControlServer.Tests.JourneyRuntimeWorkerTests" name="AdmissionSafetyFactsComeFromTheLatestChangeNotTheSessionSnapshot" />
    </UnitTest>
    <UnitTest name="ControlServer.Tests.JourneyRuntimeWorkerTests.AmbiguousAreaStationMappingRemainsBackloggedAndNeverCreatesMovement" storage="c:\users\szy\desktop\8005-workspace\repos\8005-agv-control-server\tests\controlserver.tests\bin\release\net8.0\win-x64\controlserver.tests.dll" id="69b43fc9-bb48-85e2-99e4-a1cc6cdac0eb">
      <Execution id="9d629fb2-2db1-4de6-a645-fb022f7bc361" />
      <TestMethod codeBase="C:\Users\szy\Desktop\8005-workspace\repos\8005-agv-control-server\tests\ControlServer.Tests\bin\Release\net8.0\win-x64\ControlServer.Tests.dll" adapterTypeName="executor://xunit/VsTestRunner3/netcore/" className="ControlServer.Tests.JourneyRuntimeWorkerTests" name="AmbiguousAreaStationMappingRemainsBackloggedAndNeverCreatesMovement" />
    </UnitTest>
    <UnitTest name="ControlServer.Tests.JourneyRuntimeWorkerTests.EveryAdmissionGateFailsClosedBeforeAcceptance(scenario: &quot;onboard-unsafe&quot;, expectedReason: &quot;ONBOARD_DEPARTURE_UNSAFE&quot;)" storage="c:\users\szy\desktop\8005-workspace\repos\8005-agv-control-server\tests\controlserver.tests\bin\release\net8.0\win-x64\controlserver.tests.dll" id="1c38e6e0-77e5-9518-5c71-9f40b3cf754c">
      <Execution id="88cf13c3-9d33-4b2d-ba5d-a9f4bfdf0563" />
      <TestMethod codeBase="C:\Users\szy\Desktop\8005-workspace\repos\8005-agv-control-server\tests\ControlServer.Tests\bin\Release\net8.0\win-x64\ControlServer.Tests.dll" adapterTypeName="executor://xunit/VsTestRunner3/netcore/" className="ControlServer.Tests.JourneyRuntimeWorkerTests" name="EveryAdmissionGateFailsClosedBeforeAcceptance" />
    </UnitTest>
    <UnitTest name="ControlServer.Tests.JourneyRuntimeWorkerTests.NoChargingRunStartsWhileAJourneyStillHoldsTheVehicle" storage="c:\users\szy\desktop\8005-workspace\repos\8005-agv-control-server\tests\controlserver.tests\bin\release\net8.0\win-x64\controlserver.tests.dll" id="77aad09d-bdca-746a-e302-ed6c6864d555">
      <Execution id="7d821d0f-bc99-49aa-ac95-f34e9741c4f6" />
      <TestMethod codeBase="C:\Users\szy\Desktop\8005-workspace\repos\8005-agv-control-server\tests\ControlServer.Tests\bin\Release\net8.0\win-x64\ControlServer.Tests.dll" adapterTypeName="executor://xunit/VsTestRunner3/netcore/" className="ControlServer.Tests.JourneyRuntimeWorkerTests" name="NoChargingRunStartsWhileAJourneyStillHoldsTheVehicle" />
    </UnitTest>
    <UnitTest name="ControlServer.Tests.JourneyRuntimeWorkerTests.FinalCatalogRefreshThatExpiresDynamicFactsDoesNotAcceptOrDispatch" storage="c:\users\szy\desktop\8005-workspace\repos\8005-agv-control-server\tests\controlserver.tests\bin\release\net8.0\win-x64\controlserver.tests.dll" id="300a2396-3525-5068-8437-fdae07bc0cb8">
      <Execution id="22a4ce53-dc71-4d43-904b-8c6830dd8c2e" />
      <TestMethod codeBase="C:\Users\szy\Desktop\8005-workspace\repos\8005-agv-control-server\tests\ControlServer.Tests\bin\Release\net8.0\win-x64\ControlServer.Tests.dll" adapterTypeName="executor://xunit/VsTestRunner3/netcore/" className="ControlServer.Tests.JourneyRuntimeWorkerTests" name="FinalCatalogRefreshThatExpiresDynamicFactsDoesNotAcceptOrDispatch" />
    </UnitTest>
    <UnitTest name="ControlServer.Tests.JourneyRuntimeWorkerTests.BatteryAtConfirmedThirtyPercentThresholdRemainsEligible" storage="c:\users\szy\desktop\8005-workspace\repos\8005-agv-control-server\tests\controlserver.tests\bin\release\net8.0\win-x64\controlserver.tests.dll" id="74ac2c98-7862-b3b5-6f3b-ced8a541c9e2">
      <Execution id="cdb83783-d774-470b-a850-9f350cd3eeaa" />
      <TestMethod codeBase="C:\Users\szy\Desktop\8005-workspace\repos\8005-agv-control-server\tests\ControlServer.Tests\bin\Release\net8.0\win-x64\ControlServer.Tests.dll" adapterTypeName="executor://xunit/VsTestRunner3/netcore/" className="ControlServer.Tests.JourneyRuntimeWorkerTests" name="BatteryAtConfirmedThirtyPercentThresholdRemainsEligible" />
    </UnitTest>
    <UnitTest name="ControlServer.Tests.JourneyRuntimeWorkerTests.EveryAdmissionGateFailsClosedBeforeAcceptance(scenario: &quot;riot-order-occupied&quot;, expectedReason: &quot;RIOT_VEHICLE_ORDER_OCCUPIED&quot;)" storage="c:\users\szy\desktop\8005-workspace\repos\8005-agv-control-server\tests\controlserver.tests\bin\release\net8.0\win-x64\controlserver.tests.dll" id="7b15c4f9-73fd-d045-2380-78df636efd1d">
      <Execution id="bdbe6c9b-36e8-4f03-9b57-4630c8923dac" />
      <TestMethod codeBase="C:\Users\szy\Desktop\8005-workspace\repos\8005-agv-control-server\tests\ControlServer.Tests\bin\Release\net8.0\win-x64\ControlServer.Tests.dll" adapterTypeName="executor://xunit/VsTestRunner3/netcore/" className="ControlServer.Tests.JourneyRuntimeWorkerTests" name="EveryAdmissionGateFailsClosedBeforeAcceptance" />
    </UnitTest>
    <UnitTest name="ControlServer.Tests.HttpMesIngestCatalogTests.UsesOnlyFrozenV2GetContractAndReturnsFinalCatalogFact" storage="c:\users\szy\desktop\8005-workspace\repos\8005-agv-control-server\tests\controlserver.tests\bin\release\net8.0\win-x64\controlserver.tests.dll" id="5954b2f1-bdd4-1ee1-ca28-a4210a04971b">
      <Execution id="c259a723-a118-46d7-aca1-b842a92802e7" />
      <TestMethod codeBase="C:\Users\szy\Desktop\8005-workspace\repos\8005-agv-control-server\tests\ControlServer.Tests\bin\Release\net8.0\win-x64\ControlServer.Tests.dll" adapterTypeName="executor://xunit/VsTestRunner3/netcore/" className="ControlServer.Tests.HttpMesIngestCatalogTests" name="UsesOnlyFrozenV2GetContractAndReturnsFinalCatalogFact" />
    </UnitTest>
    <UnitTest name="ControlServer.Tests.ApplicationOrchestrationTests.IntakeCoordinatorPersistsFinalDecisionFactsBeforeRiotMutation" storage="c:\users\szy\desktop\8005-workspace\repos\8005-agv-control-server\tests\controlserver.tests\bin\release\net8.0\win-x64\controlserver.tests.dll" id="4808dc36-ad3b-9fde-004a-e7c0ed00a150">
      <Execution id="b103bc96-a52f-48c7-9bb3-bd2fafa3d08f" />
      <TestMethod codeBase="C:\Users\szy\Desktop\8005-workspace\repos\8005-agv-control-server\tests\ControlServer.Tests\bin\Release\net8.0\win-x64\ControlServer.Tests.dll" adapterTypeName="executor://xunit/VsTestRunner3/netcore/" className="ControlServer.Tests.ApplicationOrchestrationTests" name="IntakeCoordinatorPersistsFinalDecisionFactsBeforeRiotMutation" />
    </UnitTest>
    <UnitTest name="ControlServer.Tests.JourneyRuntimeWorkerTests.OutOfScopeOrMap25UnresolvableAreaNeverCreatesMissingPackageNoise(area: &quot;N22-1&quot;, expectedReason: &quot;AREA_STATION_NOT_FOUND&quot;)" storage="c:\users\szy\desktop\8005-workspace\repos\8005-agv-control-server\tests\controlserver.tests\bin\release\net8.0\win-x64\controlserver.tests.dll" id="397ab49f-1422-8877-407e-43f0d1bef1f9">
      <Execution id="a3e9206e-5c30-4d05-8a93-aa46c29906da" />
      <TestMethod codeBase="C:\Users\szy\Desktop\8005-workspace\repos\8005-agv-control-server\tests\ControlServer.Tests\bin\Release\net8.0\win-x64\ControlServer.Tests.dll" adapterTypeName="executor://xunit/VsTestRunner3/netcore/" className="ControlServer.Tests.JourneyRuntimeWorkerTests" name="OutOfScopeOrMap25UnresolvableAreaNeverCreatesMissingPackageNoise" />
    </UnitTest>
    <UnitTest name="ControlServer.Tests.JourneyRuntimeWorkerTests.AcceptedDemandWithoutPersistedRuntimeFailsClosedInsteadOfBeingAdopted" storage="c:\users\szy\desktop\8005-workspace\repos\8005-agv-control-server\tests\controlserver.tests\bin\release\net8.0\win-x64\controlserver.tests.dll" id="1f057f91-7643-ade7-3dd7-96eb944caa1d">
      <Execution id="aca4d828-4220-4996-9135-1685ab46862a" />
      <TestMethod codeBase="C:\Users\szy\Desktop\8005-workspace\repos\8005-agv-control-server\tests\ControlServer.Tests\bin\Release\net8.0\win-x64\ControlServer.Tests.dll" adapterTypeName="executor://xunit/VsTestRunner3/netcore/" className="ControlServer.Tests.JourneyRuntimeWorkerTests" name="AcceptedDemandWithoutPersistedRuntimeFailsClosedInsteadOfBeingAdopted" />
    </UnitTest>
    <UnitTest name="ControlServer.Tests.OnboardJourneyPublisherTests.JourneySnapshotIsPersistedBeforeSendReplayedByteForByteAndAcknowledgedByExactHash" storage="c:\users\szy\desktop\8005-workspace\repos\8005-agv-control-server\tests\controlserver.tests\bin\release\net8.0\win-x64\controlserver.tests.dll" id="1727ffe7-6886-eebf-346c-b7e747cb719b">
      <Execution id="849042d0-1b41-40f1-9412-f5ba3c2dccfa" />
      <TestMethod codeBase="C:\Users\szy\Desktop\8005-workspace\repos\8005-agv-control-server\tests\ControlServer.Tests\bin\Release\net8.0\win-x64\ControlServer.Tests.dll" adapterTypeName="executor://xunit/VsTestRunner3/netcore/" className="ControlServer.Tests.OnboardJourneyPublisherTests" name="JourneySnapshotIsPersistedBeforeSendReplayedByteForByteAndAcknowledgedByExactHash" />
    </UnitTest>
    <UnitTest name="ControlServer.Tests.JourneyRuntimeOptionsTests.EnabledRuntimeRejectsMissingRemoteExternalSecretReferencesButAllowsLoopbackMesIngest" storage="c:\users\szy\desktop\8005-workspace\repos\8005-agv-control-server\tests\controlserver.tests\bin\release\net8.0\win-x64\controlserver.tests.dll" id="42d95441-9c10-0b21-e9c4-29b9e18ad97f">
      <Execution id="97816781-3da4-4759-b6fa-b0b656d2107e" />
      <TestMethod codeBase="C:\Users\szy\Desktop\8005-workspace\repos\8005-agv-control-server\tests\ControlServer.Tests\bin\Release\net8.0\win-x64\ControlServer.Tests.dll" adapterTypeName="executor://xunit/VsTestRunner3/netcore/" className="ControlServer.Tests.JourneyRuntimeOptionsTests" name="EnabledRuntimeRejectsMissingRemoteExternalSecretReferencesButAllowsLoopbackMesIngest" />
    </UnitTest>
    <UnitTest name="ControlServer.Tests.JourneyRuntimeWorkerTests.OutOfScopeOrMap25UnresolvableAreaNeverCreatesMissingPackageNoise(area: &quot;Q18-10&quot;, expectedReason: &quot;OUT_OF_SCOPE_AREA&quot;)" storage="c:\users\szy\desktop\8005-workspace\repos\8005-agv-control-server\tests\controlserver.tests\bin\release\net8.0\win-x64\controlserver.tests.dll" id="e776b56e-d8e3-1563-ec12-e29be1f3b01a">
      <Execution id="aae13561-596b-4b8b-a8af-b9d27460e7e1" />
      <TestMethod codeBase="C:\Users\szy\Desktop\8005-workspace\repos\8005-agv-control-server\tests\ControlServer.Tests\bin\Release\net8.0\win-x64\ControlServer.Tests.dll" adapterTypeName="executor://xunit/VsTestRunner3/netcore/" className="ControlServer.Tests.JourneyRuntimeWorkerTests" name="OutOfScopeOrMap25UnresolvableAreaNeverCreatesMissingPackageNoise" />
    </UnitTest>
    <UnitTest name="ControlServer.Tests.JourneyRuntimeWorkerTests.RestartKeepsOriginalVehicleLeaseAndStablePickupIdentity" storage="c:\users\szy\desktop\8005-workspace\repos\8005-agv-control-server\tests\controlserver.tests\bin\release\net8.0\win-x64\controlserver.tests.dll" id="ec4155a6-06fb-17b8-5c90-1ea881551411">
      <Execution id="1b02b024-11b1-4b9b-8bef-6a0734d1e8a2" />
      <TestMethod codeBase="C:\Users\szy\Desktop\8005-workspace\repos\8005-agv-control-server\tests\ControlServer.Tests\bin\Release\net8.0\win-x64\ControlServer.Tests.dll" adapterTypeName="executor://xunit/VsTestRunner3/netcore/" className="ControlServer.Tests.JourneyRuntimeWorkerTests" name="RestartKeepsOriginalVehicleLeaseAndStablePickupIdentity" />
    </UnitTest>
    <UnitTest name="ControlServer.Tests.JourneyRuntimeWorkerTests.EveryAdmissionGateFailsClosedBeforeAcceptance(scenario: &quot;vehicle-not-idle&quot;, expectedReason: &quot;RIOT_VEHICLE_NOT_IDLE&quot;)" storage="c:\users\szy\desktop\8005-workspace\repos\8005-agv-control-server\tests\controlserver.tests\bin\release\net8.0\win-x64\controlserver.tests.dll" id="85e33137-052a-1f4d-9acd-0519cc9e83a7">
      <Execution id="696c2541-0603-42fe-99f1-51d12862f1c2" />
      <TestMethod codeBase="C:\Users\szy\Desktop\8005-workspace\repos\8005-agv-control-server\tests\ControlServer.Tests\bin\Release\net8.0\win-x64\ControlServer.Tests.dll" adapterTypeName="executor://xunit/VsTestRunner3/netcore/" className="ControlServer.Tests.JourneyRuntimeWorkerTests" name="EveryAdmissionGateFailsClosedBeforeAcceptance" />
    </UnitTest>
    <UnitTest name="ControlServer.Tests.DemandAcceptanceAtomicityTests.VehicleLeaseRejectsSecondDemandUntilSuccessfulUnloadReleasesIt" storage="c:\users\szy\desktop\8005-workspace\repos\8005-agv-control-server\tests\controlserver.tests\bin\release\net8.0\win-x64\controlserver.tests.dll" id="480cf8f2-a2fd-ecff-5a3c-67abc4eeb3e2">
      <Execution id="77f8f07d-5760-427d-a434-c3fe2f64b347" />
      <TestMethod codeBase="C:\Users\szy\Desktop\8005-workspace\repos\8005-agv-control-server\tests\ControlServer.Tests\bin\Release\net8.0\win-x64\ControlServer.Tests.dll" adapterTypeName="executor://xunit/VsTestRunner3/netcore/" className="ControlServer.Tests.DemandAcceptanceAtomicityTests" name="VehicleLeaseRejectsSecondDemandUntilSuccessfulUnloadReleasesIt" />
    </UnitTest>
    <UnitTest name="ControlServer.Tests.JourneyRuntimeWorkerTests.DynamicMapPickupResolutionFreezesEveryMatchingDemandStation(area: &quot;N1-1&quot;, eqp: &quot;EQP-01&quot;, expectedStationName: &quot;N1-1&quot;, expectedStationId: 12)" storage="c:\users\szy\desktop\8005-workspace\repos\8005-agv-control-server\tests\controlserver.tests\bin\release\net8.0\win-x64\controlserver.tests.dll" id="2fe4bccd-109a-df40-410b-bb9cf90a3eb2">
      <Execution id="b34a3ad9-bb1a-42e3-bb02-99f815d2a608" />
      <TestMethod codeBase="C:\Users\szy\Desktop\8005-workspace\repos\8005-agv-control-server\tests\ControlServer.Tests\bin\Release\net8.0\win-x64\ControlServer.Tests.dll" adapterTypeName="executor://xunit/VsTestRunner3/netcore/" className="ControlServer.Tests.JourneyRuntimeWorkerTests" name="DynamicMapPickupResolutionFreezesEveryMatchingDemandStation" />
    </UnitTest>
    <UnitTest name="ControlServer.Tests.FakeRiotTests.VehicleFactsAndMapCatalogAreServedInTheShapeTheProductionAdapterParses" storage="c:\users\szy\desktop\8005-workspace\repos\8005-agv-control-server\tests\controlserver.tests\bin\release\net8.0\win-x64\controlserver.tests.dll" id="7e8a7d32-1859-69bc-4a2b-3eb40d8b40f6">
      <Execution id="edb1a030-1275-4e2b-99fd-2973d2212776" />
      <TestMethod codeBase="C:\Users\szy\Desktop\8005-workspace\repos\8005-agv-control-server\tests\ControlServer.Tests\bin\Release\net8.0\win-x64\ControlServer.Tests.dll" adapterTypeName="executor://xunit/VsTestRunner3/netcore/" className="ControlServer.Tests.FakeRiotTests" name="VehicleFactsAndMapCatalogAreServedInTheShapeTheProductionAdapterParses" />
    </UnitTest>
    <UnitTest name="ControlServer.Tests.ApplicationOrchestrationTests.IntakeCoordinatorDoesNotDispatchWhenAnyDecisionFactChanged" storage="c:\users\szy\desktop\8005-workspace\repos\8005-agv-control-server\tests\controlserver.tests\bin\release\net8.0\win-x64\controlserver.tests.dll" id="d39d6d55-c896-7db4-9e75-f14dbd5de198">
      <Execution id="5faefa96-c4a3-4b87-82b2-d67d20de2939" />
      <TestMethod codeBase="C:\Users\szy\Desktop\8005-workspace\repos\8005-agv-control-server\tests\ControlServer.Tests\bin\Release\net8.0\win-x64\ControlServer.Tests.dll" adapterTypeName="executor://xunit/VsTestRunner3/netcore/" className="ControlServer.Tests.ApplicationOrchestrationTests" name="IntakeCoordinatorDoesNotDispatchWhenAnyDecisionFactChanged" />
    </UnitTest>
    <UnitTest name="ControlServer.Tests.JourneyRuntimeWorkerTests.InboundEnvelopesWithoutASessionGenerationDoNotBreakLiveness" storage="c:\users\szy\desktop\8005-workspace\repos\8005-agv-control-server\tests\controlserver.tests\bin\release\net8.0\win-x64\controlserver.tests.dll" id="9d1476ff-d438-4fd5-726b-a01ea2a119a3">
      <Execution id="2e632710-3056-4791-8c5f-a52c35bccb86" />
      <TestMethod codeBase="C:\Users\szy\Desktop\8005-workspace\repos\8005-agv-control-server\tests\ControlServer.Tests\bin\Release\net8.0\win-x64\ControlServer.Tests.dll" adapterTypeName="executor://xunit/VsTestRunner3/netcore/" className="ControlServer.Tests.JourneyRuntimeWorkerTests" name="InboundEnvelopesWithoutASessionGenerationDoNotBreakLiveness" />
    </UnitTest>
    <UnitTest name="ControlServer.Tests.JourneyRuntimeWorkerTests.EveryAdmissionGateFailsClosedBeforeAcceptance(scenario: &quot;onboard-silent&quot;, expectedReason: &quot;ONBOARD_FACTS_NOT_READY&quot;)" storage="c:\users\szy\desktop\8005-workspace\repos\8005-agv-control-server\tests\controlserver.tests\bin\release\net8.0\win-x64\controlserver.tests.dll" id="5bd4c076-46e0-1c05-6567-eea7fa69c651">
      <Execution id="e01895f2-af8b-4158-a7d8-ff306b2953b0" />
      <TestMethod codeBase="C:\Users\szy\Desktop\8005-workspace\repos\8005-agv-control-server\tests\ControlServer.Tests\bin\Release\net8.0\win-x64\ControlServer.Tests.dll" adapterTypeName="executor://xunit/VsTestRunner3/netcore/" className="ControlServer.Tests.JourneyRuntimeWorkerTests" name="EveryAdmissionGateFailsClosedBeforeAcceptance" />
    </UnitTest>
    <UnitTest name="ControlServer.Tests.HttpMesIngestCatalogTests.RejectsContractWithoutTheExactSublotBoxCountCapabilityVersion" storage="c:\users\szy\desktop\8005-workspace\repos\8005-agv-control-server\tests\controlserver.tests\bin\release\net8.0\win-x64\controlserver.tests.dll" id="92f515a5-fade-0e8d-df2a-1de4553c89f6">
      <Execution id="e805ac0b-3836-4ce2-9edc-39262534dc7a" />
      <TestMethod codeBase="C:\Users\szy\Desktop\8005-workspace\repos\8005-agv-control-server\tests\ControlServer.Tests\bin\Release\net8.0\win-x64\ControlServer.Tests.dll" adapterTypeName="executor://xunit/VsTestRunner3/netcore/" className="ControlServer.Tests.HttpMesIngestCatalogTests" name="RejectsContractWithoutTheExactSublotBoxCountCapabilityVersion" />
    </UnitTest>
    <UnitTest name="ControlServer.Tests.JourneyRuntimeWorkerTests.AVehicleAlreadyOnTheChargerIsNotDispatchedToTheStationItIsStandingOn" storage="c:\users\szy\desktop\8005-workspace\repos\8005-agv-control-server\tests\controlserver.tests\bin\release\net8.0\win-x64\controlserver.tests.dll" id="ddcd91e2-c889-44c2-2319-6e0b7e87b8b7">
      <Execution id="9a4784bc-5ac4-4371-a1de-cbed25e956eb" />
      <TestMethod codeBase="C:\Users\szy\Desktop\8005-workspace\repos\8005-agv-control-server\tests\ControlServer.Tests\bin\Release\net8.0\win-x64\ControlServer.Tests.dll" adapterTypeName="executor://xunit/VsTestRunner3/netcore/" className="ControlServer.Tests.JourneyRuntimeWorkerTests" name="AVehicleAlreadyOnTheChargerIsNotDispatchedToTheStationItIsStandingOn" />
    </UnitTest>
    <UnitTest name="ControlServer.Tests.JourneyRuntimeWorkerTests.InScopeResolvedUnknownPackageIsDeduplicatedAndNeverCreatesOrder" storage="c:\users\szy\desktop\8005-workspace\repos\8005-agv-control-server\tests\controlserver.tests\bin\release\net8.0\win-x64\controlserver.tests.dll" id="90e99f38-fdeb-ca60-c35f-7fdc62e48a8d">
      <Execution id="994ab5b3-625d-4a4a-a5d8-a543611cc4a2" />
      <TestMethod codeBase="C:\Users\szy\Desktop\8005-workspace\repos\8005-agv-control-server\tests\ControlServer.Tests\bin\Release\net8.0\win-x64\ControlServer.Tests.dll" adapterTypeName="executor://xunit/VsTestRunner3/netcore/" className="ControlServer.Tests.JourneyRuntimeWorkerTests" name="InScopeResolvedUnknownPackageIsDeduplicatedAndNeverCreatesOrder" />
    </UnitTest>
    <UnitTest name="ControlServer.Tests.JourneyRuntimeWorkerTests.CandidateProcessingThatExpiresDynamicFactsDoesNotAcceptOrDispatch" storage="c:\users\szy\desktop\8005-workspace\repos\8005-agv-control-server\tests\controlserver.tests\bin\release\net8.0\win-x64\controlserver.tests.dll" id="3068b830-151b-7b83-56d6-ef6644765d21">
      <Execution id="2669dea8-ff0e-408d-bc5b-183fa867609d" />
      <TestMethod codeBase="C:\Users\szy\Desktop\8005-workspace\repos\8005-agv-control-server\tests\ControlServer.Tests\bin\Release\net8.0\win-x64\ControlServer.Tests.dll" adapterTypeName="executor://xunit/VsTestRunner3/netcore/" className="ControlServer.Tests.JourneyRuntimeWorkerTests" name="CandidateProcessingThatExpiresDynamicFactsDoesNotAcceptOrDispatch" />
    </UnitTest>
    <UnitTest name="ControlServer.Tests.JourneyRuntimeWorkerTests.OutOfScopeOrMap25UnresolvableAreaNeverCreatesMissingPackageNoise(area: &quot;D11-10&quot;, expectedReason: &quot;OUT_OF_SCOPE_AREA&quot;)" storage="c:\users\szy\desktop\8005-workspace\repos\8005-agv-control-server\tests\controlserver.tests\bin\release\net8.0\win-x64\controlserver.tests.dll" id="3b1a8132-4641-59a5-f606-f35a026b3b62">
      <Execution id="d8231fa1-e80a-4203-a231-5ee62e282354" />
      <TestMethod codeBase="C:\Users\szy\Desktop\8005-workspace\repos\8005-agv-control-server\tests\ControlServer.Tests\bin\Release\net8.0\win-x64\ControlServer.Tests.dll" adapterTypeName="executor://xunit/VsTestRunner3/netcore/" className="ControlServer.Tests.JourneyRuntimeWorkerTests" name="OutOfScopeOrMap25UnresolvableAreaNeverCreatesMissingPackageNoise" />
    </UnitTest>
    <UnitTest name="ControlServer.Tests.JourneyRuntimeWorkerTests.EveryAdmissionGateFailsClosedBeforeAcceptance(scenario: &quot;box-count-missing&quot;, expectedReason: &quot;SUBLOT_BOX_COUNT_UNAVAILABLE&quot;)" storage="c:\users\szy\desktop\8005-workspace\repos\8005-agv-control-server\tests\controlserver.tests\bin\release\net8.0\win-x64\controlserver.tests.dll" id="02e0fc63-3136-6408-abe8-c822a51b5179">
      <Execution id="fa0bd64e-de25-4da2-9e6f-4d2490d382c6" />
      <TestMethod codeBase="C:\Users\szy\Desktop\8005-workspace\repos\8005-agv-control-server\tests\ControlServer.Tests\bin\Release\net8.0\win-x64\ControlServer.Tests.dll" adapterTypeName="executor://xunit/VsTestRunner3/netcore/" className="ControlServer.Tests.JourneyRuntimeWorkerTests" name="EveryAdmissionGateFailsClosedBeforeAcceptance" />
    </UnitTest>
    <UnitTest name="ControlServer.Tests.JourneyRuntimeWorkerTests.ProductionRuntimeResumesOneJourneyThroughTrustedArrivalsAndAtomicCompletion" storage="c:\users\szy\desktop\8005-workspace\repos\8005-agv-control-server\tests\controlserver.tests\bin\release\net8.0\win-x64\controlserver.tests.dll" id="6fea1d2f-e02f-742d-7376-bf8c24835495">
      <Execution id="d4916d9c-8b7e-4207-af25-6d5fede34d4b" />
      <TestMethod codeBase="C:\Users\szy\Desktop\8005-workspace\repos\8005-agv-control-server\tests\ControlServer.Tests\bin\Release\net8.0\win-x64\ControlServer.Tests.dll" adapterTypeName="executor://xunit/VsTestRunner3/netcore/" className="ControlServer.Tests.JourneyRuntimeWorkerTests" name="ProductionRuntimeResumesOneJourneyThroughTrustedArrivalsAndAtomicCompletion" />
    </UnitTest>
  </TestDefinitions>
  <TestEntries>
    <TestEntry testId="69b43fc9-bb48-85e2-99e4-a1cc6cdac0eb" executionId="9d629fb2-2db1-4de6-a645-fb022f7bc361" testListId="8c84fa94-04c1-424b-9868-57a2d4851a1d" />
    <TestEntry testId="1f057f91-7643-ade7-3dd7-96eb944caa1d" executionId="aca4d828-4220-4996-9135-1685ab46862a" testListId="8c84fa94-04c1-424b-9868-57a2d4851a1d" />
    <TestEntry testId="5355e115-170b-0436-93d5-d684aace6b7a" executionId="fc748246-dcdc-490e-9d76-448edfbd38aa" testListId="8c84fa94-04c1-424b-9868-57a2d4851a1d" />
    <TestEntry testId="3676df9e-25fb-c74c-be7b-d675b899d792" executionId="b91da871-a927-4302-b57c-0cc473088aa1" testListId="8c84fa94-04c1-424b-9868-57a2d4851a1d" />
    <TestEntry testId="02e0fc63-3136-6408-abe8-c822a51b5179" executionId="fa0bd64e-de25-4da2-9e6f-4d2490d382c6" testListId="8c84fa94-04c1-424b-9868-57a2d4851a1d" />
    <TestEntry testId="717f5863-35bc-b67e-a118-c07dbe7f20ef" executionId="79f221be-c2f3-4446-afb2-37f94f24da20" testListId="8c84fa94-04c1-424b-9868-57a2d4851a1d" />
    <TestEntry testId="b3d06b9a-da69-2c2e-2da5-5b1369d6ca1e" executionId="44fcab19-98ad-4d2e-b4ea-4845a034e75c" testListId="8c84fa94-04c1-424b-9868-57a2d4851a1d" />
    <TestEntry testId="7b15c4f9-73fd-d045-2380-78df636efd1d" executionId="bdbe6c9b-36e8-4f03-9b57-4630c8923dac" testListId="8c84fa94-04c1-424b-9868-57a2d4851a1d" />
    <TestEntry testId="4808dc36-ad3b-9fde-004a-e7c0ed00a150" executionId="b103bc96-a52f-48c7-9bb3-bd2fafa3d08f" testListId="8c84fa94-04c1-424b-9868-57a2d4851a1d" />
    <TestEntry testId="87ab6baa-a2fa-4bd2-e2a4-5abe279110f2" executionId="f625f480-2088-4196-8abe-a595f6039971" testListId="8c84fa94-04c1-424b-9868-57a2d4851a1d" />
    <TestEntry testId="397ab49f-1422-8877-407e-43f0d1bef1f9" executionId="a3e9206e-5c30-4d05-8a93-aa46c29906da" testListId="8c84fa94-04c1-424b-9868-57a2d4851a1d" />
    <TestEntry testId="c83e6d8d-7930-4a73-6703-a1ff2790d599" executionId="d39ddcf9-d774-48f7-909e-12bdd686114d" testListId="8c84fa94-04c1-424b-9868-57a2d4851a1d" />
    <TestEntry testId="3b1a8132-4641-59a5-f606-f35a026b3b62" executionId="d8231fa1-e80a-4203-a231-5ee62e282354" testListId="8c84fa94-04c1-424b-9868-57a2d4851a1d" />
    <TestEntry testId="d6597f25-d7d1-0921-2135-fa70a872fb6d" executionId="cedc0807-0ca6-4955-abb8-28d3ea02e02f" testListId="8c84fa94-04c1-424b-9868-57a2d4851a1d" />
    <TestEntry testId="1727ffe7-6886-eebf-346c-b7e747cb719b" executionId="849042d0-1b41-40f1-9412-f5ba3c2dccfa" testListId="8c84fa94-04c1-424b-9868-57a2d4851a1d" />
    <TestEntry testId="ac88da79-deb1-9087-5dc2-ea89612ca053" executionId="ed2b4bef-9f6a-4bb3-b0eb-52dd2bbc3115" testListId="8c84fa94-04c1-424b-9868-57a2d4851a1d" />
    <TestEntry testId="ce24c2e7-ff2a-1f88-cefb-245dd0e4aabe" executionId="8256d9a9-0a7d-465f-9d20-71d29cd677a0" testListId="8c84fa94-04c1-424b-9868-57a2d4851a1d" />
    <TestEntry testId="7ddecb37-e9aa-eb93-c813-1f7dc8a55120" executionId="7421aabf-7645-4e11-be15-3de794821a88" testListId="8c84fa94-04c1-424b-9868-57a2d4851a1d" />
    <TestEntry testId="79b11f8c-3390-a463-5743-63d9ccdceb98" executionId="05e5ed19-03dd-41fd-a094-1a45767faf06" testListId="8c84fa94-04c1-424b-9868-57a2d4851a1d" />
    <TestEntry testId="17914d66-16ef-fd68-a24f-d2bc29e0a14c" executionId="bff3225d-1d9d-4a92-ba32-a995e96be2d0" testListId="8c84fa94-04c1-424b-9868-57a2d4851a1d" />
    <TestEntry testId="74ac2c98-7862-b3b5-6f3b-ced8a541c9e2" executionId="cdb83783-d774-470b-a850-9f350cd3eeaa" testListId="8c84fa94-04c1-424b-9868-57a2d4851a1d" />
    <TestEntry testId="c6cb778b-1e51-fbdc-af1c-04b5e0b021bf" executionId="e7cf1c07-dd88-4ab3-bcc7-699c692af854" testListId="8c84fa94-04c1-424b-9868-57a2d4851a1d" />
    <TestEntry testId="85e33137-052a-1f4d-9acd-0519cc9e83a7" executionId="696c2541-0603-42fe-99f1-51d12862f1c2" testListId="8c84fa94-04c1-424b-9868-57a2d4851a1d" />
    <TestEntry testId="bf958b45-3ddd-6eb2-3178-dd74a1b2e93a" executionId="eba44cbf-0b50-4258-af21-7cd54dcb72dc" testListId="8c84fa94-04c1-424b-9868-57a2d4851a1d" />
    <TestEntry testId="77aad09d-bdca-746a-e302-ed6c6864d555" executionId="7d821d0f-bc99-49aa-ac95-f34e9741c4f6" testListId="8c84fa94-04c1-424b-9868-57a2d4851a1d" />
    <TestEntry testId="aeb9550c-8c59-3cae-9e22-2d4fa0e8434b" executionId="05b501ce-6e5c-4e46-87b3-f7bba2e51427" testListId="8c84fa94-04c1-424b-9868-57a2d4851a1d" />
    <TestEntry testId="418c7075-1cf2-6a8b-1b84-87f197ade153" executionId="cc0d06a9-dc33-43eb-9f00-a2d67fde7eb1" testListId="8c84fa94-04c1-424b-9868-57a2d4851a1d" />
    <TestEntry testId="42d95441-9c10-0b21-e9c4-29b9e18ad97f" executionId="97816781-3da4-4759-b6fa-b0b656d2107e" testListId="8c84fa94-04c1-424b-9868-57a2d4851a1d" />
    <TestEntry testId="d434c678-cc22-d7b5-f991-912031a4b250" executionId="deb17bb1-9a90-42c4-8daa-1fa8a0c97c8d" testListId="8c84fa94-04c1-424b-9868-57a2d4851a1d" />
    <TestEntry testId="92f515a5-fade-0e8d-df2a-1de4553c89f6" executionId="e805ac0b-3836-4ce2-9edc-39262534dc7a" testListId="8c84fa94-04c1-424b-9868-57a2d4851a1d" />
    <TestEntry testId="d39d6d55-c896-7db4-9e75-f14dbd5de198" executionId="5faefa96-c4a3-4b87-82b2-d67d20de2939" testListId="8c84fa94-04c1-424b-9868-57a2d4851a1d" />
    <TestEntry testId="5bd4c076-46e0-1c05-6567-eea7fa69c651" executionId="e01895f2-af8b-4158-a7d8-ff306b2953b0" testListId="8c84fa94-04c1-424b-9868-57a2d4851a1d" />
    <TestEntry testId="a5a9bcf4-1d04-70cd-5e05-60bceeb67c9f" executionId="9f5a2088-88d7-478d-b06a-524b691373aa" testListId="8c84fa94-04c1-424b-9868-57a2d4851a1d" />
    <TestEntry testId="ddcd91e2-c889-44c2-2319-6e0b7e87b8b7" executionId="9a4784bc-5ac4-4371-a1de-cbed25e956eb" testListId="8c84fa94-04c1-424b-9868-57a2d4851a1d" />
    <TestEntry testId="9426c248-c385-d533-758a-8fcac5e40269" executionId="f9d110ff-548d-49f2-8ea2-c8b51af05fcc" testListId="8c84fa94-04c1-424b-9868-57a2d4851a1d" />
    <TestEntry testId="ec4155a6-06fb-17b8-5c90-1ea881551411" executionId="1b02b024-11b1-4b9b-8bef-6a0734d1e8a2" testListId="8c84fa94-04c1-424b-9868-57a2d4851a1d" />
    <TestEntry testId="79a7bd75-a928-3efe-579e-acabd35738e3" executionId="bfab14fa-9d5e-4c85-8c4b-8cabbc7e796c" testListId="8c84fa94-04c1-424b-9868-57a2d4851a1d" />
    <TestEntry testId="480cf8f2-a2fd-ecff-5a3c-67abc4eeb3e2" executionId="77f8f07d-5760-427d-a434-c3fe2f64b347" testListId="8c84fa94-04c1-424b-9868-57a2d4851a1d" />
    <TestEntry testId="ab6f32a2-2965-549e-cbc3-b46073cf0277" executionId="8247c798-604c-4b01-8055-33972ba1fd17" testListId="8c84fa94-04c1-424b-9868-57a2d4851a1d" />
    <TestEntry testId="2124f149-f221-9d4e-ab19-ab955b95625c" executionId="196015f0-0f8c-4c9e-9bb1-f62447b2d50f" testListId="8c84fa94-04c1-424b-9868-57a2d4851a1d" />
    <TestEntry testId="90e99f38-fdeb-ca60-c35f-7fdc62e48a8d" executionId="994ab5b3-625d-4a4a-a5d8-a543611cc4a2" testListId="8c84fa94-04c1-424b-9868-57a2d4851a1d" />
    <TestEntry testId="a5d74ca5-a3f9-415f-3789-a90c0d20a63b" executionId="a56caab0-885b-4d7f-a72c-c08f823fc8f8" testListId="8c84fa94-04c1-424b-9868-57a2d4851a1d" />
    <TestEntry testId="e5c990ef-58fb-93e3-6912-732048420f38" executionId="12bf1320-75b5-4d5f-bcdf-9cd1d42688ee" testListId="8c84fa94-04c1-424b-9868-57a2d4851a1d" />
    <TestEntry testId="77b4474b-64a1-5f6b-cde2-30ee9f365490" executionId="291db98d-6349-4067-9e98-326e9c69003c" testListId="8c84fa94-04c1-424b-9868-57a2d4851a1d" />
    <TestEntry testId="5954b2f1-bdd4-1ee1-ca28-a4210a04971b" executionId="c259a723-a118-46d7-aca1-b842a92802e7" testListId="8c84fa94-04c1-424b-9868-57a2d4851a1d" />
    <TestEntry testId="f23f351e-5244-1a54-38a7-479bcf6a4395" executionId="3e421f4e-aee7-418f-8d9d-31ea6514bdbe" testListId="8c84fa94-04c1-424b-9868-57a2d4851a1d" />
    <TestEntry testId="3068b830-151b-7b83-56d6-ef6644765d21" executionId="2669dea8-ff0e-408d-bc5b-183fa867609d" testListId="8c84fa94-04c1-424b-9868-57a2d4851a1d" />
    <TestEntry testId="2e7b21d8-dd92-96c1-a28b-310cc8fcb842" executionId="3ab21357-b885-4b46-b641-ebb73be18450" testListId="8c84fa94-04c1-424b-9868-57a2d4851a1d" />
    <TestEntry testId="90a49d82-9452-7239-52bd-4bf6719ee16c" executionId="0ae9a76f-2211-44c4-a1ed-dc39ea0612d7" testListId="8c84fa94-04c1-424b-9868-57a2d4851a1d" />
    <TestEntry testId="6fea1d2f-e02f-742d-7376-bf8c24835495" executionId="d4916d9c-8b7e-4207-af25-6d5fede34d4b" testListId="8c84fa94-04c1-424b-9868-57a2d4851a1d" />
    <TestEntry testId="7e8a7d32-1859-69bc-4a2b-3eb40d8b40f6" executionId="edb1a030-1275-4e2b-99fd-2973d2212776" testListId="8c84fa94-04c1-424b-9868-57a2d4851a1d" />
    <TestEntry testId="e776b56e-d8e3-1563-ec12-e29be1f3b01a" executionId="aae13561-596b-4b8b-a8af-b9d27460e7e1" testListId="8c84fa94-04c1-424b-9868-57a2d4851a1d" />
    <TestEntry testId="9767b289-979c-9c13-37eb-7a5becc45b70" executionId="303e3c0c-e423-44d8-81a5-975376d2ac32" testListId="8c84fa94-04c1-424b-9868-57a2d4851a1d" />
    <TestEntry testId="300a2396-3525-5068-8437-fdae07bc0cb8" executionId="22a4ce53-dc71-4d43-904b-8c6830dd8c2e" testListId="8c84fa94-04c1-424b-9868-57a2d4851a1d" />
    <TestEntry testId="20ed8693-1ab1-e0db-5e82-e5a8f2dbbcba" executionId="8c15acf5-b10b-44cc-8b4a-c9e541049088" testListId="8c84fa94-04c1-424b-9868-57a2d4851a1d" />
    <TestEntry testId="9d1476ff-d438-4fd5-726b-a01ea2a119a3" executionId="2e632710-3056-4791-8c5f-a52c35bccb86" testListId="8c84fa94-04c1-424b-9868-57a2d4851a1d" />
    <TestEntry testId="2fe4bccd-109a-df40-410b-bb9cf90a3eb2" executionId="b34a3ad9-bb1a-42e3-bb02-99f815d2a608" testListId="8c84fa94-04c1-424b-9868-57a2d4851a1d" />
    <TestEntry testId="1c38e6e0-77e5-9518-5c71-9f40b3cf754c" executionId="88cf13c3-9d33-4b2d-ba5d-a9f4bfdf0563" testListId="8c84fa94-04c1-424b-9868-57a2d4851a1d" />
    <TestEntry testId="80c614ac-5934-e338-fffd-c345b622d64c" executionId="abfe2afe-e38e-4740-a3ab-d950e688100c" testListId="8c84fa94-04c1-424b-9868-57a2d4851a1d" />
    <TestEntry testId="a3dbc8c5-3ee9-0470-7201-5dfde7806932" executionId="cefd8841-2d10-4a25-a7b5-606af5e98302" testListId="8c84fa94-04c1-424b-9868-57a2d4851a1d" />
    <TestEntry testId="07cf976d-60ab-2378-3d08-db84c5facc4c" executionId="3a4da7ab-3ec8-4823-adb4-e395e2b35b40" testListId="8c84fa94-04c1-424b-9868-57a2d4851a1d" />
    <TestEntry testId="bdc4fb63-67dc-07fd-5096-a48bb6f4ed8c" executionId="a7af61af-f610-4e58-981d-a2fadf310902" testListId="8c84fa94-04c1-424b-9868-57a2d4851a1d" />
  </TestEntries>
  <TestLists>
    <TestList name="Results Not in a List" id="8c84fa94-04c1-424b-9868-57a2d4851a1d" />
    <TestList name="All Loaded Results" id="19431567-8539-422a-85d7-44ee4e166bda" />
  </TestLists>
  <ResultSummary outcome="Completed">
    <Counters total="62" executed="62" passed="62" failed="0" error="0" timeout="0" aborted="0" inconclusive="0" passedButRunAborted="0" notRunnable="0" notExecuted="0" disconnected="0" warning="0" completed="0" inProgress="0" pending="0" />
    <Output>
      <StdOut>[xUnit.net 00:00:00.00] xUnit.net VSTest Adapter v3.1.5+1b188a7b0a (64-bit .NET 8.0.30)&#xD;
[xUnit.net 00:00:00.29]   Discovering: ControlServer.Tests&#xD;
[xUnit.net 00:00:00.66]   Discovered:  ControlServer.Tests&#xD;
[xUnit.net 00:00:00.86]   Starting:    ControlServer.Tests&#xD;
[xUnit.net 00:00:10.53]   Finished:    ControlServer.Tests (ID = '5f32e3228d37e5cb3e7bc60b239275389dd116eb20728c9edbbdde1b1bccd0e8')&#xD;
</StdOut>
    </Output>
  </ResultSummary>
</TestRun>