2026-09-22T15:58:51.8399199+08:00	Information	SingleInstanceGuard	抢到了整机单例名字。名字=Global\SQCD.Agv.Wpf.Onboard。
2026-09-22T15:58:51.8997715+08:00	Information	App	车载端启动：agvId=AGV-L2-001，environment=Development，version=0.2.0-safety-mock-travel+86d42ce5362a8273525b8ba1acb387e4331bcfed。
2026-09-22T15:58:52.5311481+08:00	Information	ModbusTcpIoModuleClient	已连接IO模块 127.0.0.1:48412，UnitId=255。
2026-09-22T15:58:52.5541528+08:00	Information	OnboardController	IO模块在线。
2026-09-22T15:58:52.5569436+08:00	Information	OnboardController	启动IO安全快照验证通过。
2026-09-22T15:58:53.8887202+08:00	Information	WireToGateSessionService	上层会话已建立：generation=1，readiness=Ready。
2026-09-22T15:59:04.3966281+08:00	Information	App	服务端请求录入Sublot：station=N1-3_N1-7，revision=1，expectedSublots=L2-CAL-20260922T075838679Z。 
2026-09-22T15:59:04.7468310+08:00	Information	App	服务端请求录入Sublot：station=N1-3_N1-7，revision=1，expectedSublots=L2-CAL-20260922T075838679Z。 
2026-09-22T15:59:05.4795437+08:00	Information	App	服务端请求录入Sublot：station=N1-3_N1-7，revision=1，expectedSublots=L2-CAL-20260922T075838679Z。 
2026-09-22T15:59:05.9620066+08:00	Information	ModbusTcpIoModuleClient	已向物理1号仓发送开锁脉冲触发，DO地址=100。硬件负责自动复位。 
2026-09-22T15:59:06.0577824+08:00	Information	ModbusTcpIoModuleClient	1号仓IO变化：DO 0->1，锁DI 1->0，光幕DI 1->1。
2026-09-22T15:59:06.4869611+08:00	Information	ModbusTcpIoModuleClient	1号仓IO变化：DO 1->0，锁DI 0->0，光幕DI 1->1。
2026-09-22T15:59:06.7134672+08:00	Information	WireToGateBusinessService	忽略并发重复SlotOperationCommand：attempt=bc0c8ed3-64cb-3550-a17e-7c853349d84c。
2026-09-22T15:59:07.4879457+08:00	Information	ModbusTcpIoModuleClient	1号仓IO变化：DO 0->0，锁DI 0->0，光幕DI 1->0。
2026-09-22T15:59:07.7377814+08:00	Information	ModbusTcpIoModuleClient	1号仓IO变化：DO 0->0，锁DI 0->1，光幕DI 0->0。
2026-09-22T15:59:08.1440772+08:00	Information	WireToGateBusinessService	忽略并发重复SlotOperationCommand：attempt=bc0c8ed3-64cb-3550-a17e-7c853349d84c。
2026-09-22T15:59:08.4471745+08:00	Information	ModbusTcpIoModuleClient	已向物理2号仓发送开锁脉冲触发，DO地址=101。硬件负责自动复位。 
2026-09-22T15:59:08.4997148+08:00	Information	ModbusTcpIoModuleClient	2号仓IO变化：DO 0->1，锁DI 1->1，光幕DI 1->1。
2026-09-22T15:59:08.6581466+08:00	Information	ModbusTcpIoModuleClient	2号仓IO变化：DO 1->1，锁DI 1->0，光幕DI 1->1。
2026-09-22T15:59:08.7789712+08:00	Information	WireToGateBusinessService	忽略并发重复SlotOperationCommand：attempt=bc0c8ed3-64cb-3550-a17e-7c853349d84c。
2026-09-22T15:59:08.9920145+08:00	Information	ModbusTcpIoModuleClient	2号仓IO变化：DO 1->0，锁DI 0->0，光幕DI 1->1。
2026-09-22T15:59:09.8357002+08:00	Information	WireToGateBusinessService	忽略并发重复SlotOperationCommand：attempt=bc0c8ed3-64cb-3550-a17e-7c853349d84c。
2026-09-22T15:59:10.4549749+08:00	Information	WireToGateBusinessService	忽略并发重复SlotOperationCommand：attempt=bc0c8ed3-64cb-3550-a17e-7c853349d84c。
2026-09-22T15:59:11.1637712+08:00	Information	WireToGateBusinessService	忽略并发重复SlotOperationCommand：attempt=bc0c8ed3-64cb-3550-a17e-7c853349d84c。
2026-09-22T15:59:12.1462935+08:00	Information	WireToGateBusinessService	忽略并发重复SlotOperationCommand：attempt=bc0c8ed3-64cb-3550-a17e-7c853349d84c。
2026-09-22T15:59:13.3906549+08:00	Information	WireToGateBusinessService	忽略并发重复SlotOperationCommand：attempt=bc0c8ed3-64cb-3550-a17e-7c853349d84c。
2026-09-22T15:59:13.8878763+08:00	Warning	WireToGateBusinessService	恢复向量LOAD_CANCELLATION未执行：reason=The operation has timed out.。 | TimeoutException: The operation has timed out.
2026-09-22T15:59:14.3476076+08:00	Information	WireToGateBusinessService	忽略并发重复SlotOperationCommand：attempt=bc0c8ed3-64cb-3550-a17e-7c853349d84c。
2026-09-22T15:59:15.3600143+08:00	Information	WireToGateBusinessService	忽略并发重复SlotOperationCommand：attempt=bc0c8ed3-64cb-3550-a17e-7c853349d84c。
2026-09-22T15:59:16.3323095+08:00	Information	WireToGateBusinessService	忽略并发重复SlotOperationCommand：attempt=bc0c8ed3-64cb-3550-a17e-7c853349d84c。
2026-09-22T15:59:16.5039062+08:00	Information	WireToGateBusinessService	装货已被授权的装货取消中止，不上报OperationResult：attempt=bc0c8ed3-64cb-3550-a17e-7c853349d84c。
2026-09-22T15:59:17.4632733+08:00	Information	WireToGateBusinessService	忽略重复SlotOperationCommand：attempt=bc0c8ed3-64cb-3550-a17e-7c853349d84c已开始且未结算，或已由装货取消接手，未再次执行仓门IO。
2026-09-22T15:59:18.3913052+08:00	Information	WireToGateBusinessService	忽略重复SlotOperationCommand：attempt=bc0c8ed3-64cb-3550-a17e-7c853349d84c已开始且未结算，或已由装货取消接手，未再次执行仓门IO。
2026-09-22T15:59:19.3926020+08:00	Information	WireToGateBusinessService	忽略重复SlotOperationCommand：attempt=bc0c8ed3-64cb-3550-a17e-7c853349d84c已开始且未结算，或已由装货取消接手，未再次执行仓门IO。
2026-09-22T15:59:19.4124995+08:00	Information	ModbusTcpIoModuleClient	2号仓IO变化：DO 0->0，锁DI 0->1，光幕DI 1->1。
2026-09-22T15:59:20.4156686+08:00	Information	ModbusTcpIoModuleClient	已向物理1号仓发送开锁脉冲触发，DO地址=100。硬件负责自动复位。 
2026-09-22T15:59:20.4574647+08:00	Information	ModbusTcpIoModuleClient	1号仓IO变化：DO 0->1，锁DI 1->1，光幕DI 0->0。
2026-09-22T15:59:20.5682368+08:00	Information	ModbusTcpIoModuleClient	1号仓IO变化：DO 1->1，锁DI 1->0，光幕DI 0->0。
2026-09-22T15:59:20.6046444+08:00	Information	WireToGateBusinessService	忽略重复SlotOperationCommand：attempt=bc0c8ed3-64cb-3550-a17e-7c853349d84c已开始且未结算，或已由装货取消接手，未再次执行仓门IO。
2026-09-22T15:59:21.0120151+08:00	Information	ModbusTcpIoModuleClient	1号仓IO变化：DO 1->0，锁DI 0->0，光幕DI 0->0。
2026-09-22T15:59:21.1496849+08:00	Information	WireToGateBusinessService	忽略重复SlotOperationCommand：attempt=bc0c8ed3-64cb-3550-a17e-7c853349d84c已开始且未结算，或已由装货取消接手，未再次执行仓门IO。
2026-09-22T15:59:21.6944385+08:00	Information	ModbusTcpIoModuleClient	1号仓IO变化：DO 0->0，锁DI 0->0，光幕DI 0->1。
2026-09-22T15:59:21.8209831+08:00	Information	ModbusTcpIoModuleClient	1号仓IO变化：DO 0->0，锁DI 0->1，光幕DI 1->1。
2026-09-22T15:59:22.8145871+08:00	Information	WireToGateBusinessService	忽略重复SlotOperationCommand：attempt=bc0c8ed3-64cb-3550-a17e-7c853349d84c已开始且未结算，或已由装货取消接手，未再次执行仓门IO。
