<?xml version="1.0" encoding="utf-8"?>
<TestRun id="eb5df352-b1b3-4a1a-a212-b1962ea35dc8" name="szy@LAB-WIN-01 2026-09-11 17:27:03" runUser="LAB-WIN-01\szy" xmlns="http://microsoft.com/schemas/VisualStudio/TeamTest/2010">
  <Times creation="2026-09-11T17:27:03.1143922+08:00" queuing="2026-09-11T17:27:03.1143925+08:00" start="2026-09-11T17:26:59.5609601+08:00" finish="2026-09-11T17:27:51.0965211+08:00" />
  <TestSettings name="default" id="0b93fce2-9699-4387-948b-3b07bebbc1a3">
    <Deployment runDeploymentRoot="szy_LAB-WIN-01_2026-09-11_17_27_03" />
  </TestSettings>
  <Results>
    <UnitTestResult executionId="32c62ffd-ac62-41ea-8b72-4c9a3ba8285b" testId="445680d8-a327-90a1-09a7-408cc8cad783" testName="ControlServer.Tests.JourneyRuntimeWorkerTests.AResultThatTurnsTheSessionRecoveryRequiredStillBlocksTheJourneyForItsOwnReason" computerName="LAB-WIN-01" duration="00:00:00.0440619" startTime="2026-09-11T17:27:23.8676987+08:00" endTime="2026-09-11T17:27:23.9118117+08:00" testType="13cdc9d9-ddb5-4fa4-a97d-d965ccfc6d4b" outcome="Passed" testListId="8c84fa94-04c1-424b-9868-57a2d4851a1d" relativeResultsDirectory="32c62ffd-ac62-41ea-8b72-4c9a3ba8285b" />
    <UnitTestResult executionId="920acfcf-eb59-43db-aa16-563cad666b39" testId="86fc3372-7118-5542-bff8-173d2df03f99" testName="ControlServer.Tests.RecoveryStateMachineG2Tests.AfterARefusedResultResumeIsRefusedButCompensationIsAuthorized" computerName="LAB-WIN-01" duration="00:00:00.1088058" startTime="2026-09-11T17:27:03.3928562+08:00" endTime="2026-09-11T17:27:03.5018229+08:00" testType="13cdc9d9-ddb5-4fa4-a97d-d965ccfc6d4b" outcome="Passed" testListId="8c84fa94-04c1-424b-9868-57a2d4851a1d" relativeResultsDirectory="920acfcf-eb59-43db-aa16-563cad666b39" />
    <UnitTestResult executionId="101c122d-6303-4d10-9201-8da77c515845" testId="f1bcbb2a-50d1-002e-e978-866d41ee1ff0" testName="ControlServer.Tests.WireToGateStoreTests.ALoadFailureWithCompleteEvidenceSettlesWithoutAskingForRecovery" computerName="LAB-WIN-01" duration="00:00:01.5463007" startTime="2026-09-11T17:27:01.3768465+08:00" endTime="2026-09-11T17:27:02.9320389+08:00" testType="13cdc9d9-ddb5-4fa4-a97d-d965ccfc6d4b" outcome="Passed" testListId="8c84fa94-04c1-424b-9868-57a2d4851a1d" relativeResultsDirectory="101c122d-6303-4d10-9201-8da77c515845" />
    <UnitTestResult executionId="cca705c8-de5f-4986-81ea-ef8dfcf46e86" testId="f23f351e-5244-1a54-38a7-479bcf6a4395" testName="ControlServer.Tests.DemandAcceptanceAtomicityTests.VehicleLeaseMigrationBackfillsAnUnresolvedAcceptedDemand" computerName="LAB-WIN-01" duration="00:00:01.5637641" startTime="2026-09-11T17:27:01.3768373+08:00" endTime="2026-09-11T17:27:02.9471013+08:00" testType="13cdc9d9-ddb5-4fa4-a97d-d965ccfc6d4b" outcome="Passed" testListId="8c84fa94-04c1-424b-9868-57a2d4851a1d" relativeResultsDirectory="cca705c8-de5f-4986-81ea-ef8dfcf46e86" />
    <UnitTestResult executionId="26467ab8-2789-43f6-ac8a-86dc2a63ea1a" testId="26c35043-cf6d-4025-7bf5-02645ebf89c1" testName="ControlServer.Tests.JourneyRuntimeWorkerTests.ADeterminateLoadFailureAtALaterStopLetsTheCargoAboardReachTheGate" computerName="LAB-WIN-01" duration="00:00:03.8001442" startTime="2026-09-11T17:27:19.8546881+08:00" endTime="2026-09-11T17:27:23.6549313+08:00" testType="13cdc9d9-ddb5-4fa4-a97d-d965ccfc6d4b" outcome="Passed" testListId="8c84fa94-04c1-424b-9868-57a2d4851a1d" relativeResultsDirectory="26467ab8-2789-43f6-ac8a-86dc2a63ea1a" />
    <UnitTestResult executionId="f923cf6f-6e4f-4847-8bfe-7cefcbdbdc68" testId="6afb58cb-2ad2-77f5-6e85-e00506137b82" testName="ControlServer.Tests.JourneyRuntimeWorkerTests.ACompensatedLoadLeavesTheStopFreeToLoadItsOtherDemand" computerName="LAB-WIN-01" duration="00:00:02.3726066" startTime="2026-09-11T17:27:03.5461262+08:00" endTime="2026-09-11T17:27:05.9200466+08:00" testType="13cdc9d9-ddb5-4fa4-a97d-d965ccfc6d4b" outcome="Passed" testListId="8c84fa94-04c1-424b-9868-57a2d4851a1d" relativeResultsDirectory="f923cf6f-6e4f-4847-8bfe-7cefcbdbdc68" />
    <UnitTestResult executionId="6f00dd9b-98e8-43e8-9c37-9887fa141423" testId="a67aff6c-03e4-b63f-46ec-ae058908fd70" testName="ControlServer.Tests.RecoveryStateMachineG2Tests.FailedCompensationResultIsDurableReplayableAndNeverReleasesDemandOrVehicle" computerName="LAB-WIN-01" duration="00:00:00.1161395" startTime="2026-09-11T17:27:03.9083510+08:00" endTime="2026-09-11T17:27:04.0245524+08:00" testType="13cdc9d9-ddb5-4fa4-a97d-d965ccfc6d4b" outcome="Passed" testListId="8c84fa94-04c1-424b-9868-57a2d4851a1d" relativeResultsDirectory="6f00dd9b-98e8-43e8-9c37-9887fa141423" />
    <UnitTestResult executionId="7e038067-9756-4bd8-b31a-dc33c8bc3d5e" testId="4fbe89cf-e3c6-b5ca-e541-1f81fcdf5ca6" testName="ControlServer.Tests.RecoveryStateMachineG2Tests.ARecoverySessionIsJudgedOnTheJourneyAsStoredNotAsThisConnectionFirstSawIt" computerName="LAB-WIN-01" duration="00:00:00.0903900" startTime="2026-09-11T17:27:03.5992846+08:00" endTime="2026-09-11T17:27:03.6897260+08:00" testType="13cdc9d9-ddb5-4fa4-a97d-d965ccfc6d4b" outcome="Passed" testListId="8c84fa94-04c1-424b-9868-57a2d4851a1d" relativeResultsDirectory="7e038067-9756-4bd8-b31a-dc33c8bc3d5e" />
    <UnitTestResult executionId="574e2b1c-2e0d-422c-bcd6-3122861be47d" testId="ff17ac35-ce03-0849-b5c0-bf588b3c95c4" testName="ControlServer.Tests.RecoveryStateMachineG2Tests.AReportedPendingFactIsReconciledOnlyByAConclusionTheServerHolds" computerName="LAB-WIN-01" duration="00:00:00.0919213" startTime="2026-09-11T17:27:03.5043039+08:00" endTime="2026-09-11T17:27:03.5962834+08:00" testType="13cdc9d9-ddb5-4fa4-a97d-d965ccfc6d4b" outcome="Passed" testListId="8c84fa94-04c1-424b-9868-57a2d4851a1d" relativeResultsDirectory="574e2b1c-2e0d-422c-bcd6-3122861be47d" />
    <UnitTestResult executionId="24cd8088-4dcf-4e72-ac39-cc8438ffc385" testId="119c1ac1-d05f-b853-1a6f-2f82ab993eb6" testName="ControlServer.Tests.JourneyRuntimeWorkerTests.ABlockedJourneyKeepsTheReasonItWasBlockedForWhenTheSessionDrops" computerName="LAB-WIN-01" duration="00:00:00.0441326" startTime="2026-09-11T17:27:23.7049901+08:00" endTime="2026-09-11T17:27:23.7491837+08:00" testType="13cdc9d9-ddb5-4fa4-a97d-d965ccfc6d4b" outcome="Passed" testListId="8c84fa94-04c1-424b-9868-57a2d4851a1d" relativeResultsDirectory="24cd8088-4dcf-4e72-ac39-cc8438ffc385" />
    <UnitTestResult executionId="f6c20c47-7eee-4809-8577-3a0fff77304c" testId="ce766a81-29b4-c754-b57f-8bf92ac951c1" testName="ControlServer.Tests.RecoveryStateMachineG2Tests.RecoveryReportCannotRegressOrInventForcedRecoveryGeneration" computerName="LAB-WIN-01" duration="00:00:00.0746057" startTime="2026-09-11T17:27:03.8318847+08:00" endTime="2026-09-11T17:27:03.9065475+08:00" testType="13cdc9d9-ddb5-4fa4-a97d-d965ccfc6d4b" outcome="Passed" testListId="8c84fa94-04c1-424b-9868-57a2d4851a1d" relativeResultsDirectory="f6c20c47-7eee-4809-8577-3a0fff77304c" />
    <UnitTestResult executionId="cab88595-d25c-4bfe-8727-9bdd346740b6" testId="a9284d4a-c50b-3b6f-9c5f-5e10db4c2ccd" testName="ControlServer.Tests.JourneyRuntimeWorkerTests.ABlockedJourneyKeepsTheVehicleOutOfEveryOtherDemand" computerName="LAB-WIN-01" duration="00:00:00.0474456" startTime="2026-09-11T17:27:14.0556070+08:00" endTime="2026-09-11T17:27:14.1031114+08:00" testType="13cdc9d9-ddb5-4fa4-a97d-d965ccfc6d4b" outcome="Passed" testListId="8c84fa94-04c1-424b-9868-57a2d4851a1d" relativeResultsDirectory="cab88595-d25c-4bfe-8727-9bdd346740b6" />
    <UnitTestResult executionId="4f1cee36-63fa-46de-bb45-ea3a88b23ba7" testId="b32b976e-007d-8ea4-f286-9bcfc262933c" testName="ControlServer.Tests.RecoveryStateMachineG2Tests.AReconciledCompensationTellsTheVehicleItsSessionIsReadyAgain" computerName="LAB-WIN-01" duration="00:00:02.0045353" startTime="2026-09-11T17:27:01.3768337+08:00" endTime="2026-09-11T17:27:03.3877941+08:00" testType="13cdc9d9-ddb5-4fa4-a97d-d965ccfc6d4b" outcome="Passed" testListId="8c84fa94-04c1-424b-9868-57a2d4851a1d" relativeResultsDirectory="4f1cee36-63fa-46de-bb45-ea3a88b23ba7" />
    <UnitTestResult executionId="2b3fd8bd-33b9-4a19-b172-8b7d3aae7279" testId="7605e00c-6971-dea7-f60c-b5c84dfacfb4" testName="ControlServer.Tests.JourneyRuntimeWorkerTests.AFaultCargoHandoffAtALaterStopLetsTheCargoAboardReachTheGate" computerName="LAB-WIN-01" duration="00:00:04.0388995" startTime="2026-09-11T17:27:06.0951088+08:00" endTime="2026-09-11T17:27:10.1341167+08:00" testType="13cdc9d9-ddb5-4fa4-a97d-d965ccfc6d4b" outcome="Passed" testListId="8c84fa94-04c1-424b-9868-57a2d4851a1d" relativeResultsDirectory="2b3fd8bd-33b9-4a19-b172-8b7d3aae7279" />
    <UnitTestResult executionId="9eb0e016-0913-466d-a88a-78161b4634aa" testId="74c0eb1f-3510-948e-51d3-95a9a3a210a9" testName="ControlServer.Tests.JourneyRuntimeWorkerTests.ADoorOurOwnLoadHoldsOpenKeepsTheSessionReadyAndReachesTheAlarm" computerName="LAB-WIN-01" duration="00:00:00.0410777" startTime="2026-09-11T17:27:14.1038128+08:00" endTime="2026-09-11T17:27:14.1449504+08:00" testType="13cdc9d9-ddb5-4fa4-a97d-d965ccfc6d4b" outcome="Passed" testListId="8c84fa94-04c1-424b-9868-57a2d4851a1d" relativeResultsDirectory="9eb0e016-0913-466d-a88a-78161b4634aa" />
    <UnitTestResult executionId="cc34af89-68a8-482e-a2be-6fb7af3ffbaf" testId="e50c615a-8ca3-ddc5-f2c5-8d2d45893f41" testName="ControlServer.Tests.WireToGateStoreTests.AnUnloadThatMissedItsTargetStillNeedsRecoveryHoweverCompleteItsEvidenceIs" computerName="LAB-WIN-01" duration="00:00:00.1231656" startTime="2026-09-11T17:27:02.9437067+08:00" endTime="2026-09-11T17:27:03.0670745+08:00" testType="13cdc9d9-ddb5-4fa4-a97d-d965ccfc6d4b" outcome="Passed" testListId="8c84fa94-04c1-424b-9868-57a2d4851a1d" relativeResultsDirectory="cc34af89-68a8-482e-a2be-6fb7af3ffbaf" />
    <UnitTestResult executionId="319ecfca-7549-4da1-b271-ac9b66113cf8" testId="8e14e1a1-5f67-fecc-23fd-1aecd3e46077" testName="ControlServer.Tests.JourneyRuntimeWorkerTests.CompensatingTheOnlyDemandOfAJourneyStillEndsTheJourney" computerName="LAB-WIN-01" duration="00:00:00.0684815" startTime="2026-09-11T17:27:23.7498104+08:00" endTime="2026-09-11T17:27:23.8183651+08:00" testType="13cdc9d9-ddb5-4fa4-a97d-d965ccfc6d4b" outcome="Passed" testListId="8c84fa94-04c1-424b-9868-57a2d4851a1d" relativeResultsDirectory="319ecfca-7549-4da1-b271-ac9b66113cf8" />
    <UnitTestResult executionId="6e90dda6-b5ce-4f9b-b293-3972a734c5f7" testId="9ed55b43-18ac-c86e-08a0-5a506db60b1d" testName="ControlServer.Tests.WireToGateStoreTests.AFailedLoadWithOneUnknownSlotIsStillARecovery" computerName="LAB-WIN-01" duration="00:00:00.0800367" startTime="2026-09-11T17:27:03.1990201+08:00" endTime="2026-09-11T17:27:03.2791087+08:00" testType="13cdc9d9-ddb5-4fa4-a97d-d965ccfc6d4b" outcome="Passed" testListId="8c84fa94-04c1-424b-9868-57a2d4851a1d" relativeResultsDirectory="6e90dda6-b5ce-4f9b-b293-3972a734c5f7" />
    <UnitTestResult executionId="3c75c973-3f16-4dc8-b147-4d256189310b" testId="64680d29-52f6-d11c-d251-275a3181bf55" testName="ControlServer.Tests.JourneyRuntimeWorkerTests.ADeterminateLoadFailureEndsTheStopInsteadOfWaitingForACancellationNobodyRaises" computerName="LAB-WIN-01" duration="00:00:00.0470305" startTime="2026-09-11T17:27:23.6570813+08:00" endTime="2026-09-11T17:27:23.7041905+08:00" testType="13cdc9d9-ddb5-4fa4-a97d-d965ccfc6d4b" outcome="Passed" testListId="8c84fa94-04c1-424b-9868-57a2d4851a1d" relativeResultsDirectory="3c75c973-3f16-4dc8-b147-4d256189310b" />
    <UnitTestResult executionId="49a24896-2c96-4fc0-b9dc-8171e05824c7" testId="c883fbac-a226-dab0-a852-c8a8a6abc1e3" testName="ControlServer.Tests.WireToGateStoreTests.ForcedRecoveryGenerationFencesLateResultsAndPersistsDecision" computerName="LAB-WIN-01" duration="00:00:00.1249219" startTime="2026-09-11T17:27:03.0726046+08:00" endTime="2026-09-11T17:27:03.1976514+08:00" testType="13cdc9d9-ddb5-4fa4-a97d-d965ccfc6d4b" outcome="Passed" testListId="8c84fa94-04c1-424b-9868-57a2d4851a1d" relativeResultsDirectory="49a24896-2c96-4fc0-b9dc-8171e05824c7" />
    <UnitTestResult executionId="213699e2-3c27-4bbc-81db-2844c0301b6b" testId="d5191725-88ac-f958-0bce-e7c43fc6e871" testName="ControlServer.Tests.JourneyRuntimeWorkerTests.AFaultCargoHandoffAtTheGateGoesOnToUnloadTheRestOfTheCargo" computerName="LAB-WIN-01" duration="00:00:03.8529523" startTime="2026-09-11T17:27:10.1350916+08:00" endTime="2026-09-11T17:27:13.9881262+08:00" testType="13cdc9d9-ddb5-4fa4-a97d-d965ccfc6d4b" outcome="Passed" testListId="8c84fa94-04c1-424b-9868-57a2d4851a1d" relativeResultsDirectory="213699e2-3c27-4bbc-81db-2844c0301b6b" />
    <UnitTestResult executionId="0d37b3bc-af23-4acf-8d6a-b412755e88f0" testId="e1968e43-9e7b-f56a-40ea-5c0a4b4951ca" testName="ControlServer.Tests.WireToGateStoreTests.UnsafeCompletedOperationResultIsDurableButMovesDemandToRecovery" computerName="LAB-WIN-01" duration="00:00:00.1209735" startTime="2026-09-11T17:27:03.2800481+08:00" endTime="2026-09-11T17:27:03.4010886+08:00" testType="13cdc9d9-ddb5-4fa4-a97d-d965ccfc6d4b" outcome="Passed" testListId="8c84fa94-04c1-424b-9868-57a2d4851a1d" relativeResultsDirectory="0d37b3bc-af23-4acf-8d6a-b412755e88f0" />
    <UnitTestResult executionId="a46b446d-caad-4972-b3e2-7b7d6fc71bc7" testId="d9f01194-71f2-3617-d3d4-fa51540e7843" testName="ControlServer.Tests.JourneyRuntimeWorkerTests.AnOpenDoorNoCommandOfOursExplainsLeavesTheSessionUnusable" computerName="LAB-WIN-01" duration="00:00:00.1658146" startTime="2026-09-11T17:27:03.3787990+08:00" endTime="2026-09-11T17:27:03.5447017+08:00" testType="13cdc9d9-ddb5-4fa4-a97d-d965ccfc6d4b" outcome="Passed" testListId="8c84fa94-04c1-424b-9868-57a2d4851a1d" relativeResultsDirectory="a46b446d-caad-4972-b3e2-7b7d6fc71bc7" />
    <UnitTestResult executionId="9c1d1331-e6ce-4c37-b91f-227269a415ab" testId="697153fa-265b-d157-0467-e6b2107cb27f" testName="ControlServer.Tests.JourneyRuntimeWorkerTests.AnExpiredStationDeadlineDoesNotCloseTheStopWhileASlotDoorIsStillOpen" computerName="LAB-WIN-01" duration="00:00:00.0653886" startTime="2026-09-11T17:27:13.9890834+08:00" endTime="2026-09-11T17:27:14.0545261+08:00" testType="13cdc9d9-ddb5-4fa4-a97d-d965ccfc6d4b" outcome="Passed" testListId="8c84fa94-04c1-424b-9868-57a2d4851a1d" relativeResultsDirectory="9c1d1331-e6ce-4c37-b91f-227269a415ab" />
    <UnitTestResult executionId="4a83abf4-e7ab-41fd-9894-c49fb9ea1351" testId="b75b310e-9836-f3a2-b7dd-0f96fec8940e" testName="ControlServer.Tests.JourneyRuntimeWorkerTests.AnExpiredStationDeadlineDoesNotCloseTheStopOnAnUnreadableSafetyPicture" computerName="LAB-WIN-01" duration="00:00:01.9938137" startTime="2026-09-11T17:27:01.3768556+08:00" endTime="2026-09-11T17:27:03.3770718+08:00" testType="13cdc9d9-ddb5-4fa4-a97d-d965ccfc6d4b" outcome="Passed" testListId="8c84fa94-04c1-424b-9868-57a2d4851a1d" relativeResultsDirectory="4a83abf4-e7ab-41fd-9894-c49fb9ea1351" />
    <UnitTestResult executionId="b9f11eb7-073f-4727-b18f-817f1febc9d6" testId="9e63ad03-2bf8-8db1-0540-fd294a16f46d" testName="ControlServer.Tests.JourneyRuntimeWorkerTests.TheDoorAlarmIsWithdrawnOnceTheDoorIsShutAgain" computerName="LAB-WIN-01" duration="00:00:00.0474947" startTime="2026-09-11T17:27:23.8193712+08:00" endTime="2026-09-11T17:27:23.8669351+08:00" testType="13cdc9d9-ddb5-4fa4-a97d-d965ccfc6d4b" outcome="Passed" testListId="8c84fa94-04c1-424b-9868-57a2d4851a1d" relativeResultsDirectory="b9f11eb7-073f-4727-b18f-817f1febc9d6" />
    <UnitTestResult executionId="01062833-8dbe-4bd0-a1d7-ab0e993ffc4a" testId="2aeaf207-4fc2-3e7b-49e3-97994bc005aa" testName="ControlServer.Tests.RecoveryStateMachineG2Tests.ForcedRecoveryAdvancesOnceFencesOldOutboxAndKeepsLateGenerationAsEvidenceOnly" computerName="LAB-WIN-01" duration="00:00:00.1390793" startTime="2026-09-11T17:27:03.6913689+08:00" endTime="2026-09-11T17:27:03.8304954+08:00" testType="13cdc9d9-ddb5-4fa4-a97d-d965ccfc6d4b" outcome="Passed" testListId="8c84fa94-04c1-424b-9868-57a2d4851a1d" relativeResultsDirectory="01062833-8dbe-4bd0-a1d7-ab0e993ffc4a" />
    <UnitTestResult executionId="7add7c42-949c-45b3-9baa-0c44fd9f438c" testId="39cf772e-fd78-56ac-5073-7fcd0142fd5b" testName="ControlServer.Tests.JourneyRuntimeWorkerTests.ACompensatedLoadAtAMiddleStopSendsTheJourneyOnToItsRemainingStopsAndTheGate" computerName="LAB-WIN-01" duration="00:00:05.7054995" startTime="2026-09-11T17:27:14.1461408+08:00" endTime="2026-09-11T17:27:19.8517993+08:00" testType="13cdc9d9-ddb5-4fa4-a97d-d965ccfc6d4b" outcome="Passed" testListId="8c84fa94-04c1-424b-9868-57a2d4851a1d" relativeResultsDirectory="7add7c42-949c-45b3-9baa-0c44fd9f438c" />
    <UnitTestResult executionId="4d639daf-adf9-45c9-a2ea-81ef909e320a" testId="cafba85a-c9f9-e11a-a7b1-ee9d2f10a09e" testName="ControlServer.Tests.JourneyRuntimeWorkerTests.AnExpiredDeadlineRaisesTheDoorAlarmWhileALoadIsStillUnderway" computerName="LAB-WIN-01" duration="00:00:00.1673456" startTime="2026-09-11T17:27:05.9260234+08:00" endTime="2026-09-11T17:27:06.0934393+08:00" testType="13cdc9d9-ddb5-4fa4-a97d-d965ccfc6d4b" outcome="Passed" testListId="8c84fa94-04c1-424b-9868-57a2d4851a1d" relativeResultsDirectory="4d639daf-adf9-45c9-a2ea-81ef909e320a" />
  </Results>
  <TestDefinitions>
    <UnitTest name="ControlServer.Tests.RecoveryStateMachineG2Tests.RecoveryReportCannotRegressOrInventForcedRecoveryGeneration" storage="c:\users\szy\desktop\8005-workspace\repos\8005-agv-control-server\tests\controlserver.tests\bin\release\net8.0\win-x64\controlserver.tests.dll" id="ce766a81-29b4-c754-b57f-8bf92ac951c1">
      <Execution id="f6c20c47-7eee-4809-8577-3a0fff77304c" />
      <TestMethod codeBase="C:\Users\szy\Desktop\8005-workspace\repos\8005-agv-control-server\tests\ControlServer.Tests\bin\Release\net8.0\win-x64\ControlServer.Tests.dll" adapterTypeName="executor://xunit/VsTestRunner3/netcore/" className="ControlServer.Tests.RecoveryStateMachineG2Tests" name="RecoveryReportCannotRegressOrInventForcedRecoveryGeneration" />
    </UnitTest>
    <UnitTest name="ControlServer.Tests.JourneyRuntimeWorkerTests.ACompensatedLoadAtAMiddleStopSendsTheJourneyOnToItsRemainingStopsAndTheGate" storage="c:\users\szy\desktop\8005-workspace\repos\8005-agv-control-server\tests\controlserver.tests\bin\release\net8.0\win-x64\controlserver.tests.dll" id="39cf772e-fd78-56ac-5073-7fcd0142fd5b">
      <Execution id="7add7c42-949c-45b3-9baa-0c44fd9f438c" />
      <TestMethod codeBase="C:\Users\szy\Desktop\8005-workspace\repos\8005-agv-control-server\tests\ControlServer.Tests\bin\Release\net8.0\win-x64\ControlServer.Tests.dll" adapterTypeName="executor://xunit/VsTestRunner3/netcore/" className="ControlServer.Tests.JourneyRuntimeWorkerTests" name="ACompensatedLoadAtAMiddleStopSendsTheJourneyOnToItsRemainingStopsAndTheGate" />
    </UnitTest>
    <UnitTest name="ControlServer.Tests.RecoveryStateMachineG2Tests.AReportedPendingFactIsReconciledOnlyByAConclusionTheServerHolds" storage="c:\users\szy\desktop\8005-workspace\repos\8005-agv-control-server\tests\controlserver.tests\bin\release\net8.0\win-x64\controlserver.tests.dll" id="ff17ac35-ce03-0849-b5c0-bf588b3c95c4">
      <Execution id="574e2b1c-2e0d-422c-bcd6-3122861be47d" />
      <TestMethod codeBase="C:\Users\szy\Desktop\8005-workspace\repos\8005-agv-control-server\tests\ControlServer.Tests\bin\Release\net8.0\win-x64\ControlServer.Tests.dll" adapterTypeName="executor://xunit/VsTestRunner3/netcore/" className="ControlServer.Tests.RecoveryStateMachineG2Tests" name="AReportedPendingFactIsReconciledOnlyByAConclusionTheServerHolds" />
    </UnitTest>
    <UnitTest name="ControlServer.Tests.JourneyRuntimeWorkerTests.AnExpiredStationDeadlineDoesNotCloseTheStopOnAnUnreadableSafetyPicture" storage="c:\users\szy\desktop\8005-workspace\repos\8005-agv-control-server\tests\controlserver.tests\bin\release\net8.0\win-x64\controlserver.tests.dll" id="b75b310e-9836-f3a2-b7dd-0f96fec8940e">
      <Execution id="4a83abf4-e7ab-41fd-9894-c49fb9ea1351" />
      <TestMethod codeBase="C:\Users\szy\Desktop\8005-workspace\repos\8005-agv-control-server\tests\ControlServer.Tests\bin\Release\net8.0\win-x64\ControlServer.Tests.dll" adapterTypeName="executor://xunit/VsTestRunner3/netcore/" className="ControlServer.Tests.JourneyRuntimeWorkerTests" name="AnExpiredStationDeadlineDoesNotCloseTheStopOnAnUnreadableSafetyPicture" />
    </UnitTest>
    <UnitTest name="ControlServer.Tests.DemandAcceptanceAtomicityTests.VehicleLeaseMigrationBackfillsAnUnresolvedAcceptedDemand" storage="c:\users\szy\desktop\8005-workspace\repos\8005-agv-control-server\tests\controlserver.tests\bin\release\net8.0\win-x64\controlserver.tests.dll" id="f23f351e-5244-1a54-38a7-479bcf6a4395">
      <Execution id="cca705c8-de5f-4986-81ea-ef8dfcf46e86" />
      <TestMethod codeBase="C:\Users\szy\Desktop\8005-workspace\repos\8005-agv-control-server\tests\ControlServer.Tests\bin\Release\net8.0\win-x64\ControlServer.Tests.dll" adapterTypeName="executor://xunit/VsTestRunner3/netcore/" className="ControlServer.Tests.DemandAcceptanceAtomicityTests" name="VehicleLeaseMigrationBackfillsAnUnresolvedAcceptedDemand" />
    </UnitTest>
    <UnitTest name="ControlServer.Tests.JourneyRuntimeWorkerTests.ADeterminateLoadFailureEndsTheStopInsteadOfWaitingForACancellationNobodyRaises" storage="c:\users\szy\desktop\8005-workspace\repos\8005-agv-control-server\tests\controlserver.tests\bin\release\net8.0\win-x64\controlserver.tests.dll" id="64680d29-52f6-d11c-d251-275a3181bf55">
      <Execution id="3c75c973-3f16-4dc8-b147-4d256189310b" />
      <TestMethod codeBase="C:\Users\szy\Desktop\8005-workspace\repos\8005-agv-control-server\tests\ControlServer.Tests\bin\Release\net8.0\win-x64\ControlServer.Tests.dll" adapterTypeName="executor://xunit/VsTestRunner3/netcore/" className="ControlServer.Tests.JourneyRuntimeWorkerTests" name="ADeterminateLoadFailureEndsTheStopInsteadOfWaitingForACancellationNobodyRaises" />
    </UnitTest>
    <UnitTest name="ControlServer.Tests.JourneyRuntimeWorkerTests.AnOpenDoorNoCommandOfOursExplainsLeavesTheSessionUnusable" storage="c:\users\szy\desktop\8005-workspace\repos\8005-agv-control-server\tests\controlserver.tests\bin\release\net8.0\win-x64\controlserver.tests.dll" id="d9f01194-71f2-3617-d3d4-fa51540e7843">
      <Execution id="a46b446d-caad-4972-b3e2-7b7d6fc71bc7" />
      <TestMethod codeBase="C:\Users\szy\Desktop\8005-workspace\repos\8005-agv-control-server\tests\ControlServer.Tests\bin\Release\net8.0\win-x64\ControlServer.Tests.dll" adapterTypeName="executor://xunit/VsTestRunner3/netcore/" className="ControlServer.Tests.JourneyRuntimeWorkerTests" name="AnOpenDoorNoCommandOfOursExplainsLeavesTheSessionUnusable" />
    </UnitTest>
    <UnitTest name="ControlServer.Tests.JourneyRuntimeWorkerTests.ADoorOurOwnLoadHoldsOpenKeepsTheSessionReadyAndReachesTheAlarm" storage="c:\users\szy\desktop\8005-workspace\repos\8005-agv-control-server\tests\controlserver.tests\bin\release\net8.0\win-x64\controlserver.tests.dll" id="74c0eb1f-3510-948e-51d3-95a9a3a210a9">
      <Execution id="9eb0e016-0913-466d-a88a-78161b4634aa" />
      <TestMethod codeBase="C:\Users\szy\Desktop\8005-workspace\repos\8005-agv-control-server\tests\ControlServer.Tests\bin\Release\net8.0\win-x64\ControlServer.Tests.dll" adapterTypeName="executor://xunit/VsTestRunner3/netcore/" className="ControlServer.Tests.JourneyRuntimeWorkerTests" name="ADoorOurOwnLoadHoldsOpenKeepsTheSessionReadyAndReachesTheAlarm" />
    </UnitTest>
    <UnitTest name="ControlServer.Tests.RecoveryStateMachineG2Tests.FailedCompensationResultIsDurableReplayableAndNeverReleasesDemandOrVehicle" storage="c:\users\szy\desktop\8005-workspace\repos\8005-agv-control-server\tests\controlserver.tests\bin\release\net8.0\win-x64\controlserver.tests.dll" id="a67aff6c-03e4-b63f-46ec-ae058908fd70">
      <Execution id="6f00dd9b-98e8-43e8-9c37-9887fa141423" />
      <TestMethod codeBase="C:\Users\szy\Desktop\8005-workspace\repos\8005-agv-control-server\tests\ControlServer.Tests\bin\Release\net8.0\win-x64\ControlServer.Tests.dll" adapterTypeName="executor://xunit/VsTestRunner3/netcore/" className="ControlServer.Tests.RecoveryStateMachineG2Tests" name="FailedCompensationResultIsDurableReplayableAndNeverReleasesDemandOrVehicle" />
    </UnitTest>
    <UnitTest name="ControlServer.Tests.WireToGateStoreTests.ALoadFailureWithCompleteEvidenceSettlesWithoutAskingForRecovery" storage="c:\users\szy\desktop\8005-workspace\repos\8005-agv-control-server\tests\controlserver.tests\bin\release\net8.0\win-x64\controlserver.tests.dll" id="f1bcbb2a-50d1-002e-e978-866d41ee1ff0">
      <Execution id="101c122d-6303-4d10-9201-8da77c515845" />
      <TestMethod codeBase="C:\Users\szy\Desktop\8005-workspace\repos\8005-agv-control-server\tests\ControlServer.Tests\bin\Release\net8.0\win-x64\ControlServer.Tests.dll" adapterTypeName="executor://xunit/VsTestRunner3/netcore/" className="ControlServer.Tests.WireToGateStoreTests" name="ALoadFailureWithCompleteEvidenceSettlesWithoutAskingForRecovery" />
    </UnitTest>
    <UnitTest name="ControlServer.Tests.JourneyRuntimeWorkerTests.AFaultCargoHandoffAtTheGateGoesOnToUnloadTheRestOfTheCargo" storage="c:\users\szy\desktop\8005-workspace\repos\8005-agv-control-server\tests\controlserver.tests\bin\release\net8.0\win-x64\controlserver.tests.dll" id="d5191725-88ac-f958-0bce-e7c43fc6e871">
      <Execution id="213699e2-3c27-4bbc-81db-2844c0301b6b" />
      <TestMethod codeBase="C:\Users\szy\Desktop\8005-workspace\repos\8005-agv-control-server\tests\ControlServer.Tests\bin\Release\net8.0\win-x64\ControlServer.Tests.dll" adapterTypeName="executor://xunit/VsTestRunner3/netcore/" className="ControlServer.Tests.JourneyRuntimeWorkerTests" name="AFaultCargoHandoffAtTheGateGoesOnToUnloadTheRestOfTheCargo" />
    </UnitTest>
    <UnitTest name="ControlServer.Tests.WireToGateStoreTests.AFailedLoadWithOneUnknownSlotIsStillARecovery" storage="c:\users\szy\desktop\8005-workspace\repos\8005-agv-control-server\tests\controlserver.tests\bin\release\net8.0\win-x64\controlserver.tests.dll" id="9ed55b43-18ac-c86e-08a0-5a506db60b1d">
      <Execution id="6e90dda6-b5ce-4f9b-b293-3972a734c5f7" />
      <TestMethod codeBase="C:\Users\szy\Desktop\8005-workspace\repos\8005-agv-control-server\tests\ControlServer.Tests\bin\Release\net8.0\win-x64\ControlServer.Tests.dll" adapterTypeName="executor://xunit/VsTestRunner3/netcore/" className="ControlServer.Tests.WireToGateStoreTests" name="AFailedLoadWithOneUnknownSlotIsStillARecovery" />
    </UnitTest>
    <UnitTest name="ControlServer.Tests.JourneyRuntimeWorkerTests.AResultThatTurnsTheSessionRecoveryRequiredStillBlocksTheJourneyForItsOwnReason" storage="c:\users\szy\desktop\8005-workspace\repos\8005-agv-control-server\tests\controlserver.tests\bin\release\net8.0\win-x64\controlserver.tests.dll" id="445680d8-a327-90a1-09a7-408cc8cad783">
      <Execution id="32c62ffd-ac62-41ea-8b72-4c9a3ba8285b" />
      <TestMethod codeBase="C:\Users\szy\Desktop\8005-workspace\repos\8005-agv-control-server\tests\ControlServer.Tests\bin\Release\net8.0\win-x64\ControlServer.Tests.dll" adapterTypeName="executor://xunit/VsTestRunner3/netcore/" className="ControlServer.Tests.JourneyRuntimeWorkerTests" name="AResultThatTurnsTheSessionRecoveryRequiredStillBlocksTheJourneyForItsOwnReason" />
    </UnitTest>
    <UnitTest name="ControlServer.Tests.JourneyRuntimeWorkerTests.AnExpiredDeadlineRaisesTheDoorAlarmWhileALoadIsStillUnderway" storage="c:\users\szy\desktop\8005-workspace\repos\8005-agv-control-server\tests\controlserver.tests\bin\release\net8.0\win-x64\controlserver.tests.dll" id="cafba85a-c9f9-e11a-a7b1-ee9d2f10a09e">
      <Execution id="4d639daf-adf9-45c9-a2ea-81ef909e320a" />
      <TestMethod codeBase="C:\Users\szy\Desktop\8005-workspace\repos\8005-agv-control-server\tests\ControlServer.Tests\bin\Release\net8.0\win-x64\ControlServer.Tests.dll" adapterTypeName="executor://xunit/VsTestRunner3/netcore/" className="ControlServer.Tests.JourneyRuntimeWorkerTests" name="AnExpiredDeadlineRaisesTheDoorAlarmWhileALoadIsStillUnderway" />
    </UnitTest>
    <UnitTest name="ControlServer.Tests.JourneyRuntimeWorkerTests.ABlockedJourneyKeepsTheVehicleOutOfEveryOtherDemand" storage="c:\users\szy\desktop\8005-workspace\repos\8005-agv-control-server\tests\controlserver.tests\bin\release\net8.0\win-x64\controlserver.tests.dll" id="a9284d4a-c50b-3b6f-9c5f-5e10db4c2ccd">
      <Execution id="cab88595-d25c-4bfe-8727-9bdd346740b6" />
      <TestMethod codeBase="C:\Users\szy\Desktop\8005-workspace\repos\8005-agv-control-server\tests\ControlServer.Tests\bin\Release\net8.0\win-x64\ControlServer.Tests.dll" adapterTypeName="executor://xunit/VsTestRunner3/netcore/" className="ControlServer.Tests.JourneyRuntimeWorkerTests" name="ABlockedJourneyKeepsTheVehicleOutOfEveryOtherDemand" />
    </UnitTest>
    <UnitTest name="ControlServer.Tests.RecoveryStateMachineG2Tests.ForcedRecoveryAdvancesOnceFencesOldOutboxAndKeepsLateGenerationAsEvidenceOnly" storage="c:\users\szy\desktop\8005-workspace\repos\8005-agv-control-server\tests\controlserver.tests\bin\release\net8.0\win-x64\controlserver.tests.dll" id="2aeaf207-4fc2-3e7b-49e3-97994bc005aa">
      <Execution id="01062833-8dbe-4bd0-a1d7-ab0e993ffc4a" />
      <TestMethod codeBase="C:\Users\szy\Desktop\8005-workspace\repos\8005-agv-control-server\tests\ControlServer.Tests\bin\Release\net8.0\win-x64\ControlServer.Tests.dll" adapterTypeName="executor://xunit/VsTestRunner3/netcore/" className="ControlServer.Tests.RecoveryStateMachineG2Tests" name="ForcedRecoveryAdvancesOnceFencesOldOutboxAndKeepsLateGenerationAsEvidenceOnly" />
    </UnitTest>
    <UnitTest name="ControlServer.Tests.WireToGateStoreTests.ForcedRecoveryGenerationFencesLateResultsAndPersistsDecision" storage="c:\users\szy\desktop\8005-workspace\repos\8005-agv-control-server\tests\controlserver.tests\bin\release\net8.0\win-x64\controlserver.tests.dll" id="c883fbac-a226-dab0-a852-c8a8a6abc1e3">
      <Execution id="49a24896-2c96-4fc0-b9dc-8171e05824c7" />
      <TestMethod codeBase="C:\Users\szy\Desktop\8005-workspace\repos\8005-agv-control-server\tests\ControlServer.Tests\bin\Release\net8.0\win-x64\ControlServer.Tests.dll" adapterTypeName="executor://xunit/VsTestRunner3/netcore/" className="ControlServer.Tests.WireToGateStoreTests" name="ForcedRecoveryGenerationFencesLateResultsAndPersistsDecision" />
    </UnitTest>
    <UnitTest name="ControlServer.Tests.JourneyRuntimeWorkerTests.ACompensatedLoadLeavesTheStopFreeToLoadItsOtherDemand" storage="c:\users\szy\desktop\8005-workspace\repos\8005-agv-control-server\tests\controlserver.tests\bin\release\net8.0\win-x64\controlserver.tests.dll" id="6afb58cb-2ad2-77f5-6e85-e00506137b82">
      <Execution id="f923cf6f-6e4f-4847-8bfe-7cefcbdbdc68" />
      <TestMethod codeBase="C:\Users\szy\Desktop\8005-workspace\repos\8005-agv-control-server\tests\ControlServer.Tests\bin\Release\net8.0\win-x64\ControlServer.Tests.dll" adapterTypeName="executor://xunit/VsTestRunner3/netcore/" className="ControlServer.Tests.JourneyRuntimeWorkerTests" name="ACompensatedLoadLeavesTheStopFreeToLoadItsOtherDemand" />
    </UnitTest>
    <UnitTest name="ControlServer.Tests.WireToGateStoreTests.UnsafeCompletedOperationResultIsDurableButMovesDemandToRecovery" storage="c:\users\szy\desktop\8005-workspace\repos\8005-agv-control-server\tests\controlserver.tests\bin\release\net8.0\win-x64\controlserver.tests.dll" id="e1968e43-9e7b-f56a-40ea-5c0a4b4951ca">
      <Execution id="0d37b3bc-af23-4acf-8d6a-b412755e88f0" />
      <TestMethod codeBase="C:\Users\szy\Desktop\8005-workspace\repos\8005-agv-control-server\tests\ControlServer.Tests\bin\Release\net8.0\win-x64\ControlServer.Tests.dll" adapterTypeName="executor://xunit/VsTestRunner3/netcore/" className="ControlServer.Tests.WireToGateStoreTests" name="UnsafeCompletedOperationResultIsDurableButMovesDemandToRecovery" />
    </UnitTest>
    <UnitTest name="ControlServer.Tests.JourneyRuntimeWorkerTests.AnExpiredStationDeadlineDoesNotCloseTheStopWhileASlotDoorIsStillOpen" storage="c:\users\szy\desktop\8005-workspace\repos\8005-agv-control-server\tests\controlserver.tests\bin\release\net8.0\win-x64\controlserver.tests.dll" id="697153fa-265b-d157-0467-e6b2107cb27f">
      <Execution id="9c1d1331-e6ce-4c37-b91f-227269a415ab" />
      <TestMethod codeBase="C:\Users\szy\Desktop\8005-workspace\repos\8005-agv-control-server\tests\ControlServer.Tests\bin\Release\net8.0\win-x64\ControlServer.Tests.dll" adapterTypeName="executor://xunit/VsTestRunner3/netcore/" className="ControlServer.Tests.JourneyRuntimeWorkerTests" name="AnExpiredStationDeadlineDoesNotCloseTheStopWhileASlotDoorIsStillOpen" />
    </UnitTest>
    <UnitTest name="ControlServer.Tests.JourneyRuntimeWorkerTests.AFaultCargoHandoffAtALaterStopLetsTheCargoAboardReachTheGate" storage="c:\users\szy\desktop\8005-workspace\repos\8005-agv-control-server\tests\controlserver.tests\bin\release\net8.0\win-x64\controlserver.tests.dll" id="7605e00c-6971-dea7-f60c-b5c84dfacfb4">
      <Execution id="2b3fd8bd-33b9-4a19-b172-8b7d3aae7279" />
      <TestMethod codeBase="C:\Users\szy\Desktop\8005-workspace\repos\8005-agv-control-server\tests\ControlServer.Tests\bin\Release\net8.0\win-x64\ControlServer.Tests.dll" adapterTypeName="executor://xunit/VsTestRunner3/netcore/" className="ControlServer.Tests.JourneyRuntimeWorkerTests" name="AFaultCargoHandoffAtALaterStopLetsTheCargoAboardReachTheGate" />
    </UnitTest>
    <UnitTest name="ControlServer.Tests.RecoveryStateMachineG2Tests.ARecoverySessionIsJudgedOnTheJourneyAsStoredNotAsThisConnectionFirstSawIt" storage="c:\users\szy\desktop\8005-workspace\repos\8005-agv-control-server\tests\controlserver.tests\bin\release\net8.0\win-x64\controlserver.tests.dll" id="4fbe89cf-e3c6-b5ca-e541-1f81fcdf5ca6">
      <Execution id="7e038067-9756-4bd8-b31a-dc33c8bc3d5e" />
      <TestMethod codeBase="C:\Users\szy\Desktop\8005-workspace\repos\8005-agv-control-server\tests\ControlServer.Tests\bin\Release\net8.0\win-x64\ControlServer.Tests.dll" adapterTypeName="executor://xunit/VsTestRunner3/netcore/" className="ControlServer.Tests.RecoveryStateMachineG2Tests" name="ARecoverySessionIsJudgedOnTheJourneyAsStoredNotAsThisConnectionFirstSawIt" />
    </UnitTest>
    <UnitTest name="ControlServer.Tests.JourneyRuntimeWorkerTests.ADeterminateLoadFailureAtALaterStopLetsTheCargoAboardReachTheGate" storage="c:\users\szy\desktop\8005-workspace\repos\8005-agv-control-server\tests\controlserver.tests\bin\release\net8.0\win-x64\controlserver.tests.dll" id="26c35043-cf6d-4025-7bf5-02645ebf89c1">
      <Execution id="26467ab8-2789-43f6-ac8a-86dc2a63ea1a" />
      <TestMethod codeBase="C:\Users\szy\Desktop\8005-workspace\repos\8005-agv-control-server\tests\ControlServer.Tests\bin\Release\net8.0\win-x64\ControlServer.Tests.dll" adapterTypeName="executor://xunit/VsTestRunner3/netcore/" className="ControlServer.Tests.JourneyRuntimeWorkerTests" name="ADeterminateLoadFailureAtALaterStopLetsTheCargoAboardReachTheGate" />
    </UnitTest>
    <UnitTest name="ControlServer.Tests.JourneyRuntimeWorkerTests.CompensatingTheOnlyDemandOfAJourneyStillEndsTheJourney" storage="c:\users\szy\desktop\8005-workspace\repos\8005-agv-control-server\tests\controlserver.tests\bin\release\net8.0\win-x64\controlserver.tests.dll" id="8e14e1a1-5f67-fecc-23fd-1aecd3e46077">
      <Execution id="319ecfca-7549-4da1-b271-ac9b66113cf8" />
      <TestMethod codeBase="C:\Users\szy\Desktop\8005-workspace\repos\8005-agv-control-server\tests\ControlServer.Tests\bin\Release\net8.0\win-x64\ControlServer.Tests.dll" adapterTypeName="executor://xunit/VsTestRunner3/netcore/" className="ControlServer.Tests.JourneyRuntimeWorkerTests" name="CompensatingTheOnlyDemandOfAJourneyStillEndsTheJourney" />
    </UnitTest>
    <UnitTest name="ControlServer.Tests.RecoveryStateMachineG2Tests.AfterARefusedResultResumeIsRefusedButCompensationIsAuthorized" storage="c:\users\szy\desktop\8005-workspace\repos\8005-agv-control-server\tests\controlserver.tests\bin\release\net8.0\win-x64\controlserver.tests.dll" id="86fc3372-7118-5542-bff8-173d2df03f99">
      <Execution id="920acfcf-eb59-43db-aa16-563cad666b39" />
      <TestMethod codeBase="C:\Users\szy\Desktop\8005-workspace\repos\8005-agv-control-server\tests\ControlServer.Tests\bin\Release\net8.0\win-x64\ControlServer.Tests.dll" adapterTypeName="executor://xunit/VsTestRunner3/netcore/" className="ControlServer.Tests.RecoveryStateMachineG2Tests" name="AfterARefusedResultResumeIsRefusedButCompensationIsAuthorized" />
    </UnitTest>
    <UnitTest name="ControlServer.Tests.JourneyRuntimeWorkerTests.TheDoorAlarmIsWithdrawnOnceTheDoorIsShutAgain" storage="c:\users\szy\desktop\8005-workspace\repos\8005-agv-control-server\tests\controlserver.tests\bin\release\net8.0\win-x64\controlserver.tests.dll" id="9e63ad03-2bf8-8db1-0540-fd294a16f46d">
      <Execution id="b9f11eb7-073f-4727-b18f-817f1febc9d6" />
      <TestMethod codeBase="C:\Users\szy\Desktop\8005-workspace\repos\8005-agv-control-server\tests\ControlServer.Tests\bin\Release\net8.0\win-x64\ControlServer.Tests.dll" adapterTypeName="executor://xunit/VsTestRunner3/netcore/" className="ControlServer.Tests.JourneyRuntimeWorkerTests" name="TheDoorAlarmIsWithdrawnOnceTheDoorIsShutAgain" />
    </UnitTest>
    <UnitTest name="ControlServer.Tests.WireToGateStoreTests.AnUnloadThatMissedItsTargetStillNeedsRecoveryHoweverCompleteItsEvidenceIs" storage="c:\users\szy\desktop\8005-workspace\repos\8005-agv-control-server\tests\controlserver.tests\bin\release\net8.0\win-x64\controlserver.tests.dll" id="e50c615a-8ca3-ddc5-f2c5-8d2d45893f41">
      <Execution id="cc34af89-68a8-482e-a2be-6fb7af3ffbaf" />
      <TestMethod codeBase="C:\Users\szy\Desktop\8005-workspace\repos\8005-agv-control-server\tests\ControlServer.Tests\bin\Release\net8.0\win-x64\ControlServer.Tests.dll" adapterTypeName="executor://xunit/VsTestRunner3/netcore/" className="ControlServer.Tests.WireToGateStoreTests" name="AnUnloadThatMissedItsTargetStillNeedsRecoveryHoweverCompleteItsEvidenceIs" />
    </UnitTest>
    <UnitTest name="ControlServer.Tests.RecoveryStateMachineG2Tests.AReconciledCompensationTellsTheVehicleItsSessionIsReadyAgain" storage="c:\users\szy\desktop\8005-workspace\repos\8005-agv-control-server\tests\controlserver.tests\bin\release\net8.0\win-x64\controlserver.tests.dll" id="b32b976e-007d-8ea4-f286-9bcfc262933c">
      <Execution id="4f1cee36-63fa-46de-bb45-ea3a88b23ba7" />
      <TestMethod codeBase="C:\Users\szy\Desktop\8005-workspace\repos\8005-agv-control-server\tests\ControlServer.Tests\bin\Release\net8.0\win-x64\ControlServer.Tests.dll" adapterTypeName="executor://xunit/VsTestRunner3/netcore/" className="ControlServer.Tests.RecoveryStateMachineG2Tests" name="AReconciledCompensationTellsTheVehicleItsSessionIsReadyAgain" />
    </UnitTest>
    <UnitTest name="ControlServer.Tests.JourneyRuntimeWorkerTests.ABlockedJourneyKeepsTheReasonItWasBlockedForWhenTheSessionDrops" storage="c:\users\szy\desktop\8005-workspace\repos\8005-agv-control-server\tests\controlserver.tests\bin\release\net8.0\win-x64\controlserver.tests.dll" id="119c1ac1-d05f-b853-1a6f-2f82ab993eb6">
      <Execution id="24cd8088-4dcf-4e72-ac39-cc8438ffc385" />
      <TestMethod codeBase="C:\Users\szy\Desktop\8005-workspace\repos\8005-agv-control-server\tests\ControlServer.Tests\bin\Release\net8.0\win-x64\ControlServer.Tests.dll" adapterTypeName="executor://xunit/VsTestRunner3/netcore/" className="ControlServer.Tests.JourneyRuntimeWorkerTests" name="ABlockedJourneyKeepsTheReasonItWasBlockedForWhenTheSessionDrops" />
    </UnitTest>
  </TestDefinitions>
  <TestEntries>
    <TestEntry testId="445680d8-a327-90a1-09a7-408cc8cad783" executionId="32c62ffd-ac62-41ea-8b72-4c9a3ba8285b" testListId="8c84fa94-04c1-424b-9868-57a2d4851a1d" />
    <TestEntry testId="86fc3372-7118-5542-bff8-173d2df03f99" executionId="920acfcf-eb59-43db-aa16-563cad666b39" testListId="8c84fa94-04c1-424b-9868-57a2d4851a1d" />
    <TestEntry testId="f1bcbb2a-50d1-002e-e978-866d41ee1ff0" executionId="101c122d-6303-4d10-9201-8da77c515845" testListId="8c84fa94-04c1-424b-9868-57a2d4851a1d" />
    <TestEntry testId="f23f351e-5244-1a54-38a7-479bcf6a4395" executionId="cca705c8-de5f-4986-81ea-ef8dfcf46e86" testListId="8c84fa94-04c1-424b-9868-57a2d4851a1d" />
    <TestEntry testId="26c35043-cf6d-4025-7bf5-02645ebf89c1" executionId="26467ab8-2789-43f6-ac8a-86dc2a63ea1a" testListId="8c84fa94-04c1-424b-9868-57a2d4851a1d" />
    <TestEntry testId="6afb58cb-2ad2-77f5-6e85-e00506137b82" executionId="f923cf6f-6e4f-4847-8bfe-7cefcbdbdc68" testListId="8c84fa94-04c1-424b-9868-57a2d4851a1d" />
    <TestEntry testId="a67aff6c-03e4-b63f-46ec-ae058908fd70" executionId="6f00dd9b-98e8-43e8-9c37-9887fa141423" testListId="8c84fa94-04c1-424b-9868-57a2d4851a1d" />
    <TestEntry testId="4fbe89cf-e3c6-b5ca-e541-1f81fcdf5ca6" executionId="7e038067-9756-4bd8-b31a-dc33c8bc3d5e" testListId="8c84fa94-04c1-424b-9868-57a2d4851a1d" />
    <TestEntry testId="ff17ac35-ce03-0849-b5c0-bf588b3c95c4" executionId="574e2b1c-2e0d-422c-bcd6-3122861be47d" testListId="8c84fa94-04c1-424b-9868-57a2d4851a1d" />
    <TestEntry testId="119c1ac1-d05f-b853-1a6f-2f82ab993eb6" executionId="24cd8088-4dcf-4e72-ac39-cc8438ffc385" testListId="8c84fa94-04c1-424b-9868-57a2d4851a1d" />
    <TestEntry testId="ce766a81-29b4-c754-b57f-8bf92ac951c1" executionId="f6c20c47-7eee-4809-8577-3a0fff77304c" testListId="8c84fa94-04c1-424b-9868-57a2d4851a1d" />
    <TestEntry testId="a9284d4a-c50b-3b6f-9c5f-5e10db4c2ccd" executionId="cab88595-d25c-4bfe-8727-9bdd346740b6" testListId="8c84fa94-04c1-424b-9868-57a2d4851a1d" />
    <TestEntry testId="b32b976e-007d-8ea4-f286-9bcfc262933c" executionId="4f1cee36-63fa-46de-bb45-ea3a88b23ba7" testListId="8c84fa94-04c1-424b-9868-57a2d4851a1d" />
    <TestEntry testId="7605e00c-6971-dea7-f60c-b5c84dfacfb4" executionId="2b3fd8bd-33b9-4a19-b172-8b7d3aae7279" testListId="8c84fa94-04c1-424b-9868-57a2d4851a1d" />
    <TestEntry testId="74c0eb1f-3510-948e-51d3-95a9a3a210a9" executionId="9eb0e016-0913-466d-a88a-78161b4634aa" testListId="8c84fa94-04c1-424b-9868-57a2d4851a1d" />
    <TestEntry testId="e50c615a-8ca3-ddc5-f2c5-8d2d45893f41" executionId="cc34af89-68a8-482e-a2be-6fb7af3ffbaf" testListId="8c84fa94-04c1-424b-9868-57a2d4851a1d" />
    <TestEntry testId="8e14e1a1-5f67-fecc-23fd-1aecd3e46077" executionId="319ecfca-7549-4da1-b271-ac9b66113cf8" testListId="8c84fa94-04c1-424b-9868-57a2d4851a1d" />
    <TestEntry testId="9ed55b43-18ac-c86e-08a0-5a506db60b1d" executionId="6e90dda6-b5ce-4f9b-b293-3972a734c5f7" testListId="8c84fa94-04c1-424b-9868-57a2d4851a1d" />
    <TestEntry testId="64680d29-52f6-d11c-d251-275a3181bf55" executionId="3c75c973-3f16-4dc8-b147-4d256189310b" testListId="8c84fa94-04c1-424b-9868-57a2d4851a1d" />
    <TestEntry testId="c883fbac-a226-dab0-a852-c8a8a6abc1e3" executionId="49a24896-2c96-4fc0-b9dc-8171e05824c7" testListId="8c84fa94-04c1-424b-9868-57a2d4851a1d" />
    <TestEntry testId="d5191725-88ac-f958-0bce-e7c43fc6e871" executionId="213699e2-3c27-4bbc-81db-2844c0301b6b" testListId="8c84fa94-04c1-424b-9868-57a2d4851a1d" />
    <TestEntry testId="e1968e43-9e7b-f56a-40ea-5c0a4b4951ca" executionId="0d37b3bc-af23-4acf-8d6a-b412755e88f0" testListId="8c84fa94-04c1-424b-9868-57a2d4851a1d" />
    <TestEntry testId="d9f01194-71f2-3617-d3d4-fa51540e7843" executionId="a46b446d-caad-4972-b3e2-7b7d6fc71bc7" testListId="8c84fa94-04c1-424b-9868-57a2d4851a1d" />
    <TestEntry testId="697153fa-265b-d157-0467-e6b2107cb27f" executionId="9c1d1331-e6ce-4c37-b91f-227269a415ab" testListId="8c84fa94-04c1-424b-9868-57a2d4851a1d" />
    <TestEntry testId="b75b310e-9836-f3a2-b7dd-0f96fec8940e" executionId="4a83abf4-e7ab-41fd-9894-c49fb9ea1351" testListId="8c84fa94-04c1-424b-9868-57a2d4851a1d" />
    <TestEntry testId="9e63ad03-2bf8-8db1-0540-fd294a16f46d" executionId="b9f11eb7-073f-4727-b18f-817f1febc9d6" testListId="8c84fa94-04c1-424b-9868-57a2d4851a1d" />
    <TestEntry testId="2aeaf207-4fc2-3e7b-49e3-97994bc005aa" executionId="01062833-8dbe-4bd0-a1d7-ab0e993ffc4a" testListId="8c84fa94-04c1-424b-9868-57a2d4851a1d" />
    <TestEntry testId="39cf772e-fd78-56ac-5073-7fcd0142fd5b" executionId="7add7c42-949c-45b3-9baa-0c44fd9f438c" testListId="8c84fa94-04c1-424b-9868-57a2d4851a1d" />
    <TestEntry testId="cafba85a-c9f9-e11a-a7b1-ee9d2f10a09e" executionId="4d639daf-adf9-45c9-a2ea-81ef909e320a" testListId="8c84fa94-04c1-424b-9868-57a2d4851a1d" />
  </TestEntries>
  <TestLists>
    <TestList name="Results Not in a List" id="8c84fa94-04c1-424b-9868-57a2d4851a1d" />
    <TestList name="All Loaded Results" id="19431567-8539-422a-85d7-44ee4e166bda" />
  </TestLists>
  <ResultSummary outcome="Completed">
    <Counters total="29" executed="29" passed="29" failed="0" error="0" timeout="0" aborted="0" inconclusive="0" passedButRunAborted="0" notRunnable="0" notExecuted="0" disconnected="0" warning="0" completed="0" inProgress="0" pending="0" />
    <Output>
      <StdOut>[xUnit.net 00:00:00.00] xUnit.net VSTest Adapter v3.1.5+1b188a7b0a (64-bit .NET 8.0.31)&#xD;
[xUnit.net 00:00:00.37]   Discovering: ControlServer.Tests&#xD;
[xUnit.net 00:00:00.91]   Discovered:  ControlServer.Tests&#xD;
[xUnit.net 00:00:01.15]   Starting:    ControlServer.Tests&#xD;
[xUnit.net 00:00:50.85]   Finished:    ControlServer.Tests (ID = '5f32e3228d37e5cb3e7bc60b239275389dd116eb20728c9edbbdde1b1bccd0e8')&#xD;
</StdOut>
    </Output>
  </ResultSummary>
</TestRun>