2026-09-19T20:54:10.7471553+08:00	Information	App	车载端启动：agvId=AGV-L2-001，environment=Development，version=0.2.0-safety-mock-travel+44b3aa6e255f0820c3988d3f50f0b4dba1105006。
2026-09-19T20:54:11.4736498+08:00	Information	ModbusTcpIoModuleClient	已连接IO模块 127.0.0.1:48412，UnitId=255。
2026-09-19T20:54:11.4909458+08:00	Information	OnboardController	IO模块在线。
2026-09-19T20:54:11.4924315+08:00	Information	OnboardController	启动IO安全快照验证通过。
2026-09-19T20:54:11.9956918+08:00	Information	WireToGateSessionService	上层会话已建立：generation=1，readiness=Ready。
2026-09-19T20:54:19.1961695+08:00	Information	App	服务端请求录入Sublot：station=N1-3_N1-7，revision=1，expectedSublots=G3-10-20260919T125357259Z。 
2026-09-19T20:54:20.1173251+08:00	Information	App	服务端请求录入Sublot：station=N1-3_N1-7，revision=1，expectedSublots=G3-10-20260919T125357259Z。 
2026-09-19T20:54:20.3356454+08:00	Information	ModbusTcpIoModuleClient	已向物理1号仓发送开锁脉冲触发，DO地址=100。硬件负责自动复位。 
2026-09-19T20:54:20.4399823+08:00	Information	ModbusTcpIoModuleClient	1号仓IO变化：DO 0->1，锁DI 1->0，光幕DI 1->1。
2026-09-19T20:54:20.8908109+08:00	Information	ModbusTcpIoModuleClient	1号仓IO变化：DO 1->0，锁DI 0->0，光幕DI 1->1。
2026-09-19T20:54:21.1212717+08:00	Information	WireToGateBusinessService	忽略并发重复SlotOperationCommand：attempt=6244508f-f617-ba57-9ad1-0731d37fa5c7。
2026-09-19T20:54:21.6584884+08:00	Information	ModbusTcpIoModuleClient	1号仓IO变化：DO 0->0，锁DI 0->0，光幕DI 1->0。
2026-09-19T20:54:21.7690648+08:00	Information	ModbusTcpIoModuleClient	1号仓IO变化：DO 0->0，锁DI 0->1，光幕DI 0->0。
2026-09-19T20:54:22.1262446+08:00	Information	WireToGateBusinessService	忽略并发重复SlotOperationCommand：attempt=6244508f-f617-ba57-9ad1-0731d37fa5c7。
2026-09-19T20:54:23.1166983+08:00	Information	WireToGateBusinessService	忽略重复SlotOperationCommand：attempt=6244508f-f617-ba57-9ad1-0731d37fa5c7，保留原OperationResult重放。
2026-09-19T20:54:54.3707247+08:00	Information	ModbusTcpIoModuleClient	已向物理1号仓发送开锁脉冲触发，DO地址=100。硬件负责自动复位。 
2026-09-19T20:54:54.4700464+08:00	Information	ModbusTcpIoModuleClient	1号仓IO变化：DO 0->1，锁DI 1->1，光幕DI 0->0。
2026-09-19T20:54:54.5805076+08:00	Information	ModbusTcpIoModuleClient	1号仓IO变化：DO 1->1，锁DI 1->0，光幕DI 0->0。
2026-09-19T20:54:54.9071268+08:00	Information	ModbusTcpIoModuleClient	1号仓IO变化：DO 1->0，锁DI 0->0，光幕DI 0->0。
2026-09-19T20:54:55.1185307+08:00	Information	WireToGateBusinessService	忽略并发重复SlotOperationCommand：attempt=57bcd37c-1793-5452-83b0-fbdacc93af3a。
2026-09-19T20:54:55.5850277+08:00	Information	ModbusTcpIoModuleClient	1号仓IO变化：DO 0->0，锁DI 0->0，光幕DI 0->1。
2026-09-19T20:54:55.6942100+08:00	Information	ModbusTcpIoModuleClient	1号仓IO变化：DO 0->0，锁DI 0->1，光幕DI 1->1。
2026-09-19T20:54:56.2852387+08:00	Information	WireToGateBusinessService	忽略重复SlotOperationCommand：attempt=57bcd37c-1793-5452-83b0-fbdacc93af3a，保留原OperationResult重放。
