2026-09-19T21:05:56.1375387+08:00	Information	App	车载端启动：agvId=AGV-L2-001，environment=Development，version=0.2.0-safety-mock-travel+44b3aa6e255f0820c3988d3f50f0b4dba1105006。
2026-09-19T21:05:56.8021557+08:00	Information	ModbusTcpIoModuleClient	已连接IO模块 127.0.0.1:48412，UnitId=255。
2026-09-19T21:05:56.8212573+08:00	Information	OnboardController	IO模块在线。
2026-09-19T21:05:56.8230571+08:00	Information	OnboardController	启动IO安全快照验证通过。
2026-09-19T21:05:57.3299042+08:00	Information	WireToGateSessionService	上层会话已建立：generation=1，readiness=Ready。
2026-09-19T21:06:02.9408307+08:00	Information	App	服务端请求录入Sublot：station=N1-3_N1-7，revision=1，expectedSublots=L2-DT-20260919T130546130Z。 
2026-09-19T21:06:03.7983104+08:00	Information	App	服务端请求录入Sublot：station=N1-3_N1-7，revision=1，expectedSublots=L2-DT-20260919T130546130Z。 
2026-09-19T21:06:04.0288548+08:00	Information	ModbusTcpIoModuleClient	已向物理1号仓发送开锁脉冲触发，DO地址=100。硬件负责自动复位。 
2026-09-19T21:06:04.0636350+08:00	Information	ModbusTcpIoModuleClient	1号仓IO变化：DO 0->1，锁DI 1->1，光幕DI 1->1。
2026-09-19T21:06:04.1729716+08:00	Information	ModbusTcpIoModuleClient	1号仓IO变化：DO 1->1，锁DI 1->0，光幕DI 1->1。
2026-09-19T21:06:04.6100179+08:00	Information	ModbusTcpIoModuleClient	1号仓IO变化：DO 1->0，锁DI 0->0，光幕DI 1->1。
2026-09-19T21:06:04.7945573+08:00	Information	WireToGateBusinessService	忽略并发重复SlotOperationCommand：attempt=7a871947-05ae-e55d-918b-fa2d35914c07。
2026-09-19T21:06:05.7930819+08:00	Information	WireToGateBusinessService	忽略并发重复SlotOperationCommand：attempt=7a871947-05ae-e55d-918b-fa2d35914c07。
2026-09-19T21:06:06.7924927+08:00	Information	WireToGateBusinessService	忽略并发重复SlotOperationCommand：attempt=7a871947-05ae-e55d-918b-fa2d35914c07。
2026-09-19T21:06:07.7818283+08:00	Information	WireToGateBusinessService	忽略并发重复SlotOperationCommand：attempt=7a871947-05ae-e55d-918b-fa2d35914c07。
2026-09-19T21:06:08.7869501+08:00	Information	WireToGateBusinessService	忽略并发重复SlotOperationCommand：attempt=7a871947-05ae-e55d-918b-fa2d35914c07。
2026-09-19T21:06:09.7902764+08:00	Information	WireToGateBusinessService	忽略并发重复SlotOperationCommand：attempt=7a871947-05ae-e55d-918b-fa2d35914c07。
2026-09-19T21:06:10.7817192+08:00	Information	WireToGateBusinessService	忽略并发重复SlotOperationCommand：attempt=7a871947-05ae-e55d-918b-fa2d35914c07。
2026-09-19T21:06:11.7828703+08:00	Information	WireToGateBusinessService	忽略并发重复SlotOperationCommand：attempt=7a871947-05ae-e55d-918b-fa2d35914c07。
2026-09-19T21:06:12.7933904+08:00	Information	WireToGateBusinessService	忽略并发重复SlotOperationCommand：attempt=7a871947-05ae-e55d-918b-fa2d35914c07。
2026-09-19T21:06:13.7906176+08:00	Information	WireToGateBusinessService	忽略并发重复SlotOperationCommand：attempt=7a871947-05ae-e55d-918b-fa2d35914c07。
2026-09-19T21:06:14.7805477+08:00	Information	WireToGateBusinessService	忽略并发重复SlotOperationCommand：attempt=7a871947-05ae-e55d-918b-fa2d35914c07。
2026-09-19T21:06:15.7810356+08:00	Information	WireToGateBusinessService	忽略并发重复SlotOperationCommand：attempt=7a871947-05ae-e55d-918b-fa2d35914c07。
2026-09-19T21:06:16.7729463+08:00	Information	WireToGateBusinessService	忽略并发重复SlotOperationCommand：attempt=7a871947-05ae-e55d-918b-fa2d35914c07。
2026-09-19T21:06:17.7807604+08:00	Information	WireToGateBusinessService	忽略并发重复SlotOperationCommand：attempt=7a871947-05ae-e55d-918b-fa2d35914c07。
2026-09-19T21:06:18.7871601+08:00	Information	WireToGateBusinessService	忽略并发重复SlotOperationCommand：attempt=7a871947-05ae-e55d-918b-fa2d35914c07。
2026-09-19T21:06:19.7780686+08:00	Information	WireToGateBusinessService	忽略并发重复SlotOperationCommand：attempt=7a871947-05ae-e55d-918b-fa2d35914c07。
2026-09-19T21:06:20.7840391+08:00	Information	WireToGateBusinessService	忽略并发重复SlotOperationCommand：attempt=7a871947-05ae-e55d-918b-fa2d35914c07。
2026-09-19T21:06:21.7826310+08:00	Information	WireToGateBusinessService	忽略并发重复SlotOperationCommand：attempt=7a871947-05ae-e55d-918b-fa2d35914c07。
2026-09-19T21:06:22.7777098+08:00	Information	WireToGateBusinessService	忽略并发重复SlotOperationCommand：attempt=7a871947-05ae-e55d-918b-fa2d35914c07。
2026-09-19T21:06:23.7808283+08:00	Information	WireToGateBusinessService	忽略并发重复SlotOperationCommand：attempt=7a871947-05ae-e55d-918b-fa2d35914c07。
2026-09-19T21:06:24.7878742+08:00	Information	WireToGateBusinessService	忽略并发重复SlotOperationCommand：attempt=7a871947-05ae-e55d-918b-fa2d35914c07。
2026-09-19T21:06:25.7771890+08:00	Information	WireToGateBusinessService	忽略并发重复SlotOperationCommand：attempt=7a871947-05ae-e55d-918b-fa2d35914c07。
2026-09-19T21:06:26.7788052+08:00	Information	WireToGateBusinessService	忽略并发重复SlotOperationCommand：attempt=7a871947-05ae-e55d-918b-fa2d35914c07。
2026-09-19T21:06:27.7855632+08:00	Information	WireToGateBusinessService	忽略并发重复SlotOperationCommand：attempt=7a871947-05ae-e55d-918b-fa2d35914c07。
2026-09-19T21:06:28.7757040+08:00	Information	WireToGateBusinessService	忽略并发重复SlotOperationCommand：attempt=7a871947-05ae-e55d-918b-fa2d35914c07。
2026-09-19T21:06:29.7837386+08:00	Information	WireToGateBusinessService	忽略并发重复SlotOperationCommand：attempt=7a871947-05ae-e55d-918b-fa2d35914c07。
2026-09-19T21:06:30.7782607+08:00	Information	WireToGateBusinessService	忽略并发重复SlotOperationCommand：attempt=7a871947-05ae-e55d-918b-fa2d35914c07。
2026-09-19T21:06:31.7840341+08:00	Information	WireToGateBusinessService	忽略并发重复SlotOperationCommand：attempt=7a871947-05ae-e55d-918b-fa2d35914c07。
2026-09-19T21:06:32.7869996+08:00	Information	WireToGateBusinessService	忽略并发重复SlotOperationCommand：attempt=7a871947-05ae-e55d-918b-fa2d35914c07。
2026-09-19T21:06:33.7749426+08:00	Information	WireToGateBusinessService	忽略并发重复SlotOperationCommand：attempt=7a871947-05ae-e55d-918b-fa2d35914c07。
2026-09-19T21:06:34.7857699+08:00	Information	WireToGateBusinessService	忽略并发重复SlotOperationCommand：attempt=7a871947-05ae-e55d-918b-fa2d35914c07。
2026-09-19T21:06:35.7822082+08:00	Information	WireToGateBusinessService	忽略并发重复SlotOperationCommand：attempt=7a871947-05ae-e55d-918b-fa2d35914c07。
2026-09-19T21:06:36.7864541+08:00	Information	WireToGateBusinessService	忽略并发重复SlotOperationCommand：attempt=7a871947-05ae-e55d-918b-fa2d35914c07。
2026-09-19T21:06:37.7740111+08:00	Information	WireToGateBusinessService	忽略并发重复SlotOperationCommand：attempt=7a871947-05ae-e55d-918b-fa2d35914c07。
2026-09-19T21:06:38.7806062+08:00	Information	WireToGateBusinessService	忽略并发重复SlotOperationCommand：attempt=7a871947-05ae-e55d-918b-fa2d35914c07。
2026-09-19T21:06:39.7751438+08:00	Information	WireToGateBusinessService	忽略并发重复SlotOperationCommand：attempt=7a871947-05ae-e55d-918b-fa2d35914c07。
2026-09-19T21:06:40.7857824+08:00	Information	WireToGateBusinessService	忽略并发重复SlotOperationCommand：attempt=7a871947-05ae-e55d-918b-fa2d35914c07。
2026-09-19T21:06:41.7775347+08:00	Information	WireToGateBusinessService	忽略并发重复SlotOperationCommand：attempt=7a871947-05ae-e55d-918b-fa2d35914c07。
2026-09-19T21:06:42.7807385+08:00	Information	WireToGateBusinessService	忽略并发重复SlotOperationCommand：attempt=7a871947-05ae-e55d-918b-fa2d35914c07。
2026-09-19T21:06:43.7876220+08:00	Information	WireToGateBusinessService	忽略并发重复SlotOperationCommand：attempt=7a871947-05ae-e55d-918b-fa2d35914c07。
2026-09-19T21:06:44.7884398+08:00	Information	WireToGateBusinessService	忽略并发重复SlotOperationCommand：attempt=7a871947-05ae-e55d-918b-fa2d35914c07。
2026-09-19T21:06:45.7829512+08:00	Information	WireToGateBusinessService	忽略并发重复SlotOperationCommand：attempt=7a871947-05ae-e55d-918b-fa2d35914c07。
2026-09-19T21:06:46.7775714+08:00	Information	WireToGateBusinessService	忽略并发重复SlotOperationCommand：attempt=7a871947-05ae-e55d-918b-fa2d35914c07。
2026-09-19T21:06:47.7789359+08:00	Information	WireToGateBusinessService	忽略并发重复SlotOperationCommand：attempt=7a871947-05ae-e55d-918b-fa2d35914c07。
2026-09-19T21:06:48.7843854+08:00	Information	WireToGateBusinessService	忽略并发重复SlotOperationCommand：attempt=7a871947-05ae-e55d-918b-fa2d35914c07。
2026-09-19T21:06:49.8132244+08:00	Information	WireToGateBusinessService	忽略并发重复SlotOperationCommand：attempt=7a871947-05ae-e55d-918b-fa2d35914c07。
2026-09-19T21:06:50.7779891+08:00	Information	WireToGateBusinessService	忽略并发重复SlotOperationCommand：attempt=7a871947-05ae-e55d-918b-fa2d35914c07。
2026-09-19T21:06:51.7860863+08:00	Information	WireToGateBusinessService	忽略并发重复SlotOperationCommand：attempt=7a871947-05ae-e55d-918b-fa2d35914c07。
2026-09-19T21:06:52.7828264+08:00	Information	WireToGateBusinessService	忽略并发重复SlotOperationCommand：attempt=7a871947-05ae-e55d-918b-fa2d35914c07。
2026-09-19T21:06:53.8027576+08:00	Information	WireToGateBusinessService	忽略并发重复SlotOperationCommand：attempt=7a871947-05ae-e55d-918b-fa2d35914c07。
2026-09-19T21:06:54.7894994+08:00	Information	WireToGateBusinessService	忽略并发重复SlotOperationCommand：attempt=7a871947-05ae-e55d-918b-fa2d35914c07。
2026-09-19T21:06:55.7761273+08:00	Information	WireToGateBusinessService	忽略并发重复SlotOperationCommand：attempt=7a871947-05ae-e55d-918b-fa2d35914c07。
2026-09-19T21:06:56.7819349+08:00	Information	WireToGateBusinessService	忽略并发重复SlotOperationCommand：attempt=7a871947-05ae-e55d-918b-fa2d35914c07。
2026-09-19T21:06:57.7734247+08:00	Information	WireToGateBusinessService	忽略并发重复SlotOperationCommand：attempt=7a871947-05ae-e55d-918b-fa2d35914c07。
2026-09-19T21:06:58.7811561+08:00	Information	WireToGateBusinessService	忽略并发重复SlotOperationCommand：attempt=7a871947-05ae-e55d-918b-fa2d35914c07。
2026-09-19T21:06:59.7870016+08:00	Information	WireToGateBusinessService	忽略并发重复SlotOperationCommand：attempt=7a871947-05ae-e55d-918b-fa2d35914c07。
2026-09-19T21:07:00.7901208+08:00	Information	WireToGateBusinessService	忽略并发重复SlotOperationCommand：attempt=7a871947-05ae-e55d-918b-fa2d35914c07。
2026-09-19T21:07:01.7817458+08:00	Information	WireToGateBusinessService	忽略并发重复SlotOperationCommand：attempt=7a871947-05ae-e55d-918b-fa2d35914c07。
2026-09-19T21:07:02.7854315+08:00	Information	WireToGateBusinessService	忽略并发重复SlotOperationCommand：attempt=7a871947-05ae-e55d-918b-fa2d35914c07。
2026-09-19T21:07:03.7796937+08:00	Information	WireToGateBusinessService	忽略并发重复SlotOperationCommand：attempt=7a871947-05ae-e55d-918b-fa2d35914c07。
2026-09-19T21:07:04.7853890+08:00	Information	WireToGateBusinessService	忽略并发重复SlotOperationCommand：attempt=7a871947-05ae-e55d-918b-fa2d35914c07。
2026-09-19T21:07:05.7750217+08:00	Information	WireToGateBusinessService	忽略并发重复SlotOperationCommand：attempt=7a871947-05ae-e55d-918b-fa2d35914c07。
2026-09-19T21:07:06.7904931+08:00	Information	WireToGateBusinessService	忽略并发重复SlotOperationCommand：attempt=7a871947-05ae-e55d-918b-fa2d35914c07。
2026-09-19T21:07:07.7808669+08:00	Information	WireToGateBusinessService	忽略并发重复SlotOperationCommand：attempt=7a871947-05ae-e55d-918b-fa2d35914c07。
2026-09-19T21:07:08.7850210+08:00	Information	WireToGateBusinessService	忽略并发重复SlotOperationCommand：attempt=7a871947-05ae-e55d-918b-fa2d35914c07。
2026-09-19T21:07:09.7878607+08:00	Information	WireToGateBusinessService	忽略并发重复SlotOperationCommand：attempt=7a871947-05ae-e55d-918b-fa2d35914c07。
2026-09-19T21:07:10.7781621+08:00	Information	WireToGateBusinessService	忽略并发重复SlotOperationCommand：attempt=7a871947-05ae-e55d-918b-fa2d35914c07。
2026-09-19T21:07:11.7849304+08:00	Information	WireToGateBusinessService	忽略并发重复SlotOperationCommand：attempt=7a871947-05ae-e55d-918b-fa2d35914c07。
2026-09-19T21:07:12.7832354+08:00	Information	WireToGateBusinessService	忽略并发重复SlotOperationCommand：attempt=7a871947-05ae-e55d-918b-fa2d35914c07。
2026-09-19T21:07:13.7863580+08:00	Information	WireToGateBusinessService	忽略并发重复SlotOperationCommand：attempt=7a871947-05ae-e55d-918b-fa2d35914c07。
2026-09-19T21:07:14.7857183+08:00	Information	WireToGateBusinessService	忽略并发重复SlotOperationCommand：attempt=7a871947-05ae-e55d-918b-fa2d35914c07。
2026-09-19T21:07:15.7894884+08:00	Information	WireToGateBusinessService	忽略并发重复SlotOperationCommand：attempt=7a871947-05ae-e55d-918b-fa2d35914c07。
2026-09-19T21:07:16.1420610+08:00	Information	ModbusTcpIoModuleClient	1号仓IO变化：DO 0->0，锁DI 0->0，光幕DI 1->0。
2026-09-19T21:07:16.2533480+08:00	Information	ModbusTcpIoModuleClient	1号仓IO变化：DO 0->0，锁DI 0->1，光幕DI 0->0。
2026-09-19T21:07:16.9446354+08:00	Information	WireToGateBusinessService	忽略重复SlotOperationCommand：attempt=7a871947-05ae-e55d-918b-fa2d35914c07，保留原OperationResult重放。
