[15:44:51] Watching factory01 for the journey to finish
  Gates are Dispatch (runtime=True, createDispatch=True); service is Running
  Journey in flight: afc0ce0a-96f3-1558-80f3-0b247535c994 AwaitingSublot - demands 1efee9e8-9b8e-499a-838b-dfff0c94e802,5c0bcc6b-142c-4e38-8912-0ff799e771e8,a4215a0c-8603-4729-8290-83f2b4670a18,bc269db4-fa5b-4f4e-b72a-2b48ecb66000,c6dce28b-853b-4fa4-9b2a-37295de0915f
  AcceptedDemands=27 OrderIntent legs=23
  Watcher deployed to D:\zhengyushao\control-server-ops\close-gates-watch-20260912-074452.ps1
  [15:44:58] Watching C:\ProgramData\8005\ControlServer\data\controlserver.db for a journey to latch onto (poll 250 ms)
  [15:44:58] Latched onto journey afc0ce0a-96f3-1558-80f3-0b247535c994 at stage AwaitingSublot (demands 1efee9e8-9b8e-499a-838b-dfff0c94e802, 5c0bcc6b-142c-4e38-8912-0ff799e771e8, a4215a0c-8603-4729-8290-83f2b4670a18, bc269db4-fa5b-4f4e-b72a-2b48ecb66000, c6dce28b-853b-4fa4-9b2a-37295de0915f); AcceptedDemands=27 OrderIntent legs=23
  [15:45:13] stage=AwaitingSublot
  [15:45:28] stage=AwaitingLoadResult
  [15:45:43] stage=AwaitingLoadResult blockReason=STATION_TIMEOUT_DOOR_NOT_CLOSED
  [15:45:58] stage=AwaitingPickupArrival blockReason=ONBOARD_SESSION_NOT_READY
  [15:46:13] stage=AwaitingPickupArrival blockReason=ONBOARD_SESSION_NOT_READY
  [15:46:28] stage=AwaitingPickupArrival blockReason=ONBOARD_SESSION_NOT_READY
  [15:46:43] stage=AwaitingPickupArrival blockReason=ONBOARD_SESSION_NOT_READY
  [15:46:58] stage=AwaitingPickupArrival blockReason=ONBOARD_SESSION_NOT_READY
  [15:47:14] stage=AwaitingPickupArrival blockReason=ONBOARD_SESSION_NOT_READY
  [15:47:29] stage=AwaitingPickupArrival blockReason=ONBOARD_SESSION_NOT_READY
  [15:47:44] stage=AwaitingPickupArrival blockReason=ONBOARD_SESSION_NOT_READY
  [15:47:59] stage=AwaitingPickupArrival blockReason=ONBOARD_SESSION_NOT_READY
  [15:48:14] stage=AwaitingPickupArrival blockReason=ONBOARD_SESSION_NOT_READY
  [15:48:29] stage=AwaitingPickupArrival blockReason=ONBOARD_SESSION_NOT_READY
  [15:48:44] stage=AwaitingPickupArrival blockReason=ONBOARD_SESSION_NOT_READY
  [15:48:59] stage=AwaitingPickupArrival blockReason=ONBOARD_SESSION_NOT_READY
  [15:49:14] stage=AwaitingPickupArrival blockReason=ONBOARD_SESSION_NOT_READY
  [15:49:29] stage=AwaitingPickupArrival blockReason=ONBOARD_SESSION_NOT_READY
  [15:49:44] stage=AwaitingPickupArrival blockReason=ONBOARD_SESSION_NOT_READY
  [15:49:59] stage=AwaitingPickupArrival blockReason=ONBOARD_SESSION_NOT_READY
  [15:50:14] stage=AwaitingPickupArrival blockReason=ONBOARD_SESSION_NOT_READY
  [15:50:29] stage=AwaitingPickupArrival blockReason=ONBOARD_SESSION_NOT_READY
  [15:50:44] stage=AwaitingPickupArrival blockReason=ONBOARD_SESSION_NOT_READY
  [15:50:59] stage=AwaitingPickupArrival blockReason=ONBOARD_SESSION_NOT_READY
  [15:51:14] stage=AwaitingPickupArrival blockReason=ONBOARD_SESSION_NOT_READY
  [15:51:29] stage=AwaitingPickupArrival blockReason=ONBOARD_SESSION_NOT_READY
  [15:51:44] stage=AwaitingLoadResult
  [15:51:59] stage=AwaitingPickupArrival blockReason=ONBOARD_SESSION_NOT_READY
  [15:52:14] stage=AwaitingPickupArrival blockReason=ONBOARD_SESSION_NOT_READY
  [15:52:29] stage=AwaitingPickupArrival blockReason=ONBOARD_SESSION_NOT_READY
  [15:52:44] stage=AwaitingPickupArrival blockReason=ONBOARD_SESSION_NOT_READY
  [15:52:59] stage=AwaitingPickupArrival blockReason=ONBOARD_SESSION_NOT_READY
  [15:53:14] stage=AwaitingPickupArrival blockReason=ONBOARD_SESSION_NOT_READY
  [15:53:29] stage=AwaitingSublot
  [15:53:44] stage=AwaitingLoadResult
  [15:54:00] stage=AwaitingLoadResult
  [15:54:15] stage=AwaitingPickupArrival blockReason=ONBOARD_SESSION_NOT_READY
  [15:54:30] stage=AwaitingPickupArrival blockReason=ONBOARD_SESSION_NOT_READY
  [15:54:45] stage=AwaitingPickupArrival blockReason=ONBOARD_SESSION_NOT_READY
  [15:55:00] stage=AwaitingPickupArrival blockReason=ONBOARD_SESSION_NOT_READY
  [15:55:15] stage=AwaitingPickupArrival blockReason=ONBOARD_SESSION_NOT_READY
  [15:55:30] stage=AwaitingPickupArrival blockReason=ONBOARD_SESSION_NOT_READY
  [15:55:45] stage=AwaitingPickupArrival blockReason=ONBOARD_SESSION_NOT_READY
  [15:56:00] stage=AwaitingPickupArrival blockReason=ONBOARD_SESSION_NOT_READY
  [15:56:15] stage=AwaitingPickupArrival blockReason=ONBOARD_SESSION_NOT_READY
  [15:56:30] stage=AwaitingPickupArrival blockReason=ONBOARD_SESSION_NOT_READY
  [15:56:45] stage=AwaitingPickupArrival blockReason=ONBOARD_SESSION_NOT_READY
  [15:57:00] stage=AwaitingPickupArrival blockReason=ONBOARD_SESSION_NOT_READY
  [15:57:15] stage=AwaitingPickupArrival blockReason=ONBOARD_SESSION_NOT_READY
  [15:57:30] stage=AwaitingPickupArrival blockReason=ONBOARD_SESSION_NOT_READY
  [15:57:45] stage=AwaitingPickupArrival blockReason=ONBOARD_SESSION_NOT_READY
  [15:58:00] stage=AwaitingPickupArrival blockReason=ONBOARD_SESSION_NOT_READY
  [15:58:15] stage=AwaitingPickupArrival blockReason=ONBOARD_SESSION_NOT_READY
  [15:58:30] stage=AwaitingSublot
  [15:58:45] stage=AwaitingLoadResult
  [15:59:00] stage=AwaitingLoadResult
  [15:59:15] stage=AwaitingPickupArrival blockReason=ONBOARD_SESSION_NOT_READY
  [15:59:30] stage=AwaitingPickupArrival blockReason=ONBOARD_SESSION_NOT_READY
  [15:59:45] stage=AwaitingPickupArrival blockReason=ONBOARD_SESSION_NOT_READY
  [16:00:00] stage=AwaitingPickupArrival blockReason=ONBOARD_SESSION_NOT_READY
  [16:00:15] stage=AwaitingPickupArrival blockReason=ONBOARD_SESSION_NOT_READY
  [16:00:30] stage=AwaitingPickupArrival blockReason=ONBOARD_SESSION_NOT_READY
  [16:00:45] stage=AwaitingPickupArrival blockReason=ONBOARD_SESSION_NOT_READY
  [16:01:01] stage=AwaitingPickupArrival blockReason=ONBOARD_SESSION_NOT_READY
  [16:01:16] stage=AwaitingPickupArrival blockReason=ONBOARD_SESSION_NOT_READY
  [16:01:31] stage=AwaitingPickupArrival blockReason=ONBOARD_SESSION_NOT_READY
  [16:01:46] stage=AwaitingPickupArrival blockReason=ONBOARD_SESSION_NOT_READY
  [16:02:01] stage=AwaitingPickupArrival blockReason=ONBOARD_SESSION_NOT_READY
  [16:02:16] stage=AwaitingSublot
  [16:02:31] stage=AwaitingDepartureSafety
  [16:02:46] stage=AwaitingGateArrival blockReason=ONBOARD_SESSION_NOT_READY
  [16:03:01] stage=AwaitingGateArrival blockReason=ONBOARD_SESSION_NOT_READY
  [16:03:16] stage=AwaitingGateArrival blockReason=ONBOARD_SESSION_NOT_READY
  [16:03:31] stage=AwaitingGateArrival blockReason=ONBOARD_SESSION_NOT_READY
  [16:03:46] stage=AwaitingGateArrival blockReason=ONBOARD_SESSION_NOT_READY
  [16:04:01] stage=AwaitingGateArrival blockReason=ONBOARD_SESSION_NOT_READY
  [16:04:16] stage=AwaitingUnloadResult
  [16:04:31] stage=AwaitingUnloadResult
  [16:04:46] stage=AwaitingUnloadResult
  [16:05:01] stage=AwaitingUnloadResult
  [16:05:16] stage=AwaitingUnloadResult
  [16:05:31] stage=AwaitingUnloadResult
  [16:05:46] stage=AwaitingUnloadResult
  Journey afc0ce0a-96f3-1558-80f3-0b247535c994 (demands 1efee9e8-9b8e-499a-838b-dfff0c94e802, 5c0bcc6b-142c-4e38-8912-0ff799e771e8, a4215a0c-8603-4729-8290-83f2b4670a18, bc269db4-fa5b-4f4e-b72a-2b48ecb66000, c6dce28b-853b-4fa4-9b2a-37295de0915f) reached Completed at 2026-09-12T08:05:58.9590968Z (server record, UTC)
  Service stop requested 7 ms after that record, stopped in 267 ms; service is Stopped
  Closing both gates via Set-JourneyRuntime.ps1 -Off

Journey gates are currently Dispatch (runtime=True, createDispatch=True); charge override trigger=76 resume=80; service is Stopped.
  The charge override is removed; back to the shipped 20 / 80.

  Backup: C:\Program Files\8005 AGV\ControlServer\appsettings.Production.json.bak-20260912160603
  runtime=False, createDispatch=False, charge override none; service Running
  /health/live 200

Recent runtime log lines:
  {"@t":"2026-09-12T08:06:05.7692127Z","@mt":"Executed DbCommand ({elapsed}ms) [Parameters=[{parameters}], CommandType='{commandType}', CommandTimeout='{commandTimeout}']{newLine}{commandText}","elapsed":"0","parameters":"@__agvId_0='?' (Size = 9)","commandType":"Text","commandTimeout":30,"newLine":"\r\n","commandText":"SELECT EXISTS (\r\n    SELECT 1\r\n    FROM \"StationOperations\" AS \"s\"\r\n    INNER JOIN \"JourneyDemands\" AS \"j\" ON \"s\".\"DemandId\" = \"j\".\"DemandId\"\r\n    INNER JOIN \"JourneyRuntimes\" AS \"j0\" ON \"j\".\"JourneyId\" = \"j0\".\"JourneyId\"\r\n    WHERE \"j0\".\"AgvId\" = @__agvId_0 AND \"s\".\"Status\" = 'RecoveryRequired')","EventId":{"Id":20101,"Name":"Microsoft.EntityFrameworkCore.Database.Command.CommandExecuted"},"SourceContext":"Microsoft.EntityFrameworkCore.Database.Command"}

Both gates closed. No new demand will be accepted.
  Verified on the server: runtime=False, createDispatch=False, service Running

AcceptedDemands 27 -> 27; demands with a movement leg 10 -> 10; legs 23 -> 28 (this journey's own demands and legs are expected)
[16:06:08] Both gates closed after journey afc0ce0a-96f3-1558-80f3-0b247535c994; nothing new was accepted.

[exited with code 0]
