[15:45:11] stop 1: load
  [15:45:18] stop 1: submitted sublot Q26091824-23 (demand 1efee9e8-9b8e-499a-838b-dfff0c94e802)
  [15:45:23] stop 1: vehicle waits on slot 1 (attempt faa9065d-138b-0951-a51e-a8a6c710da32)
  [15:45:26] Load faa9065d-138b-0951-a51e-a8a6c710da32: vehicle waits on slot 1; serving it with OCCUPIED
  [15:45:33] slot 1: door closed with cargo OCCUPIED
  [15:45:41] Load faa9065d-138b-0951-a51e-a8a6c710da32: vehicle waits on slot 2; serving it with OCCUPIED
  [15:45:47] slot 2: door closed with cargo OCCUPIED
  [15:45:53] Load faa9065d-138b-0951-a51e-a8a6c710da32 settled as Committed
[15:45:53] stop 1: load Committed
[15:51:31] stop 2: load
  [15:51:38] stop 2: submitted sublot Q26091502-3 (demand 5c0bcc6b-142c-4e38-8912-0ff799e771e8)
  [15:51:43] stop 2: vehicle waits on slot 3 (attempt 7143ba65-9e12-5451-b728-fca49dd3fa71)
  [15:51:47] Load 7143ba65-9e12-5451-b728-fca49dd3fa71: vehicle waits on slot 3; serving it with OCCUPIED
  [15:51:53] slot 3: door closed with cargo OCCUPIED
  [15:51:59] Load 7143ba65-9e12-5451-b728-fca49dd3fa71 settled as Committed
[15:51:59] stop 2: load Committed
[15:53:31] stop 3: load
  [15:53:38] stop 3: submitted sublot Q26092012-1 (demand a4215a0c-8603-4729-8290-83f2b4670a18)
  [15:53:43] stop 3: vehicle waits on slot 4 (attempt cc425a2c-510d-7753-b918-eb118951052b)
  [15:53:47] Load cc425a2c-510d-7753-b918-eb118951052b: vehicle waits on slot 4; serving it with OCCUPIED
  [15:53:53] slot 4: door closed with cargo OCCUPIED
  [15:54:01] Load cc425a2c-510d-7753-b918-eb118951052b: vehicle waits on slot 5; serving it with OCCUPIED
  [15:54:07] slot 5: door closed with cargo OCCUPIED
  [15:54:12] Load cc425a2c-510d-7753-b918-eb118951052b settled as Committed
[15:54:12] stop 3: load Committed
[15:58:22] stop 4: load
  [15:58:29] stop 4: submitted sublot Q26091816-1 (demand bc269db4-fa5b-4f4e-b72a-2b48ecb66000)
  [15:58:33] stop 4: vehicle waits on slot 6 (attempt e4da4470-262a-265c-adac-3a7368709d49)
  [15:58:37] Load e4da4470-262a-265c-adac-3a7368709d49: vehicle waits on slot 6; serving it with OCCUPIED
  [15:58:43] slot 6: door closed with cargo OCCUPIED
  [15:58:50] Load e4da4470-262a-265c-adac-3a7368709d49: vehicle waits on slot 7; serving it with OCCUPIED
  [15:58:57] slot 7: door closed with cargo OCCUPIED
  [15:59:03] Load e4da4470-262a-265c-adac-3a7368709d49 settled as Committed
[15:59:03] stop 4: load Committed
[16:02:06] stop 5: load
  [16:02:13] stop 5: submitted sublot Q26086332-7 (demand c6dce28b-853b-4fa4-9b2a-37295de0915f)
  [16:02:17] stop 5: vehicle waits on slot 8 (attempt 4e071fbb-5dd3-5556-821c-cc5f69ee6080)
  [16:02:22] Load 4e071fbb-5dd3-5556-821c-cc5f69ee6080: vehicle waits on slot 8; serving it with OCCUPIED
  [16:02:28] slot 8: door closed with cargo OCCUPIED
  [16:02:33] Load 4e071fbb-5dd3-5556-821c-cc5f69ee6080 settled as Committed
[16:02:33] stop 5: load Committed
[16:04:05] gate: unload
  [16:04:11] gate: unload 931d7368-c3e2-945a-a502-3457c2a42480 waits on slot 1; taking the cargo out
  [16:04:17] slot 1: door closed with cargo EMPTY
  [16:04:25] gate: unload 931d7368-c3e2-945a-a502-3457c2a42480 waits on slot 2; taking the cargo out
  [16:04:31] slot 2: door closed with cargo EMPTY
  [16:04:39] gate: unload c77f50da-7a6c-2c55-abb5-9235f834904c waits on slot 3; taking the cargo out
  [16:04:45] slot 3: door closed with cargo EMPTY
  [16:04:53] gate: unload 31fb4f15-53ef-cc59-b4f9-bd5c825e6a33 waits on slot 4; taking the cargo out
  [16:04:59] slot 4: door closed with cargo EMPTY
  [16:05:07] gate: unload 31fb4f15-53ef-cc59-b4f9-bd5c825e6a33 waits on slot 5; taking the cargo out
  [16:05:13] slot 5: door closed with cargo EMPTY
  [16:05:20] gate: unload a81f2b18-1fc1-f654-a6b6-a65128730946 waits on slot 6; taking the cargo out
  [16:05:27] slot 6: door closed with cargo EMPTY
  [16:05:34] gate: unload a81f2b18-1fc1-f654-a6b6-a65128730946 waits on slot 7; taking the cargo out
  [16:05:40] slot 7: door closed with cargo EMPTY
  [16:05:48] gate: unload 986bb8aa-93a2-b65b-84d6-029fa619f92b waits on slot 8; taking the cargo out
  [16:05:54] slot 8: door closed with cargo EMPTY
  [16:06:00] journey afc0ce0a-96f3-1558-80f3-0b247535c994 completed at the gate
[16:06:00] gate: unload Committed,Committed,Committed,Committed,Committed
[16:06:01] journey afc0ce0a-96f3-1558-80f3-0b247535c994 Completed

[exited with code 0]
