<?xml version="1.0" encoding="utf-8"?>
<TestRun id="04aa6e92-c5f7-41bf-a9e2-d58e4171997c" name="szy@LAB-WIN-01 2026-09-19 20:33:14" runUser="LAB-WIN-01\szy" xmlns="http://microsoft.com/schemas/VisualStudio/TeamTest/2010">
  <Times creation="2026-09-19T20:33:14.9929945+08:00" queuing="2026-09-19T20:33:14.9929951+08:00" start="2026-09-19T20:33:12.0551656+08:00" finish="2026-09-19T20:33:48.7201208+08:00" />
  <TestSettings name="default" id="df470382-b8ca-4e09-964d-8a2a5faaddac">
    <Deployment runDeploymentRoot="szy_LAB-WIN-01_2026-09-19_20_33_14" />
  </TestSettings>
  <Results>
    <UnitTestResult executionId="d0cc4e80-ed81-4b09-93c9-4f22ec3e2385" testId="4fa2b9a5-a9c3-d8e9-1df8-73bd8bf8d664" testName="ControlServer.Tests.JourneyRuntimeOptionsTests.TheGateScalarsAreGoneAndAnAllowListWithoutWireToGateIsNoLongerRefused" computerName="LAB-WIN-01" duration="00:00:00.0146223" startTime="2026-09-19T20:33:14.9552806+08:00" endTime="2026-09-19T20:33:14.9700359+08:00" testType="13cdc9d9-ddb5-4fa4-a97d-d965ccfc6d4b" outcome="Passed" testListId="8c84fa94-04c1-424b-9868-57a2d4851a1d" relativeResultsDirectory="d0cc4e80-ed81-4b09-93c9-4f22ec3e2385" />
    <UnitTestResult executionId="7d9b6d1b-109e-47da-be64-d7942b9b837c" testId="370eb252-7278-5f1b-2a41-14ea0066b086" testName="ControlServer.Tests.BoundFixedTaskStationResolverTests.ATaskTypeTheRulesDoNotKnowIsOutOfScope(withRules: True)" computerName="LAB-WIN-01" duration="00:00:01.2041823" startTime="2026-09-19T20:33:23.9917343+08:00" endTime="2026-09-19T20:33:25.1959765+08:00" testType="13cdc9d9-ddb5-4fa4-a97d-d965ccfc6d4b" outcome="Passed" testListId="8c84fa94-04c1-424b-9868-57a2d4851a1d" relativeResultsDirectory="7d9b6d1b-109e-47da-be64-d7942b9b837c" />
    <UnitTestResult executionId="2205eb4c-c68b-4c84-b8c6-1719ed4f2551" testId="4aad4c0b-9e5c-1a18-4a52-de05a2b17356" testName="ControlServer.Tests.BoundFixedTaskStationResolverTests.ABoundStationMissingFromTheCatalogRefusesOnlyItsOwnTaskType(shape: &quot;absent&quot;)" computerName="LAB-WIN-01" duration="00:00:01.7642262" startTime="2026-09-19T20:33:19.1644950+08:00" endTime="2026-09-19T20:33:20.9288081+08:00" testType="13cdc9d9-ddb5-4fa4-a97d-d965ccfc6d4b" outcome="Passed" testListId="8c84fa94-04c1-424b-9868-57a2d4851a1d" relativeResultsDirectory="2205eb4c-c68b-4c84-b8c6-1719ed4f2551" />
    <UnitTestResult executionId="cf519d9a-604a-4114-88ab-9123ae37ff4e" testId="29c4b6c3-f117-a7f1-63a6-f798a9e202cf" testName="ControlServer.Tests.TaskTypeAdmissionRuntimeTests.ABoundStationMissingFromTheCatalogNeitherInvalidatesTheMapNorStopsAJourneyUnderWay" computerName="LAB-WIN-01" duration="00:00:00.4097232" startTime="2026-09-19T20:33:22.0118165+08:00" endTime="2026-09-19T20:33:22.4216277+08:00" testType="13cdc9d9-ddb5-4fa4-a97d-d965ccfc6d4b" outcome="Passed" testListId="8c84fa94-04c1-424b-9868-57a2d4851a1d" relativeResultsDirectory="cf519d9a-604a-4114-88ab-9123ae37ff4e" />
    <UnitTestResult executionId="94aeab28-5b6c-4d5b-8d67-32b599bbffcb" testId="45aa103a-0201-b467-6ecf-3ebdd9d31318" testName="ControlServer.Tests.TaskTypeAdmissionBacklogDescriptionTests.TheBacklogCarriesAChineseDescriptionForEveryTaskTypeAdmissionReason(reason: &quot;TASK_TYPE_BINDING_MISSING&quot;)" computerName="LAB-WIN-01" duration="00:00:01.5271451" startTime="2026-09-19T20:33:21.2431203+08:00" endTime="2026-09-19T20:33:22.7703319+08:00" testType="13cdc9d9-ddb5-4fa4-a97d-d965ccfc6d4b" outcome="Passed" testListId="8c84fa94-04c1-424b-9868-57a2d4851a1d" relativeResultsDirectory="94aeab28-5b6c-4d5b-8d67-32b599bbffcb" />
    <UnitTestResult executionId="84461c17-db67-47b0-b313-928480a52e5c" testId="d42a0637-be38-b168-ef08-cf687ad798e8" testName="ControlServer.Tests.TaskTypeAdmissionChainTests.EachRefusalOfTheTaskTypesBindingIsTheCandidatesVerdict(refusal: &quot;OUT_OF_SCOPE_WORK_TYPE&quot;)" computerName="LAB-WIN-01" duration="00:00:00.1857958" startTime="2026-09-19T20:33:16.8798292+08:00" endTime="2026-09-19T20:33:17.0656982+08:00" testType="13cdc9d9-ddb5-4fa4-a97d-d965ccfc6d4b" outcome="Passed" testListId="8c84fa94-04c1-424b-9868-57a2d4851a1d" relativeResultsDirectory="84461c17-db67-47b0-b313-928480a52e5c" />
    <UnitTestResult executionId="923011e4-3e6f-47e2-8a1e-e1edef949f32" testId="51e3fc2a-6bfd-ab8c-6795-e96c23190a1f" testName="ControlServer.Tests.TaskTypeAdmissionChainTests.EachRefusalOfTheTaskTypesBindingIsTheCandidatesVerdict(refusal: &quot;TASK_TYPE_BINDING_STATION_NOT_IN_CATALOG&quot;)" computerName="LAB-WIN-01" duration="00:00:00.1806940" startTime="2026-09-19T20:33:17.3367115+08:00" endTime="2026-09-19T20:33:17.5174714+08:00" testType="13cdc9d9-ddb5-4fa4-a97d-d965ccfc6d4b" outcome="Passed" testListId="8c84fa94-04c1-424b-9868-57a2d4851a1d" relativeResultsDirectory="923011e4-3e6f-47e2-8a1e-e1edef949f32" />
    <UnitTestResult executionId="1abeeffc-28e0-4a0b-971f-0e23f7733614" testId="b2ba7d96-2089-4329-20e0-71dcbb354270" testName="ControlServer.Tests.DemandTaskTypeStationIntakeFreezeTests.AcceptingADemandFreezesTheRuleAndBindingSetVersionsItWasJudgedUnderInTheSameTransaction" computerName="LAB-WIN-01" duration="00:00:01.4859309" startTime="2026-09-19T20:33:23.3551850+08:00" endTime="2026-09-19T20:33:24.8411843+08:00" testType="13cdc9d9-ddb5-4fa4-a97d-d965ccfc6d4b" outcome="Passed" testListId="8c84fa94-04c1-424b-9868-57a2d4851a1d" relativeResultsDirectory="1abeeffc-28e0-4a0b-971f-0e23f7733614" />
    <UnitTestResult executionId="69604e04-11f5-493f-930a-aac5a46656a0" testId="11aed430-c276-b30f-2dfe-21a3b2813eab" testName="ControlServer.Tests.StationTaskTypeAdmissionAreaEndTests.ADestinationEndRouteIsAdmittedAtItsPickupStation(admittedStation: &quot;关卡&quot;, expected: &quot;TASK_TYPE_NOT_ALLOWED_AT_STATION&quot;)" computerName="LAB-WIN-01" duration="00:00:00.1994580" startTime="2026-09-19T20:33:17.5224654+08:00" endTime="2026-09-19T20:33:17.7219972+08:00" testType="13cdc9d9-ddb5-4fa4-a97d-d965ccfc6d4b" outcome="Passed" testListId="8c84fa94-04c1-424b-9868-57a2d4851a1d" relativeResultsDirectory="69604e04-11f5-493f-930a-aac5a46656a0" />
    <UnitTestResult executionId="94cf20ce-058f-4e0c-b6b9-5628b5510e93" testId="35416b64-fc03-f695-f6e5-7a4fd1da25e9" testName="ControlServer.Tests.TaskTypeAdmissionChainTests.ABoundTaskTypeThisBuildCannotExecuteIsNotYetExecutableAndAMissingBindingIsNamedFirst" computerName="LAB-WIN-01" duration="00:00:00.1859982" startTime="2026-09-19T20:33:17.9867145+08:00" endTime="2026-09-19T20:33:18.1727830+08:00" testType="13cdc9d9-ddb5-4fa4-a97d-d965ccfc6d4b" outcome="Passed" testListId="8c84fa94-04c1-424b-9868-57a2d4851a1d" relativeResultsDirectory="94cf20ce-058f-4e0c-b6b9-5628b5510e93" />
    <UnitTestResult executionId="198b1d42-5b2a-47ed-bb86-4185fd3a9845" testId="3ff9438b-5638-a852-c9fe-689ef4a93861" testName="ControlServer.Tests.AreaEqpUniqueAcrossTaskTypesTests.AnotherTaskTypesRowThatAgreesOrNamesAnotherAreaLetsTheCandidateThrough(area: &quot;N1-3&quot;, eqp: &quot;EQP-A&quot;)" computerName="LAB-WIN-01" duration="00:00:00.0397488" startTime="2026-09-19T20:33:14.8907047+08:00" endTime="2026-09-19T20:33:14.9436481+08:00" testType="13cdc9d9-ddb5-4fa4-a97d-d965ccfc6d4b" outcome="Passed" testListId="8c84fa94-04c1-424b-9868-57a2d4851a1d" relativeResultsDirectory="198b1d42-5b2a-47ed-bb86-4185fd3a9845" />
    <UnitTestResult executionId="1e4dbfdd-006b-418b-8ba2-5dd42761d14f" testId="865cfc03-ab0f-5f2f-57d6-869bbdad2290" testName="ControlServer.Tests.StationTaskTypeAdmissionAreaEndTests.ADestinationEndRouteIsAdmittedAtItsPickupStation(admittedStation: &quot;N1-1&quot;, expected: &quot;ELIGIBLE&quot;)" computerName="LAB-WIN-01" duration="00:00:00.1844616" startTime="2026-09-19T20:33:17.3371344+08:00" endTime="2026-09-19T20:33:17.5216497+08:00" testType="13cdc9d9-ddb5-4fa4-a97d-d965ccfc6d4b" outcome="Passed" testListId="8c84fa94-04c1-424b-9868-57a2d4851a1d" relativeResultsDirectory="1e4dbfdd-006b-418b-8ba2-5dd42761d14f" />
    <UnitTestResult executionId="a378170e-8691-4848-8195-cce3a2398dac" testId="ee53cbaf-1019-ac67-11d1-9ef7dcfb2744" testName="ControlServer.Tests.BoundFixedTaskStationResolverTests.ABoundStationMissingFromTheCatalogRefusesOnlyItsOwnTaskType(shape: &quot;other-map&quot;)" computerName="LAB-WIN-01" duration="00:00:03.1681559" startTime="2026-09-19T20:33:14.8907039+08:00" endTime="2026-09-19T20:33:18.0681720+08:00" testType="13cdc9d9-ddb5-4fa4-a97d-d965ccfc6d4b" outcome="Passed" testListId="8c84fa94-04c1-424b-9868-57a2d4851a1d" relativeResultsDirectory="a378170e-8691-4848-8195-cce3a2398dac" />
    <UnitTestResult executionId="5b2afe3b-3be4-4bef-b854-e974825cf32c" testId="373abe55-020f-e829-6144-1fedbc920784" testName="ControlServer.Tests.StationTaskTypeAdmissionAreaEndTests.AnOriginEndRouteIsAdmittedAtItsDropoffStation(admittedStation: &quot;N1-1&quot;, expected: &quot;ELIGIBLE&quot;)" computerName="LAB-WIN-01" duration="00:00:00.2710731" startTime="2026-09-19T20:33:17.0643281+08:00" endTime="2026-09-19T20:33:17.3354443+08:00" testType="13cdc9d9-ddb5-4fa4-a97d-d965ccfc6d4b" outcome="Passed" testListId="8c84fa94-04c1-424b-9868-57a2d4851a1d" relativeResultsDirectory="5b2afe3b-3be4-4bef-b854-e974825cf32c" />
    <UnitTestResult executionId="bd347f11-2e4d-40d2-9ff5-d1275f94bb0b" testId="c6c07331-ca96-e14b-091f-19673c1aac17" testName="ControlServer.Tests.AreaEqpUniqueAcrossTaskTypesTests.AnotherTaskTypesRowNamingTheSameAreaWithAnotherEqpBlocksTheCandidate" computerName="LAB-WIN-01" duration="00:00:00.0005733" startTime="2026-09-19T20:33:14.9528647+08:00" endTime="2026-09-19T20:33:14.9534824+08:00" testType="13cdc9d9-ddb5-4fa4-a97d-d965ccfc6d4b" outcome="Passed" testListId="8c84fa94-04c1-424b-9868-57a2d4851a1d" relativeResultsDirectory="bd347f11-2e4d-40d2-9ff5-d1275f94bb0b" />
    <UnitTestResult executionId="056c40de-b10e-4e6f-b78d-a78eda9e2083" testId="172b6f99-5630-932f-19fc-7934b4fe5044" testName="ControlServer.Tests.TaskTypeHoldGateLegTests.AHeldTaskTypeGetsNoGateLegUntilTheHoldIsReleased(frozen: True)" computerName="LAB-WIN-01" duration="00:00:02.3936902" startTime="2026-09-19T20:33:24.2438644+08:00" endTime="2026-09-19T20:33:26.6376324+08:00" testType="13cdc9d9-ddb5-4fa4-a97d-d965ccfc6d4b" outcome="Passed" testListId="8c84fa94-04c1-424b-9868-57a2d4851a1d" relativeResultsDirectory="056c40de-b10e-4e6f-b78d-a78eda9e2083" />
    <UnitTestResult executionId="1024ee33-90ed-49d4-9be8-22a4a870c030" testId="75ab0c39-9361-0210-0650-f3cfb8c6c6d8" testName="ControlServer.Tests.BoundFixedTaskStationResolverTests.ATaskTypeWithoutAnEffectiveBindingIsRefusedAndNeverFallsBackToADefaultStation(shape: &quot;no-active-set&quot;)" computerName="LAB-WIN-01" duration="00:00:00.5903041" startTime="2026-09-19T20:33:25.9023246+08:00" endTime="2026-09-19T20:33:26.4927354+08:00" testType="13cdc9d9-ddb5-4fa4-a97d-d965ccfc6d4b" outcome="Passed" testListId="8c84fa94-04c1-424b-9868-57a2d4851a1d" relativeResultsDirectory="1024ee33-90ed-49d4-9be8-22a4a870c030" />
    <UnitTestResult executionId="e03f37b2-e25a-4be4-8966-83a8a8924b24" testId="88a3ba94-1d8e-42c0-40d7-d174491be3f8" testName="ControlServer.Tests.BoundFixedTaskStationResolverTests.ABoundStationMissingFromTheCatalogRefusesOnlyItsOwnTaskType(shape: &quot;renamed&quot;)" computerName="LAB-WIN-01" duration="00:00:01.0928142" startTime="2026-09-19T20:33:18.0696070+08:00" endTime="2026-09-19T20:33:19.1624958+08:00" testType="13cdc9d9-ddb5-4fa4-a97d-d965ccfc6d4b" outcome="Passed" testListId="8c84fa94-04c1-424b-9868-57a2d4851a1d" relativeResultsDirectory="e03f37b2-e25a-4be4-8966-83a8a8924b24" />
    <UnitTestResult executionId="2e94b950-e602-45ea-b199-41aa2f324b27" testId="7c9a8309-d8f4-c231-7dbc-0822510c342d" testName="ControlServer.Tests.TaskTypeHoldGateLegTests.AHoldRaisedAfterTheGateLegWasCreatedLeavesThatOrderAlone" computerName="LAB-WIN-01" duration="00:00:06.8887464" startTime="2026-09-19T20:33:14.8907900+08:00" endTime="2026-09-19T20:33:21.7889904+08:00" testType="13cdc9d9-ddb5-4fa4-a97d-d965ccfc6d4b" outcome="Passed" testListId="8c84fa94-04c1-424b-9868-57a2d4851a1d" relativeResultsDirectory="2e94b950-e602-45ea-b199-41aa2f324b27" />
    <UnitTestResult executionId="da2b30fa-dc8a-44b4-abfe-7b5ddd1ebd87" testId="2dececf5-fed5-0b2c-b64f-a620684862cc" testName="ControlServer.Tests.TaskTypeHoldGateLegTests.AHeldTaskTypeGetsNoGateLegUntilTheHoldIsReleased(frozen: False)" computerName="LAB-WIN-01" duration="00:00:02.4514758" startTime="2026-09-19T20:33:21.7909258+08:00" endTime="2026-09-19T20:33:24.2425020+08:00" testType="13cdc9d9-ddb5-4fa4-a97d-d965ccfc6d4b" outcome="Passed" testListId="8c84fa94-04c1-424b-9868-57a2d4851a1d" relativeResultsDirectory="da2b30fa-dc8a-44b4-abfe-7b5ddd1ebd87" />
    <UnitTestResult executionId="1d806726-4a03-4b11-90c1-508c285c04d5" testId="0b6d0768-6ef3-a352-47e5-2edce175df3d" testName="ControlServer.Tests.TaskTypeAdmissionChainTests.EachRefusalOfTheTaskTypesBindingIsTheCandidatesVerdict(refusal: &quot;TASK_TYPE_HELD&quot;)" computerName="LAB-WIN-01" duration="00:00:00.2692081" startTime="2026-09-19T20:33:17.0661854+08:00" endTime="2026-09-19T20:33:17.3354445+08:00" testType="13cdc9d9-ddb5-4fa4-a97d-d965ccfc6d4b" outcome="Passed" testListId="8c84fa94-04c1-424b-9868-57a2d4851a1d" relativeResultsDirectory="1d806726-4a03-4b11-90c1-508c285c04d5" />
    <UnitTestResult executionId="b9e2df7a-806e-4e36-a456-3e4f37713b56" testId="02e714d9-173d-318d-1e58-af239065a1ad" testName="ControlServer.Tests.BoundFixedTaskStationResolverTests.ABoundTaskTypeResolvesToItsBoundStationUnderTheActiveVersions" computerName="LAB-WIN-01" duration="00:00:00.6993073" startTime="2026-09-19T20:33:25.1974129+08:00" endTime="2026-09-19T20:33:25.8968388+08:00" testType="13cdc9d9-ddb5-4fa4-a97d-d965ccfc6d4b" outcome="Passed" testListId="8c84fa94-04c1-424b-9868-57a2d4851a1d" relativeResultsDirectory="b9e2df7a-806e-4e36-a456-3e4f37713b56" />
    <UnitTestResult executionId="527a9996-03d1-46f7-8cc9-eb8eb9a4df2c" testId="cca1991b-aa4e-2db4-5aab-d0a081bb492e" testName="ControlServer.Tests.TaskTypeAdmissionRuntimeTests.TheAdmissionSeedReadsTheRulesTheActiveBindingSetWasBuiltOnNotTheLatest" computerName="LAB-WIN-01" duration="00:00:00.4342490" startTime="2026-09-19T20:33:22.4235191+08:00" endTime="2026-09-19T20:33:22.8578409+08:00" testType="13cdc9d9-ddb5-4fa4-a97d-d965ccfc6d4b" outcome="Passed" testListId="8c84fa94-04c1-424b-9868-57a2d4851a1d" relativeResultsDirectory="527a9996-03d1-46f7-8cc9-eb8eb9a4df2c" />
    <UnitTestResult executionId="bd195358-0479-4b5e-8bab-07a288820fda" testId="4d19bb05-112a-7a9d-c0d3-a513e1041403" testName="ControlServer.Tests.BoundFixedTaskStationResolverTests.AHeldTaskTypeIsRefusedWhateverRaisedTheHoldAndOnlyThatTaskType(source: &quot;CATALOG_CHANGE&quot;)" computerName="LAB-WIN-01" duration="00:00:00.3968308" startTime="2026-09-19T20:33:27.1432207+08:00" endTime="2026-09-19T20:33:27.5401129+08:00" testType="13cdc9d9-ddb5-4fa4-a97d-d965ccfc6d4b" outcome="Passed" testListId="8c84fa94-04c1-424b-9868-57a2d4851a1d" relativeResultsDirectory="bd195358-0479-4b5e-8bab-07a288820fda" />
    <UnitTestResult executionId="15600bb1-65bc-4944-b064-7ddae5c0abaa" testId="8d6f6c74-71f0-1500-8509-33241ac9bb03" testName="ControlServer.Tests.BoundFixedTaskStationResolverTests.ATaskTypeWithoutAnEffectiveBindingIsRefusedAndNeverFallsBackToADefaultStation(shape: &quot;required-but-unbound&quot;)" computerName="LAB-WIN-01" duration="00:00:00.2747844" startTime="2026-09-19T20:33:26.8665110+08:00" endTime="2026-09-19T20:33:27.1413592+08:00" testType="13cdc9d9-ddb5-4fa4-a97d-d965ccfc6d4b" outcome="Passed" testListId="8c84fa94-04c1-424b-9868-57a2d4851a1d" relativeResultsDirectory="15600bb1-65bc-4944-b064-7ddae5c0abaa" />
    <UnitTestResult executionId="e0a6fab9-cb2b-499c-a6fb-d9737007501b" testId="7c6ed185-efe2-cd0b-cac8-0bd7e64a92b5" testName="ControlServer.Tests.TaskTypeAdmissionChainTests.ATaskTypeTheDeploymentDoesNotAllowIsOutOfScopeEvenWhenBound" computerName="LAB-WIN-01" duration="00:00:00.1927222" startTime="2026-09-19T20:33:17.5201533+08:00" endTime="2026-09-19T20:33:17.7129468+08:00" testType="13cdc9d9-ddb5-4fa4-a97d-d965ccfc6d4b" outcome="Passed" testListId="8c84fa94-04c1-424b-9868-57a2d4851a1d" relativeResultsDirectory="e0a6fab9-cb2b-499c-a6fb-d9737007501b" />
    <UnitTestResult executionId="5da836e1-1ea9-48c7-9a2f-77ed558fde3e" testId="e9561bb8-eaef-13e6-431b-087b3aeb614b" testName="ControlServer.Tests.StationTaskTypeAdmissionAreaEndTests.AnOriginEndRouteIsAdmittedAtItsDropoffStation(admittedStation: &quot;派工待送取货&quot;, expected: &quot;TASK_TYPE_NOT_ALLOWED_AT_STATION&quot;)" computerName="LAB-WIN-01" duration="00:00:02.1670354" startTime="2026-09-19T20:33:14.8907600+08:00" endTime="2026-09-19T20:33:17.0628623+08:00" testType="13cdc9d9-ddb5-4fa4-a97d-d965ccfc6d4b" outcome="Passed" testListId="8c84fa94-04c1-424b-9868-57a2d4851a1d" relativeResultsDirectory="5da836e1-1ea9-48c7-9a2f-77ed558fde3e" />
    <UnitTestResult executionId="54ae2ff7-b8f7-4c51-92ae-3b505d18a623" testId="a1194fdb-e32c-a2b1-c6bc-3e7f1ffa0e8f" testName="ControlServer.Tests.BoundFixedTaskStationResolverTests.ATaskTypeTheRulesDoNotKnowIsOutOfScope(withRules: False)" computerName="LAB-WIN-01" duration="00:00:01.4999802" startTime="2026-09-19T20:33:22.4904366+08:00" endTime="2026-09-19T20:33:23.9904688+08:00" testType="13cdc9d9-ddb5-4fa4-a97d-d965ccfc6d4b" outcome="Passed" testListId="8c84fa94-04c1-424b-9868-57a2d4851a1d" relativeResultsDirectory="54ae2ff7-b8f7-4c51-92ae-3b505d18a623" />
    <UnitTestResult executionId="5185c5c5-d301-47b8-b599-e7e4a2ddfd40" testId="65afd758-2d8e-77a8-bdd9-60f5e9b6af68" testName="ControlServer.Tests.BoundFixedTaskStationResolverTests.ATaskTypeWithoutAnEffectiveBindingIsRefusedAndNeverFallsBackToADefaultStation(shape: &quot;not-required&quot;)" computerName="LAB-WIN-01" duration="00:00:00.3706767" startTime="2026-09-19T20:33:26.4942794+08:00" endTime="2026-09-19T20:33:26.8650294+08:00" testType="13cdc9d9-ddb5-4fa4-a97d-d965ccfc6d4b" outcome="Passed" testListId="8c84fa94-04c1-424b-9868-57a2d4851a1d" relativeResultsDirectory="5185c5c5-d301-47b8-b599-e7e4a2ddfd40" />
    <UnitTestResult executionId="6f91d139-28dc-46ee-86a0-1a60abeb1fbc" testId="1d56de7d-add0-07d0-6dd2-13812fed45c3" testName="ControlServer.Tests.DemandTaskTypeStationIntakeFreezeTests.AReplayClaimingVersionsTheDemandNeverFrozeIsADifferentAcceptance" computerName="LAB-WIN-01" duration="00:00:01.5282440" startTime="2026-09-19T20:33:18.6901681+08:00" endTime="2026-09-19T20:33:20.2184878+08:00" testType="13cdc9d9-ddb5-4fa4-a97d-d965ccfc6d4b" outcome="Passed" testListId="8c84fa94-04c1-424b-9868-57a2d4851a1d" relativeResultsDirectory="6f91d139-28dc-46ee-86a0-1a60abeb1fbc" />
    <UnitTestResult executionId="3278e061-a752-4bac-ae88-0d26a166953a" testId="81ca06f6-f2fd-a6e3-cd3a-520675eaf339" testName="ControlServer.Tests.DemandTaskTypeStationIntakeFreezeTests.AcceptingFreezesBothEndpointsInTheSameTransactionOverStaleRowsOfARefusedAttempt" computerName="LAB-WIN-01" duration="00:00:03.7883823" startTime="2026-09-19T20:33:14.8907707+08:00" endTime="2026-09-19T20:33:18.6884852+08:00" testType="13cdc9d9-ddb5-4fa4-a97d-d965ccfc6d4b" outcome="Passed" testListId="8c84fa94-04c1-424b-9868-57a2d4851a1d" relativeResultsDirectory="3278e061-a752-4bac-ae88-0d26a166953a" />
    <UnitTestResult executionId="2ef1efee-14f9-4c66-bf64-7bf36b299c95" testId="26f935ad-c807-4c45-ddb9-7574a9bb04a2" testName="ControlServer.Tests.TaskTypeAdmissionBacklogDescriptionTests.TheBacklogCarriesAChineseDescriptionForEveryTaskTypeAdmissionReason(reason: &quot;TASK_TYPE_NOT_YET_EXECUTABLE&quot;)" computerName="LAB-WIN-01" duration="00:00:01.6966619" startTime="2026-09-19T20:33:19.5448167+08:00" endTime="2026-09-19T20:33:21.2415564+08:00" testType="13cdc9d9-ddb5-4fa4-a97d-d965ccfc6d4b" outcome="Passed" testListId="8c84fa94-04c1-424b-9868-57a2d4851a1d" relativeResultsDirectory="2ef1efee-14f9-4c66-bf64-7bf36b299c95" />
    <UnitTestResult executionId="bebef545-454e-43b8-bed0-da8dd28d3d18" testId="9c6ef6b3-fc7f-6190-c3a6-288c0ce24e01" testName="ControlServer.Tests.DemandTaskTypeStationIntakeFreezeTests.AReplayCarryingTheFrozenVersionsIsTheSameAcceptance" computerName="LAB-WIN-01" duration="00:00:01.5189600" startTime="2026-09-19T20:33:21.8336546+08:00" endTime="2026-09-19T20:33:23.3527174+08:00" testType="13cdc9d9-ddb5-4fa4-a97d-d965ccfc6d4b" outcome="Passed" testListId="8c84fa94-04c1-424b-9868-57a2d4851a1d" relativeResultsDirectory="bebef545-454e-43b8-bed0-da8dd28d3d18" />
    <UnitTestResult executionId="6c99f310-cfb2-4994-8d73-1ed4732aa1e7" testId="49b99b6a-b1c8-811f-733f-132078743ea9" testName="ControlServer.Tests.TaskTypeAdmissionBacklogDescriptionTests.TheBacklogCarriesAChineseDescriptionForEveryTaskTypeAdmissionReason(reason: &quot;TASK_TYPE_HELD&quot;)" computerName="LAB-WIN-01" duration="00:00:01.4015895" startTime="2026-09-19T20:33:18.1399442+08:00" endTime="2026-09-19T20:33:19.5416239+08:00" testType="13cdc9d9-ddb5-4fa4-a97d-d965ccfc6d4b" outcome="Passed" testListId="8c84fa94-04c1-424b-9868-57a2d4851a1d" relativeResultsDirectory="6c99f310-cfb2-4994-8d73-1ed4732aa1e7" />
    <UnitTestResult executionId="a0e8a3c8-7efb-4ef6-980b-a6a60e6439c5" testId="933b80e1-b735-0fd5-7821-7f7e327ca559" testName="ControlServer.Tests.BoundFixedTaskStationResolverTests.AHeldTaskTypeIsRefusedWhateverRaisedTheHoldAndOnlyThatTaskType(source: &quot;MANUAL&quot;)" computerName="LAB-WIN-01" duration="00:00:00.2812277" startTime="2026-09-19T20:33:27.5416189+08:00" endTime="2026-09-19T20:33:27.8229344+08:00" testType="13cdc9d9-ddb5-4fa4-a97d-d965ccfc6d4b" outcome="Passed" testListId="8c84fa94-04c1-424b-9868-57a2d4851a1d" relativeResultsDirectory="a0e8a3c8-7efb-4ef6-980b-a6a60e6439c5" />
    <UnitTestResult executionId="19392023-e6a1-4adc-b964-e4c77c1d9d09" testId="728cd4ce-7aad-814f-76d7-f7afe6135aff" testName="ControlServer.Tests.TaskTypeAdmissionChainTests.AMissingBindingStopsOnlyItsOwnTaskTypeAndTheRestOfTheRoundIsJudgedAsUsual" computerName="LAB-WIN-01" duration="00:00:00.2699311" startTime="2026-09-19T20:33:17.7146154+08:00" endTime="2026-09-19T20:33:17.9846227+08:00" testType="13cdc9d9-ddb5-4fa4-a97d-d965ccfc6d4b" outcome="Passed" testListId="8c84fa94-04c1-424b-9868-57a2d4851a1d" relativeResultsDirectory="19392023-e6a1-4adc-b964-e4c77c1d9d09" />
    <UnitTestResult executionId="b4c720cb-d022-47c5-95a7-df90dab26386" testId="1cd7c97a-bc2e-d565-67dd-2d3438c4ae0c" testName="ControlServer.Tests.BoundFixedTaskStationResolverTests.AMissingBindingIsNamedAheadOfAHold" computerName="LAB-WIN-01" duration="00:00:00.3131776" startTime="2026-09-19T20:33:27.8256955+08:00" endTime="2026-09-19T20:33:28.1389423+08:00" testType="13cdc9d9-ddb5-4fa4-a97d-d965ccfc6d4b" outcome="Passed" testListId="8c84fa94-04c1-424b-9868-57a2d4851a1d" relativeResultsDirectory="b4c720cb-d022-47c5-95a7-df90dab26386" />
    <UnitTestResult executionId="b7a7f348-478a-403f-817a-f5caeff9cbbd" testId="910f4bdd-ed64-28cb-cf61-0b46e49f6451" testName="ControlServer.Tests.DemandTaskTypeStationIntakeFreezeTests.AReplayNamingOtherVersionsIsADifferentAcceptanceAndTheFreezeStands" computerName="LAB-WIN-01" duration="00:00:01.6116396" startTime="2026-09-19T20:33:20.2202125+08:00" endTime="2026-09-19T20:33:21.8319427+08:00" testType="13cdc9d9-ddb5-4fa4-a97d-d965ccfc6d4b" outcome="Passed" testListId="8c84fa94-04c1-424b-9868-57a2d4851a1d" relativeResultsDirectory="b7a7f348-478a-403f-817a-f5caeff9cbbd" />
    <UnitTestResult executionId="14019736-d33d-487e-8982-7761663cb919" testId="cd5b6f67-e439-5c6b-f224-4cd2a276838d" testName="ControlServer.Tests.TaskTypeAdmissionRuntimeTests.TheAcceptanceFreezesTheVersionsAndTheStationAndARebindingAndARestartChangeNeither" computerName="LAB-WIN-01" duration="00:00:06.8017966" startTime="2026-09-19T20:33:14.8907294+08:00" endTime="2026-09-19T20:33:21.7032973+08:00" testType="13cdc9d9-ddb5-4fa4-a97d-d965ccfc6d4b" outcome="Passed" testListId="8c84fa94-04c1-424b-9868-57a2d4851a1d" relativeResultsDirectory="14019736-d33d-487e-8982-7761663cb919" />
    <UnitTestResult executionId="e64552b6-86fc-4c4d-8f2d-bbf8cc962cca" testId="11b58485-44fb-4847-62d8-85e319727898" testName="ControlServer.Tests.TaskTypeAdmissionRuntimeTests.AnAcceptanceRefusedAtTheLastMomentLeavesNothingFrozenSoARebindingIsTakenNextRound" computerName="LAB-WIN-01" duration="00:00:00.3165551" startTime="2026-09-19T20:33:22.8593039+08:00" endTime="2026-09-19T20:33:23.1759166+08:00" testType="13cdc9d9-ddb5-4fa4-a97d-d965ccfc6d4b" outcome="Passed" testListId="8c84fa94-04c1-424b-9868-57a2d4851a1d" relativeResultsDirectory="e64552b6-86fc-4c4d-8f2d-bbf8cc962cca" />
    <UnitTestResult executionId="3890efec-dad8-405e-94f4-a50a8657a63a" testId="c55f484b-6a2b-7a95-dde0-0ea3c56bf28f" testName="ControlServer.Tests.TaskTypeAdmissionChainTests.EachRefusalOfTheTaskTypesBindingIsTheCandidatesVerdict(refusal: &quot;TASK_TYPE_BINDING_MISSING&quot;)" computerName="LAB-WIN-01" duration="00:00:01.9822125" startTime="2026-09-19T20:33:14.8907505+08:00" endTime="2026-09-19T20:33:16.8780404+08:00" testType="13cdc9d9-ddb5-4fa4-a97d-d965ccfc6d4b" outcome="Passed" testListId="8c84fa94-04c1-424b-9868-57a2d4851a1d" relativeResultsDirectory="3890efec-dad8-405e-94f4-a50a8657a63a" />
    <UnitTestResult executionId="30b24a3b-d236-4691-a38a-98c6e7b8c2eb" testId="cb0ed075-9ca0-4d8e-a30c-4a1db8724940" testName="ControlServer.Tests.TaskTypeAdmissionFailClosedVectorTests.OnlyTheBoundTaskTypeIsAdmittedAndTheMissingBindingFailsClosedWithoutReachingTheVehicle" computerName="LAB-WIN-01" duration="00:00:04.3395654" startTime="2026-09-19T20:33:14.8907987+08:00" endTime="2026-09-19T20:33:19.2397161+08:00" testType="13cdc9d9-ddb5-4fa4-a97d-d965ccfc6d4b" outcome="Passed" testListId="8c84fa94-04c1-424b-9868-57a2d4851a1d" relativeResultsDirectory="30b24a3b-d236-4691-a38a-98c6e7b8c2eb" />
    <UnitTestResult executionId="4400d5bf-ab92-4632-8a8e-6594697579c7" testId="29f617b5-6bcd-7706-e064-1228758a03f5" testName="ControlServer.Tests.TaskTypeAdmissionBacklogDescriptionTests.TheBacklogCarriesAChineseDescriptionForEveryTaskTypeAdmissionReason(reason: &quot;OUT_OF_SCOPE_WORK_TYPE&quot;)" computerName="LAB-WIN-01" duration="00:00:01.7189785" startTime="2026-09-19T20:33:22.7715849+08:00" endTime="2026-09-19T20:33:24.4906283+08:00" testType="13cdc9d9-ddb5-4fa4-a97d-d965ccfc6d4b" outcome="Passed" testListId="8c84fa94-04c1-424b-9868-57a2d4851a1d" relativeResultsDirectory="4400d5bf-ab92-4632-8a8e-6594697579c7" />
    <UnitTestResult executionId="76211299-b642-41c4-9d18-3729fedee881" testId="5964c62f-d622-7baa-bebd-c30ed06d782d" testName="ControlServer.Tests.TaskTypeAdmissionRuntimeTests.ANewerRuleVersionWithTheActiveBindingSetUnchangedStillFreezesTheBindingSetsOwnRuleVersion" computerName="LAB-WIN-01" duration="00:00:00.3013715" startTime="2026-09-19T20:33:21.7083969+08:00" endTime="2026-09-19T20:33:22.0098432+08:00" testType="13cdc9d9-ddb5-4fa4-a97d-d965ccfc6d4b" outcome="Passed" testListId="8c84fa94-04c1-424b-9868-57a2d4851a1d" relativeResultsDirectory="76211299-b642-41c4-9d18-3729fedee881" />
    <UnitTestResult executionId="0abc130c-2911-45cd-a95d-e034c346053f" testId="3fd0dae0-b448-34b4-db08-a0041291704b" testName="ControlServer.Tests.BoundFixedTaskStationResolverTests.AnActivationWhoseOutcomeIsUnknownHoldsEveryTaskTypeOfTheMap" computerName="LAB-WIN-01" duration="00:00:01.5587123" startTime="2026-09-19T20:33:20.9306954+08:00" endTime="2026-09-19T20:33:22.4894706+08:00" testType="13cdc9d9-ddb5-4fa4-a97d-d965ccfc6d4b" outcome="Passed" testListId="8c84fa94-04c1-424b-9868-57a2d4851a1d" relativeResultsDirectory="0abc130c-2911-45cd-a95d-e034c346053f" />
    <UnitTestResult executionId="1c86b9e5-9d0e-446f-a477-db9157c075fa" testId="85a0def8-5da6-f81f-fb97-183b5bbad7af" testName="ControlServer.Tests.AreaEqpUniqueAcrossTaskTypesTests.AnotherTaskTypesRowThatAgreesOrNamesAnotherAreaLetsTheCandidateThrough(area: &quot;N1-5&quot;, eqp: &quot;EQP-B&quot;)" computerName="LAB-WIN-01" duration="00:00:00.0005082" startTime="2026-09-19T20:33:14.9497126+08:00" endTime="2026-09-19T20:33:14.9503202+08:00" testType="13cdc9d9-ddb5-4fa4-a97d-d965ccfc6d4b" outcome="Passed" testListId="8c84fa94-04c1-424b-9868-57a2d4851a1d" relativeResultsDirectory="1c86b9e5-9d0e-446f-a477-db9157c075fa" />
    <UnitTestResult executionId="f0456823-7ce1-4f43-a965-da13a872b531" testId="250d7edd-3c97-50f7-a901-bbe37091e1ea" testName="ControlServer.Tests.TaskTypeAdmissionBacklogDescriptionTests.TheBacklogCarriesAChineseDescriptionForEveryTaskTypeAdmissionReason(reason: &quot;TASK_TYPE_BINDING_STATION_NOT_IN_CATALOG&quot;)" computerName="LAB-WIN-01" duration="00:00:03.2388316" startTime="2026-09-19T20:33:14.8907187+08:00" endTime="2026-09-19T20:33:18.1388401+08:00" testType="13cdc9d9-ddb5-4fa4-a97d-d965ccfc6d4b" outcome="Passed" testListId="8c84fa94-04c1-424b-9868-57a2d4851a1d" relativeResultsDirectory="f0456823-7ce1-4f43-a965-da13a872b531" />
    <UnitTestResult executionId="6dfac96d-5c6c-45d4-b15c-9b61bf9d06f9" testId="ee28bd35-2659-d8cb-a984-b4da2877f6d6" testName="ControlServer.Tests.JourneyRuntimeOptionsTests.TheShippedAllowListNamesAllSixTaskTypesSoTheBindingsDecide" computerName="LAB-WIN-01" duration="00:00:00.0541747" startTime="2026-09-19T20:33:14.8908075+08:00" endTime="2026-09-19T20:33:14.9542994+08:00" testType="13cdc9d9-ddb5-4fa4-a97d-d965ccfc6d4b" outcome="Passed" testListId="8c84fa94-04c1-424b-9868-57a2d4851a1d" relativeResultsDirectory="6dfac96d-5c6c-45d4-b15c-9b61bf9d06f9" />
  </Results>
  <TestDefinitions>
    <UnitTest name="ControlServer.Tests.DemandTaskTypeStationIntakeFreezeTests.AReplayClaimingVersionsTheDemandNeverFrozeIsADifferentAcceptance" storage="c:\users\szy\desktop\8005-workspace-v2\worktrees\rig-cs165-8005-agv-control-server\tests\controlserver.tests\bin\release\net8.0\win-x64\controlserver.tests.dll" id="1d56de7d-add0-07d0-6dd2-13812fed45c3">
      <Execution id="6f91d139-28dc-46ee-86a0-1a60abeb1fbc" />
      <TestMethod codeBase="C:\Users\szy\Desktop\8005-workspace-v2\worktrees\rig-cs165-8005-agv-control-server\tests\ControlServer.Tests\bin\Release\net8.0\win-x64\ControlServer.Tests.dll" adapterTypeName="executor://xunit/VsTestRunner3/netcore/" className="ControlServer.Tests.DemandTaskTypeStationIntakeFreezeTests" name="AReplayClaimingVersionsTheDemandNeverFrozeIsADifferentAcceptance" />
    </UnitTest>
    <UnitTest name="ControlServer.Tests.DemandTaskTypeStationIntakeFreezeTests.AReplayNamingOtherVersionsIsADifferentAcceptanceAndTheFreezeStands" storage="c:\users\szy\desktop\8005-workspace-v2\worktrees\rig-cs165-8005-agv-control-server\tests\controlserver.tests\bin\release\net8.0\win-x64\controlserver.tests.dll" id="910f4bdd-ed64-28cb-cf61-0b46e49f6451">
      <Execution id="b7a7f348-478a-403f-817a-f5caeff9cbbd" />
      <TestMethod codeBase="C:\Users\szy\Desktop\8005-workspace-v2\worktrees\rig-cs165-8005-agv-control-server\tests\ControlServer.Tests\bin\Release\net8.0\win-x64\ControlServer.Tests.dll" adapterTypeName="executor://xunit/VsTestRunner3/netcore/" className="ControlServer.Tests.DemandTaskTypeStationIntakeFreezeTests" name="AReplayNamingOtherVersionsIsADifferentAcceptanceAndTheFreezeStands" />
    </UnitTest>
    <UnitTest name="ControlServer.Tests.DemandTaskTypeStationIntakeFreezeTests.AReplayCarryingTheFrozenVersionsIsTheSameAcceptance" storage="c:\users\szy\desktop\8005-workspace-v2\worktrees\rig-cs165-8005-agv-control-server\tests\controlserver.tests\bin\release\net8.0\win-x64\controlserver.tests.dll" id="9c6ef6b3-fc7f-6190-c3a6-288c0ce24e01">
      <Execution id="bebef545-454e-43b8-bed0-da8dd28d3d18" />
      <TestMethod codeBase="C:\Users\szy\Desktop\8005-workspace-v2\worktrees\rig-cs165-8005-agv-control-server\tests\ControlServer.Tests\bin\Release\net8.0\win-x64\ControlServer.Tests.dll" adapterTypeName="executor://xunit/VsTestRunner3/netcore/" className="ControlServer.Tests.DemandTaskTypeStationIntakeFreezeTests" name="AReplayCarryingTheFrozenVersionsIsTheSameAcceptance" />
    </UnitTest>
    <UnitTest name="ControlServer.Tests.TaskTypeAdmissionFailClosedVectorTests.OnlyTheBoundTaskTypeIsAdmittedAndTheMissingBindingFailsClosedWithoutReachingTheVehicle" storage="c:\users\szy\desktop\8005-workspace-v2\worktrees\rig-cs165-8005-agv-control-server\tests\controlserver.tests\bin\release\net8.0\win-x64\controlserver.tests.dll" id="cb0ed075-9ca0-4d8e-a30c-4a1db8724940">
      <Execution id="30b24a3b-d236-4691-a38a-98c6e7b8c2eb" />
      <TestMethod codeBase="C:\Users\szy\Desktop\8005-workspace-v2\worktrees\rig-cs165-8005-agv-control-server\tests\ControlServer.Tests\bin\Release\net8.0\win-x64\ControlServer.Tests.dll" adapterTypeName="executor://xunit/VsTestRunner3/netcore/" className="ControlServer.Tests.TaskTypeAdmissionFailClosedVectorTests" name="OnlyTheBoundTaskTypeIsAdmittedAndTheMissingBindingFailsClosedWithoutReachingTheVehicle" />
    </UnitTest>
    <UnitTest name="ControlServer.Tests.AreaEqpUniqueAcrossTaskTypesTests.AnotherTaskTypesRowThatAgreesOrNamesAnotherAreaLetsTheCandidateThrough(area: &quot;N1-5&quot;, eqp: &quot;EQP-B&quot;)" storage="c:\users\szy\desktop\8005-workspace-v2\worktrees\rig-cs165-8005-agv-control-server\tests\controlserver.tests\bin\release\net8.0\win-x64\controlserver.tests.dll" id="85a0def8-5da6-f81f-fb97-183b5bbad7af">
      <Execution id="1c86b9e5-9d0e-446f-a477-db9157c075fa" />
      <TestMethod codeBase="C:\Users\szy\Desktop\8005-workspace-v2\worktrees\rig-cs165-8005-agv-control-server\tests\ControlServer.Tests\bin\Release\net8.0\win-x64\ControlServer.Tests.dll" adapterTypeName="executor://xunit/VsTestRunner3/netcore/" className="ControlServer.Tests.AreaEqpUniqueAcrossTaskTypesTests" name="AnotherTaskTypesRowThatAgreesOrNamesAnotherAreaLetsTheCandidateThrough" />
    </UnitTest>
    <UnitTest name="ControlServer.Tests.BoundFixedTaskStationResolverTests.ABoundStationMissingFromTheCatalogRefusesOnlyItsOwnTaskType(shape: &quot;other-map&quot;)" storage="c:\users\szy\desktop\8005-workspace-v2\worktrees\rig-cs165-8005-agv-control-server\tests\controlserver.tests\bin\release\net8.0\win-x64\controlserver.tests.dll" id="ee53cbaf-1019-ac67-11d1-9ef7dcfb2744">
      <Execution id="a378170e-8691-4848-8195-cce3a2398dac" />
      <TestMethod codeBase="C:\Users\szy\Desktop\8005-workspace-v2\worktrees\rig-cs165-8005-agv-control-server\tests\ControlServer.Tests\bin\Release\net8.0\win-x64\ControlServer.Tests.dll" adapterTypeName="executor://xunit/VsTestRunner3/netcore/" className="ControlServer.Tests.BoundFixedTaskStationResolverTests" name="ABoundStationMissingFromTheCatalogRefusesOnlyItsOwnTaskType" />
    </UnitTest>
    <UnitTest name="ControlServer.Tests.TaskTypeAdmissionBacklogDescriptionTests.TheBacklogCarriesAChineseDescriptionForEveryTaskTypeAdmissionReason(reason: &quot;TASK_TYPE_NOT_YET_EXECUTABLE&quot;)" storage="c:\users\szy\desktop\8005-workspace-v2\worktrees\rig-cs165-8005-agv-control-server\tests\controlserver.tests\bin\release\net8.0\win-x64\controlserver.tests.dll" id="26f935ad-c807-4c45-ddb9-7574a9bb04a2">
      <Execution id="2ef1efee-14f9-4c66-bf64-7bf36b299c95" />
      <TestMethod codeBase="C:\Users\szy\Desktop\8005-workspace-v2\worktrees\rig-cs165-8005-agv-control-server\tests\ControlServer.Tests\bin\Release\net8.0\win-x64\ControlServer.Tests.dll" adapterTypeName="executor://xunit/VsTestRunner3/netcore/" className="ControlServer.Tests.TaskTypeAdmissionBacklogDescriptionTests" name="TheBacklogCarriesAChineseDescriptionForEveryTaskTypeAdmissionReason" />
    </UnitTest>
    <UnitTest name="ControlServer.Tests.TaskTypeAdmissionBacklogDescriptionTests.TheBacklogCarriesAChineseDescriptionForEveryTaskTypeAdmissionReason(reason: &quot;TASK_TYPE_BINDING_MISSING&quot;)" storage="c:\users\szy\desktop\8005-workspace-v2\worktrees\rig-cs165-8005-agv-control-server\tests\controlserver.tests\bin\release\net8.0\win-x64\controlserver.tests.dll" id="45aa103a-0201-b467-6ecf-3ebdd9d31318">
      <Execution id="94aeab28-5b6c-4d5b-8d67-32b599bbffcb" />
      <TestMethod codeBase="C:\Users\szy\Desktop\8005-workspace-v2\worktrees\rig-cs165-8005-agv-control-server\tests\ControlServer.Tests\bin\Release\net8.0\win-x64\ControlServer.Tests.dll" adapterTypeName="executor://xunit/VsTestRunner3/netcore/" className="ControlServer.Tests.TaskTypeAdmissionBacklogDescriptionTests" name="TheBacklogCarriesAChineseDescriptionForEveryTaskTypeAdmissionReason" />
    </UnitTest>
    <UnitTest name="ControlServer.Tests.BoundFixedTaskStationResolverTests.ATaskTypeTheRulesDoNotKnowIsOutOfScope(withRules: False)" storage="c:\users\szy\desktop\8005-workspace-v2\worktrees\rig-cs165-8005-agv-control-server\tests\controlserver.tests\bin\release\net8.0\win-x64\controlserver.tests.dll" id="a1194fdb-e32c-a2b1-c6bc-3e7f1ffa0e8f">
      <Execution id="54ae2ff7-b8f7-4c51-92ae-3b505d18a623" />
      <TestMethod codeBase="C:\Users\szy\Desktop\8005-workspace-v2\worktrees\rig-cs165-8005-agv-control-server\tests\ControlServer.Tests\bin\Release\net8.0\win-x64\ControlServer.Tests.dll" adapterTypeName="executor://xunit/VsTestRunner3/netcore/" className="ControlServer.Tests.BoundFixedTaskStationResolverTests" name="ATaskTypeTheRulesDoNotKnowIsOutOfScope" />
    </UnitTest>
    <UnitTest name="ControlServer.Tests.BoundFixedTaskStationResolverTests.AMissingBindingIsNamedAheadOfAHold" storage="c:\users\szy\desktop\8005-workspace-v2\worktrees\rig-cs165-8005-agv-control-server\tests\controlserver.tests\bin\release\net8.0\win-x64\controlserver.tests.dll" id="1cd7c97a-bc2e-d565-67dd-2d3438c4ae0c">
      <Execution id="b4c720cb-d022-47c5-95a7-df90dab26386" />
      <TestMethod codeBase="C:\Users\szy\Desktop\8005-workspace-v2\worktrees\rig-cs165-8005-agv-control-server\tests\ControlServer.Tests\bin\Release\net8.0\win-x64\ControlServer.Tests.dll" adapterTypeName="executor://xunit/VsTestRunner3/netcore/" className="ControlServer.Tests.BoundFixedTaskStationResolverTests" name="AMissingBindingIsNamedAheadOfAHold" />
    </UnitTest>
    <UnitTest name="ControlServer.Tests.BoundFixedTaskStationResolverTests.ABoundStationMissingFromTheCatalogRefusesOnlyItsOwnTaskType(shape: &quot;renamed&quot;)" storage="c:\users\szy\desktop\8005-workspace-v2\worktrees\rig-cs165-8005-agv-control-server\tests\controlserver.tests\bin\release\net8.0\win-x64\controlserver.tests.dll" id="88a3ba94-1d8e-42c0-40d7-d174491be3f8">
      <Execution id="e03f37b2-e25a-4be4-8966-83a8a8924b24" />
      <TestMethod codeBase="C:\Users\szy\Desktop\8005-workspace-v2\worktrees\rig-cs165-8005-agv-control-server\tests\ControlServer.Tests\bin\Release\net8.0\win-x64\ControlServer.Tests.dll" adapterTypeName="executor://xunit/VsTestRunner3/netcore/" className="ControlServer.Tests.BoundFixedTaskStationResolverTests" name="ABoundStationMissingFromTheCatalogRefusesOnlyItsOwnTaskType" />
    </UnitTest>
    <UnitTest name="ControlServer.Tests.TaskTypeAdmissionChainTests.EachRefusalOfTheTaskTypesBindingIsTheCandidatesVerdict(refusal: &quot;TASK_TYPE_HELD&quot;)" storage="c:\users\szy\desktop\8005-workspace-v2\worktrees\rig-cs165-8005-agv-control-server\tests\controlserver.tests\bin\release\net8.0\win-x64\controlserver.tests.dll" id="0b6d0768-6ef3-a352-47e5-2edce175df3d">
      <Execution id="1d806726-4a03-4b11-90c1-508c285c04d5" />
      <TestMethod codeBase="C:\Users\szy\Desktop\8005-workspace-v2\worktrees\rig-cs165-8005-agv-control-server\tests\ControlServer.Tests\bin\Release\net8.0\win-x64\ControlServer.Tests.dll" adapterTypeName="executor://xunit/VsTestRunner3/netcore/" className="ControlServer.Tests.TaskTypeAdmissionChainTests" name="EachRefusalOfTheTaskTypesBindingIsTheCandidatesVerdict" />
    </UnitTest>
    <UnitTest name="ControlServer.Tests.BoundFixedTaskStationResolverTests.ATaskTypeTheRulesDoNotKnowIsOutOfScope(withRules: True)" storage="c:\users\szy\desktop\8005-workspace-v2\worktrees\rig-cs165-8005-agv-control-server\tests\controlserver.tests\bin\release\net8.0\win-x64\controlserver.tests.dll" id="370eb252-7278-5f1b-2a41-14ea0066b086">
      <Execution id="7d9b6d1b-109e-47da-be64-d7942b9b837c" />
      <TestMethod codeBase="C:\Users\szy\Desktop\8005-workspace-v2\worktrees\rig-cs165-8005-agv-control-server\tests\ControlServer.Tests\bin\Release\net8.0\win-x64\ControlServer.Tests.dll" adapterTypeName="executor://xunit/VsTestRunner3/netcore/" className="ControlServer.Tests.BoundFixedTaskStationResolverTests" name="ATaskTypeTheRulesDoNotKnowIsOutOfScope" />
    </UnitTest>
    <UnitTest name="ControlServer.Tests.TaskTypeAdmissionRuntimeTests.TheAcceptanceFreezesTheVersionsAndTheStationAndARebindingAndARestartChangeNeither" storage="c:\users\szy\desktop\8005-workspace-v2\worktrees\rig-cs165-8005-agv-control-server\tests\controlserver.tests\bin\release\net8.0\win-x64\controlserver.tests.dll" id="cd5b6f67-e439-5c6b-f224-4cd2a276838d">
      <Execution id="14019736-d33d-487e-8982-7761663cb919" />
      <TestMethod codeBase="C:\Users\szy\Desktop\8005-workspace-v2\worktrees\rig-cs165-8005-agv-control-server\tests\ControlServer.Tests\bin\Release\net8.0\win-x64\ControlServer.Tests.dll" adapterTypeName="executor://xunit/VsTestRunner3/netcore/" className="ControlServer.Tests.TaskTypeAdmissionRuntimeTests" name="TheAcceptanceFreezesTheVersionsAndTheStationAndARebindingAndARestartChangeNeither" />
    </UnitTest>
    <UnitTest name="ControlServer.Tests.JourneyRuntimeOptionsTests.TheShippedAllowListNamesAllSixTaskTypesSoTheBindingsDecide" storage="c:\users\szy\desktop\8005-workspace-v2\worktrees\rig-cs165-8005-agv-control-server\tests\controlserver.tests\bin\release\net8.0\win-x64\controlserver.tests.dll" id="ee28bd35-2659-d8cb-a984-b4da2877f6d6">
      <Execution id="6dfac96d-5c6c-45d4-b15c-9b61bf9d06f9" />
      <TestMethod codeBase="C:\Users\szy\Desktop\8005-workspace-v2\worktrees\rig-cs165-8005-agv-control-server\tests\ControlServer.Tests\bin\Release\net8.0\win-x64\ControlServer.Tests.dll" adapterTypeName="executor://xunit/VsTestRunner3/netcore/" className="ControlServer.Tests.JourneyRuntimeOptionsTests" name="TheShippedAllowListNamesAllSixTaskTypesSoTheBindingsDecide" />
    </UnitTest>
    <UnitTest name="ControlServer.Tests.BoundFixedTaskStationResolverTests.AnActivationWhoseOutcomeIsUnknownHoldsEveryTaskTypeOfTheMap" storage="c:\users\szy\desktop\8005-workspace-v2\worktrees\rig-cs165-8005-agv-control-server\tests\controlserver.tests\bin\release\net8.0\win-x64\controlserver.tests.dll" id="3fd0dae0-b448-34b4-db08-a0041291704b">
      <Execution id="0abc130c-2911-45cd-a95d-e034c346053f" />
      <TestMethod codeBase="C:\Users\szy\Desktop\8005-workspace-v2\worktrees\rig-cs165-8005-agv-control-server\tests\ControlServer.Tests\bin\Release\net8.0\win-x64\ControlServer.Tests.dll" adapterTypeName="executor://xunit/VsTestRunner3/netcore/" className="ControlServer.Tests.BoundFixedTaskStationResolverTests" name="AnActivationWhoseOutcomeIsUnknownHoldsEveryTaskTypeOfTheMap" />
    </UnitTest>
    <UnitTest name="ControlServer.Tests.AreaEqpUniqueAcrossTaskTypesTests.AnotherTaskTypesRowThatAgreesOrNamesAnotherAreaLetsTheCandidateThrough(area: &quot;N1-3&quot;, eqp: &quot;EQP-A&quot;)" storage="c:\users\szy\desktop\8005-workspace-v2\worktrees\rig-cs165-8005-agv-control-server\tests\controlserver.tests\bin\release\net8.0\win-x64\controlserver.tests.dll" id="3ff9438b-5638-a852-c9fe-689ef4a93861">
      <Execution id="198b1d42-5b2a-47ed-bb86-4185fd3a9845" />
      <TestMethod codeBase="C:\Users\szy\Desktop\8005-workspace-v2\worktrees\rig-cs165-8005-agv-control-server\tests\ControlServer.Tests\bin\Release\net8.0\win-x64\ControlServer.Tests.dll" adapterTypeName="executor://xunit/VsTestRunner3/netcore/" className="ControlServer.Tests.AreaEqpUniqueAcrossTaskTypesTests" name="AnotherTaskTypesRowThatAgreesOrNamesAnotherAreaLetsTheCandidateThrough" />
    </UnitTest>
    <UnitTest name="ControlServer.Tests.BoundFixedTaskStationResolverTests.ATaskTypeWithoutAnEffectiveBindingIsRefusedAndNeverFallsBackToADefaultStation(shape: &quot;not-required&quot;)" storage="c:\users\szy\desktop\8005-workspace-v2\worktrees\rig-cs165-8005-agv-control-server\tests\controlserver.tests\bin\release\net8.0\win-x64\controlserver.tests.dll" id="65afd758-2d8e-77a8-bdd9-60f5e9b6af68">
      <Execution id="5185c5c5-d301-47b8-b599-e7e4a2ddfd40" />
      <TestMethod codeBase="C:\Users\szy\Desktop\8005-workspace-v2\worktrees\rig-cs165-8005-agv-control-server\tests\ControlServer.Tests\bin\Release\net8.0\win-x64\ControlServer.Tests.dll" adapterTypeName="executor://xunit/VsTestRunner3/netcore/" className="ControlServer.Tests.BoundFixedTaskStationResolverTests" name="ATaskTypeWithoutAnEffectiveBindingIsRefusedAndNeverFallsBackToADefaultStation" />
    </UnitTest>
    <UnitTest name="ControlServer.Tests.DemandTaskTypeStationIntakeFreezeTests.AcceptingADemandFreezesTheRuleAndBindingSetVersionsItWasJudgedUnderInTheSameTransaction" storage="c:\users\szy\desktop\8005-workspace-v2\worktrees\rig-cs165-8005-agv-control-server\tests\controlserver.tests\bin\release\net8.0\win-x64\controlserver.tests.dll" id="b2ba7d96-2089-4329-20e0-71dcbb354270">
      <Execution id="1abeeffc-28e0-4a0b-971f-0e23f7733614" />
      <TestMethod codeBase="C:\Users\szy\Desktop\8005-workspace-v2\worktrees\rig-cs165-8005-agv-control-server\tests\ControlServer.Tests\bin\Release\net8.0\win-x64\ControlServer.Tests.dll" adapterTypeName="executor://xunit/VsTestRunner3/netcore/" className="ControlServer.Tests.DemandTaskTypeStationIntakeFreezeTests" name="AcceptingADemandFreezesTheRuleAndBindingSetVersionsItWasJudgedUnderInTheSameTransaction" />
    </UnitTest>
    <UnitTest name="ControlServer.Tests.TaskTypeAdmissionBacklogDescriptionTests.TheBacklogCarriesAChineseDescriptionForEveryTaskTypeAdmissionReason(reason: &quot;OUT_OF_SCOPE_WORK_TYPE&quot;)" storage="c:\users\szy\desktop\8005-workspace-v2\worktrees\rig-cs165-8005-agv-control-server\tests\controlserver.tests\bin\release\net8.0\win-x64\controlserver.tests.dll" id="29f617b5-6bcd-7706-e064-1228758a03f5">
      <Execution id="4400d5bf-ab92-4632-8a8e-6594697579c7" />
      <TestMethod codeBase="C:\Users\szy\Desktop\8005-workspace-v2\worktrees\rig-cs165-8005-agv-control-server\tests\ControlServer.Tests\bin\Release\net8.0\win-x64\ControlServer.Tests.dll" adapterTypeName="executor://xunit/VsTestRunner3/netcore/" className="ControlServer.Tests.TaskTypeAdmissionBacklogDescriptionTests" name="TheBacklogCarriesAChineseDescriptionForEveryTaskTypeAdmissionReason" />
    </UnitTest>
    <UnitTest name="ControlServer.Tests.StationTaskTypeAdmissionAreaEndTests.ADestinationEndRouteIsAdmittedAtItsPickupStation(admittedStation: &quot;关卡&quot;, expected: &quot;TASK_TYPE_NOT_ALLOWED_AT_STATION&quot;)" storage="c:\users\szy\desktop\8005-workspace-v2\worktrees\rig-cs165-8005-agv-control-server\tests\controlserver.tests\bin\release\net8.0\win-x64\controlserver.tests.dll" id="11aed430-c276-b30f-2dfe-21a3b2813eab">
      <Execution id="69604e04-11f5-493f-930a-aac5a46656a0" />
      <TestMethod codeBase="C:\Users\szy\Desktop\8005-workspace-v2\worktrees\rig-cs165-8005-agv-control-server\tests\ControlServer.Tests\bin\Release\net8.0\win-x64\ControlServer.Tests.dll" adapterTypeName="executor://xunit/VsTestRunner3/netcore/" className="ControlServer.Tests.StationTaskTypeAdmissionAreaEndTests" name="ADestinationEndRouteIsAdmittedAtItsPickupStation" />
    </UnitTest>
    <UnitTest name="ControlServer.Tests.TaskTypeAdmissionChainTests.ABoundTaskTypeThisBuildCannotExecuteIsNotYetExecutableAndAMissingBindingIsNamedFirst" storage="c:\users\szy\desktop\8005-workspace-v2\worktrees\rig-cs165-8005-agv-control-server\tests\controlserver.tests\bin\release\net8.0\win-x64\controlserver.tests.dll" id="35416b64-fc03-f695-f6e5-7a4fd1da25e9">
      <Execution id="94cf20ce-058f-4e0c-b6b9-5628b5510e93" />
      <TestMethod codeBase="C:\Users\szy\Desktop\8005-workspace-v2\worktrees\rig-cs165-8005-agv-control-server\tests\ControlServer.Tests\bin\Release\net8.0\win-x64\ControlServer.Tests.dll" adapterTypeName="executor://xunit/VsTestRunner3/netcore/" className="ControlServer.Tests.TaskTypeAdmissionChainTests" name="ABoundTaskTypeThisBuildCannotExecuteIsNotYetExecutableAndAMissingBindingIsNamedFirst" />
    </UnitTest>
    <UnitTest name="ControlServer.Tests.TaskTypeAdmissionChainTests.EachRefusalOfTheTaskTypesBindingIsTheCandidatesVerdict(refusal: &quot;TASK_TYPE_BINDING_MISSING&quot;)" storage="c:\users\szy\desktop\8005-workspace-v2\worktrees\rig-cs165-8005-agv-control-server\tests\controlserver.tests\bin\release\net8.0\win-x64\controlserver.tests.dll" id="c55f484b-6a2b-7a95-dde0-0ea3c56bf28f">
      <Execution id="3890efec-dad8-405e-94f4-a50a8657a63a" />
      <TestMethod codeBase="C:\Users\szy\Desktop\8005-workspace-v2\worktrees\rig-cs165-8005-agv-control-server\tests\ControlServer.Tests\bin\Release\net8.0\win-x64\ControlServer.Tests.dll" adapterTypeName="executor://xunit/VsTestRunner3/netcore/" className="ControlServer.Tests.TaskTypeAdmissionChainTests" name="EachRefusalOfTheTaskTypesBindingIsTheCandidatesVerdict" />
    </UnitTest>
    <UnitTest name="ControlServer.Tests.TaskTypeAdmissionRuntimeTests.ANewerRuleVersionWithTheActiveBindingSetUnchangedStillFreezesTheBindingSetsOwnRuleVersion" storage="c:\users\szy\desktop\8005-workspace-v2\worktrees\rig-cs165-8005-agv-control-server\tests\controlserver.tests\bin\release\net8.0\win-x64\controlserver.tests.dll" id="5964c62f-d622-7baa-bebd-c30ed06d782d">
      <Execution id="76211299-b642-41c4-9d18-3729fedee881" />
      <TestMethod codeBase="C:\Users\szy\Desktop\8005-workspace-v2\worktrees\rig-cs165-8005-agv-control-server\tests\ControlServer.Tests\bin\Release\net8.0\win-x64\ControlServer.Tests.dll" adapterTypeName="executor://xunit/VsTestRunner3/netcore/" className="ControlServer.Tests.TaskTypeAdmissionRuntimeTests" name="ANewerRuleVersionWithTheActiveBindingSetUnchangedStillFreezesTheBindingSetsOwnRuleVersion" />
    </UnitTest>
    <UnitTest name="ControlServer.Tests.StationTaskTypeAdmissionAreaEndTests.AnOriginEndRouteIsAdmittedAtItsDropoffStation(admittedStation: &quot;派工待送取货&quot;, expected: &quot;TASK_TYPE_NOT_ALLOWED_AT_STATION&quot;)" storage="c:\users\szy\desktop\8005-workspace-v2\worktrees\rig-cs165-8005-agv-control-server\tests\controlserver.tests\bin\release\net8.0\win-x64\controlserver.tests.dll" id="e9561bb8-eaef-13e6-431b-087b3aeb614b">
      <Execution id="5da836e1-1ea9-48c7-9a2f-77ed558fde3e" />
      <TestMethod codeBase="C:\Users\szy\Desktop\8005-workspace-v2\worktrees\rig-cs165-8005-agv-control-server\tests\ControlServer.Tests\bin\Release\net8.0\win-x64\ControlServer.Tests.dll" adapterTypeName="executor://xunit/VsTestRunner3/netcore/" className="ControlServer.Tests.StationTaskTypeAdmissionAreaEndTests" name="AnOriginEndRouteIsAdmittedAtItsDropoffStation" />
    </UnitTest>
    <UnitTest name="ControlServer.Tests.TaskTypeAdmissionChainTests.AMissingBindingStopsOnlyItsOwnTaskTypeAndTheRestOfTheRoundIsJudgedAsUsual" storage="c:\users\szy\desktop\8005-workspace-v2\worktrees\rig-cs165-8005-agv-control-server\tests\controlserver.tests\bin\release\net8.0\win-x64\controlserver.tests.dll" id="728cd4ce-7aad-814f-76d7-f7afe6135aff">
      <Execution id="19392023-e6a1-4adc-b964-e4c77c1d9d09" />
      <TestMethod codeBase="C:\Users\szy\Desktop\8005-workspace-v2\worktrees\rig-cs165-8005-agv-control-server\tests\ControlServer.Tests\bin\Release\net8.0\win-x64\ControlServer.Tests.dll" adapterTypeName="executor://xunit/VsTestRunner3/netcore/" className="ControlServer.Tests.TaskTypeAdmissionChainTests" name="AMissingBindingStopsOnlyItsOwnTaskTypeAndTheRestOfTheRoundIsJudgedAsUsual" />
    </UnitTest>
    <UnitTest name="ControlServer.Tests.BoundFixedTaskStationResolverTests.AHeldTaskTypeIsRefusedWhateverRaisedTheHoldAndOnlyThatTaskType(source: &quot;CATALOG_CHANGE&quot;)" storage="c:\users\szy\desktop\8005-workspace-v2\worktrees\rig-cs165-8005-agv-control-server\tests\controlserver.tests\bin\release\net8.0\win-x64\controlserver.tests.dll" id="4d19bb05-112a-7a9d-c0d3-a513e1041403">
      <Execution id="bd195358-0479-4b5e-8bab-07a288820fda" />
      <TestMethod codeBase="C:\Users\szy\Desktop\8005-workspace-v2\worktrees\rig-cs165-8005-agv-control-server\tests\ControlServer.Tests\bin\Release\net8.0\win-x64\ControlServer.Tests.dll" adapterTypeName="executor://xunit/VsTestRunner3/netcore/" className="ControlServer.Tests.BoundFixedTaskStationResolverTests" name="AHeldTaskTypeIsRefusedWhateverRaisedTheHoldAndOnlyThatTaskType" />
    </UnitTest>
    <UnitTest name="ControlServer.Tests.DemandTaskTypeStationIntakeFreezeTests.AcceptingFreezesBothEndpointsInTheSameTransactionOverStaleRowsOfARefusedAttempt" storage="c:\users\szy\desktop\8005-workspace-v2\worktrees\rig-cs165-8005-agv-control-server\tests\controlserver.tests\bin\release\net8.0\win-x64\controlserver.tests.dll" id="81ca06f6-f2fd-a6e3-cd3a-520675eaf339">
      <Execution id="3278e061-a752-4bac-ae88-0d26a166953a" />
      <TestMethod codeBase="C:\Users\szy\Desktop\8005-workspace-v2\worktrees\rig-cs165-8005-agv-control-server\tests\ControlServer.Tests\bin\Release\net8.0\win-x64\ControlServer.Tests.dll" adapterTypeName="executor://xunit/VsTestRunner3/netcore/" className="ControlServer.Tests.DemandTaskTypeStationIntakeFreezeTests" name="AcceptingFreezesBothEndpointsInTheSameTransactionOverStaleRowsOfARefusedAttempt" />
    </UnitTest>
    <UnitTest name="ControlServer.Tests.TaskTypeHoldGateLegTests.AHoldRaisedAfterTheGateLegWasCreatedLeavesThatOrderAlone" storage="c:\users\szy\desktop\8005-workspace-v2\worktrees\rig-cs165-8005-agv-control-server\tests\controlserver.tests\bin\release\net8.0\win-x64\controlserver.tests.dll" id="7c9a8309-d8f4-c231-7dbc-0822510c342d">
      <Execution id="2e94b950-e602-45ea-b199-41aa2f324b27" />
      <TestMethod codeBase="C:\Users\szy\Desktop\8005-workspace-v2\worktrees\rig-cs165-8005-agv-control-server\tests\ControlServer.Tests\bin\Release\net8.0\win-x64\ControlServer.Tests.dll" adapterTypeName="executor://xunit/VsTestRunner3/netcore/" className="ControlServer.Tests.TaskTypeHoldGateLegTests" name="AHoldRaisedAfterTheGateLegWasCreatedLeavesThatOrderAlone" />
    </UnitTest>
    <UnitTest name="ControlServer.Tests.StationTaskTypeAdmissionAreaEndTests.AnOriginEndRouteIsAdmittedAtItsDropoffStation(admittedStation: &quot;N1-1&quot;, expected: &quot;ELIGIBLE&quot;)" storage="c:\users\szy\desktop\8005-workspace-v2\worktrees\rig-cs165-8005-agv-control-server\tests\controlserver.tests\bin\release\net8.0\win-x64\controlserver.tests.dll" id="373abe55-020f-e829-6144-1fedbc920784">
      <Execution id="5b2afe3b-3be4-4bef-b854-e974825cf32c" />
      <TestMethod codeBase="C:\Users\szy\Desktop\8005-workspace-v2\worktrees\rig-cs165-8005-agv-control-server\tests\ControlServer.Tests\bin\Release\net8.0\win-x64\ControlServer.Tests.dll" adapterTypeName="executor://xunit/VsTestRunner3/netcore/" className="ControlServer.Tests.StationTaskTypeAdmissionAreaEndTests" name="AnOriginEndRouteIsAdmittedAtItsDropoffStation" />
    </UnitTest>
    <UnitTest name="ControlServer.Tests.TaskTypeAdmissionRuntimeTests.TheAdmissionSeedReadsTheRulesTheActiveBindingSetWasBuiltOnNotTheLatest" storage="c:\users\szy\desktop\8005-workspace-v2\worktrees\rig-cs165-8005-agv-control-server\tests\controlserver.tests\bin\release\net8.0\win-x64\controlserver.tests.dll" id="cca1991b-aa4e-2db4-5aab-d0a081bb492e">
      <Execution id="527a9996-03d1-46f7-8cc9-eb8eb9a4df2c" />
      <TestMethod codeBase="C:\Users\szy\Desktop\8005-workspace-v2\worktrees\rig-cs165-8005-agv-control-server\tests\ControlServer.Tests\bin\Release\net8.0\win-x64\ControlServer.Tests.dll" adapterTypeName="executor://xunit/VsTestRunner3/netcore/" className="ControlServer.Tests.TaskTypeAdmissionRuntimeTests" name="TheAdmissionSeedReadsTheRulesTheActiveBindingSetWasBuiltOnNotTheLatest" />
    </UnitTest>
    <UnitTest name="ControlServer.Tests.AreaEqpUniqueAcrossTaskTypesTests.AnotherTaskTypesRowNamingTheSameAreaWithAnotherEqpBlocksTheCandidate" storage="c:\users\szy\desktop\8005-workspace-v2\worktrees\rig-cs165-8005-agv-control-server\tests\controlserver.tests\bin\release\net8.0\win-x64\controlserver.tests.dll" id="c6c07331-ca96-e14b-091f-19673c1aac17">
      <Execution id="bd347f11-2e4d-40d2-9ff5-d1275f94bb0b" />
      <TestMethod codeBase="C:\Users\szy\Desktop\8005-workspace-v2\worktrees\rig-cs165-8005-agv-control-server\tests\ControlServer.Tests\bin\Release\net8.0\win-x64\ControlServer.Tests.dll" adapterTypeName="executor://xunit/VsTestRunner3/netcore/" className="ControlServer.Tests.AreaEqpUniqueAcrossTaskTypesTests" name="AnotherTaskTypesRowNamingTheSameAreaWithAnotherEqpBlocksTheCandidate" />
    </UnitTest>
    <UnitTest name="ControlServer.Tests.BoundFixedTaskStationResolverTests.ATaskTypeWithoutAnEffectiveBindingIsRefusedAndNeverFallsBackToADefaultStation(shape: &quot;required-but-unbound&quot;)" storage="c:\users\szy\desktop\8005-workspace-v2\worktrees\rig-cs165-8005-agv-control-server\tests\controlserver.tests\bin\release\net8.0\win-x64\controlserver.tests.dll" id="8d6f6c74-71f0-1500-8509-33241ac9bb03">
      <Execution id="15600bb1-65bc-4944-b064-7ddae5c0abaa" />
      <TestMethod codeBase="C:\Users\szy\Desktop\8005-workspace-v2\worktrees\rig-cs165-8005-agv-control-server\tests\ControlServer.Tests\bin\Release\net8.0\win-x64\ControlServer.Tests.dll" adapterTypeName="executor://xunit/VsTestRunner3/netcore/" className="ControlServer.Tests.BoundFixedTaskStationResolverTests" name="ATaskTypeWithoutAnEffectiveBindingIsRefusedAndNeverFallsBackToADefaultStation" />
    </UnitTest>
    <UnitTest name="ControlServer.Tests.TaskTypeAdmissionChainTests.ATaskTypeTheDeploymentDoesNotAllowIsOutOfScopeEvenWhenBound" storage="c:\users\szy\desktop\8005-workspace-v2\worktrees\rig-cs165-8005-agv-control-server\tests\controlserver.tests\bin\release\net8.0\win-x64\controlserver.tests.dll" id="7c6ed185-efe2-cd0b-cac8-0bd7e64a92b5">
      <Execution id="e0a6fab9-cb2b-499c-a6fb-d9737007501b" />
      <TestMethod codeBase="C:\Users\szy\Desktop\8005-workspace-v2\worktrees\rig-cs165-8005-agv-control-server\tests\ControlServer.Tests\bin\Release\net8.0\win-x64\ControlServer.Tests.dll" adapterTypeName="executor://xunit/VsTestRunner3/netcore/" className="ControlServer.Tests.TaskTypeAdmissionChainTests" name="ATaskTypeTheDeploymentDoesNotAllowIsOutOfScopeEvenWhenBound" />
    </UnitTest>
    <UnitTest name="ControlServer.Tests.TaskTypeAdmissionRuntimeTests.ABoundStationMissingFromTheCatalogNeitherInvalidatesTheMapNorStopsAJourneyUnderWay" storage="c:\users\szy\desktop\8005-workspace-v2\worktrees\rig-cs165-8005-agv-control-server\tests\controlserver.tests\bin\release\net8.0\win-x64\controlserver.tests.dll" id="29c4b6c3-f117-a7f1-63a6-f798a9e202cf">
      <Execution id="cf519d9a-604a-4114-88ab-9123ae37ff4e" />
      <TestMethod codeBase="C:\Users\szy\Desktop\8005-workspace-v2\worktrees\rig-cs165-8005-agv-control-server\tests\ControlServer.Tests\bin\Release\net8.0\win-x64\ControlServer.Tests.dll" adapterTypeName="executor://xunit/VsTestRunner3/netcore/" className="ControlServer.Tests.TaskTypeAdmissionRuntimeTests" name="ABoundStationMissingFromTheCatalogNeitherInvalidatesTheMapNorStopsAJourneyUnderWay" />
    </UnitTest>
    <UnitTest name="ControlServer.Tests.BoundFixedTaskStationResolverTests.AHeldTaskTypeIsRefusedWhateverRaisedTheHoldAndOnlyThatTaskType(source: &quot;MANUAL&quot;)" storage="c:\users\szy\desktop\8005-workspace-v2\worktrees\rig-cs165-8005-agv-control-server\tests\controlserver.tests\bin\release\net8.0\win-x64\controlserver.tests.dll" id="933b80e1-b735-0fd5-7821-7f7e327ca559">
      <Execution id="a0e8a3c8-7efb-4ef6-980b-a6a60e6439c5" />
      <TestMethod codeBase="C:\Users\szy\Desktop\8005-workspace-v2\worktrees\rig-cs165-8005-agv-control-server\tests\ControlServer.Tests\bin\Release\net8.0\win-x64\ControlServer.Tests.dll" adapterTypeName="executor://xunit/VsTestRunner3/netcore/" className="ControlServer.Tests.BoundFixedTaskStationResolverTests" name="AHeldTaskTypeIsRefusedWhateverRaisedTheHoldAndOnlyThatTaskType" />
    </UnitTest>
    <UnitTest name="ControlServer.Tests.TaskTypeHoldGateLegTests.AHeldTaskTypeGetsNoGateLegUntilTheHoldIsReleased(frozen: False)" storage="c:\users\szy\desktop\8005-workspace-v2\worktrees\rig-cs165-8005-agv-control-server\tests\controlserver.tests\bin\release\net8.0\win-x64\controlserver.tests.dll" id="2dececf5-fed5-0b2c-b64f-a620684862cc">
      <Execution id="da2b30fa-dc8a-44b4-abfe-7b5ddd1ebd87" />
      <TestMethod codeBase="C:\Users\szy\Desktop\8005-workspace-v2\worktrees\rig-cs165-8005-agv-control-server\tests\ControlServer.Tests\bin\Release\net8.0\win-x64\ControlServer.Tests.dll" adapterTypeName="executor://xunit/VsTestRunner3/netcore/" className="ControlServer.Tests.TaskTypeHoldGateLegTests" name="AHeldTaskTypeGetsNoGateLegUntilTheHoldIsReleased" />
    </UnitTest>
    <UnitTest name="ControlServer.Tests.TaskTypeAdmissionBacklogDescriptionTests.TheBacklogCarriesAChineseDescriptionForEveryTaskTypeAdmissionReason(reason: &quot;TASK_TYPE_BINDING_STATION_NOT_IN_CATALOG&quot;)" storage="c:\users\szy\desktop\8005-workspace-v2\worktrees\rig-cs165-8005-agv-control-server\tests\controlserver.tests\bin\release\net8.0\win-x64\controlserver.tests.dll" id="250d7edd-3c97-50f7-a901-bbe37091e1ea">
      <Execution id="f0456823-7ce1-4f43-a965-da13a872b531" />
      <TestMethod codeBase="C:\Users\szy\Desktop\8005-workspace-v2\worktrees\rig-cs165-8005-agv-control-server\tests\ControlServer.Tests\bin\Release\net8.0\win-x64\ControlServer.Tests.dll" adapterTypeName="executor://xunit/VsTestRunner3/netcore/" className="ControlServer.Tests.TaskTypeAdmissionBacklogDescriptionTests" name="TheBacklogCarriesAChineseDescriptionForEveryTaskTypeAdmissionReason" />
    </UnitTest>
    <UnitTest name="ControlServer.Tests.JourneyRuntimeOptionsTests.TheGateScalarsAreGoneAndAnAllowListWithoutWireToGateIsNoLongerRefused" storage="c:\users\szy\desktop\8005-workspace-v2\worktrees\rig-cs165-8005-agv-control-server\tests\controlserver.tests\bin\release\net8.0\win-x64\controlserver.tests.dll" id="4fa2b9a5-a9c3-d8e9-1df8-73bd8bf8d664">
      <Execution id="d0cc4e80-ed81-4b09-93c9-4f22ec3e2385" />
      <TestMethod codeBase="C:\Users\szy\Desktop\8005-workspace-v2\worktrees\rig-cs165-8005-agv-control-server\tests\ControlServer.Tests\bin\Release\net8.0\win-x64\ControlServer.Tests.dll" adapterTypeName="executor://xunit/VsTestRunner3/netcore/" className="ControlServer.Tests.JourneyRuntimeOptionsTests" name="TheGateScalarsAreGoneAndAnAllowListWithoutWireToGateIsNoLongerRefused" />
    </UnitTest>
    <UnitTest name="ControlServer.Tests.TaskTypeAdmissionBacklogDescriptionTests.TheBacklogCarriesAChineseDescriptionForEveryTaskTypeAdmissionReason(reason: &quot;TASK_TYPE_HELD&quot;)" storage="c:\users\szy\desktop\8005-workspace-v2\worktrees\rig-cs165-8005-agv-control-server\tests\controlserver.tests\bin\release\net8.0\win-x64\controlserver.tests.dll" id="49b99b6a-b1c8-811f-733f-132078743ea9">
      <Execution id="6c99f310-cfb2-4994-8d73-1ed4732aa1e7" />
      <TestMethod codeBase="C:\Users\szy\Desktop\8005-workspace-v2\worktrees\rig-cs165-8005-agv-control-server\tests\ControlServer.Tests\bin\Release\net8.0\win-x64\ControlServer.Tests.dll" adapterTypeName="executor://xunit/VsTestRunner3/netcore/" className="ControlServer.Tests.TaskTypeAdmissionBacklogDescriptionTests" name="TheBacklogCarriesAChineseDescriptionForEveryTaskTypeAdmissionReason" />
    </UnitTest>
    <UnitTest name="ControlServer.Tests.TaskTypeAdmissionChainTests.EachRefusalOfTheTaskTypesBindingIsTheCandidatesVerdict(refusal: &quot;TASK_TYPE_BINDING_STATION_NOT_IN_CATALOG&quot;)" storage="c:\users\szy\desktop\8005-workspace-v2\worktrees\rig-cs165-8005-agv-control-server\tests\controlserver.tests\bin\release\net8.0\win-x64\controlserver.tests.dll" id="51e3fc2a-6bfd-ab8c-6795-e96c23190a1f">
      <Execution id="923011e4-3e6f-47e2-8a1e-e1edef949f32" />
      <TestMethod codeBase="C:\Users\szy\Desktop\8005-workspace-v2\worktrees\rig-cs165-8005-agv-control-server\tests\ControlServer.Tests\bin\Release\net8.0\win-x64\ControlServer.Tests.dll" adapterTypeName="executor://xunit/VsTestRunner3/netcore/" className="ControlServer.Tests.TaskTypeAdmissionChainTests" name="EachRefusalOfTheTaskTypesBindingIsTheCandidatesVerdict" />
    </UnitTest>
    <UnitTest name="ControlServer.Tests.BoundFixedTaskStationResolverTests.ATaskTypeWithoutAnEffectiveBindingIsRefusedAndNeverFallsBackToADefaultStation(shape: &quot;no-active-set&quot;)" storage="c:\users\szy\desktop\8005-workspace-v2\worktrees\rig-cs165-8005-agv-control-server\tests\controlserver.tests\bin\release\net8.0\win-x64\controlserver.tests.dll" id="75ab0c39-9361-0210-0650-f3cfb8c6c6d8">
      <Execution id="1024ee33-90ed-49d4-9be8-22a4a870c030" />
      <TestMethod codeBase="C:\Users\szy\Desktop\8005-workspace-v2\worktrees\rig-cs165-8005-agv-control-server\tests\ControlServer.Tests\bin\Release\net8.0\win-x64\ControlServer.Tests.dll" adapterTypeName="executor://xunit/VsTestRunner3/netcore/" className="ControlServer.Tests.BoundFixedTaskStationResolverTests" name="ATaskTypeWithoutAnEffectiveBindingIsRefusedAndNeverFallsBackToADefaultStation" />
    </UnitTest>
    <UnitTest name="ControlServer.Tests.TaskTypeAdmissionChainTests.EachRefusalOfTheTaskTypesBindingIsTheCandidatesVerdict(refusal: &quot;OUT_OF_SCOPE_WORK_TYPE&quot;)" storage="c:\users\szy\desktop\8005-workspace-v2\worktrees\rig-cs165-8005-agv-control-server\tests\controlserver.tests\bin\release\net8.0\win-x64\controlserver.tests.dll" id="d42a0637-be38-b168-ef08-cf687ad798e8">
      <Execution id="84461c17-db67-47b0-b313-928480a52e5c" />
      <TestMethod codeBase="C:\Users\szy\Desktop\8005-workspace-v2\worktrees\rig-cs165-8005-agv-control-server\tests\ControlServer.Tests\bin\Release\net8.0\win-x64\ControlServer.Tests.dll" adapterTypeName="executor://xunit/VsTestRunner3/netcore/" className="ControlServer.Tests.TaskTypeAdmissionChainTests" name="EachRefusalOfTheTaskTypesBindingIsTheCandidatesVerdict" />
    </UnitTest>
    <UnitTest name="ControlServer.Tests.BoundFixedTaskStationResolverTests.ABoundStationMissingFromTheCatalogRefusesOnlyItsOwnTaskType(shape: &quot;absent&quot;)" storage="c:\users\szy\desktop\8005-workspace-v2\worktrees\rig-cs165-8005-agv-control-server\tests\controlserver.tests\bin\release\net8.0\win-x64\controlserver.tests.dll" id="4aad4c0b-9e5c-1a18-4a52-de05a2b17356">
      <Execution id="2205eb4c-c68b-4c84-b8c6-1719ed4f2551" />
      <TestMethod codeBase="C:\Users\szy\Desktop\8005-workspace-v2\worktrees\rig-cs165-8005-agv-control-server\tests\ControlServer.Tests\bin\Release\net8.0\win-x64\ControlServer.Tests.dll" adapterTypeName="executor://xunit/VsTestRunner3/netcore/" className="ControlServer.Tests.BoundFixedTaskStationResolverTests" name="ABoundStationMissingFromTheCatalogRefusesOnlyItsOwnTaskType" />
    </UnitTest>
    <UnitTest name="ControlServer.Tests.TaskTypeAdmissionRuntimeTests.AnAcceptanceRefusedAtTheLastMomentLeavesNothingFrozenSoARebindingIsTakenNextRound" storage="c:\users\szy\desktop\8005-workspace-v2\worktrees\rig-cs165-8005-agv-control-server\tests\controlserver.tests\bin\release\net8.0\win-x64\controlserver.tests.dll" id="11b58485-44fb-4847-62d8-85e319727898">
      <Execution id="e64552b6-86fc-4c4d-8f2d-bbf8cc962cca" />
      <TestMethod codeBase="C:\Users\szy\Desktop\8005-workspace-v2\worktrees\rig-cs165-8005-agv-control-server\tests\ControlServer.Tests\bin\Release\net8.0\win-x64\ControlServer.Tests.dll" adapterTypeName="executor://xunit/VsTestRunner3/netcore/" className="ControlServer.Tests.TaskTypeAdmissionRuntimeTests" name="AnAcceptanceRefusedAtTheLastMomentLeavesNothingFrozenSoARebindingIsTakenNextRound" />
    </UnitTest>
    <UnitTest name="ControlServer.Tests.StationTaskTypeAdmissionAreaEndTests.ADestinationEndRouteIsAdmittedAtItsPickupStation(admittedStation: &quot;N1-1&quot;, expected: &quot;ELIGIBLE&quot;)" storage="c:\users\szy\desktop\8005-workspace-v2\worktrees\rig-cs165-8005-agv-control-server\tests\controlserver.tests\bin\release\net8.0\win-x64\controlserver.tests.dll" id="865cfc03-ab0f-5f2f-57d6-869bbdad2290">
      <Execution id="1e4dbfdd-006b-418b-8ba2-5dd42761d14f" />
      <TestMethod codeBase="C:\Users\szy\Desktop\8005-workspace-v2\worktrees\rig-cs165-8005-agv-control-server\tests\ControlServer.Tests\bin\Release\net8.0\win-x64\ControlServer.Tests.dll" adapterTypeName="executor://xunit/VsTestRunner3/netcore/" className="ControlServer.Tests.StationTaskTypeAdmissionAreaEndTests" name="ADestinationEndRouteIsAdmittedAtItsPickupStation" />
    </UnitTest>
    <UnitTest name="ControlServer.Tests.TaskTypeHoldGateLegTests.AHeldTaskTypeGetsNoGateLegUntilTheHoldIsReleased(frozen: True)" storage="c:\users\szy\desktop\8005-workspace-v2\worktrees\rig-cs165-8005-agv-control-server\tests\controlserver.tests\bin\release\net8.0\win-x64\controlserver.tests.dll" id="172b6f99-5630-932f-19fc-7934b4fe5044">
      <Execution id="056c40de-b10e-4e6f-b78d-a78eda9e2083" />
      <TestMethod codeBase="C:\Users\szy\Desktop\8005-workspace-v2\worktrees\rig-cs165-8005-agv-control-server\tests\ControlServer.Tests\bin\Release\net8.0\win-x64\ControlServer.Tests.dll" adapterTypeName="executor://xunit/VsTestRunner3/netcore/" className="ControlServer.Tests.TaskTypeHoldGateLegTests" name="AHeldTaskTypeGetsNoGateLegUntilTheHoldIsReleased" />
    </UnitTest>
    <UnitTest name="ControlServer.Tests.BoundFixedTaskStationResolverTests.ABoundTaskTypeResolvesToItsBoundStationUnderTheActiveVersions" storage="c:\users\szy\desktop\8005-workspace-v2\worktrees\rig-cs165-8005-agv-control-server\tests\controlserver.tests\bin\release\net8.0\win-x64\controlserver.tests.dll" id="02e714d9-173d-318d-1e58-af239065a1ad">
      <Execution id="b9e2df7a-806e-4e36-a456-3e4f37713b56" />
      <TestMethod codeBase="C:\Users\szy\Desktop\8005-workspace-v2\worktrees\rig-cs165-8005-agv-control-server\tests\ControlServer.Tests\bin\Release\net8.0\win-x64\ControlServer.Tests.dll" adapterTypeName="executor://xunit/VsTestRunner3/netcore/" className="ControlServer.Tests.BoundFixedTaskStationResolverTests" name="ABoundTaskTypeResolvesToItsBoundStationUnderTheActiveVersions" />
    </UnitTest>
  </TestDefinitions>
  <TestEntries>
    <TestEntry testId="4fa2b9a5-a9c3-d8e9-1df8-73bd8bf8d664" executionId="d0cc4e80-ed81-4b09-93c9-4f22ec3e2385" testListId="8c84fa94-04c1-424b-9868-57a2d4851a1d" />
    <TestEntry testId="370eb252-7278-5f1b-2a41-14ea0066b086" executionId="7d9b6d1b-109e-47da-be64-d7942b9b837c" testListId="8c84fa94-04c1-424b-9868-57a2d4851a1d" />
    <TestEntry testId="4aad4c0b-9e5c-1a18-4a52-de05a2b17356" executionId="2205eb4c-c68b-4c84-b8c6-1719ed4f2551" testListId="8c84fa94-04c1-424b-9868-57a2d4851a1d" />
    <TestEntry testId="29c4b6c3-f117-a7f1-63a6-f798a9e202cf" executionId="cf519d9a-604a-4114-88ab-9123ae37ff4e" testListId="8c84fa94-04c1-424b-9868-57a2d4851a1d" />
    <TestEntry testId="45aa103a-0201-b467-6ecf-3ebdd9d31318" executionId="94aeab28-5b6c-4d5b-8d67-32b599bbffcb" testListId="8c84fa94-04c1-424b-9868-57a2d4851a1d" />
    <TestEntry testId="d42a0637-be38-b168-ef08-cf687ad798e8" executionId="84461c17-db67-47b0-b313-928480a52e5c" testListId="8c84fa94-04c1-424b-9868-57a2d4851a1d" />
    <TestEntry testId="51e3fc2a-6bfd-ab8c-6795-e96c23190a1f" executionId="923011e4-3e6f-47e2-8a1e-e1edef949f32" testListId="8c84fa94-04c1-424b-9868-57a2d4851a1d" />
    <TestEntry testId="b2ba7d96-2089-4329-20e0-71dcbb354270" executionId="1abeeffc-28e0-4a0b-971f-0e23f7733614" testListId="8c84fa94-04c1-424b-9868-57a2d4851a1d" />
    <TestEntry testId="11aed430-c276-b30f-2dfe-21a3b2813eab" executionId="69604e04-11f5-493f-930a-aac5a46656a0" testListId="8c84fa94-04c1-424b-9868-57a2d4851a1d" />
    <TestEntry testId="35416b64-fc03-f695-f6e5-7a4fd1da25e9" executionId="94cf20ce-058f-4e0c-b6b9-5628b5510e93" testListId="8c84fa94-04c1-424b-9868-57a2d4851a1d" />
    <TestEntry testId="3ff9438b-5638-a852-c9fe-689ef4a93861" executionId="198b1d42-5b2a-47ed-bb86-4185fd3a9845" testListId="8c84fa94-04c1-424b-9868-57a2d4851a1d" />
    <TestEntry testId="865cfc03-ab0f-5f2f-57d6-869bbdad2290" executionId="1e4dbfdd-006b-418b-8ba2-5dd42761d14f" testListId="8c84fa94-04c1-424b-9868-57a2d4851a1d" />
    <TestEntry testId="ee53cbaf-1019-ac67-11d1-9ef7dcfb2744" executionId="a378170e-8691-4848-8195-cce3a2398dac" testListId="8c84fa94-04c1-424b-9868-57a2d4851a1d" />
    <TestEntry testId="373abe55-020f-e829-6144-1fedbc920784" executionId="5b2afe3b-3be4-4bef-b854-e974825cf32c" testListId="8c84fa94-04c1-424b-9868-57a2d4851a1d" />
    <TestEntry testId="c6c07331-ca96-e14b-091f-19673c1aac17" executionId="bd347f11-2e4d-40d2-9ff5-d1275f94bb0b" testListId="8c84fa94-04c1-424b-9868-57a2d4851a1d" />
    <TestEntry testId="172b6f99-5630-932f-19fc-7934b4fe5044" executionId="056c40de-b10e-4e6f-b78d-a78eda9e2083" testListId="8c84fa94-04c1-424b-9868-57a2d4851a1d" />
    <TestEntry testId="75ab0c39-9361-0210-0650-f3cfb8c6c6d8" executionId="1024ee33-90ed-49d4-9be8-22a4a870c030" testListId="8c84fa94-04c1-424b-9868-57a2d4851a1d" />
    <TestEntry testId="88a3ba94-1d8e-42c0-40d7-d174491be3f8" executionId="e03f37b2-e25a-4be4-8966-83a8a8924b24" testListId="8c84fa94-04c1-424b-9868-57a2d4851a1d" />
    <TestEntry testId="7c9a8309-d8f4-c231-7dbc-0822510c342d" executionId="2e94b950-e602-45ea-b199-41aa2f324b27" testListId="8c84fa94-04c1-424b-9868-57a2d4851a1d" />
    <TestEntry testId="2dececf5-fed5-0b2c-b64f-a620684862cc" executionId="da2b30fa-dc8a-44b4-abfe-7b5ddd1ebd87" testListId="8c84fa94-04c1-424b-9868-57a2d4851a1d" />
    <TestEntry testId="0b6d0768-6ef3-a352-47e5-2edce175df3d" executionId="1d806726-4a03-4b11-90c1-508c285c04d5" testListId="8c84fa94-04c1-424b-9868-57a2d4851a1d" />
    <TestEntry testId="02e714d9-173d-318d-1e58-af239065a1ad" executionId="b9e2df7a-806e-4e36-a456-3e4f37713b56" testListId="8c84fa94-04c1-424b-9868-57a2d4851a1d" />
    <TestEntry testId="cca1991b-aa4e-2db4-5aab-d0a081bb492e" executionId="527a9996-03d1-46f7-8cc9-eb8eb9a4df2c" testListId="8c84fa94-04c1-424b-9868-57a2d4851a1d" />
    <TestEntry testId="4d19bb05-112a-7a9d-c0d3-a513e1041403" executionId="bd195358-0479-4b5e-8bab-07a288820fda" testListId="8c84fa94-04c1-424b-9868-57a2d4851a1d" />
    <TestEntry testId="8d6f6c74-71f0-1500-8509-33241ac9bb03" executionId="15600bb1-65bc-4944-b064-7ddae5c0abaa" testListId="8c84fa94-04c1-424b-9868-57a2d4851a1d" />
    <TestEntry testId="7c6ed185-efe2-cd0b-cac8-0bd7e64a92b5" executionId="e0a6fab9-cb2b-499c-a6fb-d9737007501b" testListId="8c84fa94-04c1-424b-9868-57a2d4851a1d" />
    <TestEntry testId="e9561bb8-eaef-13e6-431b-087b3aeb614b" executionId="5da836e1-1ea9-48c7-9a2f-77ed558fde3e" testListId="8c84fa94-04c1-424b-9868-57a2d4851a1d" />
    <TestEntry testId="a1194fdb-e32c-a2b1-c6bc-3e7f1ffa0e8f" executionId="54ae2ff7-b8f7-4c51-92ae-3b505d18a623" testListId="8c84fa94-04c1-424b-9868-57a2d4851a1d" />
    <TestEntry testId="65afd758-2d8e-77a8-bdd9-60f5e9b6af68" executionId="5185c5c5-d301-47b8-b599-e7e4a2ddfd40" testListId="8c84fa94-04c1-424b-9868-57a2d4851a1d" />
    <TestEntry testId="1d56de7d-add0-07d0-6dd2-13812fed45c3" executionId="6f91d139-28dc-46ee-86a0-1a60abeb1fbc" testListId="8c84fa94-04c1-424b-9868-57a2d4851a1d" />
    <TestEntry testId="81ca06f6-f2fd-a6e3-cd3a-520675eaf339" executionId="3278e061-a752-4bac-ae88-0d26a166953a" testListId="8c84fa94-04c1-424b-9868-57a2d4851a1d" />
    <TestEntry testId="26f935ad-c807-4c45-ddb9-7574a9bb04a2" executionId="2ef1efee-14f9-4c66-bf64-7bf36b299c95" testListId="8c84fa94-04c1-424b-9868-57a2d4851a1d" />
    <TestEntry testId="9c6ef6b3-fc7f-6190-c3a6-288c0ce24e01" executionId="bebef545-454e-43b8-bed0-da8dd28d3d18" testListId="8c84fa94-04c1-424b-9868-57a2d4851a1d" />
    <TestEntry testId="49b99b6a-b1c8-811f-733f-132078743ea9" executionId="6c99f310-cfb2-4994-8d73-1ed4732aa1e7" testListId="8c84fa94-04c1-424b-9868-57a2d4851a1d" />
    <TestEntry testId="933b80e1-b735-0fd5-7821-7f7e327ca559" executionId="a0e8a3c8-7efb-4ef6-980b-a6a60e6439c5" testListId="8c84fa94-04c1-424b-9868-57a2d4851a1d" />
    <TestEntry testId="728cd4ce-7aad-814f-76d7-f7afe6135aff" executionId="19392023-e6a1-4adc-b964-e4c77c1d9d09" testListId="8c84fa94-04c1-424b-9868-57a2d4851a1d" />
    <TestEntry testId="1cd7c97a-bc2e-d565-67dd-2d3438c4ae0c" executionId="b4c720cb-d022-47c5-95a7-df90dab26386" testListId="8c84fa94-04c1-424b-9868-57a2d4851a1d" />
    <TestEntry testId="910f4bdd-ed64-28cb-cf61-0b46e49f6451" executionId="b7a7f348-478a-403f-817a-f5caeff9cbbd" testListId="8c84fa94-04c1-424b-9868-57a2d4851a1d" />
    <TestEntry testId="cd5b6f67-e439-5c6b-f224-4cd2a276838d" executionId="14019736-d33d-487e-8982-7761663cb919" testListId="8c84fa94-04c1-424b-9868-57a2d4851a1d" />
    <TestEntry testId="11b58485-44fb-4847-62d8-85e319727898" executionId="e64552b6-86fc-4c4d-8f2d-bbf8cc962cca" testListId="8c84fa94-04c1-424b-9868-57a2d4851a1d" />
    <TestEntry testId="c55f484b-6a2b-7a95-dde0-0ea3c56bf28f" executionId="3890efec-dad8-405e-94f4-a50a8657a63a" testListId="8c84fa94-04c1-424b-9868-57a2d4851a1d" />
    <TestEntry testId="cb0ed075-9ca0-4d8e-a30c-4a1db8724940" executionId="30b24a3b-d236-4691-a38a-98c6e7b8c2eb" testListId="8c84fa94-04c1-424b-9868-57a2d4851a1d" />
    <TestEntry testId="29f617b5-6bcd-7706-e064-1228758a03f5" executionId="4400d5bf-ab92-4632-8a8e-6594697579c7" testListId="8c84fa94-04c1-424b-9868-57a2d4851a1d" />
    <TestEntry testId="5964c62f-d622-7baa-bebd-c30ed06d782d" executionId="76211299-b642-41c4-9d18-3729fedee881" testListId="8c84fa94-04c1-424b-9868-57a2d4851a1d" />
    <TestEntry testId="3fd0dae0-b448-34b4-db08-a0041291704b" executionId="0abc130c-2911-45cd-a95d-e034c346053f" testListId="8c84fa94-04c1-424b-9868-57a2d4851a1d" />
    <TestEntry testId="85a0def8-5da6-f81f-fb97-183b5bbad7af" executionId="1c86b9e5-9d0e-446f-a477-db9157c075fa" testListId="8c84fa94-04c1-424b-9868-57a2d4851a1d" />
    <TestEntry testId="250d7edd-3c97-50f7-a901-bbe37091e1ea" executionId="f0456823-7ce1-4f43-a965-da13a872b531" testListId="8c84fa94-04c1-424b-9868-57a2d4851a1d" />
    <TestEntry testId="ee28bd35-2659-d8cb-a984-b4da2877f6d6" executionId="6dfac96d-5c6c-45d4-b15c-9b61bf9d06f9" testListId="8c84fa94-04c1-424b-9868-57a2d4851a1d" />
  </TestEntries>
  <TestLists>
    <TestList name="Results Not in a List" id="8c84fa94-04c1-424b-9868-57a2d4851a1d" />
    <TestList name="All Loaded Results" id="19431567-8539-422a-85d7-44ee4e166bda" />
  </TestLists>
  <ResultSummary outcome="Completed">
    <Counters total="48" executed="48" passed="48" failed="0" error="0" timeout="0" aborted="0" inconclusive="0" passedButRunAborted="0" notRunnable="0" notExecuted="0" disconnected="0" warning="0" completed="0" inProgress="0" pending="0" />
    <Output>
      <StdOut>[xUnit.net 00:00:00.00] xUnit.net VSTest Adapter v3.1.5+1b188a7b0a (64-bit .NET 8.0.31)&#xD;
[xUnit.net 00:00:00.49]   Discovering: ControlServer.Tests&#xD;
[xUnit.net 00:00:01.73]   Discovered:  ControlServer.Tests&#xD;
[xUnit.net 00:00:02.02]   Starting:    ControlServer.Tests&#xD;
[xUnit.net 00:00:35.85]   Finished:    ControlServer.Tests (ID = '9ced0d16ec67303172fc1bf9b6d58698cbddd6dd6f2fc2536a3e8e8eb77b1ef4')&#xD;
</StdOut>
    </Output>
  </ResultSummary>
</TestRun>