<?xml version="1.0" encoding="utf-8"?>
<TestRun id="aa6219b0-4079-4575-9114-5ade4904fca8" name="szy@LAB-WIN-01 2026-09-08 11:16:33" runUser="LAB-WIN-01\szy" xmlns="http://microsoft.com/schemas/VisualStudio/TeamTest/2010">
  <Times creation="2026-09-08T11:16:33.7928427+08:00" queuing="2026-09-08T11:16:33.7928435+08:00" start="2026-09-08T11:16:28.5707459+08:00" finish="2026-09-08T11:16:43.9452073+08:00" />
  <TestSettings name="default" id="8648b770-5ad4-4c07-a4bc-1ed0fd825a3a">
    <Deployment runDeploymentRoot="szy_LAB-WIN-01_2026-09-08_11_16_33" />
  </TestSettings>
  <Results>
    <UnitTestResult executionId="b6472d67-2719-48f0-ba54-306e48ec3a39" testId="ce24c2e7-ff2a-1f88-cefb-245dd0e4aabe" testName="ControlServer.Tests.JourneyRuntimeWorkerTests.ACompletedDemandStillListedByMesIngestIsNeverOfferedForIntakeAgain" computerName="LAB-WIN-01" duration="00:00:02.1541990" startTime="2026-09-08T11:16:35.6897908+08:00" endTime="2026-09-08T11:16:37.8442288+08:00" testType="13cdc9d9-ddb5-4fa4-a97d-d965ccfc6d4b" outcome="Passed" testListId="8c84fa94-04c1-424b-9868-57a2d4851a1d" relativeResultsDirectory="b6472d67-2719-48f0-ba54-306e48ec3a39" />
    <UnitTestResult executionId="465d9a4f-9209-4f4c-bf70-a2d2f0887b11" testId="480cf8f2-a2fd-ecff-5a3c-67abc4eeb3e2" testName="ControlServer.Tests.DemandAcceptanceAtomicityTests.VehicleLeaseRejectsSecondDemandUntilSuccessfulUnloadReleasesIt" computerName="LAB-WIN-01" duration="00:00:01.9125178" startTime="2026-09-08T11:16:30.5928428+08:00" endTime="2026-09-08T11:16:32.5136385+08:00" testType="13cdc9d9-ddb5-4fa4-a97d-d965ccfc6d4b" outcome="Passed" testListId="8c84fa94-04c1-424b-9868-57a2d4851a1d" relativeResultsDirectory="465d9a4f-9209-4f4c-bf70-a2d2f0887b11" />
    <UnitTestResult executionId="f112b15a-6af5-4af1-bbb8-fab7201317a9" testId="87ab6baa-a2fa-4bd2-e2a4-5abe279110f2" testName="ControlServer.Tests.OnboardJourneyPublisherTests.CoreJourneyCommandsEmitFormalSchemaPayloadsWithExactCorrelationRules" computerName="LAB-WIN-01" duration="00:00:01.8882022" startTime="2026-09-08T11:16:30.5928266+08:00" endTime="2026-09-08T11:16:32.4943629+08:00" testType="13cdc9d9-ddb5-4fa4-a97d-d965ccfc6d4b" outcome="Passed" testListId="8c84fa94-04c1-424b-9868-57a2d4851a1d" relativeResultsDirectory="f112b15a-6af5-4af1-bbb8-fab7201317a9" />
    <UnitTestResult executionId="f8508bfd-ff14-4a59-8056-fba9e3e18562" testId="bdc4fb63-67dc-07fd-5096-a48bb6f4ed8c" testName="ControlServer.Tests.JourneyRuntimeWorkerTests.ACompletedDemandStillListedByMesIngestDoesNotBlockTheNextEligibleDemand" computerName="LAB-WIN-01" duration="00:00:05.0801444" startTime="2026-09-08T11:16:30.5928695+08:00" endTime="2026-09-08T11:16:35.6825262+08:00" testType="13cdc9d9-ddb5-4fa4-a97d-d965ccfc6d4b" outcome="Passed" testListId="8c84fa94-04c1-424b-9868-57a2d4851a1d" relativeResultsDirectory="f8508bfd-ff14-4a59-8056-fba9e3e18562" />
    <UnitTestResult executionId="e67c2360-a8f0-4ab2-8179-6245bb97e061" testId="ec081030-783c-3362-9d98-2539da291754" testName="ControlServer.Tests.OnboardMessageProcessorTests.CompletedUnloadResultAtomicallyClosesDemandBeforeDurableAck" computerName="LAB-WIN-01" duration="00:00:02.1118763" startTime="2026-09-08T11:16:30.5928200+08:00" endTime="2026-09-08T11:16:32.7129490+08:00" testType="13cdc9d9-ddb5-4fa4-a97d-d965ccfc6d4b" outcome="Passed" testListId="8c84fa94-04c1-424b-9868-57a2d4851a1d" relativeResultsDirectory="e67c2360-a8f0-4ab2-8179-6245bb97e061" />
    <UnitTestResult executionId="06d63b41-d9e4-4063-9101-c82f4e138305" testId="e2369ea8-d8d7-3658-2422-fc8291116fed" testName="ControlServer.Tests.JourneyRuntimeWorkerTests.EachStopPublishesItsWorklistUnderItsOwnRevision" computerName="LAB-WIN-01" duration="00:00:01.9490403" startTime="2026-09-08T11:16:41.9001484+08:00" endTime="2026-09-08T11:16:43.8492719+08:00" testType="13cdc9d9-ddb5-4fa4-a97d-d965ccfc6d4b" outcome="Passed" testListId="8c84fa94-04c1-424b-9868-57a2d4851a1d" relativeResultsDirectory="06d63b41-d9e4-4063-9101-c82f4e138305" />
    <UnitTestResult executionId="9b6ee3ae-0577-423a-b089-ae8cf9c2f024" testId="fd10d0f2-29ac-2c11-cf74-87c87b98fd00" testName="ControlServer.Tests.JourneyRuntimeWorkerTests.ASecondJourneyOnTheSameVehicleNeverRepublishesAnAdoptedRevision" computerName="LAB-WIN-01" duration="00:00:01.9791203" startTime="2026-09-08T11:16:39.9193660+08:00" endTime="2026-09-08T11:16:41.8985846+08:00" testType="13cdc9d9-ddb5-4fa4-a97d-d965ccfc6d4b" outcome="Passed" testListId="8c84fa94-04c1-424b-9868-57a2d4851a1d" relativeResultsDirectory="9b6ee3ae-0577-423a-b089-ae8cf9c2f024" />
    <UnitTestResult executionId="f35bd7d0-5cc7-4352-bef4-fe67ccf07af9" testId="21aefc82-e2cb-0ab9-27cb-dd1c355de7c0" testName="ControlServer.Tests.WireToGateStoreTests.UnloadCompletionCommitsAllFourFactsExactlyOnce" computerName="LAB-WIN-01" duration="00:00:01.9214526" startTime="2026-09-08T11:16:30.5928681+08:00" endTime="2026-09-08T11:16:32.5224999+08:00" testType="13cdc9d9-ddb5-4fa4-a97d-d965ccfc6d4b" outcome="Passed" testListId="8c84fa94-04c1-424b-9868-57a2d4851a1d" relativeResultsDirectory="f35bd7d0-5cc7-4352-bef4-fe67ccf07af9" />
    <UnitTestResult executionId="f2bae12c-bc3c-4dea-b20a-0d0192f99a50" testId="6fea1d2f-e02f-742d-7376-bf8c24835495" testName="ControlServer.Tests.JourneyRuntimeWorkerTests.ProductionRuntimeResumesOneJourneyThroughTrustedArrivalsAndAtomicCompletion" computerName="LAB-WIN-01" duration="00:00:02.0701315" startTime="2026-09-08T11:16:37.8476424+08:00" endTime="2026-09-08T11:16:39.9178948+08:00" testType="13cdc9d9-ddb5-4fa4-a97d-d965ccfc6d4b" outcome="Passed" testListId="8c84fa94-04c1-424b-9868-57a2d4851a1d" relativeResultsDirectory="f2bae12c-bc3c-4dea-b20a-0d0192f99a50" />
  </Results>
  <TestDefinitions>
    <UnitTest name="ControlServer.Tests.JourneyRuntimeWorkerTests.EachStopPublishesItsWorklistUnderItsOwnRevision" storage="c:\users\szy\desktop\8005-workspace\repos\8005-agv-control-server\tests\controlserver.tests\bin\release\net8.0\win-x64\controlserver.tests.dll" id="e2369ea8-d8d7-3658-2422-fc8291116fed">
      <Execution id="06d63b41-d9e4-4063-9101-c82f4e138305" />
      <TestMethod codeBase="C:\Users\szy\Desktop\8005-workspace\repos\8005-agv-control-server\tests\ControlServer.Tests\bin\Release\net8.0\win-x64\ControlServer.Tests.dll" adapterTypeName="executor://xunit/VsTestRunner3/netcore/" className="ControlServer.Tests.JourneyRuntimeWorkerTests" name="EachStopPublishesItsWorklistUnderItsOwnRevision" />
    </UnitTest>
    <UnitTest name="ControlServer.Tests.JourneyRuntimeWorkerTests.ACompletedDemandStillListedByMesIngestDoesNotBlockTheNextEligibleDemand" storage="c:\users\szy\desktop\8005-workspace\repos\8005-agv-control-server\tests\controlserver.tests\bin\release\net8.0\win-x64\controlserver.tests.dll" id="bdc4fb63-67dc-07fd-5096-a48bb6f4ed8c">
      <Execution id="f8508bfd-ff14-4a59-8056-fba9e3e18562" />
      <TestMethod codeBase="C:\Users\szy\Desktop\8005-workspace\repos\8005-agv-control-server\tests\ControlServer.Tests\bin\Release\net8.0\win-x64\ControlServer.Tests.dll" adapterTypeName="executor://xunit/VsTestRunner3/netcore/" className="ControlServer.Tests.JourneyRuntimeWorkerTests" name="ACompletedDemandStillListedByMesIngestDoesNotBlockTheNextEligibleDemand" />
    </UnitTest>
    <UnitTest name="ControlServer.Tests.WireToGateStoreTests.UnloadCompletionCommitsAllFourFactsExactlyOnce" storage="c:\users\szy\desktop\8005-workspace\repos\8005-agv-control-server\tests\controlserver.tests\bin\release\net8.0\win-x64\controlserver.tests.dll" id="21aefc82-e2cb-0ab9-27cb-dd1c355de7c0">
      <Execution id="f35bd7d0-5cc7-4352-bef4-fe67ccf07af9" />
      <TestMethod codeBase="C:\Users\szy\Desktop\8005-workspace\repos\8005-agv-control-server\tests\ControlServer.Tests\bin\Release\net8.0\win-x64\ControlServer.Tests.dll" adapterTypeName="executor://xunit/VsTestRunner3/netcore/" className="ControlServer.Tests.WireToGateStoreTests" name="UnloadCompletionCommitsAllFourFactsExactlyOnce" />
    </UnitTest>
    <UnitTest name="ControlServer.Tests.JourneyRuntimeWorkerTests.ASecondJourneyOnTheSameVehicleNeverRepublishesAnAdoptedRevision" storage="c:\users\szy\desktop\8005-workspace\repos\8005-agv-control-server\tests\controlserver.tests\bin\release\net8.0\win-x64\controlserver.tests.dll" id="fd10d0f2-29ac-2c11-cf74-87c87b98fd00">
      <Execution id="9b6ee3ae-0577-423a-b089-ae8cf9c2f024" />
      <TestMethod codeBase="C:\Users\szy\Desktop\8005-workspace\repos\8005-agv-control-server\tests\ControlServer.Tests\bin\Release\net8.0\win-x64\ControlServer.Tests.dll" adapterTypeName="executor://xunit/VsTestRunner3/netcore/" className="ControlServer.Tests.JourneyRuntimeWorkerTests" name="ASecondJourneyOnTheSameVehicleNeverRepublishesAnAdoptedRevision" />
    </UnitTest>
    <UnitTest name="ControlServer.Tests.DemandAcceptanceAtomicityTests.VehicleLeaseRejectsSecondDemandUntilSuccessfulUnloadReleasesIt" storage="c:\users\szy\desktop\8005-workspace\repos\8005-agv-control-server\tests\controlserver.tests\bin\release\net8.0\win-x64\controlserver.tests.dll" id="480cf8f2-a2fd-ecff-5a3c-67abc4eeb3e2">
      <Execution id="465d9a4f-9209-4f4c-bf70-a2d2f0887b11" />
      <TestMethod codeBase="C:\Users\szy\Desktop\8005-workspace\repos\8005-agv-control-server\tests\ControlServer.Tests\bin\Release\net8.0\win-x64\ControlServer.Tests.dll" adapterTypeName="executor://xunit/VsTestRunner3/netcore/" className="ControlServer.Tests.DemandAcceptanceAtomicityTests" name="VehicleLeaseRejectsSecondDemandUntilSuccessfulUnloadReleasesIt" />
    </UnitTest>
    <UnitTest name="ControlServer.Tests.OnboardJourneyPublisherTests.CoreJourneyCommandsEmitFormalSchemaPayloadsWithExactCorrelationRules" storage="c:\users\szy\desktop\8005-workspace\repos\8005-agv-control-server\tests\controlserver.tests\bin\release\net8.0\win-x64\controlserver.tests.dll" id="87ab6baa-a2fa-4bd2-e2a4-5abe279110f2">
      <Execution id="f112b15a-6af5-4af1-bbb8-fab7201317a9" />
      <TestMethod codeBase="C:\Users\szy\Desktop\8005-workspace\repos\8005-agv-control-server\tests\ControlServer.Tests\bin\Release\net8.0\win-x64\ControlServer.Tests.dll" adapterTypeName="executor://xunit/VsTestRunner3/netcore/" className="ControlServer.Tests.OnboardJourneyPublisherTests" name="CoreJourneyCommandsEmitFormalSchemaPayloadsWithExactCorrelationRules" />
    </UnitTest>
    <UnitTest name="ControlServer.Tests.JourneyRuntimeWorkerTests.ACompletedDemandStillListedByMesIngestIsNeverOfferedForIntakeAgain" storage="c:\users\szy\desktop\8005-workspace\repos\8005-agv-control-server\tests\controlserver.tests\bin\release\net8.0\win-x64\controlserver.tests.dll" id="ce24c2e7-ff2a-1f88-cefb-245dd0e4aabe">
      <Execution id="b6472d67-2719-48f0-ba54-306e48ec3a39" />
      <TestMethod codeBase="C:\Users\szy\Desktop\8005-workspace\repos\8005-agv-control-server\tests\ControlServer.Tests\bin\Release\net8.0\win-x64\ControlServer.Tests.dll" adapterTypeName="executor://xunit/VsTestRunner3/netcore/" className="ControlServer.Tests.JourneyRuntimeWorkerTests" name="ACompletedDemandStillListedByMesIngestIsNeverOfferedForIntakeAgain" />
    </UnitTest>
    <UnitTest name="ControlServer.Tests.JourneyRuntimeWorkerTests.ProductionRuntimeResumesOneJourneyThroughTrustedArrivalsAndAtomicCompletion" storage="c:\users\szy\desktop\8005-workspace\repos\8005-agv-control-server\tests\controlserver.tests\bin\release\net8.0\win-x64\controlserver.tests.dll" id="6fea1d2f-e02f-742d-7376-bf8c24835495">
      <Execution id="f2bae12c-bc3c-4dea-b20a-0d0192f99a50" />
      <TestMethod codeBase="C:\Users\szy\Desktop\8005-workspace\repos\8005-agv-control-server\tests\ControlServer.Tests\bin\Release\net8.0\win-x64\ControlServer.Tests.dll" adapterTypeName="executor://xunit/VsTestRunner3/netcore/" className="ControlServer.Tests.JourneyRuntimeWorkerTests" name="ProductionRuntimeResumesOneJourneyThroughTrustedArrivalsAndAtomicCompletion" />
    </UnitTest>
    <UnitTest name="ControlServer.Tests.OnboardMessageProcessorTests.CompletedUnloadResultAtomicallyClosesDemandBeforeDurableAck" storage="c:\users\szy\desktop\8005-workspace\repos\8005-agv-control-server\tests\controlserver.tests\bin\release\net8.0\win-x64\controlserver.tests.dll" id="ec081030-783c-3362-9d98-2539da291754">
      <Execution id="e67c2360-a8f0-4ab2-8179-6245bb97e061" />
      <TestMethod codeBase="C:\Users\szy\Desktop\8005-workspace\repos\8005-agv-control-server\tests\ControlServer.Tests\bin\Release\net8.0\win-x64\ControlServer.Tests.dll" adapterTypeName="executor://xunit/VsTestRunner3/netcore/" className="ControlServer.Tests.OnboardMessageProcessorTests" name="CompletedUnloadResultAtomicallyClosesDemandBeforeDurableAck" />
    </UnitTest>
  </TestDefinitions>
  <TestEntries>
    <TestEntry testId="ce24c2e7-ff2a-1f88-cefb-245dd0e4aabe" executionId="b6472d67-2719-48f0-ba54-306e48ec3a39" testListId="8c84fa94-04c1-424b-9868-57a2d4851a1d" />
    <TestEntry testId="480cf8f2-a2fd-ecff-5a3c-67abc4eeb3e2" executionId="465d9a4f-9209-4f4c-bf70-a2d2f0887b11" testListId="8c84fa94-04c1-424b-9868-57a2d4851a1d" />
    <TestEntry testId="87ab6baa-a2fa-4bd2-e2a4-5abe279110f2" executionId="f112b15a-6af5-4af1-bbb8-fab7201317a9" testListId="8c84fa94-04c1-424b-9868-57a2d4851a1d" />
    <TestEntry testId="bdc4fb63-67dc-07fd-5096-a48bb6f4ed8c" executionId="f8508bfd-ff14-4a59-8056-fba9e3e18562" testListId="8c84fa94-04c1-424b-9868-57a2d4851a1d" />
    <TestEntry testId="ec081030-783c-3362-9d98-2539da291754" executionId="e67c2360-a8f0-4ab2-8179-6245bb97e061" testListId="8c84fa94-04c1-424b-9868-57a2d4851a1d" />
    <TestEntry testId="e2369ea8-d8d7-3658-2422-fc8291116fed" executionId="06d63b41-d9e4-4063-9101-c82f4e138305" testListId="8c84fa94-04c1-424b-9868-57a2d4851a1d" />
    <TestEntry testId="fd10d0f2-29ac-2c11-cf74-87c87b98fd00" executionId="9b6ee3ae-0577-423a-b089-ae8cf9c2f024" testListId="8c84fa94-04c1-424b-9868-57a2d4851a1d" />
    <TestEntry testId="21aefc82-e2cb-0ab9-27cb-dd1c355de7c0" executionId="f35bd7d0-5cc7-4352-bef4-fe67ccf07af9" testListId="8c84fa94-04c1-424b-9868-57a2d4851a1d" />
    <TestEntry testId="6fea1d2f-e02f-742d-7376-bf8c24835495" executionId="f2bae12c-bc3c-4dea-b20a-0d0192f99a50" testListId="8c84fa94-04c1-424b-9868-57a2d4851a1d" />
  </TestEntries>
  <TestLists>
    <TestList name="Results Not in a List" id="8c84fa94-04c1-424b-9868-57a2d4851a1d" />
    <TestList name="All Loaded Results" id="19431567-8539-422a-85d7-44ee4e166bda" />
  </TestLists>
  <ResultSummary outcome="Completed">
    <Counters total="9" executed="9" passed="9" failed="0" error="0" timeout="0" aborted="0" inconclusive="0" passedButRunAborted="0" notRunnable="0" notExecuted="0" disconnected="0" warning="0" completed="0" inProgress="0" pending="0" />
    <Output>
      <StdOut>[xUnit.net 00:00:00.00] xUnit.net VSTest Adapter v3.1.5+1b188a7b0a (64-bit .NET 8.0.30)&#xD;
[xUnit.net 00:00:00.38]   Discovering: ControlServer.Tests&#xD;
[xUnit.net 00:00:00.89]   Discovered:  ControlServer.Tests&#xD;
[xUnit.net 00:00:01.19]   Starting:    ControlServer.Tests&#xD;
[xUnit.net 00:00:14.53]   Finished:    ControlServer.Tests (ID = '5f32e3228d37e5cb3e7bc60b239275389dd116eb20728c9edbbdde1b1bccd0e8')&#xD;
</StdOut>
    </Output>
  </ResultSummary>
</TestRun>