<?xml version="1.0" encoding="utf-8"?>
<TestRun id="69196bc2-c82f-471d-83d7-37fb3035c579" name="szy@LAB-WIN-01 2026-09-12 14:34:17" runUser="LAB-WIN-01\szy" xmlns="http://microsoft.com/schemas/VisualStudio/TeamTest/2010">
  <Times creation="2026-09-12T14:34:17.5697949+08:00" queuing="2026-09-12T14:34:17.5697953+08:00" start="2026-09-12T14:34:14.8707900+08:00" finish="2026-09-12T14:34:57.7265709+08:00" />
  <TestSettings name="default" id="67e14241-ac82-45e5-ac0c-19e137e49641">
    <Deployment runDeploymentRoot="szy_LAB-WIN-01_2026-09-12_14_34_17" />
  </TestSettings>
  <Results>
    <UnitTestResult executionId="cc685831-a888-4116-bdff-1b851bb40d01" testId="64680d29-52f6-d11c-d251-275a3181bf55" testName="ControlServer.Tests.JourneyRuntimeWorkerTests.ADeterminateLoadFailureEndsTheStopInsteadOfWaitingForACancellationNobodyRaises" computerName="LAB-WIN-01" duration="00:00:00.0372752" startTime="2026-09-12T14:34:37.7523900+08:00" endTime="2026-09-12T14:34:37.7897112+08:00" testType="13cdc9d9-ddb5-4fa4-a97d-d965ccfc6d4b" outcome="Passed" testListId="8c84fa94-04c1-424b-9868-57a2d4851a1d" relativeResultsDirectory="cc685831-a888-4116-bdff-1b851bb40d01" />
    <UnitTestResult executionId="7af4ada2-9bb6-4724-bfc3-efa9f159c5f6" testId="6afb58cb-2ad2-77f5-6e85-e00506137b82" testName="ControlServer.Tests.JourneyRuntimeWorkerTests.ACompensatedLoadLeavesTheStopFreeToLoadItsOtherDemand" computerName="LAB-WIN-01" duration="00:00:02.2150002" startTime="2026-09-12T14:34:17.6728955+08:00" endTime="2026-09-12T14:34:19.8887971+08:00" testType="13cdc9d9-ddb5-4fa4-a97d-d965ccfc6d4b" outcome="Passed" testListId="8c84fa94-04c1-424b-9868-57a2d4851a1d" relativeResultsDirectory="7af4ada2-9bb6-4724-bfc3-efa9f159c5f6" />
    <UnitTestResult executionId="51523f7e-f159-40d1-ac63-9b45665cdaaa" testId="e50c615a-8ca3-ddc5-f2c5-8d2d45893f41" testName="ControlServer.Tests.WireToGateStoreTests.AnUnloadThatMissedItsTargetStillNeedsRecoveryHoweverCompleteItsEvidenceIs" computerName="LAB-WIN-01" duration="00:00:00.1102692" startTime="2026-09-12T14:34:17.2393129+08:00" endTime="2026-09-12T14:34:17.3496483+08:00" testType="13cdc9d9-ddb5-4fa4-a97d-d965ccfc6d4b" outcome="Passed" testListId="8c84fa94-04c1-424b-9868-57a2d4851a1d" relativeResultsDirectory="51523f7e-f159-40d1-ac63-9b45665cdaaa" />
    <UnitTestResult executionId="6d32acc4-b720-4726-940f-0c66bb127253" testId="b75b310e-9836-f3a2-b7dd-0f96fec8940e" testName="ControlServer.Tests.JourneyRuntimeWorkerTests.AnExpiredStationDeadlineDoesNotCloseTheStopOnAnUnreadableSafetyPicture" computerName="LAB-WIN-01" duration="00:00:01.4033173" startTime="2026-09-12T14:34:16.1379490+08:00" endTime="2026-09-12T14:34:17.5462809+08:00" testType="13cdc9d9-ddb5-4fa4-a97d-d965ccfc6d4b" outcome="Passed" testListId="8c84fa94-04c1-424b-9868-57a2d4851a1d" relativeResultsDirectory="6d32acc4-b720-4726-940f-0c66bb127253" />
    <UnitTestResult executionId="1ccd4ff7-8659-41ac-8acf-8cedb0205ad0" testId="9ed55b43-18ac-c86e-08a0-5a506db60b1d" testName="ControlServer.Tests.WireToGateStoreTests.AFailedLoadWithOneUnknownSlotIsStillARecovery" computerName="LAB-WIN-01" duration="00:00:00.0564099" startTime="2026-09-12T14:34:17.4385453+08:00" endTime="2026-09-12T14:34:17.4950008+08:00" testType="13cdc9d9-ddb5-4fa4-a97d-d965ccfc6d4b" outcome="Passed" testListId="8c84fa94-04c1-424b-9868-57a2d4851a1d" relativeResultsDirectory="1ccd4ff7-8659-41ac-8acf-8cedb0205ad0" />
    <UnitTestResult executionId="a6863823-891a-4b67-a288-fa430b8b5d4b" testId="b32b976e-007d-8ea4-f286-9bcfc262933c" testName="ControlServer.Tests.RecoveryStateMachineG2Tests.AReconciledCompensationTellsTheVehicleItsSessionIsReadyAgain" computerName="LAB-WIN-01" duration="00:00:01.4050228" startTime="2026-09-12T14:34:16.1379516+08:00" endTime="2026-09-12T14:34:17.5479860+08:00" testType="13cdc9d9-ddb5-4fa4-a97d-d965ccfc6d4b" outcome="Passed" testListId="8c84fa94-04c1-424b-9868-57a2d4851a1d" relativeResultsDirectory="a6863823-891a-4b67-a288-fa430b8b5d4b" />
    <UnitTestResult executionId="39e32175-6b46-4edf-8935-a1bfaef40aef" testId="d9f01194-71f2-3617-d3d4-fa51540e7843" testName="ControlServer.Tests.JourneyRuntimeWorkerTests.AnOpenDoorNoCommandOfOursExplainsLeavesTheSessionUnusable" computerName="LAB-WIN-01" duration="00:00:00.1221451" startTime="2026-09-12T14:34:17.5475822+08:00" endTime="2026-09-12T14:34:17.6697752+08:00" testType="13cdc9d9-ddb5-4fa4-a97d-d965ccfc6d4b" outcome="Passed" testListId="8c84fa94-04c1-424b-9868-57a2d4851a1d" relativeResultsDirectory="39e32175-6b46-4edf-8935-a1bfaef40aef" />
    <UnitTestResult executionId="3dec3b87-f18b-42a5-8ea8-708d3df31d2f" testId="cafba85a-c9f9-e11a-a7b1-ee9d2f10a09e" testName="ControlServer.Tests.JourneyRuntimeWorkerTests.AnExpiredDeadlineRaisesTheDoorAlarmWhileALoadIsStillUnderway" computerName="LAB-WIN-01" duration="00:00:00.1037877" startTime="2026-09-12T14:34:19.8922283+08:00" endTime="2026-09-12T14:34:19.9960670+08:00" testType="13cdc9d9-ddb5-4fa4-a97d-d965ccfc6d4b" outcome="Passed" testListId="8c84fa94-04c1-424b-9868-57a2d4851a1d" relativeResultsDirectory="3dec3b87-f18b-42a5-8ea8-708d3df31d2f" />
    <UnitTestResult executionId="a1efd8c4-66c3-4c2e-9123-6cb2982e673b" testId="c883fbac-a226-dab0-a852-c8a8a6abc1e3" testName="ControlServer.Tests.WireToGateStoreTests.ForcedRecoveryGenerationFencesLateResultsAndPersistsDecision" computerName="LAB-WIN-01" duration="00:00:00.0830673" startTime="2026-09-12T14:34:17.3542302+08:00" endTime="2026-09-12T14:34:17.4373468+08:00" testType="13cdc9d9-ddb5-4fa4-a97d-d965ccfc6d4b" outcome="Passed" testListId="8c84fa94-04c1-424b-9868-57a2d4851a1d" relativeResultsDirectory="a1efd8c4-66c3-4c2e-9123-6cb2982e673b" />
    <UnitTestResult executionId="52722681-ea01-493a-9006-112c433c2ef2" testId="697153fa-265b-d157-0467-e6b2107cb27f" testName="ControlServer.Tests.JourneyRuntimeWorkerTests.AnExpiredStationDeadlineDoesNotCloseTheStopWhileASlotDoorIsStillOpen" computerName="LAB-WIN-01" duration="00:00:00.0749638" startTime="2026-09-12T14:34:27.9390367+08:00" endTime="2026-09-12T14:34:28.0140652+08:00" testType="13cdc9d9-ddb5-4fa4-a97d-d965ccfc6d4b" outcome="Passed" testListId="8c84fa94-04c1-424b-9868-57a2d4851a1d" relativeResultsDirectory="52722681-ea01-493a-9006-112c433c2ef2" />
    <UnitTestResult executionId="bf6f6457-0dbe-4ddc-9b84-193be41e1b15" testId="119c1ac1-d05f-b853-1a6f-2f82ab993eb6" testName="ControlServer.Tests.JourneyRuntimeWorkerTests.ABlockedJourneyKeepsTheReasonItWasBlockedForWhenTheSessionDrops" computerName="LAB-WIN-01" duration="00:00:00.0335848" startTime="2026-09-12T14:34:37.7903854+08:00" endTime="2026-09-12T14:34:37.8240202+08:00" testType="13cdc9d9-ddb5-4fa4-a97d-d965ccfc6d4b" outcome="Passed" testListId="8c84fa94-04c1-424b-9868-57a2d4851a1d" relativeResultsDirectory="bf6f6457-0dbe-4ddc-9b84-193be41e1b15" />
    <UnitTestResult executionId="f2150de7-c59d-447f-941b-ef18293fb2d9" testId="a9284d4a-c50b-3b6f-9c5f-5e10db4c2ccd" testName="ControlServer.Tests.JourneyRuntimeWorkerTests.ABlockedJourneyKeepsTheVehicleOutOfEveryOtherDemand" computerName="LAB-WIN-01" duration="00:00:00.0489442" startTime="2026-09-12T14:34:28.0155913+08:00" endTime="2026-09-12T14:34:28.0646056+08:00" testType="13cdc9d9-ddb5-4fa4-a97d-d965ccfc6d4b" outcome="Passed" testListId="8c84fa94-04c1-424b-9868-57a2d4851a1d" relativeResultsDirectory="f2150de7-c59d-447f-941b-ef18293fb2d9" />
    <UnitTestResult executionId="5be2f81f-0510-4ab6-a0b5-0c15567f81ca" testId="e1968e43-9e7b-f56a-40ea-5c0a4b4951ca" testName="ControlServer.Tests.WireToGateStoreTests.UnsafeCompletedOperationResultIsDurableButMovesDemandToRecovery" computerName="LAB-WIN-01" duration="00:00:00.0626066" startTime="2026-09-12T14:34:17.4957861+08:00" endTime="2026-09-12T14:34:17.5584385+08:00" testType="13cdc9d9-ddb5-4fa4-a97d-d965ccfc6d4b" outcome="Passed" testListId="8c84fa94-04c1-424b-9868-57a2d4851a1d" relativeResultsDirectory="5be2f81f-0510-4ab6-a0b5-0c15567f81ca" />
    <UnitTestResult executionId="1807cdaf-de94-4166-b3ed-46709185870f" testId="f1bcbb2a-50d1-002e-e978-866d41ee1ff0" testName="ControlServer.Tests.WireToGateStoreTests.ALoadFailureWithCompleteEvidenceSettlesWithoutAskingForRecovery" computerName="LAB-WIN-01" duration="00:00:01.0878403" startTime="2026-09-12T14:34:16.1379419+08:00" endTime="2026-09-12T14:34:17.2329089+08:00" testType="13cdc9d9-ddb5-4fa4-a97d-d965ccfc6d4b" outcome="Passed" testListId="8c84fa94-04c1-424b-9868-57a2d4851a1d" relativeResultsDirectory="1807cdaf-de94-4166-b3ed-46709185870f" />
    <UnitTestResult executionId="8b88d559-7cbb-4352-938e-0888882fea91" testId="ff17ac35-ce03-0849-b5c0-bf588b3c95c4" testName="ControlServer.Tests.RecoveryStateMachineG2Tests.AReportedPendingFactIsReconciledOnlyByAConclusionTheServerHolds" computerName="LAB-WIN-01" duration="00:00:00.0660652" startTime="2026-09-12T14:34:17.6382833+08:00" endTime="2026-09-12T14:34:17.7043924+08:00" testType="13cdc9d9-ddb5-4fa4-a97d-d965ccfc6d4b" outcome="Passed" testListId="8c84fa94-04c1-424b-9868-57a2d4851a1d" relativeResultsDirectory="8b88d559-7cbb-4352-938e-0888882fea91" />
    <UnitTestResult executionId="9a7e3234-7a19-4973-bd3d-4d087dcb597b" testId="7605e00c-6971-dea7-f60c-b5c84dfacfb4" testName="ControlServer.Tests.JourneyRuntimeWorkerTests.AFaultCargoHandoffAtALaterStopLetsTheCargoAboardReachTheGate" computerName="LAB-WIN-01" duration="00:00:04.0239864" startTime="2026-09-12T14:34:19.9973982+08:00" endTime="2026-09-12T14:34:24.0214747+08:00" testType="13cdc9d9-ddb5-4fa4-a97d-d965ccfc6d4b" outcome="Passed" testListId="8c84fa94-04c1-424b-9868-57a2d4851a1d" relativeResultsDirectory="9a7e3234-7a19-4973-bd3d-4d087dcb597b" />
    <UnitTestResult executionId="a8fbccea-8b37-44df-8ad2-eac6fb6c5ed5" testId="86fc3372-7118-5542-bff8-173d2df03f99" testName="ControlServer.Tests.RecoveryStateMachineG2Tests.AfterARefusedResultResumeIsRefusedButCompensationIsAuthorized" computerName="LAB-WIN-01" duration="00:00:00.0884926" startTime="2026-09-12T14:34:17.5483775+08:00" endTime="2026-09-12T14:34:17.6369861+08:00" testType="13cdc9d9-ddb5-4fa4-a97d-d965ccfc6d4b" outcome="Passed" testListId="8c84fa94-04c1-424b-9868-57a2d4851a1d" relativeResultsDirectory="a8fbccea-8b37-44df-8ad2-eac6fb6c5ed5" />
    <UnitTestResult executionId="6dc7add6-c31b-473f-ac44-e981832177fb" testId="26c35043-cf6d-4025-7bf5-02645ebf89c1" testName="ControlServer.Tests.JourneyRuntimeWorkerTests.ADeterminateLoadFailureAtALaterStopLetsTheCargoAboardReachTheGate" computerName="LAB-WIN-01" duration="00:00:03.8486052" startTime="2026-09-12T14:34:33.9029492+08:00" endTime="2026-09-12T14:34:37.7516125+08:00" testType="13cdc9d9-ddb5-4fa4-a97d-d965ccfc6d4b" outcome="Passed" testListId="8c84fa94-04c1-424b-9868-57a2d4851a1d" relativeResultsDirectory="6dc7add6-c31b-473f-ac44-e981832177fb" />
    <UnitTestResult executionId="77a237bf-2808-4dee-8065-e39f8d2c37ba" testId="4fbe89cf-e3c6-b5ca-e541-1f81fcdf5ca6" testName="ControlServer.Tests.RecoveryStateMachineG2Tests.ARecoverySessionIsJudgedOnTheJourneyAsStoredNotAsThisConnectionFirstSawIt" computerName="LAB-WIN-01" duration="00:00:00.0659491" startTime="2026-09-12T14:34:17.7051782+08:00" endTime="2026-09-12T14:34:17.7711676+08:00" testType="13cdc9d9-ddb5-4fa4-a97d-d965ccfc6d4b" outcome="Passed" testListId="8c84fa94-04c1-424b-9868-57a2d4851a1d" relativeResultsDirectory="77a237bf-2808-4dee-8065-e39f8d2c37ba" />
    <UnitTestResult executionId="b7bcf10d-3dd0-43cd-8c8f-9557160fb203" testId="2aeaf207-4fc2-3e7b-49e3-97994bc005aa" testName="ControlServer.Tests.RecoveryStateMachineG2Tests.ForcedRecoveryAdvancesOnceFencesOldOutboxAndKeepsLateGenerationAsEvidenceOnly" computerName="LAB-WIN-01" duration="00:00:00.1040290" startTime="2026-09-12T14:34:17.7718926+08:00" endTime="2026-09-12T14:34:17.8759678+08:00" testType="13cdc9d9-ddb5-4fa4-a97d-d965ccfc6d4b" outcome="Passed" testListId="8c84fa94-04c1-424b-9868-57a2d4851a1d" relativeResultsDirectory="b7bcf10d-3dd0-43cd-8c8f-9557160fb203" />
    <UnitTestResult executionId="29c89776-437e-40c7-be70-601eda301b63" testId="9e63ad03-2bf8-8db1-0540-fd294a16f46d" testName="ControlServer.Tests.JourneyRuntimeWorkerTests.TheDoorAlarmIsWithdrawnOnceTheDoorIsShutAgain" computerName="LAB-WIN-01" duration="00:00:00.0345148" startTime="2026-09-12T14:34:37.8770379+08:00" endTime="2026-09-12T14:34:37.9116031+08:00" testType="13cdc9d9-ddb5-4fa4-a97d-d965ccfc6d4b" outcome="Passed" testListId="8c84fa94-04c1-424b-9868-57a2d4851a1d" relativeResultsDirectory="29c89776-437e-40c7-be70-601eda301b63" />
    <UnitTestResult executionId="b90de549-943b-4ee3-83c5-32a11bed4161" testId="ce766a81-29b4-c754-b57f-8bf92ac951c1" testName="ControlServer.Tests.RecoveryStateMachineG2Tests.RecoveryReportCannotRegressOrInventForcedRecoveryGeneration" computerName="LAB-WIN-01" duration="00:00:00.0590107" startTime="2026-09-12T14:34:17.8766446+08:00" endTime="2026-09-12T14:34:17.9356988+08:00" testType="13cdc9d9-ddb5-4fa4-a97d-d965ccfc6d4b" outcome="Passed" testListId="8c84fa94-04c1-424b-9868-57a2d4851a1d" relativeResultsDirectory="b90de549-943b-4ee3-83c5-32a11bed4161" />
    <UnitTestResult executionId="255dacf9-7309-4b8f-925c-1e156ca9fd21" testId="a67aff6c-03e4-b63f-46ec-ae058908fd70" testName="ControlServer.Tests.RecoveryStateMachineG2Tests.FailedCompensationResultIsDurableReplayableAndNeverReleasesDemandOrVehicle" computerName="LAB-WIN-01" duration="00:00:00.0877798" startTime="2026-09-12T14:34:17.9364875+08:00" endTime="2026-09-12T14:34:18.0243112+08:00" testType="13cdc9d9-ddb5-4fa4-a97d-d965ccfc6d4b" outcome="Passed" testListId="8c84fa94-04c1-424b-9868-57a2d4851a1d" relativeResultsDirectory="255dacf9-7309-4b8f-925c-1e156ca9fd21" />
    <UnitTestResult executionId="23a80437-e5ae-4d6a-91f0-0449474be264" testId="d5191725-88ac-f958-0bce-e7c43fc6e871" testName="ControlServer.Tests.JourneyRuntimeWorkerTests.AFaultCargoHandoffAtTheGateGoesOnToUnloadTheRestOfTheCargo" computerName="LAB-WIN-01" duration="00:00:03.9146236" startTime="2026-09-12T14:34:24.0228883+08:00" endTime="2026-09-12T14:34:27.9375775+08:00" testType="13cdc9d9-ddb5-4fa4-a97d-d965ccfc6d4b" outcome="Passed" testListId="8c84fa94-04c1-424b-9868-57a2d4851a1d" relativeResultsDirectory="23a80437-e5ae-4d6a-91f0-0449474be264" />
    <UnitTestResult executionId="d9f17a7a-471c-4fac-9c98-b10ade0ccbad" testId="39cf772e-fd78-56ac-5073-7fcd0142fd5b" testName="ControlServer.Tests.JourneyRuntimeWorkerTests.ACompensatedLoadAtAMiddleStopSendsTheJourneyOnToItsRemainingStopsAndTheGate" computerName="LAB-WIN-01" duration="00:00:05.7875450" startTime="2026-09-12T14:34:28.1145359+08:00" endTime="2026-09-12T14:34:33.9021474+08:00" testType="13cdc9d9-ddb5-4fa4-a97d-d965ccfc6d4b" outcome="Passed" testListId="8c84fa94-04c1-424b-9868-57a2d4851a1d" relativeResultsDirectory="d9f17a7a-471c-4fac-9c98-b10ade0ccbad" />
    <UnitTestResult executionId="b03b91de-a433-42c6-99ab-ff1001cfbba0" testId="f23f351e-5244-1a54-38a7-479bcf6a4395" testName="ControlServer.Tests.DemandAcceptanceAtomicityTests.VehicleLeaseMigrationBackfillsAnUnresolvedAcceptedDemand" computerName="LAB-WIN-01" duration="00:00:01.0959908" startTime="2026-09-12T14:34:16.1379393+08:00" endTime="2026-09-12T14:34:17.2390132+08:00" testType="13cdc9d9-ddb5-4fa4-a97d-d965ccfc6d4b" outcome="Passed" testListId="8c84fa94-04c1-424b-9868-57a2d4851a1d" relativeResultsDirectory="b03b91de-a433-42c6-99ab-ff1001cfbba0" />
    <UnitTestResult executionId="4902341b-1310-49b2-9287-bd9a38945f9a" testId="445680d8-a327-90a1-09a7-408cc8cad783" testName="ControlServer.Tests.JourneyRuntimeWorkerTests.AResultThatTurnsTheSessionRecoveryRequiredStillBlocksTheJourneyForItsOwnReason" computerName="LAB-WIN-01" duration="00:00:00.0327409" startTime="2026-09-12T14:34:37.9122685+08:00" endTime="2026-09-12T14:34:37.9450532+08:00" testType="13cdc9d9-ddb5-4fa4-a97d-d965ccfc6d4b" outcome="Passed" testListId="8c84fa94-04c1-424b-9868-57a2d4851a1d" relativeResultsDirectory="4902341b-1310-49b2-9287-bd9a38945f9a" />
    <UnitTestResult executionId="b44a7eda-7ddf-440f-a72a-d42f66fa9e65" testId="74c0eb1f-3510-948e-51d3-95a9a3a210a9" testName="ControlServer.Tests.JourneyRuntimeWorkerTests.ADoorOurOwnLoadHoldsOpenKeepsTheSessionReadyAndReachesTheAlarm" computerName="LAB-WIN-01" duration="00:00:00.0477315" startTime="2026-09-12T14:34:28.0656708+08:00" endTime="2026-09-12T14:34:28.1134732+08:00" testType="13cdc9d9-ddb5-4fa4-a97d-d965ccfc6d4b" outcome="Passed" testListId="8c84fa94-04c1-424b-9868-57a2d4851a1d" relativeResultsDirectory="b44a7eda-7ddf-440f-a72a-d42f66fa9e65" />
    <UnitTestResult executionId="bf64f87b-3f1e-4ac1-907c-198646a66b34" testId="8e14e1a1-5f67-fecc-23fd-1aecd3e46077" testName="ControlServer.Tests.JourneyRuntimeWorkerTests.CompensatingTheOnlyDemandOfAJourneyStillEndsTheJourney" computerName="LAB-WIN-01" duration="00:00:00.0516206" startTime="2026-09-12T14:34:37.8247140+08:00" endTime="2026-09-12T14:34:37.8763788+08:00" testType="13cdc9d9-ddb5-4fa4-a97d-d965ccfc6d4b" outcome="Passed" testListId="8c84fa94-04c1-424b-9868-57a2d4851a1d" relativeResultsDirectory="bf64f87b-3f1e-4ac1-907c-198646a66b34" />
  </Results>
  <TestDefinitions>
    <UnitTest name="ControlServer.Tests.RecoveryStateMachineG2Tests.RecoveryReportCannotRegressOrInventForcedRecoveryGeneration" storage="c:\users\szy\desktop\8005-workspace\repos\8005-agv-control-server\tests\controlserver.tests\bin\release\net8.0\win-x64\controlserver.tests.dll" id="ce766a81-29b4-c754-b57f-8bf92ac951c1">
      <Execution id="b90de549-943b-4ee3-83c5-32a11bed4161" />
      <TestMethod codeBase="C:\Users\szy\Desktop\8005-workspace\repos\8005-agv-control-server\tests\ControlServer.Tests\bin\Release\net8.0\win-x64\ControlServer.Tests.dll" adapterTypeName="executor://xunit/VsTestRunner3/netcore/" className="ControlServer.Tests.RecoveryStateMachineG2Tests" name="RecoveryReportCannotRegressOrInventForcedRecoveryGeneration" />
    </UnitTest>
    <UnitTest name="ControlServer.Tests.JourneyRuntimeWorkerTests.ACompensatedLoadAtAMiddleStopSendsTheJourneyOnToItsRemainingStopsAndTheGate" storage="c:\users\szy\desktop\8005-workspace\repos\8005-agv-control-server\tests\controlserver.tests\bin\release\net8.0\win-x64\controlserver.tests.dll" id="39cf772e-fd78-56ac-5073-7fcd0142fd5b">
      <Execution id="d9f17a7a-471c-4fac-9c98-b10ade0ccbad" />
      <TestMethod codeBase="C:\Users\szy\Desktop\8005-workspace\repos\8005-agv-control-server\tests\ControlServer.Tests\bin\Release\net8.0\win-x64\ControlServer.Tests.dll" adapterTypeName="executor://xunit/VsTestRunner3/netcore/" className="ControlServer.Tests.JourneyRuntimeWorkerTests" name="ACompensatedLoadAtAMiddleStopSendsTheJourneyOnToItsRemainingStopsAndTheGate" />
    </UnitTest>
    <UnitTest name="ControlServer.Tests.RecoveryStateMachineG2Tests.AReportedPendingFactIsReconciledOnlyByAConclusionTheServerHolds" storage="c:\users\szy\desktop\8005-workspace\repos\8005-agv-control-server\tests\controlserver.tests\bin\release\net8.0\win-x64\controlserver.tests.dll" id="ff17ac35-ce03-0849-b5c0-bf588b3c95c4">
      <Execution id="8b88d559-7cbb-4352-938e-0888882fea91" />
      <TestMethod codeBase="C:\Users\szy\Desktop\8005-workspace\repos\8005-agv-control-server\tests\ControlServer.Tests\bin\Release\net8.0\win-x64\ControlServer.Tests.dll" adapterTypeName="executor://xunit/VsTestRunner3/netcore/" className="ControlServer.Tests.RecoveryStateMachineG2Tests" name="AReportedPendingFactIsReconciledOnlyByAConclusionTheServerHolds" />
    </UnitTest>
    <UnitTest name="ControlServer.Tests.JourneyRuntimeWorkerTests.AnExpiredStationDeadlineDoesNotCloseTheStopOnAnUnreadableSafetyPicture" storage="c:\users\szy\desktop\8005-workspace\repos\8005-agv-control-server\tests\controlserver.tests\bin\release\net8.0\win-x64\controlserver.tests.dll" id="b75b310e-9836-f3a2-b7dd-0f96fec8940e">
      <Execution id="6d32acc4-b720-4726-940f-0c66bb127253" />
      <TestMethod codeBase="C:\Users\szy\Desktop\8005-workspace\repos\8005-agv-control-server\tests\ControlServer.Tests\bin\Release\net8.0\win-x64\ControlServer.Tests.dll" adapterTypeName="executor://xunit/VsTestRunner3/netcore/" className="ControlServer.Tests.JourneyRuntimeWorkerTests" name="AnExpiredStationDeadlineDoesNotCloseTheStopOnAnUnreadableSafetyPicture" />
    </UnitTest>
    <UnitTest name="ControlServer.Tests.DemandAcceptanceAtomicityTests.VehicleLeaseMigrationBackfillsAnUnresolvedAcceptedDemand" storage="c:\users\szy\desktop\8005-workspace\repos\8005-agv-control-server\tests\controlserver.tests\bin\release\net8.0\win-x64\controlserver.tests.dll" id="f23f351e-5244-1a54-38a7-479bcf6a4395">
      <Execution id="b03b91de-a433-42c6-99ab-ff1001cfbba0" />
      <TestMethod codeBase="C:\Users\szy\Desktop\8005-workspace\repos\8005-agv-control-server\tests\ControlServer.Tests\bin\Release\net8.0\win-x64\ControlServer.Tests.dll" adapterTypeName="executor://xunit/VsTestRunner3/netcore/" className="ControlServer.Tests.DemandAcceptanceAtomicityTests" name="VehicleLeaseMigrationBackfillsAnUnresolvedAcceptedDemand" />
    </UnitTest>
    <UnitTest name="ControlServer.Tests.JourneyRuntimeWorkerTests.ADeterminateLoadFailureEndsTheStopInsteadOfWaitingForACancellationNobodyRaises" storage="c:\users\szy\desktop\8005-workspace\repos\8005-agv-control-server\tests\controlserver.tests\bin\release\net8.0\win-x64\controlserver.tests.dll" id="64680d29-52f6-d11c-d251-275a3181bf55">
      <Execution id="cc685831-a888-4116-bdff-1b851bb40d01" />
      <TestMethod codeBase="C:\Users\szy\Desktop\8005-workspace\repos\8005-agv-control-server\tests\ControlServer.Tests\bin\Release\net8.0\win-x64\ControlServer.Tests.dll" adapterTypeName="executor://xunit/VsTestRunner3/netcore/" className="ControlServer.Tests.JourneyRuntimeWorkerTests" name="ADeterminateLoadFailureEndsTheStopInsteadOfWaitingForACancellationNobodyRaises" />
    </UnitTest>
    <UnitTest name="ControlServer.Tests.JourneyRuntimeWorkerTests.AnOpenDoorNoCommandOfOursExplainsLeavesTheSessionUnusable" storage="c:\users\szy\desktop\8005-workspace\repos\8005-agv-control-server\tests\controlserver.tests\bin\release\net8.0\win-x64\controlserver.tests.dll" id="d9f01194-71f2-3617-d3d4-fa51540e7843">
      <Execution id="39e32175-6b46-4edf-8935-a1bfaef40aef" />
      <TestMethod codeBase="C:\Users\szy\Desktop\8005-workspace\repos\8005-agv-control-server\tests\ControlServer.Tests\bin\Release\net8.0\win-x64\ControlServer.Tests.dll" adapterTypeName="executor://xunit/VsTestRunner3/netcore/" className="ControlServer.Tests.JourneyRuntimeWorkerTests" name="AnOpenDoorNoCommandOfOursExplainsLeavesTheSessionUnusable" />
    </UnitTest>
    <UnitTest name="ControlServer.Tests.JourneyRuntimeWorkerTests.ADoorOurOwnLoadHoldsOpenKeepsTheSessionReadyAndReachesTheAlarm" storage="c:\users\szy\desktop\8005-workspace\repos\8005-agv-control-server\tests\controlserver.tests\bin\release\net8.0\win-x64\controlserver.tests.dll" id="74c0eb1f-3510-948e-51d3-95a9a3a210a9">
      <Execution id="b44a7eda-7ddf-440f-a72a-d42f66fa9e65" />
      <TestMethod codeBase="C:\Users\szy\Desktop\8005-workspace\repos\8005-agv-control-server\tests\ControlServer.Tests\bin\Release\net8.0\win-x64\ControlServer.Tests.dll" adapterTypeName="executor://xunit/VsTestRunner3/netcore/" className="ControlServer.Tests.JourneyRuntimeWorkerTests" name="ADoorOurOwnLoadHoldsOpenKeepsTheSessionReadyAndReachesTheAlarm" />
    </UnitTest>
    <UnitTest name="ControlServer.Tests.RecoveryStateMachineG2Tests.FailedCompensationResultIsDurableReplayableAndNeverReleasesDemandOrVehicle" storage="c:\users\szy\desktop\8005-workspace\repos\8005-agv-control-server\tests\controlserver.tests\bin\release\net8.0\win-x64\controlserver.tests.dll" id="a67aff6c-03e4-b63f-46ec-ae058908fd70">
      <Execution id="255dacf9-7309-4b8f-925c-1e156ca9fd21" />
      <TestMethod codeBase="C:\Users\szy\Desktop\8005-workspace\repos\8005-agv-control-server\tests\ControlServer.Tests\bin\Release\net8.0\win-x64\ControlServer.Tests.dll" adapterTypeName="executor://xunit/VsTestRunner3/netcore/" className="ControlServer.Tests.RecoveryStateMachineG2Tests" name="FailedCompensationResultIsDurableReplayableAndNeverReleasesDemandOrVehicle" />
    </UnitTest>
    <UnitTest name="ControlServer.Tests.WireToGateStoreTests.ALoadFailureWithCompleteEvidenceSettlesWithoutAskingForRecovery" storage="c:\users\szy\desktop\8005-workspace\repos\8005-agv-control-server\tests\controlserver.tests\bin\release\net8.0\win-x64\controlserver.tests.dll" id="f1bcbb2a-50d1-002e-e978-866d41ee1ff0">
      <Execution id="1807cdaf-de94-4166-b3ed-46709185870f" />
      <TestMethod codeBase="C:\Users\szy\Desktop\8005-workspace\repos\8005-agv-control-server\tests\ControlServer.Tests\bin\Release\net8.0\win-x64\ControlServer.Tests.dll" adapterTypeName="executor://xunit/VsTestRunner3/netcore/" className="ControlServer.Tests.WireToGateStoreTests" name="ALoadFailureWithCompleteEvidenceSettlesWithoutAskingForRecovery" />
    </UnitTest>
    <UnitTest name="ControlServer.Tests.JourneyRuntimeWorkerTests.AFaultCargoHandoffAtTheGateGoesOnToUnloadTheRestOfTheCargo" storage="c:\users\szy\desktop\8005-workspace\repos\8005-agv-control-server\tests\controlserver.tests\bin\release\net8.0\win-x64\controlserver.tests.dll" id="d5191725-88ac-f958-0bce-e7c43fc6e871">
      <Execution id="23a80437-e5ae-4d6a-91f0-0449474be264" />
      <TestMethod codeBase="C:\Users\szy\Desktop\8005-workspace\repos\8005-agv-control-server\tests\ControlServer.Tests\bin\Release\net8.0\win-x64\ControlServer.Tests.dll" adapterTypeName="executor://xunit/VsTestRunner3/netcore/" className="ControlServer.Tests.JourneyRuntimeWorkerTests" name="AFaultCargoHandoffAtTheGateGoesOnToUnloadTheRestOfTheCargo" />
    </UnitTest>
    <UnitTest name="ControlServer.Tests.WireToGateStoreTests.AFailedLoadWithOneUnknownSlotIsStillARecovery" storage="c:\users\szy\desktop\8005-workspace\repos\8005-agv-control-server\tests\controlserver.tests\bin\release\net8.0\win-x64\controlserver.tests.dll" id="9ed55b43-18ac-c86e-08a0-5a506db60b1d">
      <Execution id="1ccd4ff7-8659-41ac-8acf-8cedb0205ad0" />
      <TestMethod codeBase="C:\Users\szy\Desktop\8005-workspace\repos\8005-agv-control-server\tests\ControlServer.Tests\bin\Release\net8.0\win-x64\ControlServer.Tests.dll" adapterTypeName="executor://xunit/VsTestRunner3/netcore/" className="ControlServer.Tests.WireToGateStoreTests" name="AFailedLoadWithOneUnknownSlotIsStillARecovery" />
    </UnitTest>
    <UnitTest name="ControlServer.Tests.JourneyRuntimeWorkerTests.AResultThatTurnsTheSessionRecoveryRequiredStillBlocksTheJourneyForItsOwnReason" storage="c:\users\szy\desktop\8005-workspace\repos\8005-agv-control-server\tests\controlserver.tests\bin\release\net8.0\win-x64\controlserver.tests.dll" id="445680d8-a327-90a1-09a7-408cc8cad783">
      <Execution id="4902341b-1310-49b2-9287-bd9a38945f9a" />
      <TestMethod codeBase="C:\Users\szy\Desktop\8005-workspace\repos\8005-agv-control-server\tests\ControlServer.Tests\bin\Release\net8.0\win-x64\ControlServer.Tests.dll" adapterTypeName="executor://xunit/VsTestRunner3/netcore/" className="ControlServer.Tests.JourneyRuntimeWorkerTests" name="AResultThatTurnsTheSessionRecoveryRequiredStillBlocksTheJourneyForItsOwnReason" />
    </UnitTest>
    <UnitTest name="ControlServer.Tests.JourneyRuntimeWorkerTests.AnExpiredDeadlineRaisesTheDoorAlarmWhileALoadIsStillUnderway" storage="c:\users\szy\desktop\8005-workspace\repos\8005-agv-control-server\tests\controlserver.tests\bin\release\net8.0\win-x64\controlserver.tests.dll" id="cafba85a-c9f9-e11a-a7b1-ee9d2f10a09e">
      <Execution id="3dec3b87-f18b-42a5-8ea8-708d3df31d2f" />
      <TestMethod codeBase="C:\Users\szy\Desktop\8005-workspace\repos\8005-agv-control-server\tests\ControlServer.Tests\bin\Release\net8.0\win-x64\ControlServer.Tests.dll" adapterTypeName="executor://xunit/VsTestRunner3/netcore/" className="ControlServer.Tests.JourneyRuntimeWorkerTests" name="AnExpiredDeadlineRaisesTheDoorAlarmWhileALoadIsStillUnderway" />
    </UnitTest>
    <UnitTest name="ControlServer.Tests.JourneyRuntimeWorkerTests.ABlockedJourneyKeepsTheVehicleOutOfEveryOtherDemand" storage="c:\users\szy\desktop\8005-workspace\repos\8005-agv-control-server\tests\controlserver.tests\bin\release\net8.0\win-x64\controlserver.tests.dll" id="a9284d4a-c50b-3b6f-9c5f-5e10db4c2ccd">
      <Execution id="f2150de7-c59d-447f-941b-ef18293fb2d9" />
      <TestMethod codeBase="C:\Users\szy\Desktop\8005-workspace\repos\8005-agv-control-server\tests\ControlServer.Tests\bin\Release\net8.0\win-x64\ControlServer.Tests.dll" adapterTypeName="executor://xunit/VsTestRunner3/netcore/" className="ControlServer.Tests.JourneyRuntimeWorkerTests" name="ABlockedJourneyKeepsTheVehicleOutOfEveryOtherDemand" />
    </UnitTest>
    <UnitTest name="ControlServer.Tests.RecoveryStateMachineG2Tests.ForcedRecoveryAdvancesOnceFencesOldOutboxAndKeepsLateGenerationAsEvidenceOnly" storage="c:\users\szy\desktop\8005-workspace\repos\8005-agv-control-server\tests\controlserver.tests\bin\release\net8.0\win-x64\controlserver.tests.dll" id="2aeaf207-4fc2-3e7b-49e3-97994bc005aa">
      <Execution id="b7bcf10d-3dd0-43cd-8c8f-9557160fb203" />
      <TestMethod codeBase="C:\Users\szy\Desktop\8005-workspace\repos\8005-agv-control-server\tests\ControlServer.Tests\bin\Release\net8.0\win-x64\ControlServer.Tests.dll" adapterTypeName="executor://xunit/VsTestRunner3/netcore/" className="ControlServer.Tests.RecoveryStateMachineG2Tests" name="ForcedRecoveryAdvancesOnceFencesOldOutboxAndKeepsLateGenerationAsEvidenceOnly" />
    </UnitTest>
    <UnitTest name="ControlServer.Tests.WireToGateStoreTests.ForcedRecoveryGenerationFencesLateResultsAndPersistsDecision" storage="c:\users\szy\desktop\8005-workspace\repos\8005-agv-control-server\tests\controlserver.tests\bin\release\net8.0\win-x64\controlserver.tests.dll" id="c883fbac-a226-dab0-a852-c8a8a6abc1e3">
      <Execution id="a1efd8c4-66c3-4c2e-9123-6cb2982e673b" />
      <TestMethod codeBase="C:\Users\szy\Desktop\8005-workspace\repos\8005-agv-control-server\tests\ControlServer.Tests\bin\Release\net8.0\win-x64\ControlServer.Tests.dll" adapterTypeName="executor://xunit/VsTestRunner3/netcore/" className="ControlServer.Tests.WireToGateStoreTests" name="ForcedRecoveryGenerationFencesLateResultsAndPersistsDecision" />
    </UnitTest>
    <UnitTest name="ControlServer.Tests.JourneyRuntimeWorkerTests.ACompensatedLoadLeavesTheStopFreeToLoadItsOtherDemand" storage="c:\users\szy\desktop\8005-workspace\repos\8005-agv-control-server\tests\controlserver.tests\bin\release\net8.0\win-x64\controlserver.tests.dll" id="6afb58cb-2ad2-77f5-6e85-e00506137b82">
      <Execution id="7af4ada2-9bb6-4724-bfc3-efa9f159c5f6" />
      <TestMethod codeBase="C:\Users\szy\Desktop\8005-workspace\repos\8005-agv-control-server\tests\ControlServer.Tests\bin\Release\net8.0\win-x64\ControlServer.Tests.dll" adapterTypeName="executor://xunit/VsTestRunner3/netcore/" className="ControlServer.Tests.JourneyRuntimeWorkerTests" name="ACompensatedLoadLeavesTheStopFreeToLoadItsOtherDemand" />
    </UnitTest>
    <UnitTest name="ControlServer.Tests.WireToGateStoreTests.UnsafeCompletedOperationResultIsDurableButMovesDemandToRecovery" storage="c:\users\szy\desktop\8005-workspace\repos\8005-agv-control-server\tests\controlserver.tests\bin\release\net8.0\win-x64\controlserver.tests.dll" id="e1968e43-9e7b-f56a-40ea-5c0a4b4951ca">
      <Execution id="5be2f81f-0510-4ab6-a0b5-0c15567f81ca" />
      <TestMethod codeBase="C:\Users\szy\Desktop\8005-workspace\repos\8005-agv-control-server\tests\ControlServer.Tests\bin\Release\net8.0\win-x64\ControlServer.Tests.dll" adapterTypeName="executor://xunit/VsTestRunner3/netcore/" className="ControlServer.Tests.WireToGateStoreTests" name="UnsafeCompletedOperationResultIsDurableButMovesDemandToRecovery" />
    </UnitTest>
    <UnitTest name="ControlServer.Tests.JourneyRuntimeWorkerTests.AnExpiredStationDeadlineDoesNotCloseTheStopWhileASlotDoorIsStillOpen" storage="c:\users\szy\desktop\8005-workspace\repos\8005-agv-control-server\tests\controlserver.tests\bin\release\net8.0\win-x64\controlserver.tests.dll" id="697153fa-265b-d157-0467-e6b2107cb27f">
      <Execution id="52722681-ea01-493a-9006-112c433c2ef2" />
      <TestMethod codeBase="C:\Users\szy\Desktop\8005-workspace\repos\8005-agv-control-server\tests\ControlServer.Tests\bin\Release\net8.0\win-x64\ControlServer.Tests.dll" adapterTypeName="executor://xunit/VsTestRunner3/netcore/" className="ControlServer.Tests.JourneyRuntimeWorkerTests" name="AnExpiredStationDeadlineDoesNotCloseTheStopWhileASlotDoorIsStillOpen" />
    </UnitTest>
    <UnitTest name="ControlServer.Tests.JourneyRuntimeWorkerTests.AFaultCargoHandoffAtALaterStopLetsTheCargoAboardReachTheGate" storage="c:\users\szy\desktop\8005-workspace\repos\8005-agv-control-server\tests\controlserver.tests\bin\release\net8.0\win-x64\controlserver.tests.dll" id="7605e00c-6971-dea7-f60c-b5c84dfacfb4">
      <Execution id="9a7e3234-7a19-4973-bd3d-4d087dcb597b" />
      <TestMethod codeBase="C:\Users\szy\Desktop\8005-workspace\repos\8005-agv-control-server\tests\ControlServer.Tests\bin\Release\net8.0\win-x64\ControlServer.Tests.dll" adapterTypeName="executor://xunit/VsTestRunner3/netcore/" className="ControlServer.Tests.JourneyRuntimeWorkerTests" name="AFaultCargoHandoffAtALaterStopLetsTheCargoAboardReachTheGate" />
    </UnitTest>
    <UnitTest name="ControlServer.Tests.RecoveryStateMachineG2Tests.ARecoverySessionIsJudgedOnTheJourneyAsStoredNotAsThisConnectionFirstSawIt" storage="c:\users\szy\desktop\8005-workspace\repos\8005-agv-control-server\tests\controlserver.tests\bin\release\net8.0\win-x64\controlserver.tests.dll" id="4fbe89cf-e3c6-b5ca-e541-1f81fcdf5ca6">
      <Execution id="77a237bf-2808-4dee-8065-e39f8d2c37ba" />
      <TestMethod codeBase="C:\Users\szy\Desktop\8005-workspace\repos\8005-agv-control-server\tests\ControlServer.Tests\bin\Release\net8.0\win-x64\ControlServer.Tests.dll" adapterTypeName="executor://xunit/VsTestRunner3/netcore/" className="ControlServer.Tests.RecoveryStateMachineG2Tests" name="ARecoverySessionIsJudgedOnTheJourneyAsStoredNotAsThisConnectionFirstSawIt" />
    </UnitTest>
    <UnitTest name="ControlServer.Tests.JourneyRuntimeWorkerTests.ADeterminateLoadFailureAtALaterStopLetsTheCargoAboardReachTheGate" storage="c:\users\szy\desktop\8005-workspace\repos\8005-agv-control-server\tests\controlserver.tests\bin\release\net8.0\win-x64\controlserver.tests.dll" id="26c35043-cf6d-4025-7bf5-02645ebf89c1">
      <Execution id="6dc7add6-c31b-473f-ac44-e981832177fb" />
      <TestMethod codeBase="C:\Users\szy\Desktop\8005-workspace\repos\8005-agv-control-server\tests\ControlServer.Tests\bin\Release\net8.0\win-x64\ControlServer.Tests.dll" adapterTypeName="executor://xunit/VsTestRunner3/netcore/" className="ControlServer.Tests.JourneyRuntimeWorkerTests" name="ADeterminateLoadFailureAtALaterStopLetsTheCargoAboardReachTheGate" />
    </UnitTest>
    <UnitTest name="ControlServer.Tests.JourneyRuntimeWorkerTests.CompensatingTheOnlyDemandOfAJourneyStillEndsTheJourney" storage="c:\users\szy\desktop\8005-workspace\repos\8005-agv-control-server\tests\controlserver.tests\bin\release\net8.0\win-x64\controlserver.tests.dll" id="8e14e1a1-5f67-fecc-23fd-1aecd3e46077">
      <Execution id="bf64f87b-3f1e-4ac1-907c-198646a66b34" />
      <TestMethod codeBase="C:\Users\szy\Desktop\8005-workspace\repos\8005-agv-control-server\tests\ControlServer.Tests\bin\Release\net8.0\win-x64\ControlServer.Tests.dll" adapterTypeName="executor://xunit/VsTestRunner3/netcore/" className="ControlServer.Tests.JourneyRuntimeWorkerTests" name="CompensatingTheOnlyDemandOfAJourneyStillEndsTheJourney" />
    </UnitTest>
    <UnitTest name="ControlServer.Tests.RecoveryStateMachineG2Tests.AfterARefusedResultResumeIsRefusedButCompensationIsAuthorized" storage="c:\users\szy\desktop\8005-workspace\repos\8005-agv-control-server\tests\controlserver.tests\bin\release\net8.0\win-x64\controlserver.tests.dll" id="86fc3372-7118-5542-bff8-173d2df03f99">
      <Execution id="a8fbccea-8b37-44df-8ad2-eac6fb6c5ed5" />
      <TestMethod codeBase="C:\Users\szy\Desktop\8005-workspace\repos\8005-agv-control-server\tests\ControlServer.Tests\bin\Release\net8.0\win-x64\ControlServer.Tests.dll" adapterTypeName="executor://xunit/VsTestRunner3/netcore/" className="ControlServer.Tests.RecoveryStateMachineG2Tests" name="AfterARefusedResultResumeIsRefusedButCompensationIsAuthorized" />
    </UnitTest>
    <UnitTest name="ControlServer.Tests.JourneyRuntimeWorkerTests.TheDoorAlarmIsWithdrawnOnceTheDoorIsShutAgain" storage="c:\users\szy\desktop\8005-workspace\repos\8005-agv-control-server\tests\controlserver.tests\bin\release\net8.0\win-x64\controlserver.tests.dll" id="9e63ad03-2bf8-8db1-0540-fd294a16f46d">
      <Execution id="29c89776-437e-40c7-be70-601eda301b63" />
      <TestMethod codeBase="C:\Users\szy\Desktop\8005-workspace\repos\8005-agv-control-server\tests\ControlServer.Tests\bin\Release\net8.0\win-x64\ControlServer.Tests.dll" adapterTypeName="executor://xunit/VsTestRunner3/netcore/" className="ControlServer.Tests.JourneyRuntimeWorkerTests" name="TheDoorAlarmIsWithdrawnOnceTheDoorIsShutAgain" />
    </UnitTest>
    <UnitTest name="ControlServer.Tests.WireToGateStoreTests.AnUnloadThatMissedItsTargetStillNeedsRecoveryHoweverCompleteItsEvidenceIs" storage="c:\users\szy\desktop\8005-workspace\repos\8005-agv-control-server\tests\controlserver.tests\bin\release\net8.0\win-x64\controlserver.tests.dll" id="e50c615a-8ca3-ddc5-f2c5-8d2d45893f41">
      <Execution id="51523f7e-f159-40d1-ac63-9b45665cdaaa" />
      <TestMethod codeBase="C:\Users\szy\Desktop\8005-workspace\repos\8005-agv-control-server\tests\ControlServer.Tests\bin\Release\net8.0\win-x64\ControlServer.Tests.dll" adapterTypeName="executor://xunit/VsTestRunner3/netcore/" className="ControlServer.Tests.WireToGateStoreTests" name="AnUnloadThatMissedItsTargetStillNeedsRecoveryHoweverCompleteItsEvidenceIs" />
    </UnitTest>
    <UnitTest name="ControlServer.Tests.RecoveryStateMachineG2Tests.AReconciledCompensationTellsTheVehicleItsSessionIsReadyAgain" storage="c:\users\szy\desktop\8005-workspace\repos\8005-agv-control-server\tests\controlserver.tests\bin\release\net8.0\win-x64\controlserver.tests.dll" id="b32b976e-007d-8ea4-f286-9bcfc262933c">
      <Execution id="a6863823-891a-4b67-a288-fa430b8b5d4b" />
      <TestMethod codeBase="C:\Users\szy\Desktop\8005-workspace\repos\8005-agv-control-server\tests\ControlServer.Tests\bin\Release\net8.0\win-x64\ControlServer.Tests.dll" adapterTypeName="executor://xunit/VsTestRunner3/netcore/" className="ControlServer.Tests.RecoveryStateMachineG2Tests" name="AReconciledCompensationTellsTheVehicleItsSessionIsReadyAgain" />
    </UnitTest>
    <UnitTest name="ControlServer.Tests.JourneyRuntimeWorkerTests.ABlockedJourneyKeepsTheReasonItWasBlockedForWhenTheSessionDrops" storage="c:\users\szy\desktop\8005-workspace\repos\8005-agv-control-server\tests\controlserver.tests\bin\release\net8.0\win-x64\controlserver.tests.dll" id="119c1ac1-d05f-b853-1a6f-2f82ab993eb6">
      <Execution id="bf6f6457-0dbe-4ddc-9b84-193be41e1b15" />
      <TestMethod codeBase="C:\Users\szy\Desktop\8005-workspace\repos\8005-agv-control-server\tests\ControlServer.Tests\bin\Release\net8.0\win-x64\ControlServer.Tests.dll" adapterTypeName="executor://xunit/VsTestRunner3/netcore/" className="ControlServer.Tests.JourneyRuntimeWorkerTests" name="ABlockedJourneyKeepsTheReasonItWasBlockedForWhenTheSessionDrops" />
    </UnitTest>
  </TestDefinitions>
  <TestEntries>
    <TestEntry testId="64680d29-52f6-d11c-d251-275a3181bf55" executionId="cc685831-a888-4116-bdff-1b851bb40d01" testListId="8c84fa94-04c1-424b-9868-57a2d4851a1d" />
    <TestEntry testId="6afb58cb-2ad2-77f5-6e85-e00506137b82" executionId="7af4ada2-9bb6-4724-bfc3-efa9f159c5f6" testListId="8c84fa94-04c1-424b-9868-57a2d4851a1d" />
    <TestEntry testId="e50c615a-8ca3-ddc5-f2c5-8d2d45893f41" executionId="51523f7e-f159-40d1-ac63-9b45665cdaaa" testListId="8c84fa94-04c1-424b-9868-57a2d4851a1d" />
    <TestEntry testId="b75b310e-9836-f3a2-b7dd-0f96fec8940e" executionId="6d32acc4-b720-4726-940f-0c66bb127253" testListId="8c84fa94-04c1-424b-9868-57a2d4851a1d" />
    <TestEntry testId="9ed55b43-18ac-c86e-08a0-5a506db60b1d" executionId="1ccd4ff7-8659-41ac-8acf-8cedb0205ad0" testListId="8c84fa94-04c1-424b-9868-57a2d4851a1d" />
    <TestEntry testId="b32b976e-007d-8ea4-f286-9bcfc262933c" executionId="a6863823-891a-4b67-a288-fa430b8b5d4b" testListId="8c84fa94-04c1-424b-9868-57a2d4851a1d" />
    <TestEntry testId="d9f01194-71f2-3617-d3d4-fa51540e7843" executionId="39e32175-6b46-4edf-8935-a1bfaef40aef" testListId="8c84fa94-04c1-424b-9868-57a2d4851a1d" />
    <TestEntry testId="cafba85a-c9f9-e11a-a7b1-ee9d2f10a09e" executionId="3dec3b87-f18b-42a5-8ea8-708d3df31d2f" testListId="8c84fa94-04c1-424b-9868-57a2d4851a1d" />
    <TestEntry testId="c883fbac-a226-dab0-a852-c8a8a6abc1e3" executionId="a1efd8c4-66c3-4c2e-9123-6cb2982e673b" testListId="8c84fa94-04c1-424b-9868-57a2d4851a1d" />
    <TestEntry testId="697153fa-265b-d157-0467-e6b2107cb27f" executionId="52722681-ea01-493a-9006-112c433c2ef2" testListId="8c84fa94-04c1-424b-9868-57a2d4851a1d" />
    <TestEntry testId="119c1ac1-d05f-b853-1a6f-2f82ab993eb6" executionId="bf6f6457-0dbe-4ddc-9b84-193be41e1b15" testListId="8c84fa94-04c1-424b-9868-57a2d4851a1d" />
    <TestEntry testId="a9284d4a-c50b-3b6f-9c5f-5e10db4c2ccd" executionId="f2150de7-c59d-447f-941b-ef18293fb2d9" testListId="8c84fa94-04c1-424b-9868-57a2d4851a1d" />
    <TestEntry testId="e1968e43-9e7b-f56a-40ea-5c0a4b4951ca" executionId="5be2f81f-0510-4ab6-a0b5-0c15567f81ca" testListId="8c84fa94-04c1-424b-9868-57a2d4851a1d" />
    <TestEntry testId="f1bcbb2a-50d1-002e-e978-866d41ee1ff0" executionId="1807cdaf-de94-4166-b3ed-46709185870f" testListId="8c84fa94-04c1-424b-9868-57a2d4851a1d" />
    <TestEntry testId="ff17ac35-ce03-0849-b5c0-bf588b3c95c4" executionId="8b88d559-7cbb-4352-938e-0888882fea91" testListId="8c84fa94-04c1-424b-9868-57a2d4851a1d" />
    <TestEntry testId="7605e00c-6971-dea7-f60c-b5c84dfacfb4" executionId="9a7e3234-7a19-4973-bd3d-4d087dcb597b" testListId="8c84fa94-04c1-424b-9868-57a2d4851a1d" />
    <TestEntry testId="86fc3372-7118-5542-bff8-173d2df03f99" executionId="a8fbccea-8b37-44df-8ad2-eac6fb6c5ed5" testListId="8c84fa94-04c1-424b-9868-57a2d4851a1d" />
    <TestEntry testId="26c35043-cf6d-4025-7bf5-02645ebf89c1" executionId="6dc7add6-c31b-473f-ac44-e981832177fb" testListId="8c84fa94-04c1-424b-9868-57a2d4851a1d" />
    <TestEntry testId="4fbe89cf-e3c6-b5ca-e541-1f81fcdf5ca6" executionId="77a237bf-2808-4dee-8065-e39f8d2c37ba" testListId="8c84fa94-04c1-424b-9868-57a2d4851a1d" />
    <TestEntry testId="2aeaf207-4fc2-3e7b-49e3-97994bc005aa" executionId="b7bcf10d-3dd0-43cd-8c8f-9557160fb203" testListId="8c84fa94-04c1-424b-9868-57a2d4851a1d" />
    <TestEntry testId="9e63ad03-2bf8-8db1-0540-fd294a16f46d" executionId="29c89776-437e-40c7-be70-601eda301b63" testListId="8c84fa94-04c1-424b-9868-57a2d4851a1d" />
    <TestEntry testId="ce766a81-29b4-c754-b57f-8bf92ac951c1" executionId="b90de549-943b-4ee3-83c5-32a11bed4161" testListId="8c84fa94-04c1-424b-9868-57a2d4851a1d" />
    <TestEntry testId="a67aff6c-03e4-b63f-46ec-ae058908fd70" executionId="255dacf9-7309-4b8f-925c-1e156ca9fd21" testListId="8c84fa94-04c1-424b-9868-57a2d4851a1d" />
    <TestEntry testId="d5191725-88ac-f958-0bce-e7c43fc6e871" executionId="23a80437-e5ae-4d6a-91f0-0449474be264" testListId="8c84fa94-04c1-424b-9868-57a2d4851a1d" />
    <TestEntry testId="39cf772e-fd78-56ac-5073-7fcd0142fd5b" executionId="d9f17a7a-471c-4fac-9c98-b10ade0ccbad" testListId="8c84fa94-04c1-424b-9868-57a2d4851a1d" />
    <TestEntry testId="f23f351e-5244-1a54-38a7-479bcf6a4395" executionId="b03b91de-a433-42c6-99ab-ff1001cfbba0" testListId="8c84fa94-04c1-424b-9868-57a2d4851a1d" />
    <TestEntry testId="445680d8-a327-90a1-09a7-408cc8cad783" executionId="4902341b-1310-49b2-9287-bd9a38945f9a" testListId="8c84fa94-04c1-424b-9868-57a2d4851a1d" />
    <TestEntry testId="74c0eb1f-3510-948e-51d3-95a9a3a210a9" executionId="b44a7eda-7ddf-440f-a72a-d42f66fa9e65" testListId="8c84fa94-04c1-424b-9868-57a2d4851a1d" />
    <TestEntry testId="8e14e1a1-5f67-fecc-23fd-1aecd3e46077" executionId="bf64f87b-3f1e-4ac1-907c-198646a66b34" testListId="8c84fa94-04c1-424b-9868-57a2d4851a1d" />
  </TestEntries>
  <TestLists>
    <TestList name="Results Not in a List" id="8c84fa94-04c1-424b-9868-57a2d4851a1d" />
    <TestList name="All Loaded Results" id="19431567-8539-422a-85d7-44ee4e166bda" />
  </TestLists>
  <ResultSummary outcome="Completed">
    <Counters total="29" executed="29" passed="29" failed="0" error="0" timeout="0" aborted="0" inconclusive="0" passedButRunAborted="0" notRunnable="0" notExecuted="0" disconnected="0" warning="0" completed="0" inProgress="0" pending="0" />
    <Output>
      <StdOut>[xUnit.net 00:00:00.00] xUnit.net VSTest Adapter v3.1.5+1b188a7b0a (64-bit .NET 8.0.31)&#xD;
[xUnit.net 00:00:00.24]   Discovering: ControlServer.Tests&#xD;
[xUnit.net 00:00:00.64]   Discovered:  ControlServer.Tests&#xD;
[xUnit.net 00:00:00.84]   Starting:    ControlServer.Tests&#xD;
[xUnit.net 00:00:42.42]   Finished:    ControlServer.Tests (ID = '5f32e3228d37e5cb3e7bc60b239275389dd116eb20728c9edbbdde1b1bccd0e8')&#xD;
</StdOut>
    </Output>
  </ResultSummary>
</TestRun>