Test run for C:\Users\szy\Desktop\8005-workspace-v2\worktrees\cs440-8005-agv-control-server\tests\ControlServer.Tests\bin\Release\net8.0\win-x64\ControlServer.Tests.dll (.NETCoreApp,Version=v8.0)
VSTest version 17.11.1 (x64)

Starting test execution, please wait...
A total of 1 test files matched the specified pattern.
[xUnit.net 00:00:00.00] xUnit.net VSTest Adapter v3.1.5+1b188a7b0a (64-bit .NET 8.0.31)
[xUnit.net 00:00:00.84]   Discovering: ControlServer.Tests
[xUnit.net 00:00:03.36]   Discovered:  ControlServer.Tests
[xUnit.net 00:00:03.68]   Starting:    ControlServer.Tests
[xUnit.net 00:00:42.19]     ControlServer.Tests.OnboardPowerLossReconnectTests.ReconnectsAfterAPowerCutThatLeftTheOldConnectionHalfOpen [FAIL]
[xUnit.net 00:00:42.19]       鏃т唬娆″湪 t=5.5s 绂诲紑璺敱琛紝浣嗘鍚庡紑濮嬬殑绗竴娆″皾璇曟病鏈夋垚鍔熴€?
[xUnit.net 00:00:42.19]       鏃т唬娆＄寮€璺敱琛細t=5.5s
[xUnit.net 00:00:42.19]       绗?1 娆★紝t=0.0s 寮€濮嬶細AnsweredButNotRoutable 绗?2 浠?
[xUnit.net 00:00:42.20]       绗?2 娆★紝t=3.0s 寮€濮嬶細AnsweredButNotRoutable 绗?3 浠?
[xUnit.net 00:00:42.20]       绗?3 娆★紝t=6.1s 寮€濮嬶細Failed TimeoutException: The operation has timed out.
[xUnit.net 00:00:42.20]       绗?4 娆★紝t=12.7s 寮€濮嬶細Failed TimeoutException: The operation has timed out.
[xUnit.net 00:00:42.20]       绗?5 娆★紝t=19.3s 寮€濮嬶細Failed TimeoutException: The operation has timed out.
[xUnit.net 00:00:42.20]       绗?6 娆★紝t=25.8s 寮€濮嬶細Failed TimeoutException: The operation has timed out.
[xUnit.net 00:00:42.20]       Stack Trace:
[xUnit.net 00:00:42.20]         C:\Users\szy\Desktop\8005-workspace-v2\worktrees\cs440-8005-agv-control-server\tests\ControlServer.Tests\OnboardPowerLossReconnectTests.cs(260,0): at ControlServer.Tests.OnboardPowerLossReconnectTests.Outcome.AssertRecovered()
[xUnit.net 00:00:42.20]         C:\Users\szy\Desktop\8005-workspace-v2\worktrees\cs440-8005-agv-control-server\tests\ControlServer.Tests\OnboardPowerLossReconnectTests.cs(91,0): at ControlServer.Tests.OnboardPowerLossReconnectTests.ReconnectsAfterAPowerCutThatLeftTheOldConnectionHalfOpen()
[xUnit.net 00:00:42.20]         C:\Users\szy\Desktop\8005-workspace-v2\worktrees\cs440-8005-agv-control-server\tests\ControlServer.Tests\OnboardPowerLossReconnectTests.cs(93,0): at ControlServer.Tests.OnboardPowerLossReconnectTests.ReconnectsAfterAPowerCutThatLeftTheOldConnectionHalfOpen()
[xUnit.net 00:00:42.20]         --- End of stack trace from previous location ---
[xUnit.net 00:00:42.20]       Output:
[xUnit.net 00:00:42.20]         鏃т唬娆＄寮€璺敱琛細t=5.5s
[xUnit.net 00:00:42.20]         绗?1 娆★紝t=0.0s 寮€濮嬶細AnsweredButNotRoutable 绗?2 浠?
[xUnit.net 00:00:42.20]         绗?2 娆★紝t=3.0s 寮€濮嬶細AnsweredButNotRoutable 绗?3 浠?
[xUnit.net 00:00:42.20]         绗?3 娆★紝t=6.1s 寮€濮嬶細Failed TimeoutException: The operation has timed out.
[xUnit.net 00:00:42.20]         绗?4 娆★紝t=12.7s 寮€濮嬶細Failed TimeoutException: The operation has timed out.
[xUnit.net 00:00:42.20]         绗?5 娆★紝t=19.3s 寮€濮嬶細Failed TimeoutException: The operation has timed out.
[xUnit.net 00:00:42.20]         绗?6 娆★紝t=25.8s 寮€濮嬶細Failed TimeoutException: The operation has timed out.
  Failed ControlServer.Tests.OnboardPowerLossReconnectTests.ReconnectsAfterAPowerCutThatLeftTheOldConnectionHalfOpen [38 s]
  Error Message:
   鏃т唬娆″湪 t=5.5s 绂诲紑璺敱琛紝浣嗘鍚庡紑濮嬬殑绗竴娆″皾璇曟病鏈夋垚鍔熴€?
鏃т唬娆＄寮€璺敱琛細t=5.5s
绗?1 娆★紝t=0.0s 寮€濮嬶細AnsweredButNotRoutable 绗?2 浠?
绗?2 娆★紝t=3.0s 寮€濮嬶細AnsweredButNotRoutable 绗?3 浠?
绗?3 娆★紝t=6.1s 寮€濮嬶細Failed TimeoutException: The operation has timed out.
绗?4 娆★紝t=12.7s 寮€濮嬶細Failed TimeoutException: The operation has timed out.
绗?5 娆★紝t=19.3s 寮€濮嬶細Failed TimeoutException: The operation has timed out.
绗?6 娆★紝t=25.8s 寮€濮嬶細Failed TimeoutException: The operation has timed out.
  Stack Trace:
     at ControlServer.Tests.OnboardPowerLossReconnectTests.Outcome.AssertRecovered() in C:\Users\szy\Desktop\8005-workspace-v2\worktrees\cs440-8005-agv-control-server\tests\ControlServer.Tests\OnboardPowerLossReconnectTests.cs:line 260
   at ControlServer.Tests.OnboardPowerLossReconnectTests.ReconnectsAfterAPowerCutThatLeftTheOldConnectionHalfOpen() in C:\Users\szy\Desktop\8005-workspace-v2\worktrees\cs440-8005-agv-control-server\tests\ControlServer.Tests\OnboardPowerLossReconnectTests.cs:line 91
   at ControlServer.Tests.OnboardPowerLossReconnectTests.ReconnectsAfterAPowerCutThatLeftTheOldConnectionHalfOpen() in C:\Users\szy\Desktop\8005-workspace-v2\worktrees\cs440-8005-agv-control-server\tests\ControlServer.Tests\OnboardPowerLossReconnectTests.cs:line 93
--- End of stack trace from previous location ---
  Standard Output Messages:
 鏃т唬娆＄寮€璺敱琛細t=5.5s
 绗?1 娆★紝t=0.0s 寮€濮嬶細AnsweredButNotRoutable 绗?2 浠?
 绗?2 娆★紝t=3.0s 寮€濮嬶細AnsweredButNotRoutable 绗?3 浠?
 绗?3 娆★紝t=6.1s 寮€濮嬶細Failed TimeoutException: The operation has timed out.
 绗?4 娆★紝t=12.7s 寮€濮嬶細Failed TimeoutException: The operation has timed out.
 绗?5 娆★紝t=19.3s 寮€濮嬶細Failed TimeoutException: The operation has timed out.
 绗?6 娆★紝t=25.8s 寮€濮嬶細Failed TimeoutException: The operation has timed out.


[xUnit.net 00:01:22.38]   Finished:    ControlServer.Tests (ID = 'e9a86b65d07f6a984a4a75af2821531c21eb38df17b507165946674f4b81024f')

Test Run Failed.
Total tests: 1
     Failed: 1
 Total time: 1.3857 Minutes
