  Determining projects to restore...
  Restored C:\s541rm3b\sources\control-server\tools\ControlServer.TestDoubles\ControlServer.TestDoubles.csproj (in 146 ms).
  Restored C:\s541rm3b\sources\control-server\tools\ControlServer.Conformance\ControlServer.Conformance.csproj (in 150 ms).
  Restored C:\s541rm3b\sources\control-server\src\ControlServer.Dashboard\ControlServer.Dashboard.csproj (in 146 ms).
  Restored C:\s541rm3b\sources\control-server\tools\ControlServer.FakeRiot\ControlServer.FakeRiot.csproj (in 150 ms).
  Restored C:\s541rm3b\sources\control-server\src\ControlServer.Domain\ControlServer.Domain.csproj (in 146 ms).
  Restored C:\s541rm3b\sources\control-server\tools\ControlServer.ClockSkewProxy\ControlServer.ClockSkewProxy.csproj (in 150 ms).
  Restored C:\s541rm3b\sources\control-server\tools\ControlServer.FakeOnboard\ControlServer.FakeOnboard.csproj (in 150 ms).
  Restored C:\s541rm3b\sources\control-server\src\ControlServer.Application\ControlServer.Application.csproj (in 33 ms).
  Restored C:\s541rm3b\sources\control-server\tools\ControlServer.ProtocolFaultProxy\ControlServer.ProtocolFaultProxy.csproj (in 37 ms).
  Restored C:\s541rm3b\sources\control-server\tools\ControlServer.SchemaConformance\ControlServer.SchemaConformance.csproj (in 642 ms).
  Restored C:\s541rm3b\sources\control-server\tools\ControlServer.FakeMesIngest\ControlServer.FakeMesIngest.csproj (in 663 ms).
  Restored C:\s541rm3b\sources\control-server\tools\ControlServer.FieldOps\ControlServer.FieldOps.csproj (in 663 ms).
  Restored C:\s541rm3b\sources\control-server\src\ControlServer.Infrastructure\ControlServer.Infrastructure.csproj (in 418 ms).
  Restored C:\s541rm3b\sources\control-server\src\ControlServer.Host\ControlServer.Host.csproj (in 689 ms).
  Restored C:\s541rm3b\sources\control-server\tests\ControlServer.Tests\ControlServer.Tests.csproj (in 732 ms).
  ControlServer.TestDoubles -> C:\s541rm3b\sources\control-server\tools\ControlServer.TestDoubles\bin\Release\net8.0\win-x64\ControlServer.TestDoubles.dll
  ControlServer.Domain -> C:\s541rm3b\sources\control-server\src\ControlServer.Domain\bin\Release\net8.0\win-x64\ControlServer.Domain.dll
  ControlServer.ClockSkewProxy -> C:\s541rm3b\sources\control-server\tools\ControlServer.ClockSkewProxy\bin\Release\net8.0\win-x64\ControlServer.ClockSkewProxy.dll
  ControlServer.Dashboard -> C:\s541rm3b\sources\control-server\src\ControlServer.Dashboard\bin\Release\net8.0\win-x64\ControlServer.Dashboard.dll
  ControlServer.FakeRiot -> C:\s541rm3b\sources\control-server\tools\ControlServer.FakeRiot\bin\Release\net8.0\win-x64\ControlServer.FakeRiot.dll
  ControlServer.Conformance -> C:\s541rm3b\sources\control-server\tools\ControlServer.Conformance\bin\Release\net8.0\win-x64\ControlServer.Conformance.dll
  ControlServer.ProtocolFaultProxy -> C:\s541rm3b\sources\control-server\tools\ControlServer.ProtocolFaultProxy\bin\Release\net8.0\win-x64\ControlServer.ProtocolFaultProxy.dll
  ControlServer.Application -> C:\s541rm3b\sources\control-server\src\ControlServer.Application\bin\Release\net8.0\win-x64\ControlServer.Application.dll
  ControlServer.FakeOnboard -> C:\s541rm3b\sources\control-server\tools\ControlServer.FakeOnboard\bin\Release\net8.0\win-x64\ControlServer.FakeOnboard.dll
  ControlServer.SchemaConformance -> C:\s541rm3b\sources\control-server\tools\ControlServer.SchemaConformance\bin\Release\net8.0\win-x64\ControlServer.SchemaConformance.dll
  ControlServer.Infrastructure -> C:\s541rm3b\sources\control-server\src\ControlServer.Infrastructure\bin\Release\net8.0\win-x64\ControlServer.Infrastructure.dll
  ControlServer.FieldOps -> C:\s541rm3b\sources\control-server\tools\ControlServer.FieldOps\bin\Release\net8.0\win-x64\ControlServer.FieldOps.dll
  ControlServer.FakeMesIngest -> C:\s541rm3b\sources\control-server\tools\ControlServer.FakeMesIngest\bin\Release\net8.0\win-x64\ControlServer.FakeMesIngest.dll
  ControlServer.Host -> C:\s541rm3b\sources\control-server\src\ControlServer.Host\bin\Release\net8.0\win-x64\ControlServer.Host.dll
  ControlServer.Tests -> C:\s541rm3b\sources\control-server\tests\ControlServer.Tests\bin\Release\net8.0\win-x64\ControlServer.Tests.dll

Build succeeded.
    0 Warning(s)
    0 Error(s)

Time Elapsed 00:00:27.46
