2026-09-03T18:07:31.5803549+08:00	Information	App	车载端启动：agvId=AGV-L2-001，environment=Development，version=0.2.0-safety-mock-travel+60a0efdbf14b8195a1c1fd5afa8e6f39945279aa。
2026-09-03T18:07:32.8970084+08:00	Information	ModbusTcpIoModuleClient	已连接IO模块 127.0.0.1:58412，UnitId=255。
2026-09-03T18:07:32.9309752+08:00	Information	OnboardController	IO模块在线。
2026-09-03T18:07:32.9329808+08:00	Information	OnboardController	启动IO安全快照验证通过。
2026-09-03T18:07:33.6087081+08:00	Information	WireToGateSessionService	上层会话已建立：generation=1，readiness=Ready。
2026-09-03T18:07:37.8125718+08:00	Information	App	服务端请求录入Sublot：demandId=a7db128e-ab3c-4813-b68b-fc4906fb626e，revision=1。 
2026-09-03T18:07:38.5483502+08:00	Information	App	服务端请求录入Sublot：demandId=a7db128e-ab3c-4813-b68b-fc4906fb626e，revision=1。 
2026-09-03T18:07:38.8657199+08:00	Information	ModbusTcpIoModuleClient	已向物理1号仓发送开锁脉冲触发，DO地址=100。硬件负责自动复位。 
2026-09-03T18:07:38.9042668+08:00	Information	ModbusTcpIoModuleClient	1号仓IO变化：DO 0->1，锁DI 1->1，光幕DI 1->1。
2026-09-03T18:07:39.0245323+08:00	Information	ModbusTcpIoModuleClient	1号仓IO变化：DO 1->1，锁DI 1->0，光幕DI 1->1。
2026-09-03T18:07:39.4754369+08:00	Information	ModbusTcpIoModuleClient	1号仓IO变化：DO 1->0，锁DI 0->0，光幕DI 1->1。
2026-09-03T18:07:39.5382707+08:00	Information	WireToGateBusinessService	忽略并发重复SlotOperationCommand：attempt=9e203853-034e-265e-90e0-ffc98382210c。
2026-09-03T18:07:40.1509200+08:00	Information	ModbusTcpIoModuleClient	1号仓IO变化：DO 0->0，锁DI 0->1，光幕DI 1->0。
2026-09-03T18:07:40.5425054+08:00	Information	WireToGateBusinessService	忽略并发重复SlotOperationCommand：attempt=9e203853-034e-265e-90e0-ffc98382210c。
2026-09-03T18:07:41.5419790+08:00	Information	WireToGateBusinessService	忽略重复SlotOperationCommand：attempt=9e203853-034e-265e-90e0-ffc98382210c，保留原OperationResult重放。
2026-09-03T18:07:43.8035622+08:00	Information	ModbusTcpIoModuleClient	已向物理1号仓发送开锁脉冲触发，DO地址=100。硬件负责自动复位。 
2026-09-03T18:07:43.8826912+08:00	Information	ModbusTcpIoModuleClient	1号仓IO变化：DO 0->1，锁DI 1->1，光幕DI 0->0。
2026-09-03T18:07:44.0063889+08:00	Information	ModbusTcpIoModuleClient	1号仓IO变化：DO 1->1，锁DI 1->0，光幕DI 0->0。
2026-09-03T18:07:44.3479443+08:00	Information	ModbusTcpIoModuleClient	1号仓IO变化：DO 1->0，锁DI 0->0，光幕DI 0->0。
2026-09-03T18:07:44.5348666+08:00	Information	WireToGateBusinessService	忽略并发重复SlotOperationCommand：attempt=f3b620db-428b-2a55-bcff-002a3e94a32a。
2026-09-03T18:07:45.0235823+08:00	Information	ModbusTcpIoModuleClient	1号仓IO变化：DO 0->0，锁DI 0->1，光幕DI 0->1。
2026-09-03T18:07:45.5387760+08:00	Information	WireToGateBusinessService	忽略重复SlotOperationCommand：attempt=f3b620db-428b-2a55-bcff-002a3e94a32a，保留原OperationResult重放。
2026-09-03T18:07:46.5502797+08:00	Information	WireToGateBusinessService	忽略重复SlotOperationCommand：attempt=f3b620db-428b-2a55-bcff-002a3e94a32a，保留原OperationResult重放。
