  Determining projects to restore...
  All projects are up-to-date for restore.
  ControlServer.Domain -> C:\g3s\cs165b-jy\sources\control-server\src\ControlServer.Domain\bin\Release\net8.0\win-x64\ControlServer.Domain.dll
  ControlServer.TestDoubles -> C:\g3s\cs165b-jy\sources\control-server\tools\ControlServer.TestDoubles\bin\Release\net8.0\win-x64\ControlServer.TestDoubles.dll
  ControlServer.Dashboard -> C:\g3s\cs165b-jy\sources\control-server\src\ControlServer.Dashboard\bin\Release\net8.0\win-x64\ControlServer.Dashboard.dll
  ControlServer.Conformance -> C:\g3s\cs165b-jy\sources\control-server\tools\ControlServer.Conformance\bin\Release\net8.0\win-x64\ControlServer.Conformance.dll
  ControlServer.ProtocolFaultProxy -> C:\g3s\cs165b-jy\sources\control-server\tools\ControlServer.ProtocolFaultProxy\bin\Release\net8.0\win-x64\ControlServer.ProtocolFaultProxy.dll
  ControlServer.SchemaConformance -> C:\g3s\cs165b-jy\sources\control-server\tools\ControlServer.SchemaConformance\bin\Release\net8.0\win-x64\ControlServer.SchemaConformance.dll
  ControlServer.FakeOnboard -> C:\g3s\cs165b-jy\sources\control-server\tools\ControlServer.FakeOnboard\bin\Release\net8.0\win-x64\ControlServer.FakeOnboard.dll
  ControlServer.FakeRiot -> C:\g3s\cs165b-jy\sources\control-server\tools\ControlServer.FakeRiot\bin\Release\net8.0\win-x64\ControlServer.FakeRiot.dll
  ControlServer.Application -> C:\g3s\cs165b-jy\sources\control-server\src\ControlServer.Application\bin\Release\net8.0\win-x64\ControlServer.Application.dll
  ControlServer.ClockSkewProxy -> C:\g3s\cs165b-jy\sources\control-server\tools\ControlServer.ClockSkewProxy\bin\Release\net8.0\win-x64\ControlServer.ClockSkewProxy.dll
  ControlServer.Infrastructure -> C:\g3s\cs165b-jy\sources\control-server\src\ControlServer.Infrastructure\bin\Release\net8.0\win-x64\ControlServer.Infrastructure.dll
  ControlServer.FieldOps -> C:\g3s\cs165b-jy\sources\control-server\tools\ControlServer.FieldOps\bin\Release\net8.0\win-x64\ControlServer.FieldOps.dll
  ControlServer.FakeMesIngest -> C:\g3s\cs165b-jy\sources\control-server\tools\ControlServer.FakeMesIngest\bin\Release\net8.0\win-x64\ControlServer.FakeMesIngest.dll
  ControlServer.Host -> C:\g3s\cs165b-jy\sources\control-server\src\ControlServer.Host\bin\Release\net8.0\win-x64\ControlServer.Host.dll
  ControlServer.Tests -> C:\g3s\cs165b-jy\sources\control-server\tests\ControlServer.Tests\bin\Release\net8.0\win-x64\ControlServer.Tests.dll

Build succeeded.
    0 Warning(s)
    0 Error(s)

Time Elapsed 00:00:05.63
