<?xml version="1.0" encoding="utf-8"?>
<TestRun id="e68b7e67-1d38-4196-ab71-31c97ee81726" name="szy@LAB-WIN-01 2026-09-10 12:15:49" runUser="LAB-WIN-01\szy" xmlns="http://microsoft.com/schemas/VisualStudio/TeamTest/2010">
  <Times creation="2026-09-10T12:15:49.9728132+08:00" queuing="2026-09-10T12:15:49.9728137+08:00" start="2026-09-10T12:15:44.8417550+08:00" finish="2026-09-10T12:15:50.8165049+08:00" />
  <TestSettings name="default" id="a0aa1cbd-7790-4ff6-bab5-a3e54acf5954">
    <Deployment runDeploymentRoot="szy_LAB-WIN-01_2026-09-10_12_15_49" />
  </TestSettings>
  <Results>
    <UnitTestResult executionId="47a77960-e875-4e12-b641-7f61fae2a35e" testId="2656e206-b2db-7412-c427-68216fba3054" testName="ControlServer.Tests.SlotConfigurationActivationTests.AnActivationGoesOutReliableUnderTheSlotConfigurationRecoveryRoleAndWaitsForItsResult" computerName="LAB-WIN-01" duration="00:00:00.1701599" startTime="2026-09-10T12:15:50.1592414+08:00" endTime="2026-09-10T12:15:50.3294752+08:00" testType="13cdc9d9-ddb5-4fa4-a97d-d965ccfc6d4b" outcome="Passed" testListId="8c84fa94-04c1-424b-9868-57a2d4851a1d" relativeResultsDirectory="47a77960-e875-4e12-b641-7f61fae2a35e" />
    <UnitTestResult executionId="5045f278-49d8-43e7-b700-4f172cc5a888" testId="1b700c16-940a-145c-465c-b689ce2fe03a" testName="ControlServer.Tests.CapabilitySnapshotFingerprintTests.WithNoActivatedVersionTheFingerprintDecidesTheRestorationCandidateInsteadOfBlockingTheVehicle" computerName="LAB-WIN-01" duration="00:00:02.0927425" startTime="2026-09-10T12:15:47.2916200+08:00" endTime="2026-09-10T12:15:49.4001838+08:00" testType="13cdc9d9-ddb5-4fa4-a97d-d965ccfc6d4b" outcome="Passed" testListId="8c84fa94-04c1-424b-9868-57a2d4851a1d" relativeResultsDirectory="5045f278-49d8-43e7-b700-4f172cc5a888" />
    <UnitTestResult executionId="44ea1eed-5315-4747-9419-9b6b80f79449" testId="5e213c9b-8d86-5cac-74f0-2cf4f5271aea" testName="ControlServer.Tests.CapabilitySnapshotFingerprintTests.AReportedFingerprintThatMatchesTheActivatedVersionIsAdoptedAndAcked" computerName="LAB-WIN-01" duration="00:00:00.4166588" startTime="2026-09-10T12:15:49.4103127+08:00" endTime="2026-09-10T12:15:49.8270735+08:00" testType="13cdc9d9-ddb5-4fa4-a97d-d965ccfc6d4b" outcome="Passed" testListId="8c84fa94-04c1-424b-9868-57a2d4851a1d" relativeResultsDirectory="44ea1eed-5315-4747-9419-9b6b80f79449" />
    <UnitTestResult executionId="fad7601b-1c09-44e2-86ca-b9eeb9f632eb" testId="ff69f69a-2412-10da-1138-39bdad7f3fc7" testName="ControlServer.Tests.SlotConfigurationActivationWireTests.AReplayedResultUnderANewMessageIdConvergesTheSameActivationInsteadOfASecondOne" computerName="LAB-WIN-01" duration="00:00:00.1980028" startTime="2026-09-10T12:15:50.1153337+08:00" endTime="2026-09-10T12:15:50.3134513+08:00" testType="13cdc9d9-ddb5-4fa4-a97d-d965ccfc6d4b" outcome="Passed" testListId="8c84fa94-04c1-424b-9868-57a2d4851a1d" relativeResultsDirectory="fad7601b-1c09-44e2-86ca-b9eeb9f632eb" />
    <UnitTestResult executionId="d006159f-43fe-45a8-b810-4b9b1e3974cf" testId="b7ec044b-d105-4534-f247-2960e51b9d1c" testName="ControlServer.Tests.CapabilitySnapshotFingerprintTests.TheDisagreementIsRecordedOnTheImmutableAuditStreamWithBothFingerprints" computerName="LAB-WIN-01" duration="00:00:00.1948483" startTime="2026-09-10T12:15:50.0353575+08:00" endTime="2026-09-10T12:15:50.2302883+08:00" testType="13cdc9d9-ddb5-4fa4-a97d-d965ccfc6d4b" outcome="Passed" testListId="8c84fa94-04c1-424b-9868-57a2d4851a1d" relativeResultsDirectory="d006159f-43fe-45a8-b810-4b9b1e3974cf" />
    <UnitTestResult executionId="42e593ca-1ebe-4dd1-8c27-710b93512d9c" testId="31ba3601-b45a-c7e8-fb81-e46f01e0efe5" testName="ControlServer.Tests.SlotConfigurationActivationTests.NoSecondHumanApprovalStandsBetweenTheDecisionAndTheActivation" computerName="LAB-WIN-01" duration="00:00:00.0047206" startTime="2026-09-10T12:15:49.8346395+08:00" endTime="2026-09-10T12:15:49.8395328+08:00" testType="13cdc9d9-ddb5-4fa4-a97d-d965ccfc6d4b" outcome="Passed" testListId="8c84fa94-04c1-424b-9868-57a2d4851a1d" relativeResultsDirectory="42e593ca-1ebe-4dd1-8c27-710b93512d9c" />
    <UnitTestResult executionId="dc91382d-5c31-40f5-b65c-52e695e5ba13" testId="356f36e9-dff7-45e2-e949-e0ef2eee5089" testName="ControlServer.Tests.SlotConfigurationActivationTests.AReplayedResultConvergesTheSameActivationInsteadOfProducingASecondOne" computerName="LAB-WIN-01" duration="00:00:00.2170206" startTime="2026-09-10T12:15:49.6164208+08:00" endTime="2026-09-10T12:15:49.8335260+08:00" testType="13cdc9d9-ddb5-4fa4-a97d-d965ccfc6d4b" outcome="Passed" testListId="8c84fa94-04c1-424b-9868-57a2d4851a1d" relativeResultsDirectory="dc91382d-5c31-40f5-b65c-52e695e5ba13" />
    <UnitTestResult executionId="d68ac295-0625-45b5-86d5-66917f62d783" testId="adc67c29-907f-ffe2-0c39-49af8e0c866d" testName="ControlServer.Tests.CapabilitySnapshotFingerprintTests.AReportedFingerprintThatDisagreesIsRefusedWithTheStableCodeAndLeavesTheVehicleUnready" computerName="LAB-WIN-01" duration="00:00:00.2034546" startTime="2026-09-10T12:15:49.8302303+08:00" endTime="2026-09-10T12:15:50.0337681+08:00" testType="13cdc9d9-ddb5-4fa4-a97d-d965ccfc6d4b" outcome="Passed" testListId="8c84fa94-04c1-424b-9868-57a2d4851a1d" relativeResultsDirectory="d68ac295-0625-45b5-86d5-66917f62d783" />
    <UnitTestResult executionId="201d9475-262f-489d-9191-13a0a66a4c95" testId="745b3b91-552c-1ce5-70e5-dc65aeb5c401" testName="ControlServer.Tests.SlotConfigurationActivationTests.WhileTheResultIsOutstandingTheServerGuessesNeitherSuccessNorFailure" computerName="LAB-WIN-01" duration="00:00:00.1632639" startTime="2026-09-10T12:15:49.9876599+08:00" endTime="2026-09-10T12:15:50.1510069+08:00" testType="13cdc9d9-ddb5-4fa4-a97d-d965ccfc6d4b" outcome="Passed" testListId="8c84fa94-04c1-424b-9868-57a2d4851a1d" relativeResultsDirectory="201d9475-262f-489d-9191-13a0a66a4c95" />
    <UnitTestResult executionId="32508d1a-efee-45a8-b1ce-29883986da2c" testId="e1774f5b-945c-55df-524a-e275afcbe997" testName="ControlServer.Tests.SlotConfigurationActivationWireTests.AnUnknownOutcomeIsNeverRecordedAsSuccessAndLeavesTheActiveConfigurationUntouched" computerName="LAB-WIN-01" duration="00:00:00.1836749" startTime="2026-09-10T12:15:49.9284365+08:00" endTime="2026-09-10T12:15:50.1121784+08:00" testType="13cdc9d9-ddb5-4fa4-a97d-d965ccfc6d4b" outcome="Passed" testListId="8c84fa94-04c1-424b-9868-57a2d4851a1d" relativeResultsDirectory="32508d1a-efee-45a8-b1ce-29883986da2c" />
    <UnitTestResult executionId="0275d9c7-ebf4-4d06-8b03-562e6aaeb6ff" testId="1668f289-ff47-45b5-1df0-50477b9f945a" testName="ControlServer.Tests.SlotConfigurationActivationTests.TheCanonicalFingerprintOfTheSharedExampleIsTheValueTheOnboardSideAlsoComputes" computerName="LAB-WIN-01" duration="00:00:00.0010217" startTime="2026-09-10T12:15:50.1573194+08:00" endTime="2026-09-10T12:15:50.1584038+08:00" testType="13cdc9d9-ddb5-4fa4-a97d-d965ccfc6d4b" outcome="Passed" testListId="8c84fa94-04c1-424b-9868-57a2d4851a1d" relativeResultsDirectory="0275d9c7-ebf4-4d06-8b03-562e6aaeb6ff" />
    <UnitTestResult executionId="bb6054ac-dd85-4bcb-8659-733af46ed0d6" testId="8100c950-8bb1-1cc4-1f14-b0961c72b5a2" testName="ControlServer.Tests.SlotConfigurationActivationWireTests.TheCommandIsDurableBeforeItIsSentAndCarriesTheTargetVersionAndFingerprint" computerName="LAB-WIN-01" duration="00:00:02.4282752" startTime="2026-09-10T12:15:47.2916150+08:00" endTime="2026-09-10T12:15:49.7318798+08:00" testType="13cdc9d9-ddb5-4fa4-a97d-d965ccfc6d4b" outcome="Passed" testListId="8c84fa94-04c1-424b-9868-57a2d4851a1d" relativeResultsDirectory="bb6054ac-dd85-4bcb-8659-733af46ed0d6" />
    <UnitTestResult executionId="3e4c598d-5cdc-4d94-b8a9-972f0c39fd27" testId="5944a164-6dbf-a16c-e6dd-27b36679898b" testName="ControlServer.Tests.SlotConfigurationActivationTests.AConfigurationWithAnUnboundSlotCannotBeIssuedAtAll" computerName="LAB-WIN-01" duration="00:00:02.3110088" startTime="2026-09-10T12:15:47.2916296+08:00" endTime="2026-09-10T12:15:49.6145735+08:00" testType="13cdc9d9-ddb5-4fa4-a97d-d965ccfc6d4b" outcome="Passed" testListId="8c84fa94-04c1-424b-9868-57a2d4851a1d" relativeResultsDirectory="3e4c598d-5cdc-4d94-b8a9-972f0c39fd27" />
    <UnitTestResult executionId="1ca9c8d9-3358-43f6-bc7a-87b28b5fd3b1" testId="00f207d8-54a4-39c9-7a72-77d68da3c98c" testName="ControlServer.Tests.SlotConfigurationActivationTests.TheFingerprintDecidesWhetherTheArchivedConfigurationIsStillARestorationCandidate" computerName="LAB-WIN-01" duration="00:00:00.1458741" startTime="2026-09-10T12:15:49.8404682+08:00" endTime="2026-09-10T12:15:49.9864110+08:00" testType="13cdc9d9-ddb5-4fa4-a97d-d965ccfc6d4b" outcome="Passed" testListId="8c84fa94-04c1-424b-9868-57a2d4851a1d" relativeResultsDirectory="1ca9c8d9-3358-43f6-bc7a-87b28b5fd3b1" />
    <UnitTestResult executionId="cd6de032-213e-4496-b2ba-f1142a856a68" testId="8210e647-7d7e-e1c6-3cab-582ab71e1884" testName="ControlServer.Tests.SlotConfigurationActivationWireTests.APendingActivationCommandIsReplayedOnReconnectAndASettledOneIsNot" computerName="LAB-WIN-01" duration="00:00:00.1919115" startTime="2026-09-10T12:15:49.7344889+08:00" endTime="2026-09-10T12:15:49.9264670+08:00" testType="13cdc9d9-ddb5-4fa4-a97d-d965ccfc6d4b" outcome="Passed" testListId="8c84fa94-04c1-424b-9868-57a2d4851a1d" relativeResultsDirectory="cd6de032-213e-4496-b2ba-f1142a856a68" />
    <UnitTestResult executionId="9dfd9e2a-5352-4290-8de0-366e174701c3" testId="333e3f70-1814-7f83-34cb-3a5d6de9dbdc" testName="ControlServer.Tests.SlotConfigurationActivationWireTests.TheResultConvergesTheActivationAndTheActiveConfigurationBecomesTheOneJustActivated" computerName="LAB-WIN-01" duration="00:00:00.1935446" startTime="2026-09-10T12:15:50.4856044+08:00" endTime="2026-09-10T12:15:50.6792203+08:00" testType="13cdc9d9-ddb5-4fa4-a97d-d965ccfc6d4b" outcome="Passed" testListId="8c84fa94-04c1-424b-9868-57a2d4851a1d" relativeResultsDirectory="9dfd9e2a-5352-4290-8de0-366e174701c3" />
    <UnitTestResult executionId="b51d63ae-d104-4501-ab4a-27daa2ff8eae" testId="a4040cf7-860b-e265-4c5c-4e29d3789898" testName="ControlServer.Tests.SlotConfigurationActivationWireTests.AnOutcomeOrVerificationMethodTheProtocolDoesNotDefineIsRefusedRatherThanDefaulted" computerName="LAB-WIN-01" duration="00:00:00.1684399" startTime="2026-09-10T12:15:50.3151174+08:00" endTime="2026-09-10T12:15:50.4836793+08:00" testType="13cdc9d9-ddb5-4fa4-a97d-d965ccfc6d4b" outcome="Passed" testListId="8c84fa94-04c1-424b-9868-57a2d4851a1d" relativeResultsDirectory="b51d63ae-d104-4501-ab4a-27daa2ff8eae" />
  </Results>
  <TestDefinitions>
    <UnitTest name="ControlServer.Tests.CapabilitySnapshotFingerprintTests.AReportedFingerprintThatMatchesTheActivatedVersionIsAdoptedAndAcked" storage="c:\users\szy\8005-b3\fp-b3\tests\controlserver.tests\bin\release\net8.0\win-x64\controlserver.tests.dll" id="5e213c9b-8d86-5cac-74f0-2cf4f5271aea">
      <Execution id="44ea1eed-5315-4747-9419-9b6b80f79449" />
      <TestMethod codeBase="C:\Users\szy\8005-b3\fp-b3\tests\ControlServer.Tests\bin\Release\net8.0\win-x64\ControlServer.Tests.dll" adapterTypeName="executor://xunit/VsTestRunner3/netcore/" className="ControlServer.Tests.CapabilitySnapshotFingerprintTests" name="AReportedFingerprintThatMatchesTheActivatedVersionIsAdoptedAndAcked" />
    </UnitTest>
    <UnitTest name="ControlServer.Tests.SlotConfigurationActivationWireTests.TheResultConvergesTheActivationAndTheActiveConfigurationBecomesTheOneJustActivated" storage="c:\users\szy\8005-b3\fp-b3\tests\controlserver.tests\bin\release\net8.0\win-x64\controlserver.tests.dll" id="333e3f70-1814-7f83-34cb-3a5d6de9dbdc">
      <Execution id="9dfd9e2a-5352-4290-8de0-366e174701c3" />
      <TestMethod codeBase="C:\Users\szy\8005-b3\fp-b3\tests\ControlServer.Tests\bin\Release\net8.0\win-x64\ControlServer.Tests.dll" adapterTypeName="executor://xunit/VsTestRunner3/netcore/" className="ControlServer.Tests.SlotConfigurationActivationWireTests" name="TheResultConvergesTheActivationAndTheActiveConfigurationBecomesTheOneJustActivated" />
    </UnitTest>
    <UnitTest name="ControlServer.Tests.SlotConfigurationActivationTests.NoSecondHumanApprovalStandsBetweenTheDecisionAndTheActivation" storage="c:\users\szy\8005-b3\fp-b3\tests\controlserver.tests\bin\release\net8.0\win-x64\controlserver.tests.dll" id="31ba3601-b45a-c7e8-fb81-e46f01e0efe5">
      <Execution id="42e593ca-1ebe-4dd1-8c27-710b93512d9c" />
      <TestMethod codeBase="C:\Users\szy\8005-b3\fp-b3\tests\ControlServer.Tests\bin\Release\net8.0\win-x64\ControlServer.Tests.dll" adapterTypeName="executor://xunit/VsTestRunner3/netcore/" className="ControlServer.Tests.SlotConfigurationActivationTests" name="NoSecondHumanApprovalStandsBetweenTheDecisionAndTheActivation" />
    </UnitTest>
    <UnitTest name="ControlServer.Tests.CapabilitySnapshotFingerprintTests.AReportedFingerprintThatDisagreesIsRefusedWithTheStableCodeAndLeavesTheVehicleUnready" storage="c:\users\szy\8005-b3\fp-b3\tests\controlserver.tests\bin\release\net8.0\win-x64\controlserver.tests.dll" id="adc67c29-907f-ffe2-0c39-49af8e0c866d">
      <Execution id="d68ac295-0625-45b5-86d5-66917f62d783" />
      <TestMethod codeBase="C:\Users\szy\8005-b3\fp-b3\tests\ControlServer.Tests\bin\Release\net8.0\win-x64\ControlServer.Tests.dll" adapterTypeName="executor://xunit/VsTestRunner3/netcore/" className="ControlServer.Tests.CapabilitySnapshotFingerprintTests" name="AReportedFingerprintThatDisagreesIsRefusedWithTheStableCodeAndLeavesTheVehicleUnready" />
    </UnitTest>
    <UnitTest name="ControlServer.Tests.SlotConfigurationActivationTests.WhileTheResultIsOutstandingTheServerGuessesNeitherSuccessNorFailure" storage="c:\users\szy\8005-b3\fp-b3\tests\controlserver.tests\bin\release\net8.0\win-x64\controlserver.tests.dll" id="745b3b91-552c-1ce5-70e5-dc65aeb5c401">
      <Execution id="201d9475-262f-489d-9191-13a0a66a4c95" />
      <TestMethod codeBase="C:\Users\szy\8005-b3\fp-b3\tests\ControlServer.Tests\bin\Release\net8.0\win-x64\ControlServer.Tests.dll" adapterTypeName="executor://xunit/VsTestRunner3/netcore/" className="ControlServer.Tests.SlotConfigurationActivationTests" name="WhileTheResultIsOutstandingTheServerGuessesNeitherSuccessNorFailure" />
    </UnitTest>
    <UnitTest name="ControlServer.Tests.SlotConfigurationActivationTests.TheFingerprintDecidesWhetherTheArchivedConfigurationIsStillARestorationCandidate" storage="c:\users\szy\8005-b3\fp-b3\tests\controlserver.tests\bin\release\net8.0\win-x64\controlserver.tests.dll" id="00f207d8-54a4-39c9-7a72-77d68da3c98c">
      <Execution id="1ca9c8d9-3358-43f6-bc7a-87b28b5fd3b1" />
      <TestMethod codeBase="C:\Users\szy\8005-b3\fp-b3\tests\ControlServer.Tests\bin\Release\net8.0\win-x64\ControlServer.Tests.dll" adapterTypeName="executor://xunit/VsTestRunner3/netcore/" className="ControlServer.Tests.SlotConfigurationActivationTests" name="TheFingerprintDecidesWhetherTheArchivedConfigurationIsStillARestorationCandidate" />
    </UnitTest>
    <UnitTest name="ControlServer.Tests.SlotConfigurationActivationTests.AReplayedResultConvergesTheSameActivationInsteadOfProducingASecondOne" storage="c:\users\szy\8005-b3\fp-b3\tests\controlserver.tests\bin\release\net8.0\win-x64\controlserver.tests.dll" id="356f36e9-dff7-45e2-e949-e0ef2eee5089">
      <Execution id="dc91382d-5c31-40f5-b65c-52e695e5ba13" />
      <TestMethod codeBase="C:\Users\szy\8005-b3\fp-b3\tests\ControlServer.Tests\bin\Release\net8.0\win-x64\ControlServer.Tests.dll" adapterTypeName="executor://xunit/VsTestRunner3/netcore/" className="ControlServer.Tests.SlotConfigurationActivationTests" name="AReplayedResultConvergesTheSameActivationInsteadOfProducingASecondOne" />
    </UnitTest>
    <UnitTest name="ControlServer.Tests.SlotConfigurationActivationWireTests.AnUnknownOutcomeIsNeverRecordedAsSuccessAndLeavesTheActiveConfigurationUntouched" storage="c:\users\szy\8005-b3\fp-b3\tests\controlserver.tests\bin\release\net8.0\win-x64\controlserver.tests.dll" id="e1774f5b-945c-55df-524a-e275afcbe997">
      <Execution id="32508d1a-efee-45a8-b1ce-29883986da2c" />
      <TestMethod codeBase="C:\Users\szy\8005-b3\fp-b3\tests\ControlServer.Tests\bin\Release\net8.0\win-x64\ControlServer.Tests.dll" adapterTypeName="executor://xunit/VsTestRunner3/netcore/" className="ControlServer.Tests.SlotConfigurationActivationWireTests" name="AnUnknownOutcomeIsNeverRecordedAsSuccessAndLeavesTheActiveConfigurationUntouched" />
    </UnitTest>
    <UnitTest name="ControlServer.Tests.CapabilitySnapshotFingerprintTests.WithNoActivatedVersionTheFingerprintDecidesTheRestorationCandidateInsteadOfBlockingTheVehicle" storage="c:\users\szy\8005-b3\fp-b3\tests\controlserver.tests\bin\release\net8.0\win-x64\controlserver.tests.dll" id="1b700c16-940a-145c-465c-b689ce2fe03a">
      <Execution id="5045f278-49d8-43e7-b700-4f172cc5a888" />
      <TestMethod codeBase="C:\Users\szy\8005-b3\fp-b3\tests\ControlServer.Tests\bin\Release\net8.0\win-x64\ControlServer.Tests.dll" adapterTypeName="executor://xunit/VsTestRunner3/netcore/" className="ControlServer.Tests.CapabilitySnapshotFingerprintTests" name="WithNoActivatedVersionTheFingerprintDecidesTheRestorationCandidateInsteadOfBlockingTheVehicle" />
    </UnitTest>
    <UnitTest name="ControlServer.Tests.SlotConfigurationActivationTests.AConfigurationWithAnUnboundSlotCannotBeIssuedAtAll" storage="c:\users\szy\8005-b3\fp-b3\tests\controlserver.tests\bin\release\net8.0\win-x64\controlserver.tests.dll" id="5944a164-6dbf-a16c-e6dd-27b36679898b">
      <Execution id="3e4c598d-5cdc-4d94-b8a9-972f0c39fd27" />
      <TestMethod codeBase="C:\Users\szy\8005-b3\fp-b3\tests\ControlServer.Tests\bin\Release\net8.0\win-x64\ControlServer.Tests.dll" adapterTypeName="executor://xunit/VsTestRunner3/netcore/" className="ControlServer.Tests.SlotConfigurationActivationTests" name="AConfigurationWithAnUnboundSlotCannotBeIssuedAtAll" />
    </UnitTest>
    <UnitTest name="ControlServer.Tests.SlotConfigurationActivationWireTests.AReplayedResultUnderANewMessageIdConvergesTheSameActivationInsteadOfASecondOne" storage="c:\users\szy\8005-b3\fp-b3\tests\controlserver.tests\bin\release\net8.0\win-x64\controlserver.tests.dll" id="ff69f69a-2412-10da-1138-39bdad7f3fc7">
      <Execution id="fad7601b-1c09-44e2-86ca-b9eeb9f632eb" />
      <TestMethod codeBase="C:\Users\szy\8005-b3\fp-b3\tests\ControlServer.Tests\bin\Release\net8.0\win-x64\ControlServer.Tests.dll" adapterTypeName="executor://xunit/VsTestRunner3/netcore/" className="ControlServer.Tests.SlotConfigurationActivationWireTests" name="AReplayedResultUnderANewMessageIdConvergesTheSameActivationInsteadOfASecondOne" />
    </UnitTest>
    <UnitTest name="ControlServer.Tests.SlotConfigurationActivationTests.TheCanonicalFingerprintOfTheSharedExampleIsTheValueTheOnboardSideAlsoComputes" storage="c:\users\szy\8005-b3\fp-b3\tests\controlserver.tests\bin\release\net8.0\win-x64\controlserver.tests.dll" id="1668f289-ff47-45b5-1df0-50477b9f945a">
      <Execution id="0275d9c7-ebf4-4d06-8b03-562e6aaeb6ff" />
      <TestMethod codeBase="C:\Users\szy\8005-b3\fp-b3\tests\ControlServer.Tests\bin\Release\net8.0\win-x64\ControlServer.Tests.dll" adapterTypeName="executor://xunit/VsTestRunner3/netcore/" className="ControlServer.Tests.SlotConfigurationActivationTests" name="TheCanonicalFingerprintOfTheSharedExampleIsTheValueTheOnboardSideAlsoComputes" />
    </UnitTest>
    <UnitTest name="ControlServer.Tests.SlotConfigurationActivationWireTests.TheCommandIsDurableBeforeItIsSentAndCarriesTheTargetVersionAndFingerprint" storage="c:\users\szy\8005-b3\fp-b3\tests\controlserver.tests\bin\release\net8.0\win-x64\controlserver.tests.dll" id="8100c950-8bb1-1cc4-1f14-b0961c72b5a2">
      <Execution id="bb6054ac-dd85-4bcb-8659-733af46ed0d6" />
      <TestMethod codeBase="C:\Users\szy\8005-b3\fp-b3\tests\ControlServer.Tests\bin\Release\net8.0\win-x64\ControlServer.Tests.dll" adapterTypeName="executor://xunit/VsTestRunner3/netcore/" className="ControlServer.Tests.SlotConfigurationActivationWireTests" name="TheCommandIsDurableBeforeItIsSentAndCarriesTheTargetVersionAndFingerprint" />
    </UnitTest>
    <UnitTest name="ControlServer.Tests.SlotConfigurationActivationWireTests.AnOutcomeOrVerificationMethodTheProtocolDoesNotDefineIsRefusedRatherThanDefaulted" storage="c:\users\szy\8005-b3\fp-b3\tests\controlserver.tests\bin\release\net8.0\win-x64\controlserver.tests.dll" id="a4040cf7-860b-e265-4c5c-4e29d3789898">
      <Execution id="b51d63ae-d104-4501-ab4a-27daa2ff8eae" />
      <TestMethod codeBase="C:\Users\szy\8005-b3\fp-b3\tests\ControlServer.Tests\bin\Release\net8.0\win-x64\ControlServer.Tests.dll" adapterTypeName="executor://xunit/VsTestRunner3/netcore/" className="ControlServer.Tests.SlotConfigurationActivationWireTests" name="AnOutcomeOrVerificationMethodTheProtocolDoesNotDefineIsRefusedRatherThanDefaulted" />
    </UnitTest>
    <UnitTest name="ControlServer.Tests.SlotConfigurationActivationTests.AnActivationGoesOutReliableUnderTheSlotConfigurationRecoveryRoleAndWaitsForItsResult" storage="c:\users\szy\8005-b3\fp-b3\tests\controlserver.tests\bin\release\net8.0\win-x64\controlserver.tests.dll" id="2656e206-b2db-7412-c427-68216fba3054">
      <Execution id="47a77960-e875-4e12-b641-7f61fae2a35e" />
      <TestMethod codeBase="C:\Users\szy\8005-b3\fp-b3\tests\ControlServer.Tests\bin\Release\net8.0\win-x64\ControlServer.Tests.dll" adapterTypeName="executor://xunit/VsTestRunner3/netcore/" className="ControlServer.Tests.SlotConfigurationActivationTests" name="AnActivationGoesOutReliableUnderTheSlotConfigurationRecoveryRoleAndWaitsForItsResult" />
    </UnitTest>
    <UnitTest name="ControlServer.Tests.CapabilitySnapshotFingerprintTests.TheDisagreementIsRecordedOnTheImmutableAuditStreamWithBothFingerprints" storage="c:\users\szy\8005-b3\fp-b3\tests\controlserver.tests\bin\release\net8.0\win-x64\controlserver.tests.dll" id="b7ec044b-d105-4534-f247-2960e51b9d1c">
      <Execution id="d006159f-43fe-45a8-b810-4b9b1e3974cf" />
      <TestMethod codeBase="C:\Users\szy\8005-b3\fp-b3\tests\ControlServer.Tests\bin\Release\net8.0\win-x64\ControlServer.Tests.dll" adapterTypeName="executor://xunit/VsTestRunner3/netcore/" className="ControlServer.Tests.CapabilitySnapshotFingerprintTests" name="TheDisagreementIsRecordedOnTheImmutableAuditStreamWithBothFingerprints" />
    </UnitTest>
    <UnitTest name="ControlServer.Tests.SlotConfigurationActivationWireTests.APendingActivationCommandIsReplayedOnReconnectAndASettledOneIsNot" storage="c:\users\szy\8005-b3\fp-b3\tests\controlserver.tests\bin\release\net8.0\win-x64\controlserver.tests.dll" id="8210e647-7d7e-e1c6-3cab-582ab71e1884">
      <Execution id="cd6de032-213e-4496-b2ba-f1142a856a68" />
      <TestMethod codeBase="C:\Users\szy\8005-b3\fp-b3\tests\ControlServer.Tests\bin\Release\net8.0\win-x64\ControlServer.Tests.dll" adapterTypeName="executor://xunit/VsTestRunner3/netcore/" className="ControlServer.Tests.SlotConfigurationActivationWireTests" name="APendingActivationCommandIsReplayedOnReconnectAndASettledOneIsNot" />
    </UnitTest>
  </TestDefinitions>
  <TestEntries>
    <TestEntry testId="2656e206-b2db-7412-c427-68216fba3054" executionId="47a77960-e875-4e12-b641-7f61fae2a35e" testListId="8c84fa94-04c1-424b-9868-57a2d4851a1d" />
    <TestEntry testId="1b700c16-940a-145c-465c-b689ce2fe03a" executionId="5045f278-49d8-43e7-b700-4f172cc5a888" testListId="8c84fa94-04c1-424b-9868-57a2d4851a1d" />
    <TestEntry testId="5e213c9b-8d86-5cac-74f0-2cf4f5271aea" executionId="44ea1eed-5315-4747-9419-9b6b80f79449" testListId="8c84fa94-04c1-424b-9868-57a2d4851a1d" />
    <TestEntry testId="ff69f69a-2412-10da-1138-39bdad7f3fc7" executionId="fad7601b-1c09-44e2-86ca-b9eeb9f632eb" testListId="8c84fa94-04c1-424b-9868-57a2d4851a1d" />
    <TestEntry testId="b7ec044b-d105-4534-f247-2960e51b9d1c" executionId="d006159f-43fe-45a8-b810-4b9b1e3974cf" testListId="8c84fa94-04c1-424b-9868-57a2d4851a1d" />
    <TestEntry testId="31ba3601-b45a-c7e8-fb81-e46f01e0efe5" executionId="42e593ca-1ebe-4dd1-8c27-710b93512d9c" testListId="8c84fa94-04c1-424b-9868-57a2d4851a1d" />
    <TestEntry testId="356f36e9-dff7-45e2-e949-e0ef2eee5089" executionId="dc91382d-5c31-40f5-b65c-52e695e5ba13" testListId="8c84fa94-04c1-424b-9868-57a2d4851a1d" />
    <TestEntry testId="adc67c29-907f-ffe2-0c39-49af8e0c866d" executionId="d68ac295-0625-45b5-86d5-66917f62d783" testListId="8c84fa94-04c1-424b-9868-57a2d4851a1d" />
    <TestEntry testId="745b3b91-552c-1ce5-70e5-dc65aeb5c401" executionId="201d9475-262f-489d-9191-13a0a66a4c95" testListId="8c84fa94-04c1-424b-9868-57a2d4851a1d" />
    <TestEntry testId="e1774f5b-945c-55df-524a-e275afcbe997" executionId="32508d1a-efee-45a8-b1ce-29883986da2c" testListId="8c84fa94-04c1-424b-9868-57a2d4851a1d" />
    <TestEntry testId="1668f289-ff47-45b5-1df0-50477b9f945a" executionId="0275d9c7-ebf4-4d06-8b03-562e6aaeb6ff" testListId="8c84fa94-04c1-424b-9868-57a2d4851a1d" />
    <TestEntry testId="8100c950-8bb1-1cc4-1f14-b0961c72b5a2" executionId="bb6054ac-dd85-4bcb-8659-733af46ed0d6" testListId="8c84fa94-04c1-424b-9868-57a2d4851a1d" />
    <TestEntry testId="5944a164-6dbf-a16c-e6dd-27b36679898b" executionId="3e4c598d-5cdc-4d94-b8a9-972f0c39fd27" testListId="8c84fa94-04c1-424b-9868-57a2d4851a1d" />
    <TestEntry testId="00f207d8-54a4-39c9-7a72-77d68da3c98c" executionId="1ca9c8d9-3358-43f6-bc7a-87b28b5fd3b1" testListId="8c84fa94-04c1-424b-9868-57a2d4851a1d" />
    <TestEntry testId="8210e647-7d7e-e1c6-3cab-582ab71e1884" executionId="cd6de032-213e-4496-b2ba-f1142a856a68" testListId="8c84fa94-04c1-424b-9868-57a2d4851a1d" />
    <TestEntry testId="333e3f70-1814-7f83-34cb-3a5d6de9dbdc" executionId="9dfd9e2a-5352-4290-8de0-366e174701c3" testListId="8c84fa94-04c1-424b-9868-57a2d4851a1d" />
    <TestEntry testId="a4040cf7-860b-e265-4c5c-4e29d3789898" executionId="b51d63ae-d104-4501-ab4a-27daa2ff8eae" testListId="8c84fa94-04c1-424b-9868-57a2d4851a1d" />
  </TestEntries>
  <TestLists>
    <TestList name="Results Not in a List" id="8c84fa94-04c1-424b-9868-57a2d4851a1d" />
    <TestList name="All Loaded Results" id="19431567-8539-422a-85d7-44ee4e166bda" />
  </TestLists>
  <ResultSummary outcome="Completed">
    <Counters total="17" executed="17" passed="17" failed="0" error="0" timeout="0" aborted="0" inconclusive="0" passedButRunAborted="0" notRunnable="0" notExecuted="0" disconnected="0" warning="0" completed="0" inProgress="0" pending="0" />
    <Output>
      <StdOut>[xUnit.net 00:00:00.00] xUnit.net VSTest Adapter v3.1.5+1b188a7b0a (64-bit .NET 8.0.31)&#xD;
[xUnit.net 00:00:00.47]   Discovering: ControlServer.Tests&#xD;
[xUnit.net 00:00:01.39]   Discovered:  ControlServer.Tests&#xD;
[xUnit.net 00:00:01.72]   Starting:    ControlServer.Tests&#xD;
[xUnit.net 00:00:05.22]   Finished:    ControlServer.Tests (ID = 'e9ef864f5c30a80b01bad5385d42b098992aa99c2081d7ca9b4a43181c106212')&#xD;
</StdOut>
    </Output>
  </ResultSummary>
</TestRun>