2026-09-11T19:20:14.1602584+08:00	Information	App	车载端启动：agvId=AGV-L2-001，environment=Development，version=0.2.0-safety-mock-travel+ab346ed4b15d86110429273014d8a9be034bdab1。
2026-09-11T19:20:14.9617280+08:00	Information	ModbusTcpIoModuleClient	已连接IO模块 127.0.0.1:58412，UnitId=255。
2026-09-11T19:20:14.9897543+08:00	Information	OnboardController	IO模块在线。
2026-09-11T19:20:14.9923854+08:00	Information	OnboardController	启动IO安全快照验证通过。
2026-09-11T19:20:15.1511921+08:00	Information	App	车载端自动化接口已启动：http://127.0.0.1:58414。 
2026-09-11T19:20:15.6493946+08:00	Information	WireToGateSessionService	上层会话已建立：generation=1，readiness=Ready。
2026-09-11T19:20:18.8049449+08:00	Information	App	服务端请求录入Sublot：demandId=811e5f35-2fb7-42ad-a5cb-df84db27f6ea，revision=1。 
2026-09-11T19:20:19.4313773+08:00	Information	App	服务端请求录入Sublot：demandId=811e5f35-2fb7-42ad-a5cb-df84db27f6ea，revision=1。 
2026-09-11T19:20:19.6687430+08:00	Information	ModbusTcpIoModuleClient	已向物理1号仓发送开锁脉冲触发，DO地址=100。硬件负责自动复位。 
2026-09-11T19:20:19.7135179+08:00	Information	ModbusTcpIoModuleClient	1号仓IO变化：DO 0->1，锁DI 1->1，光幕DI 1->1。
2026-09-11T19:20:19.8233345+08:00	Information	ModbusTcpIoModuleClient	1号仓IO变化：DO 1->1，锁DI 1->0，光幕DI 1->1。
2026-09-11T19:20:20.2352643+08:00	Information	ModbusTcpIoModuleClient	1号仓IO变化：DO 1->0，锁DI 0->0，光幕DI 1->1。
2026-09-11T19:20:20.4287596+08:00	Information	WireToGateBusinessService	忽略并发重复SlotOperationCommand：attempt=e85db756-b158-655a-bfd0-508b48d5ffe7。
2026-09-11T19:20:20.8479620+08:00	Information	ModbusTcpIoModuleClient	1号仓IO变化：DO 0->0，锁DI 0->1，光幕DI 1->1。
2026-09-11T19:20:21.1918534+08:00	Information	ModbusTcpIoModuleClient	已向物理1号仓发送开锁脉冲触发，DO地址=100。硬件负责自动复位。 
2026-09-11T19:20:21.2595181+08:00	Information	ModbusTcpIoModuleClient	1号仓IO变化：DO 0->1，锁DI 1->1，光幕DI 1->1。
2026-09-11T19:20:21.4347788+08:00	Information	WireToGateBusinessService	忽略并发重复SlotOperationCommand：attempt=e85db756-b158-655a-bfd0-508b48d5ffe7。
2026-09-11T19:20:21.7729131+08:00	Information	ModbusTcpIoModuleClient	1号仓IO变化：DO 1->0，锁DI 1->1，光幕DI 1->1。
2026-09-11T19:20:22.4399872+08:00	Information	WireToGateBusinessService	忽略并发重复SlotOperationCommand：attempt=e85db756-b158-655a-bfd0-508b48d5ffe7。
2026-09-11T19:20:23.4308662+08:00	Information	WireToGateBusinessService	忽略并发重复SlotOperationCommand：attempt=e85db756-b158-655a-bfd0-508b48d5ffe7。
2026-09-11T19:20:24.6296424+08:00	Information	ModbusTcpIoModuleClient	1号仓IO变化：DO 0->0，锁DI 1->1，光幕DI 1->0。
2026-09-11T19:20:25.3453261+08:00	Information	ModbusTcpIoModuleClient	已向物理1号仓发送开锁脉冲触发，DO地址=100。硬件负责自动复位。 
2026-09-11T19:20:25.4045886+08:00	Information	ModbusTcpIoModuleClient	1号仓IO变化：DO 0->1，锁DI 1->1，光幕DI 0->0。
2026-09-11T19:20:25.5277582+08:00	Information	ModbusTcpIoModuleClient	1号仓IO变化：DO 1->1，锁DI 1->0，光幕DI 0->0。
2026-09-11T19:20:25.8546688+08:00	Information	ModbusTcpIoModuleClient	1号仓IO变化：DO 1->0，锁DI 0->0，光幕DI 0->0。
2026-09-11T19:20:26.4092272+08:00	Information	ModbusTcpIoModuleClient	1号仓IO变化：DO 0->0，锁DI 0->0，光幕DI 0->1。
2026-09-11T19:20:26.7464658+08:00	Information	ModbusTcpIoModuleClient	1号仓IO变化：DO 0->0，锁DI 0->1，光幕DI 1->1。
2026-09-11T19:20:29.4873088+08:00	Information	App	服务端请求录入Sublot：demandId=17987b8e-0742-4bea-bc61-cf3d09fde813，revision=3。 
2026-09-11T19:20:30.4281080+08:00	Information	App	服务端请求录入Sublot：demandId=17987b8e-0742-4bea-bc61-cf3d09fde813，revision=3。 
2026-09-11T19:20:30.4939832+08:00	Information	ModbusTcpIoModuleClient	已向物理1号仓发送开锁脉冲触发，DO地址=100。硬件负责自动复位。 
2026-09-11T19:20:30.5007582+08:00	Information	ModbusTcpIoModuleClient	1号仓IO变化：DO 0->1，锁DI 1->1，光幕DI 1->1。
2026-09-11T19:20:30.6121974+08:00	Information	ModbusTcpIoModuleClient	1号仓IO变化：DO 1->1，锁DI 1->0，光幕DI 1->1。
2026-09-11T19:20:31.0199714+08:00	Information	ModbusTcpIoModuleClient	1号仓IO变化：DO 1->0，锁DI 0->0，光幕DI 1->1。
2026-09-11T19:20:31.4254871+08:00	Information	WireToGateBusinessService	忽略并发重复SlotOperationCommand：attempt=80b4b2d0-1cbc-185e-b84b-678c24a408f1。
