<?xml version="1.0" encoding="utf-8"?>
<TestRun id="ab10529b-f520-436a-a983-a43616dd0674" name="szy@LAB-WIN-01 2026-09-19 23:48:26" runUser="LAB-WIN-01\szy" xmlns="http://microsoft.com/schemas/VisualStudio/TeamTest/2010">
  <Times creation="2026-09-19T23:48:26.6221479+08:00" queuing="2026-09-19T23:48:26.6221485+08:00" start="2026-09-19T23:48:11.8064836+08:00" finish="2026-09-19T23:49:20.0392073+08:00" />
  <TestSettings name="default" id="3dc24655-29c2-4e95-afd1-68cfc8a96e75">
    <Deployment runDeploymentRoot="szy_LAB-WIN-01_2026-09-19_23_48_26" />
  </TestSettings>
  <Results>
    <UnitTestResult executionId="66f4e048-7084-4cf3-9698-ad5c493db83a" testId="ce5df15d-484a-8ba2-37d1-52e2c954e481" testName="ControlServer.Tests.RecoveryStateMachineG2Tests.AfterTheReconnectHandshakeARefusalStillSendsTheUnacknowledgedClosingSnapshotAtOnce" computerName="LAB-WIN-01" duration="00:00:00.4171622" startTime="2026-09-19T23:48:28.2273770+08:00" endTime="2026-09-19T23:48:28.6446704+08:00" testType="13cdc9d9-ddb5-4fa4-a97d-d965ccfc6d4b" outcome="Passed" testListId="8c84fa94-04c1-424b-9868-57a2d4851a1d" relativeResultsDirectory="66f4e048-7084-4cf3-9698-ad5c493db83a" />
    <UnitTestResult executionId="d0c2b30d-6bb0-4d31-a1be-18ddbbc06f51" testId="0369c373-3d13-9b27-6ae4-4226093cfd0a" testName="ControlServer.Tests.RecoveryStateMachineG2Tests.ARecoveryRequestTakenInTheReconnectHandshakeSendsItsCommandOnlyAfterTheHandshake" computerName="LAB-WIN-01" duration="00:00:00.4115692" startTime="2026-09-19T23:48:30.0259583+08:00" endTime="2026-09-19T23:48:30.4530980+08:00" testType="13cdc9d9-ddb5-4fa4-a97d-d965ccfc6d4b" outcome="Failed" testListId="8c84fa94-04c1-424b-9868-57a2d4851a1d" relativeResultsDirectory="d0c2b30d-6bb0-4d31-a1be-18ddbbc06f51">
      <Output>
        <ErrorInfo>
          <Message>Assert.Equal() Failure: Collections differ&#xD;
Expected: ["RecoveryActionAccepted"]&#xD;
Actual:   ["RecoveryActionAccepted", "SlotOperationResumeCommand", "ExceptionRecoverySessionSnapshot"]&#xD;
                                     ↑ (pos 1)</Message>
          <StackTrace>   at ControlServer.Tests.RecoveryStateMachineG2Tests.ARecoveryRequestTakenInTheReconnectHandshakeSendsItsCommandOnlyAfterTheHandshake() in C:\Users\szy\Desktop\8005-workspace-v2\worktrees\b7-202-8005-agv-control-server\tests\ControlServer.Tests\RecoveryStateMachineG2Tests.cs:line 4489&#xD;
   at ControlServer.Tests.RecoveryStateMachineG2Tests.ARecoveryRequestTakenInTheReconnectHandshakeSendsItsCommandOnlyAfterTheHandshake() in C:\Users\szy\Desktop\8005-workspace-v2\worktrees\b7-202-8005-agv-control-server\tests\ControlServer.Tests\RecoveryStateMachineG2Tests.cs:line 4493&#xD;
   at ControlServer.Tests.RecoveryStateMachineG2Tests.ARecoveryRequestTakenInTheReconnectHandshakeSendsItsCommandOnlyAfterTheHandshake() in C:\Users\szy\Desktop\8005-workspace-v2\worktrees\b7-202-8005-agv-control-server\tests\ControlServer.Tests\RecoveryStateMachineG2Tests.cs:line 4493&#xD;
--- End of stack trace from previous location ---</StackTrace>
        </ErrorInfo>
      </Output>
    </UnitTestResult>
    <UnitTestResult executionId="98bd9023-938e-4bb2-954a-9ca8b0594838" testId="0837ef41-7748-97a7-a270-24e10a62ba8a" testName="ControlServer.Tests.RecoveryStateMachineG2Tests.ARefusalResentInTheReconnectHandshakeIsOnlyAcknowledgedAndItsClosingSnapshotFollowsTheHandshake(deferOutbound: True)" computerName="LAB-WIN-01" duration="00:00:00.9582755" startTime="2026-09-19T23:48:28.6486325+08:00" endTime="2026-09-19T23:48:29.6164078+08:00" testType="13cdc9d9-ddb5-4fa4-a97d-d965ccfc6d4b" outcome="Failed" testListId="8c84fa94-04c1-424b-9868-57a2d4851a1d" relativeResultsDirectory="98bd9023-938e-4bb2-954a-9ca8b0594838">
      <Output>
        <ErrorInfo>
          <Message>Assert.Equal() Failure: Collections differ&#xD;
Expected: ["DurableAck"]&#xD;
Actual:   ["DurableAck", "ExceptionRecoverySessionSnapshot"]&#xD;
                         ↑ (pos 1)</Message>
          <StackTrace>   at ControlServer.Tests.RecoveryStateMachineG2Tests.ARefusalResentInTheReconnectHandshakeIsOnlyAcknowledgedAndItsClosingSnapshotFollowsTheHandshake(Boolean deferOutbound) in C:\Users\szy\Desktop\8005-workspace-v2\worktrees\b7-202-8005-agv-control-server\tests\ControlServer.Tests\RecoveryStateMachineG2Tests.cs:line 4387&#xD;
   at ControlServer.Tests.RecoveryStateMachineG2Tests.ARefusalResentInTheReconnectHandshakeIsOnlyAcknowledgedAndItsClosingSnapshotFollowsTheHandshake(Boolean deferOutbound) in C:\Users\szy\Desktop\8005-workspace-v2\worktrees\b7-202-8005-agv-control-server\tests\ControlServer.Tests\RecoveryStateMachineG2Tests.cs:line 4390&#xD;
   at ControlServer.Tests.RecoveryStateMachineG2Tests.ARefusalResentInTheReconnectHandshakeIsOnlyAcknowledgedAndItsClosingSnapshotFollowsTheHandshake(Boolean deferOutbound) in C:\Users\szy\Desktop\8005-workspace-v2\worktrees\b7-202-8005-agv-control-server\tests\ControlServer.Tests\RecoveryStateMachineG2Tests.cs:line 4390&#xD;
--- End of stack trace from previous location ---</StackTrace>
        </ErrorInfo>
      </Output>
    </UnitTestResult>
    <UnitTestResult executionId="6f09cc6e-5133-4976-913f-8561a56e4c82" testId="be45942e-dce7-797b-e842-fa7f8bcd2a90" testName="ControlServer.Tests.RecoveryStateMachineG2Tests.AHandshakeCutShortAfterAResentRefusalLeavesItsClosingSnapshotToTheNextHandshake" computerName="LAB-WIN-01" duration="00:00:00.4967423" startTime="2026-09-19T23:48:26.5570375+08:00" endTime="2026-09-19T23:48:27.0638371+08:00" testType="13cdc9d9-ddb5-4fa4-a97d-d965ccfc6d4b" outcome="Failed" testListId="8c84fa94-04c1-424b-9868-57a2d4851a1d" relativeResultsDirectory="6f09cc6e-5133-4976-913f-8561a56e4c82">
      <Output>
        <ErrorInfo>
          <Message>Assert.Equal() Failure: Collections differ&#xD;
Expected: ["SessionAccepted", "DurableAck"]&#xD;
Actual:   ["SessionAccepted", "DurableAck", "ExceptionRecoverySessionSnapshot"]&#xD;
                                            ↑ (pos 2)</Message>
          <StackTrace>   at ControlServer.Tests.RecoveryStateMachineG2Tests.AHandshakeCutShortAfterAResentRefusalLeavesItsClosingSnapshotToTheNextHandshake() in C:\Users\szy\Desktop\8005-workspace-v2\worktrees\b7-202-8005-agv-control-server\tests\ControlServer.Tests\RecoveryStateMachineG2Tests.cs:line 4579&#xD;
   at ControlServer.Tests.RecoveryStateMachineG2Tests.AHandshakeCutShortAfterAResentRefusalLeavesItsClosingSnapshotToTheNextHandshake() in C:\Users\szy\Desktop\8005-workspace-v2\worktrees\b7-202-8005-agv-control-server\tests\ControlServer.Tests\RecoveryStateMachineG2Tests.cs:line 4590&#xD;
   at ControlServer.Tests.RecoveryStateMachineG2Tests.AHandshakeCutShortAfterAResentRefusalLeavesItsClosingSnapshotToTheNextHandshake() in C:\Users\szy\Desktop\8005-workspace-v2\worktrees\b7-202-8005-agv-control-server\tests\ControlServer.Tests\RecoveryStateMachineG2Tests.cs:line 4590&#xD;
--- End of stack trace from previous location ---</StackTrace>
        </ErrorInfo>
      </Output>
    </UnitTestResult>
    <UnitTestResult executionId="eb519009-fc51-4341-8142-aa734242e71c" testId="cadad66d-96f4-1b83-3440-2dd7396bdb60" testName="ControlServer.Tests.RecoveryStateMachineG2Tests.ARefusalResentInTheReconnectHandshakeIsOnlyAcknowledgedAndItsClosingSnapshotFollowsTheHandshake(deferOutbound: False)" computerName="LAB-WIN-01" duration="00:00:00.3888568" startTime="2026-09-19T23:48:29.6217845+08:00" endTime="2026-09-19T23:48:30.0234073+08:00" testType="13cdc9d9-ddb5-4fa4-a97d-d965ccfc6d4b" outcome="Failed" testListId="8c84fa94-04c1-424b-9868-57a2d4851a1d" relativeResultsDirectory="eb519009-fc51-4341-8142-aa734242e71c">
      <Output>
        <ErrorInfo>
          <Message>Assert.Equal() Failure: Collections differ at index 0&#xD;
           ↓ (pos 0)&#xD;
Expected: "DurableAck"&#xD;
Actual:   "ExceptionRecoverySessionSnapshot"&#xD;
           ↑ (pos 0)</Message>
          <StackTrace>   at ControlServer.Tests.RecoveryStateMachineG2Tests.ARefusalResentInTheReconnectHandshakeIsOnlyAcknowledgedAndItsClosingSnapshotFollowsTheHandshake(Boolean deferOutbound) in C:\Users\szy\Desktop\8005-workspace-v2\worktrees\b7-202-8005-agv-control-server\tests\ControlServer.Tests\RecoveryStateMachineG2Tests.cs:line 4387&#xD;
   at ControlServer.Tests.RecoveryStateMachineG2Tests.ARefusalResentInTheReconnectHandshakeIsOnlyAcknowledgedAndItsClosingSnapshotFollowsTheHandshake(Boolean deferOutbound) in C:\Users\szy\Desktop\8005-workspace-v2\worktrees\b7-202-8005-agv-control-server\tests\ControlServer.Tests\RecoveryStateMachineG2Tests.cs:line 4390&#xD;
   at ControlServer.Tests.RecoveryStateMachineG2Tests.ARefusalResentInTheReconnectHandshakeIsOnlyAcknowledgedAndItsClosingSnapshotFollowsTheHandshake(Boolean deferOutbound) in C:\Users\szy\Desktop\8005-workspace-v2\worktrees\b7-202-8005-agv-control-server\tests\ControlServer.Tests\RecoveryStateMachineG2Tests.cs:line 4390&#xD;
--- End of stack trace from previous location ---</StackTrace>
        </ErrorInfo>
      </Output>
    </UnitTestResult>
    <UnitTestResult executionId="a0d3e541-5a1a-4119-84bf-35ce5e0a3f8e" testId="e9df8829-c54e-b938-aa40-9627c9170ebc" testName="ControlServer.Tests.RecoveryStateMachineG2Tests.ACompensationAuthorizedAfterItsSessionClosedIsRefusedAndDoesNotReopenIt" computerName="LAB-WIN-01" duration="00:00:01.1194705" startTime="2026-09-19T23:48:27.0680814+08:00" endTime="2026-09-19T23:48:28.1887526+08:00" testType="13cdc9d9-ddb5-4fa4-a97d-d965ccfc6d4b" outcome="Passed" testListId="8c84fa94-04c1-424b-9868-57a2d4851a1d" relativeResultsDirectory="a0d3e541-5a1a-4119-84bf-35ce5e0a3f8e" />
    <UnitTestResult executionId="b5d120f7-435b-4897-ba8e-0f28ce0b3e69" testId="df5ac305-7f39-8421-daa5-e44d1ffa4eb2" testName="ControlServer.Tests.RecoveryStateMachineG2Tests.AnOperationResultResentInTheReconnectHandshakeIsOnlyAcknowledgedAndItsClosingSnapshotFollowsTheHandshake" computerName="LAB-WIN-01" duration="00:00:07.5525838" startTime="2026-09-19T23:48:18.9036603+08:00" endTime="2026-09-19T23:48:26.5366057+08:00" testType="13cdc9d9-ddb5-4fa4-a97d-d965ccfc6d4b" outcome="Failed" testListId="8c84fa94-04c1-424b-9868-57a2d4851a1d" relativeResultsDirectory="b5d120f7-435b-4897-ba8e-0f28ce0b3e69">
      <Output>
        <ErrorInfo>
          <Message>Assert.Equal() Failure: Collections differ&#xD;
Expected: ["DurableAck"]&#xD;
Actual:   ["DurableAck", "ExceptionRecoverySessionSnapshot"]&#xD;
                         ↑ (pos 1)</Message>
          <StackTrace>   at ControlServer.Tests.RecoveryStateMachineG2Tests.AnOperationResultResentInTheReconnectHandshakeIsOnlyAcknowledgedAndItsClosingSnapshotFollowsTheHandshake() in C:\Users\szy\Desktop\8005-workspace-v2\worktrees\b7-202-8005-agv-control-server\tests\ControlServer.Tests\RecoveryStateMachineG2Tests.cs:line 4438&#xD;
   at ControlServer.Tests.RecoveryStateMachineG2Tests.AnOperationResultResentInTheReconnectHandshakeIsOnlyAcknowledgedAndItsClosingSnapshotFollowsTheHandshake() in C:\Users\szy\Desktop\8005-workspace-v2\worktrees\b7-202-8005-agv-control-server\tests\ControlServer.Tests\RecoveryStateMachineG2Tests.cs:line 4442&#xD;
   at ControlServer.Tests.RecoveryStateMachineG2Tests.AnOperationResultResentInTheReconnectHandshakeIsOnlyAcknowledgedAndItsClosingSnapshotFollowsTheHandshake() in C:\Users\szy\Desktop\8005-workspace-v2\worktrees\b7-202-8005-agv-control-server\tests\ControlServer.Tests\RecoveryStateMachineG2Tests.cs:line 4442&#xD;
--- End of stack trace from previous location ---</StackTrace>
        </ErrorInfo>
      </Output>
    </UnitTestResult>
  </Results>
  <TestDefinitions>
    <UnitTest name="ControlServer.Tests.RecoveryStateMachineG2Tests.AHandshakeCutShortAfterAResentRefusalLeavesItsClosingSnapshotToTheNextHandshake" storage="c:\users\szy\desktop\8005-workspace-v2\worktrees\b7-202-8005-agv-control-server\tests\controlserver.tests\bin\debug\net8.0\win-x64\controlserver.tests.dll" id="be45942e-dce7-797b-e842-fa7f8bcd2a90">
      <Execution id="6f09cc6e-5133-4976-913f-8561a56e4c82" />
      <TestMethod codeBase="C:\Users\szy\Desktop\8005-workspace-v2\worktrees\b7-202-8005-agv-control-server\tests\ControlServer.Tests\bin\Debug\net8.0\win-x64\ControlServer.Tests.dll" adapterTypeName="executor://xunit/VsTestRunner3/netcore/" className="ControlServer.Tests.RecoveryStateMachineG2Tests" name="AHandshakeCutShortAfterAResentRefusalLeavesItsClosingSnapshotToTheNextHandshake" />
    </UnitTest>
    <UnitTest name="ControlServer.Tests.RecoveryStateMachineG2Tests.ARecoveryRequestTakenInTheReconnectHandshakeSendsItsCommandOnlyAfterTheHandshake" storage="c:\users\szy\desktop\8005-workspace-v2\worktrees\b7-202-8005-agv-control-server\tests\controlserver.tests\bin\debug\net8.0\win-x64\controlserver.tests.dll" id="0369c373-3d13-9b27-6ae4-4226093cfd0a">
      <Execution id="d0c2b30d-6bb0-4d31-a1be-18ddbbc06f51" />
      <TestMethod codeBase="C:\Users\szy\Desktop\8005-workspace-v2\worktrees\b7-202-8005-agv-control-server\tests\ControlServer.Tests\bin\Debug\net8.0\win-x64\ControlServer.Tests.dll" adapterTypeName="executor://xunit/VsTestRunner3/netcore/" className="ControlServer.Tests.RecoveryStateMachineG2Tests" name="ARecoveryRequestTakenInTheReconnectHandshakeSendsItsCommandOnlyAfterTheHandshake" />
    </UnitTest>
    <UnitTest name="ControlServer.Tests.RecoveryStateMachineG2Tests.ARefusalResentInTheReconnectHandshakeIsOnlyAcknowledgedAndItsClosingSnapshotFollowsTheHandshake(deferOutbound: False)" storage="c:\users\szy\desktop\8005-workspace-v2\worktrees\b7-202-8005-agv-control-server\tests\controlserver.tests\bin\debug\net8.0\win-x64\controlserver.tests.dll" id="cadad66d-96f4-1b83-3440-2dd7396bdb60">
      <Execution id="eb519009-fc51-4341-8142-aa734242e71c" />
      <TestMethod codeBase="C:\Users\szy\Desktop\8005-workspace-v2\worktrees\b7-202-8005-agv-control-server\tests\ControlServer.Tests\bin\Debug\net8.0\win-x64\ControlServer.Tests.dll" adapterTypeName="executor://xunit/VsTestRunner3/netcore/" className="ControlServer.Tests.RecoveryStateMachineG2Tests" name="ARefusalResentInTheReconnectHandshakeIsOnlyAcknowledgedAndItsClosingSnapshotFollowsTheHandshake" />
    </UnitTest>
    <UnitTest name="ControlServer.Tests.RecoveryStateMachineG2Tests.AfterTheReconnectHandshakeARefusalStillSendsTheUnacknowledgedClosingSnapshotAtOnce" storage="c:\users\szy\desktop\8005-workspace-v2\worktrees\b7-202-8005-agv-control-server\tests\controlserver.tests\bin\debug\net8.0\win-x64\controlserver.tests.dll" id="ce5df15d-484a-8ba2-37d1-52e2c954e481">
      <Execution id="66f4e048-7084-4cf3-9698-ad5c493db83a" />
      <TestMethod codeBase="C:\Users\szy\Desktop\8005-workspace-v2\worktrees\b7-202-8005-agv-control-server\tests\ControlServer.Tests\bin\Debug\net8.0\win-x64\ControlServer.Tests.dll" adapterTypeName="executor://xunit/VsTestRunner3/netcore/" className="ControlServer.Tests.RecoveryStateMachineG2Tests" name="AfterTheReconnectHandshakeARefusalStillSendsTheUnacknowledgedClosingSnapshotAtOnce" />
    </UnitTest>
    <UnitTest name="ControlServer.Tests.RecoveryStateMachineG2Tests.AnOperationResultResentInTheReconnectHandshakeIsOnlyAcknowledgedAndItsClosingSnapshotFollowsTheHandshake" storage="c:\users\szy\desktop\8005-workspace-v2\worktrees\b7-202-8005-agv-control-server\tests\controlserver.tests\bin\debug\net8.0\win-x64\controlserver.tests.dll" id="df5ac305-7f39-8421-daa5-e44d1ffa4eb2">
      <Execution id="b5d120f7-435b-4897-ba8e-0f28ce0b3e69" />
      <TestMethod codeBase="C:\Users\szy\Desktop\8005-workspace-v2\worktrees\b7-202-8005-agv-control-server\tests\ControlServer.Tests\bin\Debug\net8.0\win-x64\ControlServer.Tests.dll" adapterTypeName="executor://xunit/VsTestRunner3/netcore/" className="ControlServer.Tests.RecoveryStateMachineG2Tests" name="AnOperationResultResentInTheReconnectHandshakeIsOnlyAcknowledgedAndItsClosingSnapshotFollowsTheHandshake" />
    </UnitTest>
    <UnitTest name="ControlServer.Tests.RecoveryStateMachineG2Tests.ARefusalResentInTheReconnectHandshakeIsOnlyAcknowledgedAndItsClosingSnapshotFollowsTheHandshake(deferOutbound: True)" storage="c:\users\szy\desktop\8005-workspace-v2\worktrees\b7-202-8005-agv-control-server\tests\controlserver.tests\bin\debug\net8.0\win-x64\controlserver.tests.dll" id="0837ef41-7748-97a7-a270-24e10a62ba8a">
      <Execution id="98bd9023-938e-4bb2-954a-9ca8b0594838" />
      <TestMethod codeBase="C:\Users\szy\Desktop\8005-workspace-v2\worktrees\b7-202-8005-agv-control-server\tests\ControlServer.Tests\bin\Debug\net8.0\win-x64\ControlServer.Tests.dll" adapterTypeName="executor://xunit/VsTestRunner3/netcore/" className="ControlServer.Tests.RecoveryStateMachineG2Tests" name="ARefusalResentInTheReconnectHandshakeIsOnlyAcknowledgedAndItsClosingSnapshotFollowsTheHandshake" />
    </UnitTest>
    <UnitTest name="ControlServer.Tests.RecoveryStateMachineG2Tests.ACompensationAuthorizedAfterItsSessionClosedIsRefusedAndDoesNotReopenIt" storage="c:\users\szy\desktop\8005-workspace-v2\worktrees\b7-202-8005-agv-control-server\tests\controlserver.tests\bin\debug\net8.0\win-x64\controlserver.tests.dll" id="e9df8829-c54e-b938-aa40-9627c9170ebc">
      <Execution id="a0d3e541-5a1a-4119-84bf-35ce5e0a3f8e" />
      <TestMethod codeBase="C:\Users\szy\Desktop\8005-workspace-v2\worktrees\b7-202-8005-agv-control-server\tests\ControlServer.Tests\bin\Debug\net8.0\win-x64\ControlServer.Tests.dll" adapterTypeName="executor://xunit/VsTestRunner3/netcore/" className="ControlServer.Tests.RecoveryStateMachineG2Tests" name="ACompensationAuthorizedAfterItsSessionClosedIsRefusedAndDoesNotReopenIt" />
    </UnitTest>
  </TestDefinitions>
  <TestEntries>
    <TestEntry testId="ce5df15d-484a-8ba2-37d1-52e2c954e481" executionId="66f4e048-7084-4cf3-9698-ad5c493db83a" testListId="8c84fa94-04c1-424b-9868-57a2d4851a1d" />
    <TestEntry testId="0369c373-3d13-9b27-6ae4-4226093cfd0a" executionId="d0c2b30d-6bb0-4d31-a1be-18ddbbc06f51" testListId="8c84fa94-04c1-424b-9868-57a2d4851a1d" />
    <TestEntry testId="0837ef41-7748-97a7-a270-24e10a62ba8a" executionId="98bd9023-938e-4bb2-954a-9ca8b0594838" testListId="8c84fa94-04c1-424b-9868-57a2d4851a1d" />
    <TestEntry testId="be45942e-dce7-797b-e842-fa7f8bcd2a90" executionId="6f09cc6e-5133-4976-913f-8561a56e4c82" testListId="8c84fa94-04c1-424b-9868-57a2d4851a1d" />
    <TestEntry testId="cadad66d-96f4-1b83-3440-2dd7396bdb60" executionId="eb519009-fc51-4341-8142-aa734242e71c" testListId="8c84fa94-04c1-424b-9868-57a2d4851a1d" />
    <TestEntry testId="e9df8829-c54e-b938-aa40-9627c9170ebc" executionId="a0d3e541-5a1a-4119-84bf-35ce5e0a3f8e" testListId="8c84fa94-04c1-424b-9868-57a2d4851a1d" />
    <TestEntry testId="df5ac305-7f39-8421-daa5-e44d1ffa4eb2" executionId="b5d120f7-435b-4897-ba8e-0f28ce0b3e69" testListId="8c84fa94-04c1-424b-9868-57a2d4851a1d" />
  </TestEntries>
  <TestLists>
    <TestList name="Results Not in a List" id="8c84fa94-04c1-424b-9868-57a2d4851a1d" />
    <TestList name="All Loaded Results" id="19431567-8539-422a-85d7-44ee4e166bda" />
  </TestLists>
  <ResultSummary outcome="Failed">
    <Counters total="7" executed="7" passed="2" failed="5" error="0" timeout="0" aborted="0" inconclusive="0" passedButRunAborted="0" notRunnable="0" notExecuted="0" disconnected="0" warning="0" completed="0" inProgress="0" pending="0" />
    <Output>
      <StdOut>[xUnit.net 00:00:00.00] xUnit.net VSTest Adapter v3.1.5+1b188a7b0a (64-bit .NET 8.0.31)&#xD;
[xUnit.net 00:00:01.17]   Discovering: ControlServer.Tests&#xD;
[xUnit.net 00:00:04.58]   Discovered:  ControlServer.Tests&#xD;
[xUnit.net 00:00:05.61]   Starting:    ControlServer.Tests&#xD;
[xUnit.net 00:00:13.57]       Assert.Equal() Failure: Collections differ&#xD;
[xUnit.net 00:00:13.57]       Expected: ["DurableAck"]&#xD;
[xUnit.net 00:00:13.57]       Actual:   ["DurableAck", "ExceptionRecoverySessionSnapshot"]&#xD;
[xUnit.net 00:00:13.57]                                ↑ (pos 1)&#xD;
[xUnit.net 00:00:13.57]       Stack Trace:&#xD;
[xUnit.net 00:00:13.57]         C:\Users\szy\Desktop\8005-workspace-v2\worktrees\b7-202-8005-agv-control-server\tests\ControlServer.Tests\RecoveryStateMachineG2Tests.cs(4438,0): at ControlServer.Tests.RecoveryStateMachineG2Tests.AnOperationResultResentInTheReconnectHandshakeIsOnlyAcknowledgedAndItsClosingSnapshotFollowsTheHandshake()&#xD;
[xUnit.net 00:00:13.57]         C:\Users\szy\Desktop\8005-workspace-v2\worktrees\b7-202-8005-agv-control-server\tests\ControlServer.Tests\RecoveryStateMachineG2Tests.cs(4442,0): at ControlServer.Tests.RecoveryStateMachineG2Tests.AnOperationResultResentInTheReconnectHandshakeIsOnlyAcknowledgedAndItsClosingSnapshotFollowsTheHandshake()&#xD;
[xUnit.net 00:00:13.57]         C:\Users\szy\Desktop\8005-workspace-v2\worktrees\b7-202-8005-agv-control-server\tests\ControlServer.Tests\RecoveryStateMachineG2Tests.cs(4442,0): at ControlServer.Tests.RecoveryStateMachineG2Tests.AnOperationResultResentInTheReconnectHandshakeIsOnlyAcknowledgedAndItsClosingSnapshotFollowsTheHandshake()&#xD;
[xUnit.net 00:00:13.57]         --- End of stack trace from previous location ---&#xD;
[xUnit.net 00:00:14.08]       Assert.Equal() Failure: Collections differ&#xD;
[xUnit.net 00:00:14.08]       Expected: ["SessionAccepted", "DurableAck"]&#xD;
[xUnit.net 00:00:14.08]       Actual:   ["SessionAccepted", "DurableAck", "ExceptionRecoverySessionSnapshot"]&#xD;
[xUnit.net 00:00:14.08]                                                   ↑ (pos 2)&#xD;
[xUnit.net 00:00:14.08]       Stack Trace:&#xD;
[xUnit.net 00:00:14.08]         C:\Users\szy\Desktop\8005-workspace-v2\worktrees\b7-202-8005-agv-control-server\tests\ControlServer.Tests\RecoveryStateMachineG2Tests.cs(4579,0): at ControlServer.Tests.RecoveryStateMachineG2Tests.AHandshakeCutShortAfterAResentRefusalLeavesItsClosingSnapshotToTheNextHandshake()&#xD;
[xUnit.net 00:00:14.08]         C:\Users\szy\Desktop\8005-workspace-v2\worktrees\b7-202-8005-agv-control-server\tests\ControlServer.Tests\RecoveryStateMachineG2Tests.cs(4590,0): at ControlServer.Tests.RecoveryStateMachineG2Tests.AHandshakeCutShortAfterAResentRefusalLeavesItsClosingSnapshotToTheNextHandshake()&#xD;
[xUnit.net 00:00:14.08]         C:\Users\szy\Desktop\8005-workspace-v2\worktrees\b7-202-8005-agv-control-server\tests\ControlServer.Tests\RecoveryStateMachineG2Tests.cs(4590,0): at ControlServer.Tests.RecoveryStateMachineG2Tests.AHandshakeCutShortAfterAResentRefusalLeavesItsClosingSnapshotToTheNextHandshake()&#xD;
[xUnit.net 00:00:14.08]         --- End of stack trace from previous location ---&#xD;
[xUnit.net 00:00:16.63]       Assert.Equal() Failure: Collections differ&#xD;
[xUnit.net 00:00:16.63]       Expected: ["DurableAck"]&#xD;
[xUnit.net 00:00:16.63]       Actual:   ["DurableAck", "ExceptionRecoverySessionSnapshot"]&#xD;
[xUnit.net 00:00:16.63]                                ↑ (pos 1)&#xD;
[xUnit.net 00:00:16.63]       Stack Trace:&#xD;
[xUnit.net 00:00:16.63]         C:\Users\szy\Desktop\8005-workspace-v2\worktrees\b7-202-8005-agv-control-server\tests\ControlServer.Tests\RecoveryStateMachineG2Tests.cs(4387,0): at ControlServer.Tests.RecoveryStateMachineG2Tests.ARefusalResentInTheReconnectHandshakeIsOnlyAcknowledgedAndItsClosingSnapshotFollowsTheHandshake(Boolean deferOutbound)&#xD;
[xUnit.net 00:00:16.63]         C:\Users\szy\Desktop\8005-workspace-v2\worktrees\b7-202-8005-agv-control-server\tests\ControlServer.Tests\RecoveryStateMachineG2Tests.cs(4390,0): at ControlServer.Tests.RecoveryStateMachineG2Tests.ARefusalResentInTheReconnectHandshakeIsOnlyAcknowledgedAndItsClosingSnapshotFollowsTheHandshake(Boolean deferOutbound)&#xD;
[xUnit.net 00:00:16.63]         C:\Users\szy\Desktop\8005-workspace-v2\worktrees\b7-202-8005-agv-control-server\tests\ControlServer.Tests\RecoveryStateMachineG2Tests.cs(4390,0): at ControlServer.Tests.RecoveryStateMachineG2Tests.ARefusalResentInTheReconnectHandshakeIsOnlyAcknowledgedAndItsClosingSnapshotFollowsTheHandshake(Boolean deferOutbound)&#xD;
[xUnit.net 00:00:16.63]         --- End of stack trace from previous location ---&#xD;
[xUnit.net 00:00:17.04]       Assert.Equal() Failure: Collections differ at index 0&#xD;
[xUnit.net 00:00:17.04]                  ↓ (pos 0)&#xD;
[xUnit.net 00:00:17.04]       Expected: "DurableAck"&#xD;
[xUnit.net 00:00:17.04]       Actual:   "ExceptionRecoverySessionSnapshot"&#xD;
[xUnit.net 00:00:17.04]                  ↑ (pos 0)&#xD;
[xUnit.net 00:00:17.04]       Stack Trace:&#xD;
[xUnit.net 00:00:17.04]         C:\Users\szy\Desktop\8005-workspace-v2\worktrees\b7-202-8005-agv-control-server\tests\ControlServer.Tests\RecoveryStateMachineG2Tests.cs(4387,0): at ControlServer.Tests.RecoveryStateMachineG2Tests.ARefusalResentInTheReconnectHandshakeIsOnlyAcknowledgedAndItsClosingSnapshotFollowsTheHandshake(Boolean deferOutbound)&#xD;
[xUnit.net 00:00:17.04]         C:\Users\szy\Desktop\8005-workspace-v2\worktrees\b7-202-8005-agv-control-server\tests\ControlServer.Tests\RecoveryStateMachineG2Tests.cs(4390,0): at ControlServer.Tests.RecoveryStateMachineG2Tests.ARefusalResentInTheReconnectHandshakeIsOnlyAcknowledgedAndItsClosingSnapshotFollowsTheHandshake(Boolean deferOutbound)&#xD;
[xUnit.net 00:00:17.04]         C:\Users\szy\Desktop\8005-workspace-v2\worktrees\b7-202-8005-agv-control-server\tests\ControlServer.Tests\RecoveryStateMachineG2Tests.cs(4390,0): at ControlServer.Tests.RecoveryStateMachineG2Tests.ARefusalResentInTheReconnectHandshakeIsOnlyAcknowledgedAndItsClosingSnapshotFollowsTheHandshake(Boolean deferOutbound)&#xD;
[xUnit.net 00:00:17.04]         --- End of stack trace from previous location ---&#xD;
[xUnit.net 00:00:17.47]       Assert.Equal() Failure: Collections differ&#xD;
[xUnit.net 00:00:17.47]       Expected: ["RecoveryActionAccepted"]&#xD;
[xUnit.net 00:00:17.47]       Actual:   ["RecoveryActionAccepted", "SlotOperationResumeCommand", "ExceptionRecoverySessionSnapshot"]&#xD;
[xUnit.net 00:00:17.47]                                            ↑ (pos 1)&#xD;
[xUnit.net 00:00:17.47]       Stack Trace:&#xD;
[xUnit.net 00:00:17.47]         C:\Users\szy\Desktop\8005-workspace-v2\worktrees\b7-202-8005-agv-control-server\tests\ControlServer.Tests\RecoveryStateMachineG2Tests.cs(4489,0): at ControlServer.Tests.RecoveryStateMachineG2Tests.ARecoveryRequestTakenInTheReconnectHandshakeSendsItsCommandOnlyAfterTheHandshake()&#xD;
[xUnit.net 00:00:17.47]         C:\Users\szy\Desktop\8005-workspace-v2\worktrees\b7-202-8005-agv-control-server\tests\ControlServer.Tests\RecoveryStateMachineG2Tests.cs(4493,0): at ControlServer.Tests.RecoveryStateMachineG2Tests.ARecoveryRequestTakenInTheReconnectHandshakeSendsItsCommandOnlyAfterTheHandshake()&#xD;
[xUnit.net 00:00:17.47]         C:\Users\szy\Desktop\8005-workspace-v2\worktrees\b7-202-8005-agv-control-server\tests\ControlServer.Tests\RecoveryStateMachineG2Tests.cs(4493,0): at ControlServer.Tests.RecoveryStateMachineG2Tests.ARecoveryRequestTakenInTheReconnectHandshakeSendsItsCommandOnlyAfterTheHandshake()&#xD;
[xUnit.net 00:00:17.47]         --- End of stack trace from previous location ---&#xD;
[xUnit.net 00:01:06.86]   Finished:    ControlServer.Tests (ID = '510698ae66eac0e29d970b939cc15f30f789c4ffb86cb47aa30d71dac99bf64f')&#xD;
</StdOut>
    </Output>
    <RunInfos>
      <RunInfo computerName="LAB-WIN-01" outcome="Error" timestamp="2026-09-19T23:48:26.5539199+08:00">
        <Text>[xUnit.net 00:00:13.57]     ControlServer.Tests.RecoveryStateMachineG2Tests.AnOperationResultResentInTheReconnectHandshakeIsOnlyAcknowledgedAndItsClosingSnapshotFollowsTheHandshake [FAIL]</Text>
      </RunInfo>
      <RunInfo computerName="LAB-WIN-01" outcome="Error" timestamp="2026-09-19T23:48:27.0652992+08:00">
        <Text>[xUnit.net 00:00:14.08]     ControlServer.Tests.RecoveryStateMachineG2Tests.AHandshakeCutShortAfterAResentRefusalLeavesItsClosingSnapshotToTheNextHandshake [FAIL]</Text>
      </RunInfo>
      <RunInfo computerName="LAB-WIN-01" outcome="Error" timestamp="2026-09-19T23:48:29.6199496+08:00">
        <Text>[xUnit.net 00:00:16.63]     ControlServer.Tests.RecoveryStateMachineG2Tests.ARefusalResentInTheReconnectHandshakeIsOnlyAcknowledgedAndItsClosingSnapshotFollowsTheHandshake(deferOutbound: True) [FAIL]</Text>
      </RunInfo>
      <RunInfo computerName="LAB-WIN-01" outcome="Error" timestamp="2026-09-19T23:48:30.0247082+08:00">
        <Text>[xUnit.net 00:00:17.04]     ControlServer.Tests.RecoveryStateMachineG2Tests.ARefusalResentInTheReconnectHandshakeIsOnlyAcknowledgedAndItsClosingSnapshotFollowsTheHandshake(deferOutbound: False) [FAIL]</Text>
      </RunInfo>
      <RunInfo computerName="LAB-WIN-01" outcome="Error" timestamp="2026-09-19T23:48:30.4547148+08:00">
        <Text>[xUnit.net 00:00:17.47]     ControlServer.Tests.RecoveryStateMachineG2Tests.ARecoveryRequestTakenInTheReconnectHandshakeSendsItsCommandOnlyAfterTheHandshake [FAIL]</Text>
      </RunInfo>
    </RunInfos>
  </ResultSummary>
</TestRun>