2026-09-19T02:01:45.4051606+08:00	Information	App	车载端启动：agvId=AGV-L2-001，environment=Development，version=0.2.0-safety-mock-travel+29fbf65e0b4d58c80849d5e6d0e44f40903c411e。
2026-09-19T02:01:46.0435427+08:00	Information	ModbusTcpIoModuleClient	已连接IO模块 127.0.0.1:48412，UnitId=255。
2026-09-19T02:01:46.0618011+08:00	Information	OnboardController	IO模块在线。
2026-09-19T02:01:46.0628655+08:00	Information	OnboardController	启动IO安全快照验证通过。
2026-09-19T02:01:46.5774943+08:00	Information	WireToGateSessionService	上层会话已建立：generation=1，readiness=Ready。
2026-09-19T02:01:52.2725890+08:00	Information	App	服务端请求录入Sublot：station=N1-3_N1-7，revision=1，expectedSublots=L2-CR-20260918T180135640Z。 
2026-09-19T02:01:53.1422395+08:00	Information	App	服务端请求录入Sublot：station=N1-3_N1-7，revision=1，expectedSublots=L2-CR-20260918T180135640Z。 
2026-09-19T02:01:53.3638107+08:00	Information	ModbusTcpIoModuleClient	已向物理1号仓发送开锁脉冲触发，DO地址=100。硬件负责自动复位。 
2026-09-19T02:01:53.3966176+08:00	Information	ModbusTcpIoModuleClient	1号仓IO变化：DO 0->1，锁DI 1->1，光幕DI 1->1。
2026-09-19T02:01:53.5056227+08:00	Information	ModbusTcpIoModuleClient	1号仓IO变化：DO 1->1，锁DI 1->0，光幕DI 1->1。
2026-09-19T02:01:53.9473903+08:00	Information	ModbusTcpIoModuleClient	1号仓IO变化：DO 1->0，锁DI 0->0，光幕DI 1->1。
2026-09-19T02:01:54.1328543+08:00	Information	WireToGateBusinessService	忽略并发重复SlotOperationCommand：attempt=71d254ea-bfc9-6a5f-a051-bc97596563d3。
2026-09-19T02:01:55.1678765+08:00	Information	App	车载端启动：agvId=AGV-L2-001，environment=Development，version=0.2.0-safety-mock-travel+29fbf65e0b4d58c80849d5e6d0e44f40903c411e。
2026-09-19T02:01:55.5899154+08:00	Information	ModbusTcpIoModuleClient	已连接IO模块 127.0.0.1:48412，UnitId=255。
2026-09-19T02:01:55.5980530+08:00	Information	OnboardController	IO模块在线。
2026-09-19T02:01:55.5992440+08:00	Information	OnboardController	启动IO安全快照验证通过。
2026-09-19T02:01:55.8479294+08:00	Warning	WireToGateBusinessService	上次仓位操作在执行中中断，未再输出开锁，按实时IO结算：attempt=71d254ea-bfc9-6a5f-a051-bc97596563d3，outcome=UNKNOWN，checkpoint=SAFE_FINISH_REACHED。
2026-09-19T02:01:55.8724091+08:00	Information	WireToGateSessionService	上层会话已建立：generation=2，readiness=RecoveryRequired。
2026-09-19T02:02:00.8876169+08:00	Warning	WireToGateSessionService	上层会话不可用：WIRE_TO_GATE会话尚未建立。。将在2秒后重连。
2026-09-19T02:02:02.9700383+08:00	Information	WireToGateSessionService	上层会话已建立：generation=3，readiness=Ready。
2026-09-19T02:02:10.3187876+08:00	Information	App	服务端请求录入Sublot：station=N1-3_N1-7，revision=3，expectedSublots=L2-CR-20260918T180135640Z-NEXT。 
