2026-09-19T13:48:13.5618101+08:00	Information	App	车载端启动：agvId=AGV-L2-001，environment=Development，version=0.2.0-safety-mock-travel+3547a97fe4a78e7210e466ebc41e52c0867280bc。
2026-09-19T13:48:15.2995584+08:00	Information	ModbusTcpIoModuleClient	已连接IO模块 127.0.0.1:48412，UnitId=255。
2026-09-19T13:48:15.3398584+08:00	Information	OnboardController	IO模块在线。
2026-09-19T13:48:15.3420671+08:00	Information	OnboardController	启动IO安全快照验证通过。
2026-09-19T13:48:16.1216287+08:00	Information	WireToGateSessionService	上层会话已建立：generation=1，readiness=Ready。
2026-09-19T13:48:32.3252627+08:00	Information	App	服务端请求录入Sublot：station=N1-3_N1-7，revision=1，expectedSublots=L2-EAO-20260919T054731417Z。 
2026-09-19T13:48:32.9259121+08:00	Information	App	服务端请求录入Sublot：station=N1-3_N1-7，revision=1，expectedSublots=L2-EAO-20260919T054731417Z。 
2026-09-19T13:48:33.3889698+08:00	Information	ModbusTcpIoModuleClient	已向物理1号仓发送开锁脉冲触发，DO地址=100。硬件负责自动复位。 
2026-09-19T13:48:33.4567620+08:00	Information	ModbusTcpIoModuleClient	1号仓IO变化：DO 0->1，锁DI 1->1，光幕DI 1->1。
2026-09-19T13:48:33.5858160+08:00	Information	ModbusTcpIoModuleClient	1号仓IO变化：DO 1->1，锁DI 1->0，光幕DI 1->1。
2026-09-19T13:48:33.9545682+08:00	Information	ModbusTcpIoModuleClient	1号仓IO变化：DO 1->0，锁DI 0->0，光幕DI 1->1。
2026-09-19T13:48:33.9684458+08:00	Information	WireToGateBusinessService	忽略并发重复SlotOperationCommand：attempt=00cb4817-8e34-1057-930f-4788f1247c33。
2026-09-19T13:48:34.9342759+08:00	Information	WireToGateBusinessService	忽略并发重复SlotOperationCommand：attempt=00cb4817-8e34-1057-930f-4788f1247c33。
2026-09-19T13:48:35.9425753+08:00	Information	WireToGateBusinessService	忽略并发重复SlotOperationCommand：attempt=00cb4817-8e34-1057-930f-4788f1247c33。
2026-09-19T13:48:36.9367044+08:00	Information	WireToGateBusinessService	忽略并发重复SlotOperationCommand：attempt=00cb4817-8e34-1057-930f-4788f1247c33。
2026-09-19T13:48:37.9273118+08:00	Information	WireToGateBusinessService	忽略并发重复SlotOperationCommand：attempt=00cb4817-8e34-1057-930f-4788f1247c33。
2026-09-19T13:48:38.9247202+08:00	Information	WireToGateBusinessService	忽略并发重复SlotOperationCommand：attempt=00cb4817-8e34-1057-930f-4788f1247c33。
2026-09-19T13:48:39.9258959+08:00	Information	WireToGateBusinessService	忽略并发重复SlotOperationCommand：attempt=00cb4817-8e34-1057-930f-4788f1247c33。
2026-09-19T13:48:40.9309712+08:00	Information	WireToGateBusinessService	忽略并发重复SlotOperationCommand：attempt=00cb4817-8e34-1057-930f-4788f1247c33。
2026-09-19T13:48:41.8637123+08:00	Information	ModbusTcpIoModuleClient	1号仓IO变化：DO 0->0，锁DI 0->1，光幕DI 1->1。
2026-09-19T13:48:41.9419351+08:00	Information	WireToGateBusinessService	忽略并发重复SlotOperationCommand：attempt=00cb4817-8e34-1057-930f-4788f1247c33。
2026-09-19T13:48:42.2624352+08:00	Information	ModbusTcpIoModuleClient	已向物理1号仓发送开锁脉冲触发，DO地址=100。硬件负责自动复位。 
2026-09-19T13:48:42.3174789+08:00	Information	ModbusTcpIoModuleClient	1号仓IO变化：DO 0->1，锁DI 1->1，光幕DI 1->1。
2026-09-19T13:48:42.4401015+08:00	Information	ModbusTcpIoModuleClient	1号仓IO变化：DO 1->1，锁DI 1->0，光幕DI 1->1。
2026-09-19T13:48:42.7956221+08:00	Information	ModbusTcpIoModuleClient	1号仓IO变化：DO 1->0，锁DI 0->0，光幕DI 1->1。
2026-09-19T13:48:42.9327873+08:00	Information	WireToGateBusinessService	忽略并发重复SlotOperationCommand：attempt=00cb4817-8e34-1057-930f-4788f1247c33。
2026-09-19T13:48:43.9199833+08:00	Information	WireToGateBusinessService	忽略并发重复SlotOperationCommand：attempt=00cb4817-8e34-1057-930f-4788f1247c33。
2026-09-19T13:48:44.9294854+08:00	Information	WireToGateBusinessService	忽略并发重复SlotOperationCommand：attempt=00cb4817-8e34-1057-930f-4788f1247c33。
2026-09-19T13:48:45.9144393+08:00	Information	WireToGateBusinessService	忽略并发重复SlotOperationCommand：attempt=00cb4817-8e34-1057-930f-4788f1247c33。
2026-09-19T13:48:46.9767856+08:00	Information	WireToGateBusinessService	忽略并发重复SlotOperationCommand：attempt=00cb4817-8e34-1057-930f-4788f1247c33。
2026-09-19T13:48:47.9257290+08:00	Information	WireToGateBusinessService	忽略并发重复SlotOperationCommand：attempt=00cb4817-8e34-1057-930f-4788f1247c33。
2026-09-19T13:48:48.9245987+08:00	Information	WireToGateBusinessService	忽略并发重复SlotOperationCommand：attempt=00cb4817-8e34-1057-930f-4788f1247c33。
2026-09-19T13:48:49.9142540+08:00	Information	WireToGateBusinessService	忽略并发重复SlotOperationCommand：attempt=00cb4817-8e34-1057-930f-4788f1247c33。
2026-09-19T13:48:50.9048938+08:00	Information	WireToGateBusinessService	忽略并发重复SlotOperationCommand：attempt=00cb4817-8e34-1057-930f-4788f1247c33。
2026-09-19T13:48:51.9074703+08:00	Information	WireToGateBusinessService	忽略并发重复SlotOperationCommand：attempt=00cb4817-8e34-1057-930f-4788f1247c33。
2026-09-19T13:48:52.9071007+08:00	Information	WireToGateBusinessService	忽略并发重复SlotOperationCommand：attempt=00cb4817-8e34-1057-930f-4788f1247c33。
2026-09-19T13:48:53.9158872+08:00	Information	WireToGateBusinessService	忽略并发重复SlotOperationCommand：attempt=00cb4817-8e34-1057-930f-4788f1247c33。
2026-09-19T13:48:54.9487560+08:00	Information	WireToGateBusinessService	忽略并发重复SlotOperationCommand：attempt=00cb4817-8e34-1057-930f-4788f1247c33。
2026-09-19T13:48:55.9066523+08:00	Information	WireToGateBusinessService	忽略并发重复SlotOperationCommand：attempt=00cb4817-8e34-1057-930f-4788f1247c33。
2026-09-19T13:48:56.9104647+08:00	Information	WireToGateBusinessService	忽略并发重复SlotOperationCommand：attempt=00cb4817-8e34-1057-930f-4788f1247c33。
2026-09-19T13:48:57.9184822+08:00	Information	WireToGateBusinessService	忽略并发重复SlotOperationCommand：attempt=00cb4817-8e34-1057-930f-4788f1247c33。
2026-09-19T13:48:58.9138997+08:00	Information	WireToGateBusinessService	忽略并发重复SlotOperationCommand：attempt=00cb4817-8e34-1057-930f-4788f1247c33。
2026-09-19T13:48:59.9137715+08:00	Information	WireToGateBusinessService	忽略并发重复SlotOperationCommand：attempt=00cb4817-8e34-1057-930f-4788f1247c33。
2026-09-19T13:49:00.9061838+08:00	Information	WireToGateBusinessService	忽略并发重复SlotOperationCommand：attempt=00cb4817-8e34-1057-930f-4788f1247c33。
2026-09-19T13:49:01.9169123+08:00	Information	WireToGateBusinessService	忽略并发重复SlotOperationCommand：attempt=00cb4817-8e34-1057-930f-4788f1247c33。
2026-09-19T13:49:02.9110651+08:00	Information	WireToGateBusinessService	忽略并发重复SlotOperationCommand：attempt=00cb4817-8e34-1057-930f-4788f1247c33。
2026-09-19T13:49:03.9041912+08:00	Information	WireToGateBusinessService	忽略并发重复SlotOperationCommand：attempt=00cb4817-8e34-1057-930f-4788f1247c33。
2026-09-19T13:49:04.9144421+08:00	Information	WireToGateBusinessService	忽略并发重复SlotOperationCommand：attempt=00cb4817-8e34-1057-930f-4788f1247c33。
2026-09-19T13:49:05.9191472+08:00	Information	WireToGateBusinessService	忽略并发重复SlotOperationCommand：attempt=00cb4817-8e34-1057-930f-4788f1247c33。
2026-09-19T13:49:06.9341059+08:00	Information	WireToGateBusinessService	忽略并发重复SlotOperationCommand：attempt=00cb4817-8e34-1057-930f-4788f1247c33。
2026-09-19T13:49:07.9186987+08:00	Information	WireToGateBusinessService	忽略并发重复SlotOperationCommand：attempt=00cb4817-8e34-1057-930f-4788f1247c33。
2026-09-19T13:49:08.9271116+08:00	Information	WireToGateBusinessService	忽略并发重复SlotOperationCommand：attempt=00cb4817-8e34-1057-930f-4788f1247c33。
2026-09-19T13:49:09.9179776+08:00	Information	WireToGateBusinessService	忽略并发重复SlotOperationCommand：attempt=00cb4817-8e34-1057-930f-4788f1247c33。
2026-09-19T13:49:10.9118275+08:00	Information	WireToGateBusinessService	忽略并发重复SlotOperationCommand：attempt=00cb4817-8e34-1057-930f-4788f1247c33。
2026-09-19T13:49:11.9134777+08:00	Information	WireToGateBusinessService	忽略并发重复SlotOperationCommand：attempt=00cb4817-8e34-1057-930f-4788f1247c33。
2026-09-19T13:49:12.9300407+08:00	Information	WireToGateBusinessService	忽略并发重复SlotOperationCommand：attempt=00cb4817-8e34-1057-930f-4788f1247c33。
2026-09-19T13:49:13.9256504+08:00	Information	WireToGateBusinessService	忽略并发重复SlotOperationCommand：attempt=00cb4817-8e34-1057-930f-4788f1247c33。
2026-09-19T13:49:14.9290719+08:00	Information	WireToGateBusinessService	忽略并发重复SlotOperationCommand：attempt=00cb4817-8e34-1057-930f-4788f1247c33。
2026-09-19T13:49:15.9182140+08:00	Information	WireToGateBusinessService	忽略并发重复SlotOperationCommand：attempt=00cb4817-8e34-1057-930f-4788f1247c33。
2026-09-19T13:49:16.9130937+08:00	Information	WireToGateBusinessService	忽略并发重复SlotOperationCommand：attempt=00cb4817-8e34-1057-930f-4788f1247c33。
2026-09-19T13:49:17.9206390+08:00	Information	WireToGateBusinessService	忽略并发重复SlotOperationCommand：attempt=00cb4817-8e34-1057-930f-4788f1247c33。
2026-09-19T13:49:18.9377765+08:00	Information	WireToGateBusinessService	忽略并发重复SlotOperationCommand：attempt=00cb4817-8e34-1057-930f-4788f1247c33。
2026-09-19T13:49:19.9337174+08:00	Information	WireToGateBusinessService	忽略并发重复SlotOperationCommand：attempt=00cb4817-8e34-1057-930f-4788f1247c33。
2026-09-19T13:49:20.9214824+08:00	Information	WireToGateBusinessService	忽略并发重复SlotOperationCommand：attempt=00cb4817-8e34-1057-930f-4788f1247c33。
2026-09-19T13:49:21.9135344+08:00	Information	WireToGateBusinessService	忽略并发重复SlotOperationCommand：attempt=00cb4817-8e34-1057-930f-4788f1247c33。
2026-09-19T13:49:22.9206062+08:00	Information	WireToGateBusinessService	忽略并发重复SlotOperationCommand：attempt=00cb4817-8e34-1057-930f-4788f1247c33。
2026-09-19T13:49:23.9128011+08:00	Information	WireToGateBusinessService	忽略并发重复SlotOperationCommand：attempt=00cb4817-8e34-1057-930f-4788f1247c33。
2026-09-19T13:49:24.9156697+08:00	Information	WireToGateBusinessService	忽略并发重复SlotOperationCommand：attempt=00cb4817-8e34-1057-930f-4788f1247c33。
2026-09-19T13:49:25.9243156+08:00	Information	WireToGateBusinessService	忽略并发重复SlotOperationCommand：attempt=00cb4817-8e34-1057-930f-4788f1247c33。
2026-09-19T13:49:26.9300606+08:00	Information	WireToGateBusinessService	忽略并发重复SlotOperationCommand：attempt=00cb4817-8e34-1057-930f-4788f1247c33。
2026-09-19T13:49:27.9901569+08:00	Information	WireToGateBusinessService	忽略并发重复SlotOperationCommand：attempt=00cb4817-8e34-1057-930f-4788f1247c33。
2026-09-19T13:49:28.9923755+08:00	Information	WireToGateBusinessService	忽略并发重复SlotOperationCommand：attempt=00cb4817-8e34-1057-930f-4788f1247c33。
2026-09-19T13:49:30.0671268+08:00	Information	WireToGateBusinessService	忽略并发重复SlotOperationCommand：attempt=00cb4817-8e34-1057-930f-4788f1247c33。
2026-09-19T13:49:30.9189858+08:00	Information	WireToGateBusinessService	忽略并发重复SlotOperationCommand：attempt=00cb4817-8e34-1057-930f-4788f1247c33。
2026-09-19T13:49:31.9349292+08:00	Information	WireToGateBusinessService	忽略并发重复SlotOperationCommand：attempt=00cb4817-8e34-1057-930f-4788f1247c33。
2026-09-19T13:49:32.9249692+08:00	Information	WireToGateBusinessService	忽略并发重复SlotOperationCommand：attempt=00cb4817-8e34-1057-930f-4788f1247c33。
2026-09-19T13:49:33.9119380+08:00	Information	WireToGateBusinessService	忽略并发重复SlotOperationCommand：attempt=00cb4817-8e34-1057-930f-4788f1247c33。
2026-09-19T13:49:34.9258140+08:00	Information	WireToGateBusinessService	忽略并发重复SlotOperationCommand：attempt=00cb4817-8e34-1057-930f-4788f1247c33。
2026-09-19T13:49:35.9262954+08:00	Information	WireToGateBusinessService	忽略并发重复SlotOperationCommand：attempt=00cb4817-8e34-1057-930f-4788f1247c33。
2026-09-19T13:49:36.9277172+08:00	Information	WireToGateBusinessService	忽略并发重复SlotOperationCommand：attempt=00cb4817-8e34-1057-930f-4788f1247c33。
2026-09-19T13:49:37.9223128+08:00	Information	WireToGateBusinessService	忽略并发重复SlotOperationCommand：attempt=00cb4817-8e34-1057-930f-4788f1247c33。
2026-09-19T13:49:38.9183117+08:00	Information	WireToGateBusinessService	忽略并发重复SlotOperationCommand：attempt=00cb4817-8e34-1057-930f-4788f1247c33。
2026-09-19T13:49:40.0326122+08:00	Information	WireToGateBusinessService	忽略并发重复SlotOperationCommand：attempt=00cb4817-8e34-1057-930f-4788f1247c33。
2026-09-19T13:49:41.0603481+08:00	Information	WireToGateBusinessService	忽略并发重复SlotOperationCommand：attempt=00cb4817-8e34-1057-930f-4788f1247c33。
2026-09-19T13:49:41.9294418+08:00	Information	WireToGateBusinessService	忽略并发重复SlotOperationCommand：attempt=00cb4817-8e34-1057-930f-4788f1247c33。
2026-09-19T13:49:42.9932700+08:00	Information	WireToGateBusinessService	忽略并发重复SlotOperationCommand：attempt=00cb4817-8e34-1057-930f-4788f1247c33。
2026-09-19T13:49:43.9224471+08:00	Information	WireToGateBusinessService	忽略并发重复SlotOperationCommand：attempt=00cb4817-8e34-1057-930f-4788f1247c33。
2026-09-19T13:49:44.9267813+08:00	Information	WireToGateBusinessService	忽略并发重复SlotOperationCommand：attempt=00cb4817-8e34-1057-930f-4788f1247c33。
2026-09-19T13:49:45.9373368+08:00	Information	WireToGateBusinessService	忽略并发重复SlotOperationCommand：attempt=00cb4817-8e34-1057-930f-4788f1247c33。
2026-09-19T13:49:46.9263373+08:00	Information	WireToGateBusinessService	忽略并发重复SlotOperationCommand：attempt=00cb4817-8e34-1057-930f-4788f1247c33。
2026-09-19T13:49:47.9735487+08:00	Information	WireToGateBusinessService	忽略并发重复SlotOperationCommand：attempt=00cb4817-8e34-1057-930f-4788f1247c33。
2026-09-19T13:49:49.0895281+08:00	Information	WireToGateBusinessService	忽略并发重复SlotOperationCommand：attempt=00cb4817-8e34-1057-930f-4788f1247c33。
2026-09-19T13:49:50.0774570+08:00	Information	WireToGateBusinessService	忽略并发重复SlotOperationCommand：attempt=00cb4817-8e34-1057-930f-4788f1247c33。
2026-09-19T13:49:50.9907161+08:00	Information	WireToGateBusinessService	忽略并发重复SlotOperationCommand：attempt=00cb4817-8e34-1057-930f-4788f1247c33。
2026-09-19T13:49:51.5223577+08:00	Information	ModbusTcpIoModuleClient	1号仓IO变化：DO 0->0，锁DI 0->1，光幕DI 1->1。
2026-09-19T13:49:52.0091897+08:00	Information	WireToGateBusinessService	忽略并发重复SlotOperationCommand：attempt=00cb4817-8e34-1057-930f-4788f1247c33。
2026-09-19T13:49:52.0216092+08:00	Information	ModbusTcpIoModuleClient	已向物理1号仓发送开锁脉冲触发，DO地址=100。硬件负责自动复位。 
2026-09-19T13:49:52.1837651+08:00	Information	ModbusTcpIoModuleClient	1号仓IO变化：DO 0->1，锁DI 1->0，光幕DI 1->1。
2026-09-19T13:49:52.6688715+08:00	Information	ModbusTcpIoModuleClient	1号仓IO变化：DO 1->0，锁DI 0->0，光幕DI 1->1。
2026-09-19T13:49:52.9163526+08:00	Information	WireToGateBusinessService	忽略并发重复SlotOperationCommand：attempt=00cb4817-8e34-1057-930f-4788f1247c33。
2026-09-19T13:49:53.9126025+08:00	Information	WireToGateBusinessService	忽略并发重复SlotOperationCommand：attempt=00cb4817-8e34-1057-930f-4788f1247c33。
2026-09-19T13:49:54.9262577+08:00	Information	WireToGateBusinessService	忽略并发重复SlotOperationCommand：attempt=00cb4817-8e34-1057-930f-4788f1247c33。
2026-09-19T13:49:55.9516456+08:00	Information	WireToGateBusinessService	忽略并发重复SlotOperationCommand：attempt=00cb4817-8e34-1057-930f-4788f1247c33。
2026-09-19T13:49:56.9282368+08:00	Information	WireToGateBusinessService	忽略并发重复SlotOperationCommand：attempt=00cb4817-8e34-1057-930f-4788f1247c33。
2026-09-19T13:49:57.9576782+08:00	Information	WireToGateBusinessService	忽略并发重复SlotOperationCommand：attempt=00cb4817-8e34-1057-930f-4788f1247c33。
2026-09-19T13:49:58.9134513+08:00	Information	WireToGateBusinessService	忽略并发重复SlotOperationCommand：attempt=00cb4817-8e34-1057-930f-4788f1247c33。
2026-09-19T13:49:59.9644165+08:00	Information	WireToGateBusinessService	忽略并发重复SlotOperationCommand：attempt=00cb4817-8e34-1057-930f-4788f1247c33。
2026-09-19T13:50:00.9080445+08:00	Information	WireToGateBusinessService	忽略并发重复SlotOperationCommand：attempt=00cb4817-8e34-1057-930f-4788f1247c33。
2026-09-19T13:50:01.9161163+08:00	Information	WireToGateBusinessService	忽略并发重复SlotOperationCommand：attempt=00cb4817-8e34-1057-930f-4788f1247c33。
2026-09-19T13:50:02.9240735+08:00	Information	WireToGateBusinessService	忽略并发重复SlotOperationCommand：attempt=00cb4817-8e34-1057-930f-4788f1247c33。
2026-09-19T13:50:03.9044118+08:00	Information	WireToGateBusinessService	忽略并发重复SlotOperationCommand：attempt=00cb4817-8e34-1057-930f-4788f1247c33。
2026-09-19T13:50:04.9133310+08:00	Information	WireToGateBusinessService	忽略并发重复SlotOperationCommand：attempt=00cb4817-8e34-1057-930f-4788f1247c33。
2026-09-19T13:50:05.9139633+08:00	Information	WireToGateBusinessService	忽略并发重复SlotOperationCommand：attempt=00cb4817-8e34-1057-930f-4788f1247c33。
2026-09-19T13:50:06.9158958+08:00	Information	WireToGateBusinessService	忽略并发重复SlotOperationCommand：attempt=00cb4817-8e34-1057-930f-4788f1247c33。
2026-09-19T13:50:07.9218663+08:00	Information	WireToGateBusinessService	忽略并发重复SlotOperationCommand：attempt=00cb4817-8e34-1057-930f-4788f1247c33。
2026-09-19T13:50:08.9129588+08:00	Information	WireToGateBusinessService	忽略并发重复SlotOperationCommand：attempt=00cb4817-8e34-1057-930f-4788f1247c33。
2026-09-19T13:50:09.9129882+08:00	Information	WireToGateBusinessService	忽略并发重复SlotOperationCommand：attempt=00cb4817-8e34-1057-930f-4788f1247c33。
2026-09-19T13:50:10.9151469+08:00	Information	WireToGateBusinessService	忽略并发重复SlotOperationCommand：attempt=00cb4817-8e34-1057-930f-4788f1247c33。
2026-09-19T13:50:11.4505793+08:00	Information	ModbusTcpIoModuleClient	1号仓IO变化：DO 0->0，锁DI 0->1，光幕DI 1->0。
2026-09-19T13:50:11.9188654+08:00	Information	WireToGateBusinessService	忽略并发重复SlotOperationCommand：attempt=00cb4817-8e34-1057-930f-4788f1247c33。
2026-09-19T13:50:12.9345821+08:00	Information	WireToGateBusinessService	忽略重复SlotOperationCommand：attempt=00cb4817-8e34-1057-930f-4788f1247c33，保留原OperationResult重放。
