2026-09-20T21:25:57.7871410+08:00	Information	App	车载端启动：agvId=AGV-L2-001，environment=Development，version=0.2.0-safety-mock-travel+24af41e4ab769f10cd15381fd3b4a56babb62c78。
2026-09-20T21:26:01.8322537+08:00	Information	ModbusTcpIoModuleClient	已连接IO模块 127.0.0.1:48412，UnitId=255。
2026-09-20T21:26:02.0531555+08:00	Information	OnboardController	IO模块在线。
2026-09-20T21:26:02.0568345+08:00	Information	OnboardController	启动IO安全快照验证通过。
2026-09-20T21:26:02.8923191+08:00	Information	WireToGateSessionService	上层会话已建立：generation=1，readiness=Ready。
2026-09-20T21:26:19.9957233+08:00	Information	App	服务端请求录入Sublot：station=N1-3_N1-7，revision=1，expectedSublots=L2-EAO-20260920T132516547Z。 
2026-09-20T21:26:20.8543943+08:00	Information	App	服务端请求录入Sublot：station=N1-3_N1-7，revision=1，expectedSublots=L2-EAO-20260920T132516547Z。 
2026-09-20T21:26:21.2734921+08:00	Information	ModbusTcpIoModuleClient	已向物理1号仓发送开锁脉冲触发，DO地址=100。硬件负责自动复位。 
2026-09-20T21:26:21.3080879+08:00	Information	ModbusTcpIoModuleClient	1号仓IO变化：DO 0->1，锁DI 1->1，光幕DI 1->1。
2026-09-20T21:26:21.4375790+08:00	Information	ModbusTcpIoModuleClient	1号仓IO变化：DO 1->1，锁DI 1->0，光幕DI 1->1。
2026-09-20T21:26:21.7681996+08:00	Information	WireToGateBusinessService	忽略并发重复SlotOperationCommand：attempt=2d5c774a-a7ea-1b51-8c3d-ad1ef8f7ddac。
2026-09-20T21:26:21.8887127+08:00	Information	ModbusTcpIoModuleClient	1号仓IO变化：DO 1->0，锁DI 0->0，光幕DI 1->1。
2026-09-20T21:26:23.3264477+08:00	Information	WireToGateBusinessService	忽略并发重复SlotOperationCommand：attempt=2d5c774a-a7ea-1b51-8c3d-ad1ef8f7ddac。
2026-09-20T21:26:23.8051564+08:00	Information	WireToGateBusinessService	忽略并发重复SlotOperationCommand：attempt=2d5c774a-a7ea-1b51-8c3d-ad1ef8f7ddac。
2026-09-20T21:26:24.7422699+08:00	Information	WireToGateBusinessService	忽略并发重复SlotOperationCommand：attempt=2d5c774a-a7ea-1b51-8c3d-ad1ef8f7ddac。
2026-09-20T21:26:25.7430632+08:00	Information	WireToGateBusinessService	忽略并发重复SlotOperationCommand：attempt=2d5c774a-a7ea-1b51-8c3d-ad1ef8f7ddac。
2026-09-20T21:26:27.0797498+08:00	Information	WireToGateBusinessService	忽略并发重复SlotOperationCommand：attempt=2d5c774a-a7ea-1b51-8c3d-ad1ef8f7ddac。
2026-09-20T21:26:27.9049928+08:00	Information	WireToGateBusinessService	忽略并发重复SlotOperationCommand：attempt=2d5c774a-a7ea-1b51-8c3d-ad1ef8f7ddac。
2026-09-20T21:26:29.4473861+08:00	Information	WireToGateBusinessService	忽略并发重复SlotOperationCommand：attempt=2d5c774a-a7ea-1b51-8c3d-ad1ef8f7ddac。
2026-09-20T21:26:30.3504225+08:00	Information	WireToGateBusinessService	忽略并发重复SlotOperationCommand：attempt=2d5c774a-a7ea-1b51-8c3d-ad1ef8f7ddac。
2026-09-20T21:26:30.5630227+08:00	Information	ModbusTcpIoModuleClient	1号仓IO变化：DO 0->0，锁DI 0->1，光幕DI 1->1。
2026-09-20T21:26:30.7342077+08:00	Information	WireToGateBusinessService	忽略并发重复SlotOperationCommand：attempt=2d5c774a-a7ea-1b51-8c3d-ad1ef8f7ddac。
2026-09-20T21:26:30.9478907+08:00	Information	ModbusTcpIoModuleClient	已向物理1号仓发送开锁脉冲触发，DO地址=100。硬件负责自动复位。 
2026-09-20T21:26:31.0105463+08:00	Information	ModbusTcpIoModuleClient	1号仓IO变化：DO 0->1，锁DI 1->1，光幕DI 1->1。
2026-09-20T21:26:31.1349704+08:00	Information	ModbusTcpIoModuleClient	1号仓IO变化：DO 1->1，锁DI 1->0，光幕DI 1->1。
2026-09-20T21:26:31.4750683+08:00	Information	ModbusTcpIoModuleClient	1号仓IO变化：DO 1->0，锁DI 0->0，光幕DI 1->1。
2026-09-20T21:26:31.7415371+08:00	Information	WireToGateBusinessService	忽略并发重复SlotOperationCommand：attempt=2d5c774a-a7ea-1b51-8c3d-ad1ef8f7ddac。
2026-09-20T21:26:32.7459473+08:00	Information	WireToGateBusinessService	忽略并发重复SlotOperationCommand：attempt=2d5c774a-a7ea-1b51-8c3d-ad1ef8f7ddac。
2026-09-20T21:26:33.8842350+08:00	Information	WireToGateBusinessService	忽略并发重复SlotOperationCommand：attempt=2d5c774a-a7ea-1b51-8c3d-ad1ef8f7ddac。
2026-09-20T21:26:36.1189290+08:00	Information	WireToGateBusinessService	忽略并发重复SlotOperationCommand：attempt=2d5c774a-a7ea-1b51-8c3d-ad1ef8f7ddac。
2026-09-20T21:26:36.6950033+08:00	Information	WireToGateBusinessService	忽略并发重复SlotOperationCommand：attempt=2d5c774a-a7ea-1b51-8c3d-ad1ef8f7ddac。
2026-09-20T21:26:36.9029772+08:00	Information	WireToGateBusinessService	忽略并发重复SlotOperationCommand：attempt=2d5c774a-a7ea-1b51-8c3d-ad1ef8f7ddac。
2026-09-20T21:26:37.7307916+08:00	Information	WireToGateBusinessService	忽略并发重复SlotOperationCommand：attempt=2d5c774a-a7ea-1b51-8c3d-ad1ef8f7ddac。
2026-09-20T21:26:38.7330970+08:00	Information	WireToGateBusinessService	忽略并发重复SlotOperationCommand：attempt=2d5c774a-a7ea-1b51-8c3d-ad1ef8f7ddac。
2026-09-20T21:26:39.9483053+08:00	Information	WireToGateBusinessService	忽略并发重复SlotOperationCommand：attempt=2d5c774a-a7ea-1b51-8c3d-ad1ef8f7ddac。
2026-09-20T21:26:40.7602539+08:00	Information	WireToGateBusinessService	忽略并发重复SlotOperationCommand：attempt=2d5c774a-a7ea-1b51-8c3d-ad1ef8f7ddac。
2026-09-20T21:26:41.9402577+08:00	Information	WireToGateBusinessService	忽略并发重复SlotOperationCommand：attempt=2d5c774a-a7ea-1b51-8c3d-ad1ef8f7ddac。
2026-09-20T21:26:42.4080813+08:00	Information	ModbusTcpIoModuleClient	1号仓IO变化：DO 0->0，锁DI 0->1，光幕DI 1->1。
2026-09-20T21:26:42.7487969+08:00	Information	WireToGateBusinessService	忽略并发重复SlotOperationCommand：attempt=2d5c774a-a7ea-1b51-8c3d-ad1ef8f7ddac。
2026-09-20T21:26:42.8063394+08:00	Information	ModbusTcpIoModuleClient	已向物理1号仓发送开锁脉冲触发，DO地址=100。硬件负责自动复位。 
2026-09-20T21:26:42.8646582+08:00	Information	ModbusTcpIoModuleClient	1号仓IO变化：DO 0->1，锁DI 1->1，光幕DI 1->1。
2026-09-20T21:26:42.9899939+08:00	Information	ModbusTcpIoModuleClient	1号仓IO变化：DO 1->1，锁DI 1->0，光幕DI 1->1。
2026-09-20T21:26:43.3337824+08:00	Information	ModbusTcpIoModuleClient	1号仓IO变化：DO 1->0，锁DI 0->0，光幕DI 1->1。
2026-09-20T21:26:43.7449318+08:00	Information	WireToGateBusinessService	忽略并发重复SlotOperationCommand：attempt=2d5c774a-a7ea-1b51-8c3d-ad1ef8f7ddac。
2026-09-20T21:26:44.8092653+08:00	Information	WireToGateBusinessService	忽略并发重复SlotOperationCommand：attempt=2d5c774a-a7ea-1b51-8c3d-ad1ef8f7ddac。
2026-09-20T21:26:45.7401827+08:00	Information	WireToGateBusinessService	忽略并发重复SlotOperationCommand：attempt=2d5c774a-a7ea-1b51-8c3d-ad1ef8f7ddac。
2026-09-20T21:26:46.7356319+08:00	Information	WireToGateBusinessService	忽略并发重复SlotOperationCommand：attempt=2d5c774a-a7ea-1b51-8c3d-ad1ef8f7ddac。
2026-09-20T21:26:47.7238102+08:00	Information	WireToGateBusinessService	忽略并发重复SlotOperationCommand：attempt=2d5c774a-a7ea-1b51-8c3d-ad1ef8f7ddac。
2026-09-20T21:26:48.7326614+08:00	Information	WireToGateBusinessService	忽略并发重复SlotOperationCommand：attempt=2d5c774a-a7ea-1b51-8c3d-ad1ef8f7ddac。
2026-09-20T21:26:49.7237517+08:00	Information	WireToGateBusinessService	忽略并发重复SlotOperationCommand：attempt=2d5c774a-a7ea-1b51-8c3d-ad1ef8f7ddac。
2026-09-20T21:26:50.7345210+08:00	Information	WireToGateBusinessService	忽略并发重复SlotOperationCommand：attempt=2d5c774a-a7ea-1b51-8c3d-ad1ef8f7ddac。
2026-09-20T21:26:51.7343804+08:00	Information	WireToGateBusinessService	忽略并发重复SlotOperationCommand：attempt=2d5c774a-a7ea-1b51-8c3d-ad1ef8f7ddac。
2026-09-20T21:26:52.7238375+08:00	Information	WireToGateBusinessService	忽略并发重复SlotOperationCommand：attempt=2d5c774a-a7ea-1b51-8c3d-ad1ef8f7ddac。
2026-09-20T21:26:53.7340783+08:00	Information	WireToGateBusinessService	忽略并发重复SlotOperationCommand：attempt=2d5c774a-a7ea-1b51-8c3d-ad1ef8f7ddac。
2026-09-20T21:26:54.7222538+08:00	Information	WireToGateBusinessService	忽略并发重复SlotOperationCommand：attempt=2d5c774a-a7ea-1b51-8c3d-ad1ef8f7ddac。
2026-09-20T21:26:55.7249511+08:00	Information	WireToGateBusinessService	忽略并发重复SlotOperationCommand：attempt=2d5c774a-a7ea-1b51-8c3d-ad1ef8f7ddac。
2026-09-20T21:26:56.7225913+08:00	Information	WireToGateBusinessService	忽略并发重复SlotOperationCommand：attempt=2d5c774a-a7ea-1b51-8c3d-ad1ef8f7ddac。
2026-09-20T21:26:57.7359809+08:00	Information	WireToGateBusinessService	忽略并发重复SlotOperationCommand：attempt=2d5c774a-a7ea-1b51-8c3d-ad1ef8f7ddac。
2026-09-20T21:26:58.7245020+08:00	Information	WireToGateBusinessService	忽略并发重复SlotOperationCommand：attempt=2d5c774a-a7ea-1b51-8c3d-ad1ef8f7ddac。
2026-09-20T21:26:59.7205846+08:00	Information	WireToGateBusinessService	忽略并发重复SlotOperationCommand：attempt=2d5c774a-a7ea-1b51-8c3d-ad1ef8f7ddac。
2026-09-20T21:27:00.7306531+08:00	Information	WireToGateBusinessService	忽略并发重复SlotOperationCommand：attempt=2d5c774a-a7ea-1b51-8c3d-ad1ef8f7ddac。
2026-09-20T21:27:01.7289015+08:00	Information	WireToGateBusinessService	忽略并发重复SlotOperationCommand：attempt=2d5c774a-a7ea-1b51-8c3d-ad1ef8f7ddac。
2026-09-20T21:27:02.7230586+08:00	Information	WireToGateBusinessService	忽略并发重复SlotOperationCommand：attempt=2d5c774a-a7ea-1b51-8c3d-ad1ef8f7ddac。
2026-09-20T21:27:03.7251041+08:00	Information	WireToGateBusinessService	忽略并发重复SlotOperationCommand：attempt=2d5c774a-a7ea-1b51-8c3d-ad1ef8f7ddac。
2026-09-20T21:27:04.7212143+08:00	Information	WireToGateBusinessService	忽略并发重复SlotOperationCommand：attempt=2d5c774a-a7ea-1b51-8c3d-ad1ef8f7ddac。
2026-09-20T21:27:05.7257724+08:00	Information	WireToGateBusinessService	忽略并发重复SlotOperationCommand：attempt=2d5c774a-a7ea-1b51-8c3d-ad1ef8f7ddac。
2026-09-20T21:27:06.7219701+08:00	Information	WireToGateBusinessService	忽略并发重复SlotOperationCommand：attempt=2d5c774a-a7ea-1b51-8c3d-ad1ef8f7ddac。
2026-09-20T21:27:07.7226328+08:00	Information	WireToGateBusinessService	忽略并发重复SlotOperationCommand：attempt=2d5c774a-a7ea-1b51-8c3d-ad1ef8f7ddac。
2026-09-20T21:27:08.7261263+08:00	Information	WireToGateBusinessService	忽略并发重复SlotOperationCommand：attempt=2d5c774a-a7ea-1b51-8c3d-ad1ef8f7ddac。
2026-09-20T21:27:09.7357496+08:00	Information	WireToGateBusinessService	忽略并发重复SlotOperationCommand：attempt=2d5c774a-a7ea-1b51-8c3d-ad1ef8f7ddac。
2026-09-20T21:27:10.7453110+08:00	Information	WireToGateBusinessService	忽略并发重复SlotOperationCommand：attempt=2d5c774a-a7ea-1b51-8c3d-ad1ef8f7ddac。
2026-09-20T21:27:11.7417900+08:00	Information	WireToGateBusinessService	忽略并发重复SlotOperationCommand：attempt=2d5c774a-a7ea-1b51-8c3d-ad1ef8f7ddac。
2026-09-20T21:27:12.8452335+08:00	Information	WireToGateBusinessService	忽略并发重复SlotOperationCommand：attempt=2d5c774a-a7ea-1b51-8c3d-ad1ef8f7ddac。
2026-09-20T21:27:13.7354231+08:00	Information	WireToGateBusinessService	忽略并发重复SlotOperationCommand：attempt=2d5c774a-a7ea-1b51-8c3d-ad1ef8f7ddac。
2026-09-20T21:27:14.7760280+08:00	Information	WireToGateBusinessService	忽略并发重复SlotOperationCommand：attempt=2d5c774a-a7ea-1b51-8c3d-ad1ef8f7ddac。
2026-09-20T21:27:15.7338628+08:00	Information	WireToGateBusinessService	忽略并发重复SlotOperationCommand：attempt=2d5c774a-a7ea-1b51-8c3d-ad1ef8f7ddac。
2026-09-20T21:27:16.7383715+08:00	Information	WireToGateBusinessService	忽略并发重复SlotOperationCommand：attempt=2d5c774a-a7ea-1b51-8c3d-ad1ef8f7ddac。
2026-09-20T21:27:17.7522553+08:00	Information	WireToGateBusinessService	忽略并发重复SlotOperationCommand：attempt=2d5c774a-a7ea-1b51-8c3d-ad1ef8f7ddac。
2026-09-20T21:27:18.7355468+08:00	Information	WireToGateBusinessService	忽略并发重复SlotOperationCommand：attempt=2d5c774a-a7ea-1b51-8c3d-ad1ef8f7ddac。
2026-09-20T21:27:19.7346426+08:00	Information	WireToGateBusinessService	忽略并发重复SlotOperationCommand：attempt=2d5c774a-a7ea-1b51-8c3d-ad1ef8f7ddac。
2026-09-20T21:27:20.7441104+08:00	Information	WireToGateBusinessService	忽略并发重复SlotOperationCommand：attempt=2d5c774a-a7ea-1b51-8c3d-ad1ef8f7ddac。
2026-09-20T21:27:21.8719698+08:00	Information	WireToGateBusinessService	忽略并发重复SlotOperationCommand：attempt=2d5c774a-a7ea-1b51-8c3d-ad1ef8f7ddac。
2026-09-20T21:27:23.0976715+08:00	Information	WireToGateBusinessService	忽略并发重复SlotOperationCommand：attempt=2d5c774a-a7ea-1b51-8c3d-ad1ef8f7ddac。
2026-09-20T21:27:23.7330442+08:00	Information	WireToGateBusinessService	忽略并发重复SlotOperationCommand：attempt=2d5c774a-a7ea-1b51-8c3d-ad1ef8f7ddac。
2026-09-20T21:27:24.7313278+08:00	Information	WireToGateBusinessService	忽略并发重复SlotOperationCommand：attempt=2d5c774a-a7ea-1b51-8c3d-ad1ef8f7ddac。
2026-09-20T21:27:25.7331291+08:00	Information	WireToGateBusinessService	忽略并发重复SlotOperationCommand：attempt=2d5c774a-a7ea-1b51-8c3d-ad1ef8f7ddac。
2026-09-20T21:27:26.7211418+08:00	Information	WireToGateBusinessService	忽略并发重复SlotOperationCommand：attempt=2d5c774a-a7ea-1b51-8c3d-ad1ef8f7ddac。
2026-09-20T21:27:26.9643184+08:00	Information	ModbusTcpIoModuleClient	1号仓IO变化：DO 0->0，锁DI 0->1，光幕DI 1->0。
2026-09-20T21:27:27.7167731+08:00	Information	WireToGateBusinessService	忽略重复SlotOperationCommand：attempt=2d5c774a-a7ea-1b51-8c3d-ad1ef8f7ddac，保留原OperationResult重放。
