2026-09-29T09:56:19.3411629+08:00	Information	SingleInstanceGuard	抢到了整机单例名字。名字=Global\SQCD.Agv.Wpf.Onboard。
2026-09-29T09:56:19.4065429+08:00	Information	App	车载端启动：agvId=AGV-L2-001，environment=Development，version=0.2.0-safety-mock-travel+3dd939284762066ff925b85cc6149bcdbafedad9。
2026-09-29T09:56:20.0453760+08:00	Information	ModbusTcpIoModuleClient	已连接IO模块 127.0.0.1:48412，UnitId=255。
2026-09-29T09:56:20.0531660+08:00	Information	WireToGateSessionClient	会话状态发布：source=handshake-start，connected=False，generation=null，readiness=Recovering，reasonCodes=[]，safetyStateVersion=1。
2026-09-29T09:56:20.0589700+08:00	Information	WireToGateBusinessService	判恢复入口：generation=null，readiness=Recovering，reasonCodes=[]，subject=none，recoveryVector=none，recoverySession=none，faultCargoHandoff=False。
2026-09-29T09:56:20.0691194+08:00	Information	OnboardController	IO模块在线。
2026-09-29T09:56:20.0705466+08:00	Information	OnboardController	启动IO安全快照验证通过。
2026-09-29T09:56:20.3528195+08:00	Information	WireToGateSessionClient	会话状态发布：source=session-accepted，connected=True，generation=1，readiness=Recovering，reasonCodes=[]，safetyStateVersion=1。
2026-09-29T09:56:20.3534482+08:00	Information	WireToGateBusinessService	判恢复入口：generation=1，readiness=Recovering，reasonCodes=[]，subject=none，recoveryVector=none，recoverySession=none，faultCargoHandoff=False。
2026-09-29T09:56:20.8573300+08:00	Information	WireToGateSessionClient	收到SessionReadiness：messageId=f9de9aed-9827-4c33-959e-a8960a810b34，generation=1，readiness=READY，reasonCodes=[]，acceptedSafetyStateVersion=1。
2026-09-29T09:56:20.8592792+08:00	Information	WireToGateSessionClient	会话状态发布：source=SessionReadiness，connected=True，generation=1，readiness=Ready，reasonCodes=[]，safetyStateVersion=1。
2026-09-29T09:56:20.8609104+08:00	Information	WireToGateBusinessService	判恢复入口：generation=1，readiness=Ready，reasonCodes=[]，subject=none，recoveryVector=none，recoverySession=none，faultCargoHandoff=False。
2026-09-29T09:56:20.8786710+08:00	Information	WireToGateSessionService	上层会话已建立：generation=1，readiness=Ready。
2026-09-29T09:56:20.9456892+08:00	Information	WireToGateSessionClient	收到SessionReadiness：messageId=879bee8d-9ab4-4d93-be2a-f570448dfb3f，generation=1，readiness=READY，reasonCodes=[]，acceptedSafetyStateVersion=2。
2026-09-29T09:56:20.9462369+08:00	Information	WireToGateSessionClient	会话状态发布：source=SessionReadiness，connected=True，generation=1，readiness=Ready，reasonCodes=[]，safetyStateVersion=2。
2026-09-29T09:56:20.9582952+08:00	Information	WireToGateSessionClient	会话状态发布：source=SafetyStateChanged-ack，connected=True，generation=1，readiness=Ready，reasonCodes=[]，safetyStateVersion=2。
2026-09-29T09:56:29.3815000+08:00	Information	App	服务端请求录入Sublot：station=N1-3_N1-7，revision=1，expectedSublots=L2-CR-20260929T015606400Z。 
2026-09-29T09:56:29.6757568+08:00	Information	App	服务端请求录入Sublot：station=N1-3_N1-7，revision=1，expectedSublots=L2-CR-20260929T015606400Z。 
2026-09-29T09:56:30.2590488+08:00	Information	App	服务端请求录入Sublot：station=N1-3_N1-7，revision=1，expectedSublots=L2-CR-20260929T015606400Z。 
2026-09-29T09:56:31.0567074+08:00	Information	ModbusTcpIoModuleClient	已向物理1号仓发送开锁脉冲触发，DO地址=100。硬件负责自动复位。 
2026-09-29T09:56:31.1308033+08:00	Information	ModbusTcpIoModuleClient	1号仓IO变化：DO 0->1，锁DI 1->1，光幕DI 1->1。
2026-09-29T09:56:31.2517394+08:00	Information	WireToGateBusinessService	忽略并发重复SlotOperationCommand：attempt=9cc77420-0439-9b5c-be8b-6cc44a2cf649。
2026-09-29T09:56:31.2562675+08:00	Information	WireToGateSessionClient	收到SessionReadiness：messageId=feee7a31-fb69-40bb-a100-24782e0aa473，generation=1，readiness=READY，reasonCodes=[]，acceptedSafetyStateVersion=3。
2026-09-29T09:56:31.2574582+08:00	Information	WireToGateSessionClient	会话状态发布：source=SessionReadiness，connected=True，generation=1，readiness=Ready，reasonCodes=[]，safetyStateVersion=3。
2026-09-29T09:56:31.2941774+08:00	Information	WireToGateSessionClient	会话状态发布：source=SafetyStateChanged-ack，connected=True，generation=1，readiness=Ready，reasonCodes=[]，safetyStateVersion=3。
2026-09-29T09:56:31.3219293+08:00	Information	ModbusTcpIoModuleClient	1号仓IO变化：DO 1->1，锁DI 1->0，光幕DI 1->1。
2026-09-29T09:56:31.4723053+08:00	Information	WireToGateSessionClient	收到SessionReadiness：messageId=a52eb561-d6a7-43a0-afa9-89d700af9486，generation=1，readiness=READY，reasonCodes=[]，acceptedSafetyStateVersion=4。
2026-09-29T09:56:31.4733754+08:00	Information	WireToGateSessionClient	会话状态发布：source=SessionReadiness，connected=True，generation=1，readiness=Ready，reasonCodes=[]，safetyStateVersion=4。
2026-09-29T09:56:31.4978794+08:00	Information	WireToGateSessionClient	会话状态发布：source=SafetyStateChanged-ack，connected=True，generation=1，readiness=Ready，reasonCodes=[]，safetyStateVersion=4。
2026-09-29T09:56:31.6229286+08:00	Information	ModbusTcpIoModuleClient	1号仓IO变化：DO 1->0，锁DI 0->0，光幕DI 1->1。
2026-09-29T09:56:31.6736379+08:00	Information	WireToGateSessionClient	收到SessionReadiness：messageId=36fed841-19aa-4322-892a-4ebee7972139，generation=1，readiness=READY，reasonCodes=[]，acceptedSafetyStateVersion=5。
2026-09-29T09:56:31.6741119+08:00	Information	WireToGateSessionClient	会话状态发布：source=SessionReadiness，connected=True，generation=1，readiness=Ready，reasonCodes=[]，safetyStateVersion=5。
2026-09-29T09:56:31.6841717+08:00	Information	WireToGateSessionClient	会话状态发布：source=SafetyStateChanged-ack，connected=True，generation=1，readiness=Ready，reasonCodes=[]，safetyStateVersion=5。
2026-09-29T09:56:31.8492202+08:00	Information	WireToGateBusinessService	忽略并发重复SlotOperationCommand：attempt=9cc77420-0439-9b5c-be8b-6cc44a2cf649。
2026-09-29T09:56:32.8679351+08:00	Information	SingleInstanceGuard	抢到了整机单例名字。名字=Global\SQCD.Agv.Wpf.Onboard。
2026-09-29T09:56:32.9452220+08:00	Information	App	车载端启动：agvId=AGV-L2-001，environment=Development，version=0.2.0-safety-mock-travel+3dd939284762066ff925b85cc6149bcdbafedad9。
2026-09-29T09:56:33.4036975+08:00	Information	ModbusTcpIoModuleClient	已连接IO模块 127.0.0.1:48412，UnitId=255。
2026-09-29T09:56:33.4059575+08:00	Information	WireToGateSessionClient	会话状态发布：source=handshake-start，connected=False，generation=null，readiness=Recovering，reasonCodes=[]，safetyStateVersion=1。
2026-09-29T09:56:33.4080837+08:00	Information	WireToGateBusinessService	判恢复入口：generation=null，readiness=Recovering，reasonCodes=[]，subject=none，recoveryVector=none，recoverySession=none，faultCargoHandoff=False。
2026-09-29T09:56:33.4127155+08:00	Information	OnboardController	IO模块在线。
2026-09-29T09:56:33.4139936+08:00	Information	OnboardController	启动IO安全快照验证通过。
2026-09-29T09:56:33.6122493+08:00	Information	WireToGateSessionClient	会话状态发布：source=session-accepted，connected=True，generation=2，readiness=Recovering，reasonCodes=[]，safetyStateVersion=1。
2026-09-29T09:56:33.6131836+08:00	Information	WireToGateBusinessService	判恢复入口：generation=2，readiness=Recovering，reasonCodes=[]，subject=none，recoveryVector=none，recoverySession=none，faultCargoHandoff=False。
2026-09-29T09:56:33.8837985+08:00	Information	WireToGateSessionClient	收到SessionReadiness：messageId=b5e21643-421c-4e49-8521-bf5b985141d3，generation=2，readiness=RECOVERY_REQUIRED，reasonCodes=[SESSION_RECOVERY_REQUIRED]，acceptedSafetyStateVersion=1。
2026-09-29T09:56:33.8849734+08:00	Information	WireToGateSessionClient	会话状态发布：source=SessionReadiness，connected=True，generation=2，readiness=RecoveryRequired，reasonCodes=[SESSION_RECOVERY_REQUIRED]，safetyStateVersion=1。
2026-09-29T09:56:33.8862932+08:00	Information	WireToGateBusinessService	判恢复入口：generation=2，readiness=RecoveryRequired，reasonCodes=[SESSION_RECOVERY_REQUIRED]，subject=none，recoveryVector=none，recoverySession=none，faultCargoHandoff=False。
2026-09-29T09:56:33.9347918+08:00	Warning	WireToGateBusinessService	上次仓位操作在执行中中断，未再输出开锁，按实时IO结算：attempt=9cc77420-0439-9b5c-be8b-6cc44a2cf649，outcome=UNKNOWN，checkpoint=SAFE_FINISH_REACHED。
2026-09-29T09:56:34.0297996+08:00	Information	WireToGateSessionService	上层会话已建立：generation=2，readiness=RecoveryRequired。
2026-09-29T09:56:34.0359175+08:00	Information	WireToGateSessionClient	收到SessionReadiness：messageId=e76c4769-53e0-49f5-8d35-d6f663c9b950，generation=2，readiness=RECOVERY_REQUIRED，reasonCodes=[SESSION_RECOVERY_REQUIRED]，acceptedSafetyStateVersion=2。
2026-09-29T09:56:34.0369578+08:00	Information	WireToGateSessionClient	会话状态发布：source=SessionReadiness，connected=True，generation=2，readiness=RecoveryRequired，reasonCodes=[SESSION_RECOVERY_REQUIRED]，safetyStateVersion=2。
2026-09-29T09:56:34.0703446+08:00	Information	WireToGateSessionClient	会话状态发布：source=SafetyStateChanged-ack，connected=True，generation=2，readiness=RecoveryRequired，reasonCodes=[SESSION_RECOVERY_REQUIRED]，safetyStateVersion=2。
2026-09-29T09:56:37.8464210+08:00	Information	WireToGateSessionClient	收到SessionReadiness：messageId=b911e8fe-4bc6-41e7-8a53-623475584414，generation=2，readiness=READY，reasonCodes=[]，acceptedSafetyStateVersion=2。
2026-09-29T09:56:37.8476820+08:00	Information	WireToGateSessionClient	会话状态发布：source=SessionReadiness，connected=True，generation=2，readiness=Ready，reasonCodes=[]，safetyStateVersion=2。
2026-09-29T09:56:37.8546715+08:00	Information	WireToGateBusinessService	判恢复入口：generation=2，readiness=Ready，reasonCodes=[]，subject=Load/6aa0c519-da4e-4e04-b797-ac3ad65e4be7/9cc77420-0439-9b5c-be8b-6cc44a2cf649（在途操作），recoveryVector=LOAD_COMPENSATION，recoverySession=EXECUTING，faultCargoHandoff=False。
2026-09-29T09:56:38.3673448+08:00	Warning	OnboardAlarmMonitor	告警快照暂未报上服务端，下一轮再报。 | EndOfStreamException: ControlServer在旅程会话期间关闭了连接。
2026-09-29T09:56:38.3726305+08:00	Information	WireToGateSessionClient	会话状态发布：source=receive-failed，connected=False，generation=null，readiness=Disconnected，reasonCodes=[SESSION_RECOVERY_REQUIRED]，safetyStateVersion=2。
2026-09-29T09:56:38.3733561+08:00	Information	WireToGateBusinessService	判恢复入口：generation=null，readiness=Disconnected，reasonCodes=[SESSION_RECOVERY_REQUIRED]，subject=none，recoveryVector=none，recoverySession=none，faultCargoHandoff=False。
2026-09-29T09:56:40.0439555+08:00	Information	WireToGateSessionClient	会话状态发布：source=disconnect，connected=False，generation=null，readiness=Disconnected，reasonCodes=[SESSION_RECOVERY_REQUIRED]，safetyStateVersion=2。
2026-09-29T09:56:40.0505504+08:00	Warning	WireToGateSessionService	上层会话不可用：WIRE_TO_GATE会话尚未建立。。将在2秒后重连。
2026-09-29T09:56:42.0502430+08:00	Information	WireToGateSessionClient	会话状态发布：source=handshake-start，connected=False，generation=null，readiness=Recovering，reasonCodes=[]，safetyStateVersion=2。
2026-09-29T09:56:42.0515433+08:00	Information	WireToGateBusinessService	判恢复入口：generation=null，readiness=Recovering，reasonCodes=[]，subject=none，recoveryVector=none，recoverySession=none，faultCargoHandoff=False。
2026-09-29T09:56:42.1524444+08:00	Information	WireToGateSessionClient	会话状态发布：source=session-accepted，connected=True，generation=3，readiness=Recovering，reasonCodes=[]，safetyStateVersion=2。
2026-09-29T09:56:42.1536435+08:00	Information	WireToGateBusinessService	判恢复入口：generation=3，readiness=Recovering，reasonCodes=[]，subject=none，recoveryVector=none，recoverySession=none，faultCargoHandoff=False。
2026-09-29T09:56:42.2635845+08:00	Information	WireToGateSessionClient	收到SessionReadiness：messageId=eed97ba1-226a-485d-86a7-cdc68ab1953b，generation=3，readiness=READY，reasonCodes=[]，acceptedSafetyStateVersion=2。
2026-09-29T09:56:42.2646066+08:00	Information	WireToGateSessionClient	会话状态发布：source=SessionReadiness，connected=True，generation=3，readiness=Ready，reasonCodes=[]，safetyStateVersion=2。
2026-09-29T09:56:42.2654322+08:00	Information	WireToGateBusinessService	判恢复入口：generation=3，readiness=Ready，reasonCodes=[]，subject=none，recoveryVector=none，recoverySession=none，faultCargoHandoff=False。
2026-09-29T09:56:42.2661292+08:00	Information	WireToGateSessionService	上层会话已建立：generation=3，readiness=Ready。
2026-09-29T09:56:42.3254982+08:00	Information	WireToGateSessionClient	收到SessionReadiness：messageId=0039c88b-4545-4f16-b4ff-7591822ec141，generation=3，readiness=READY，reasonCodes=[]，acceptedSafetyStateVersion=3。
2026-09-29T09:56:42.3265773+08:00	Information	WireToGateSessionClient	会话状态发布：source=SessionReadiness，connected=True，generation=3，readiness=Ready，reasonCodes=[]，safetyStateVersion=3。
2026-09-29T09:56:42.3325502+08:00	Information	WireToGateSessionClient	会话状态发布：source=SafetyStateChanged-ack，connected=True，generation=3，readiness=Ready，reasonCodes=[]，safetyStateVersion=3。
2026-09-29T09:56:48.0921889+08:00	Information	App	服务端请求录入Sublot：station=N1-3_N1-7，revision=3，expectedSublots=L2-CR-20260929T015606400Z-NEXT。 
