2026-09-10T09:54:08.4923479+08:00	Information	App	车载端启动：agvId=AGV-L2-001，environment=Development，version=0.2.0-safety-mock-travel+3d8206fc9fc4ce02b58e78a205d9563be68c6b0e。
2026-09-10T09:54:09.4204727+08:00	Information	ModbusTcpIoModuleClient	已连接IO模块 127.0.0.1:58412，UnitId=255。
2026-09-10T09:54:09.4470884+08:00	Information	OnboardController	IO模块在线。
2026-09-10T09:54:09.4492577+08:00	Information	OnboardController	启动IO安全快照验证通过。
2026-09-10T09:54:10.1073783+08:00	Information	WireToGateSessionService	上层会话已建立：generation=1，readiness=Ready。
2026-09-10T09:54:12.9824308+08:00	Information	App	服务端请求录入Sublot：demandId=56974aa6-2e48-4800-a480-9cf2909db98d，revision=1。 
2026-09-10T09:54:13.7763029+08:00	Information	App	服务端请求录入Sublot：demandId=56974aa6-2e48-4800-a480-9cf2909db98d，revision=1。 
2026-09-10T09:54:14.0459780+08:00	Information	ModbusTcpIoModuleClient	已向物理1号仓发送开锁脉冲触发，DO地址=100。硬件负责自动复位。 
2026-09-10T09:54:14.1341042+08:00	Information	ModbusTcpIoModuleClient	1号仓IO变化：DO 0->1，锁DI 1->1，光幕DI 1->1。
2026-09-10T09:54:14.2573956+08:00	Information	ModbusTcpIoModuleClient	1号仓IO变化：DO 1->1，锁DI 1->0，光幕DI 1->1。
2026-09-10T09:54:14.5956322+08:00	Information	ModbusTcpIoModuleClient	1号仓IO变化：DO 1->0，锁DI 0->0，光幕DI 1->1。
2026-09-10T09:54:14.7790811+08:00	Information	WireToGateBusinessService	忽略并发重复SlotOperationCommand：attempt=af213067-b111-f15a-97a3-739eb8c218f0。
2026-09-10T09:54:15.2803460+08:00	Information	ModbusTcpIoModuleClient	1号仓IO变化：DO 0->0，锁DI 0->1，光幕DI 1->1。
2026-09-10T09:54:15.6637442+08:00	Information	ModbusTcpIoModuleClient	已向物理1号仓发送开锁脉冲触发，DO地址=100。硬件负责自动复位。 
2026-09-10T09:54:15.7255763+08:00	Information	ModbusTcpIoModuleClient	1号仓IO变化：DO 0->1，锁DI 1->1，光幕DI 1->1。
2026-09-10T09:54:15.7873920+08:00	Information	WireToGateBusinessService	忽略并发重复SlotOperationCommand：attempt=af213067-b111-f15a-97a3-739eb8c218f0。
2026-09-10T09:54:16.1793518+08:00	Information	ModbusTcpIoModuleClient	1号仓IO变化：DO 1->0，锁DI 1->1，光幕DI 1->1。
2026-09-10T09:54:16.7916075+08:00	Information	WireToGateBusinessService	忽略并发重复SlotOperationCommand：attempt=af213067-b111-f15a-97a3-739eb8c218f0。
2026-09-10T09:54:17.7896565+08:00	Information	WireToGateBusinessService	忽略并发重复SlotOperationCommand：attempt=af213067-b111-f15a-97a3-739eb8c218f0。
2026-09-10T09:54:18.7878545+08:00	Information	WireToGateBusinessService	忽略重复SlotOperationCommand：attempt=af213067-b111-f15a-97a3-739eb8c218f0，保留原OperationResult重放。
2026-09-10T09:54:20.1030437+08:00	Information	ModbusTcpIoModuleClient	1号仓IO变化：DO 0->0，锁DI 1->1，光幕DI 1->0。
2026-09-10T09:54:20.8383618+08:00	Information	ModbusTcpIoModuleClient	已向物理1号仓发送开锁脉冲触发，DO地址=100。硬件负责自动复位。 
2026-09-10T09:54:20.8632537+08:00	Information	ModbusTcpIoModuleClient	1号仓IO变化：DO 0->1，锁DI 1->1，光幕DI 0->0。
2026-09-10T09:54:20.9874718+08:00	Information	ModbusTcpIoModuleClient	1号仓IO变化：DO 1->1，锁DI 1->0，光幕DI 0->0。
2026-09-10T09:54:21.4370260+08:00	Information	ModbusTcpIoModuleClient	1号仓IO变化：DO 1->0，锁DI 0->0，光幕DI 0->0。
