  Determining projects to restore...
  Restored C:\g4c\sources\control-server\tools\ControlServer.FakeOnboard\ControlServer.FakeOnboard.csproj (in 193 ms).
  Restored C:\g4c\sources\control-server\src\ControlServer.Dashboard\ControlServer.Dashboard.csproj (in 185 ms).
  Restored C:\g4c\sources\control-server\tools\ControlServer.ClockSkewProxy\ControlServer.ClockSkewProxy.csproj (in 195 ms).
  Restored C:\g4c\sources\control-server\src\ControlServer.Application\ControlServer.Application.csproj (in 193 ms).
  Restored C:\g4c\sources\control-server\tools\ControlServer.Conformance\ControlServer.Conformance.csproj (in 193 ms).
  Restored C:\g4c\sources\control-server\tools\ControlServer.TestDoubles\ControlServer.TestDoubles.csproj (in 185 ms).
  Restored C:\g4c\sources\control-server\tools\ControlServer.FakeRiot\ControlServer.FakeRiot.csproj (in 251 ms).
  Restored C:\g4c\sources\control-server\tools\ControlServer.ProtocolFaultProxy\ControlServer.ProtocolFaultProxy.csproj (in 8 ms).
  Restored C:\g4c\sources\control-server\src\ControlServer.Domain\ControlServer.Domain.csproj (in 25 ms).
  Restored C:\g4c\sources\control-server\tools\ControlServer.FakeMesIngest\ControlServer.FakeMesIngest.csproj (in 746 ms).
  Restored C:\g4c\sources\control-server\tools\ControlServer.FieldOps\ControlServer.FieldOps.csproj (in 492 ms).
  Restored C:\g4c\sources\control-server\src\ControlServer.Infrastructure\ControlServer.Infrastructure.csproj (in 759 ms).
  Restored C:\g4c\sources\control-server\src\ControlServer.Host\ControlServer.Host.csproj (in 779 ms).
  Restored C:\g4c\sources\control-server\tools\ControlServer.SchemaConformance\ControlServer.SchemaConformance.csproj (in 880 ms).
  Restored C:\g4c\sources\control-server\tests\ControlServer.Tests\ControlServer.Tests.csproj (in 948 ms).
  ControlServer.TestDoubles -> C:\g4c\sources\control-server\tools\ControlServer.TestDoubles\bin\Release\net8.0\win-x64\ControlServer.TestDoubles.dll
  ControlServer.Domain -> C:\g4c\sources\control-server\src\ControlServer.Domain\bin\Release\net8.0\win-x64\ControlServer.Domain.dll
  ControlServer.Dashboard -> C:\g4c\sources\control-server\src\ControlServer.Dashboard\bin\Release\net8.0\win-x64\ControlServer.Dashboard.dll
  ControlServer.FakeRiot -> C:\g4c\sources\control-server\tools\ControlServer.FakeRiot\bin\Release\net8.0\win-x64\ControlServer.FakeRiot.dll
  ControlServer.Application -> C:\g4c\sources\control-server\src\ControlServer.Application\bin\Release\net8.0\win-x64\ControlServer.Application.dll
  ControlServer.Conformance -> C:\g4c\sources\control-server\tools\ControlServer.Conformance\bin\Release\net8.0\win-x64\ControlServer.Conformance.dll
  ControlServer.SchemaConformance -> C:\g4c\sources\control-server\tools\ControlServer.SchemaConformance\bin\Release\net8.0\win-x64\ControlServer.SchemaConformance.dll
  ControlServer.FakeOnboard -> C:\g4c\sources\control-server\tools\ControlServer.FakeOnboard\bin\Release\net8.0\win-x64\ControlServer.FakeOnboard.dll
  ControlServer.ClockSkewProxy -> C:\g4c\sources\control-server\tools\ControlServer.ClockSkewProxy\bin\Release\net8.0\win-x64\ControlServer.ClockSkewProxy.dll
  ControlServer.ProtocolFaultProxy -> C:\g4c\sources\control-server\tools\ControlServer.ProtocolFaultProxy\bin\Release\net8.0\win-x64\ControlServer.ProtocolFaultProxy.dll
  ControlServer.Infrastructure -> C:\g4c\sources\control-server\src\ControlServer.Infrastructure\bin\Release\net8.0\win-x64\ControlServer.Infrastructure.dll
  ControlServer.FieldOps -> C:\g4c\sources\control-server\tools\ControlServer.FieldOps\bin\Release\net8.0\win-x64\ControlServer.FieldOps.dll
  ControlServer.FakeMesIngest -> C:\g4c\sources\control-server\tools\ControlServer.FakeMesIngest\bin\Release\net8.0\win-x64\ControlServer.FakeMesIngest.dll
  ControlServer.Host -> C:\g4c\sources\control-server\src\ControlServer.Host\bin\Release\net8.0\win-x64\ControlServer.Host.dll
  ControlServer.Tests -> C:\g4c\sources\control-server\tests\ControlServer.Tests\bin\Release\net8.0\win-x64\ControlServer.Tests.dll

Build succeeded.
    0 Warning(s)
    0 Error(s)

Time Elapsed 00:01:03.48
