2026-09-22T15:49:14.6042185+08:00	Information	SingleInstanceGuard	抢到了整机单例名字。名字=Global\SQCD.Agv.Wpf.Onboard。
2026-09-22T15:49:14.6457847+08:00	Information	App	车载端启动：agvId=AGV-L2-001，environment=Development，version=0.2.0-safety-mock-travel+86d42ce5362a8273525b8ba1acb387e4331bcfed。
2026-09-22T15:49:15.5066685+08:00	Information	ModbusTcpIoModuleClient	已连接IO模块 127.0.0.1:48412，UnitId=255。
2026-09-22T15:49:15.5346265+08:00	Information	OnboardController	IO模块在线。
2026-09-22T15:49:15.5374128+08:00	Information	OnboardController	启动IO安全快照验证通过。
2026-09-22T15:49:16.0854312+08:00	Information	WireToGateSessionService	上层会话已建立：generation=1，readiness=Ready。
2026-09-22T15:49:24.1929702+08:00	Information	App	服务端请求录入Sublot：station=N1-3_N1-7，revision=1，expectedSublots=G3-07F-20260922T074858077Z。 
2026-09-22T15:49:24.9482033+08:00	Information	App	服务端请求录入Sublot：station=N1-3_N1-7，revision=1，expectedSublots=G3-07F-20260922T074858077Z。 
2026-09-22T15:49:25.2500514+08:00	Information	ModbusTcpIoModuleClient	已向物理1号仓发送开锁脉冲触发，DO地址=100。硬件负责自动复位。 
2026-09-22T15:49:25.3184480+08:00	Information	ModbusTcpIoModuleClient	1号仓IO变化：DO 0->1，锁DI 1->1，光幕DI 1->1。
2026-09-22T15:49:25.4414229+08:00	Information	ModbusTcpIoModuleClient	1号仓IO变化：DO 1->1，锁DI 1->0，光幕DI 1->1。
2026-09-22T15:49:25.7671785+08:00	Information	ModbusTcpIoModuleClient	1号仓IO变化：DO 1->0，锁DI 0->0，光幕DI 1->1。
2026-09-22T15:49:25.9345860+08:00	Information	WireToGateBusinessService	忽略并发重复SlotOperationCommand：attempt=c1e8feeb-fa0c-6e52-a329-f6f8de0a9dd2。
2026-09-22T15:49:27.2902326+08:00	Information	SingleInstanceGuard	抢到了整机单例名字。名字=Global\SQCD.Agv.Wpf.Onboard。
2026-09-22T15:49:27.3358696+08:00	Information	App	车载端启动：agvId=AGV-L2-001，environment=Development，version=0.2.0-safety-mock-travel+86d42ce5362a8273525b8ba1acb387e4331bcfed。
2026-09-22T15:49:27.8852457+08:00	Information	ModbusTcpIoModuleClient	已连接IO模块 127.0.0.1:48412，UnitId=255。
2026-09-22T15:49:27.8948673+08:00	Information	OnboardController	IO模块在线。
2026-09-22T15:49:27.8970210+08:00	Information	OnboardController	启动IO安全快照验证通过。
2026-09-22T15:49:28.2487715+08:00	Warning	WireToGateBusinessService	上次仓位操作在执行中中断，未再输出开锁，按实时IO结算：attempt=c1e8feeb-fa0c-6e52-a329-f6f8de0a9dd2，outcome=UNKNOWN，checkpoint=SAFE_FINISH_REACHED。
2026-09-22T15:49:28.2584937+08:00	Information	WireToGateSessionService	上层会话已建立：generation=2，readiness=RecoveryRequired。
