2026-10-10T00:01:25.6093304+08:00	Information	SingleInstanceGuard	抢到了整机单例名字。名字=Global\SQCD.Agv.Wpf.Onboard。
2026-10-10T00:01:25.6918223+08:00	Information	App	车载端启动：agvId=AGV-L2-001，environment=Development，version=0.2.0-safety-mock-travel+b9e67a538ba4cdf1916d201a08af40dd28270d14。
2026-10-10T00:01:26.3730255+08:00	Information	ModbusTcpIoModuleClient	已连接IO模块 127.0.0.1:48412，UnitId=255。
2026-10-10T00:01:26.3902708+08:00	Information	WireToGateSessionClient	会话状态发布：source=handshake-start，connected=False，generation=null，readiness=Recovering，reasonCodes=[]，safetyStateVersion=1。
2026-10-10T00:01:26.3936073+08:00	Information	WireToGateBusinessService	判恢复入口：generation=null，readiness=Recovering，reasonCodes=[]，subject=none，recoveryVector=none，recoverySession=none，faultCargoHandoff=False。
2026-10-10T00:01:26.3940690+08:00	Information	OnboardController	IO模块在线。
2026-10-10T00:01:26.3952946+08:00	Information	OnboardController	启动IO安全快照验证通过。
2026-10-10T00:01:26.8974613+08:00	Information	WireToGateSessionClient	会话状态发布：source=session-accepted，connected=True，generation=1，readiness=Recovering，reasonCodes=[]，safetyStateVersion=1。
2026-10-10T00:01:26.8980703+08:00	Information	WireToGateBusinessService	判恢复入口：generation=1，readiness=Recovering，reasonCodes=[]，subject=none，recoveryVector=none，recoverySession=none，faultCargoHandoff=False。
2026-10-10T00:01:28.8537818+08:00	Information	WireToGateSessionClient	收到SessionReadiness：messageId=5e4b17c3-9e5f-4b86-bbd4-c289a476178f，generation=1，readiness=READY，reasonCodes=[]，acceptedSafetyStateVersion=1。
2026-10-10T00:01:28.8544367+08:00	Information	WireToGateSessionClient	会话状态发布：source=SessionReadiness，connected=True，generation=1，readiness=Ready，reasonCodes=[]，safetyStateVersion=1。
2026-10-10T00:01:28.8559493+08:00	Information	WireToGateBusinessService	判恢复入口：generation=1，readiness=Ready，reasonCodes=[]，subject=none，recoveryVector=none，recoverySession=none，faultCargoHandoff=False。
2026-10-10T00:01:28.8750532+08:00	Information	WireToGateBusinessService	重连后检查授权请求：generation=1，vector=none/none，commandBound=False，结论=无待授权的补偿或修正。
2026-10-10T00:01:28.8765279+08:00	Information	WireToGateSessionService	上层会话已建立：generation=1，readiness=Ready。
2026-10-10T00:01:29.7740222+08:00	Information	WireToGateSessionClient	收到SessionReadiness：messageId=0e0d17d6-b7e5-4e29-9f93-deb96cb94fc3，generation=1，readiness=READY，reasonCodes=[]，acceptedSafetyStateVersion=2。
2026-10-10T00:01:29.7745990+08:00	Information	WireToGateSessionClient	会话状态发布：source=SessionReadiness，connected=True，generation=1，readiness=Ready，reasonCodes=[]，safetyStateVersion=2。
2026-10-10T00:01:29.8202514+08:00	Information	WireToGateSessionClient	会话状态发布：source=SafetyStateChanged-ack，connected=True，generation=1，readiness=Ready，reasonCodes=[]，safetyStateVersion=2。
2026-10-10T00:01:50.0252825+08:00	Information	App	服务端请求录入Sublot：station=N1-3_N1-7，revision=1，expectedSublots=L2-DA-20261009T160102920Z。 
2026-10-10T00:01:52.0417248+08:00	Information	App	服务端请求录入Sublot：station=N1-3_N1-7，revision=1，expectedSublots=L2-DA-20261009T160102920Z。 
2026-10-10T00:01:53.3440653+08:00	Information	ModbusTcpIoModuleClient	已向物理1号仓发送开锁脉冲触发，DO地址=100。硬件负责自动复位。 
2026-10-10T00:01:53.4355974+08:00	Information	ModbusTcpIoModuleClient	1号仓IO变化：DO 0->1，锁DI 1->1，光幕DI 1->1。
2026-10-10T00:01:53.4506152+08:00	Information	WireToGateBusinessService	忽略并发重复SlotOperationCommand：attempt=511aca47-e566-4c52-8f51-7bdcf59d5907。
2026-10-10T00:01:53.5457909+08:00	Information	ModbusTcpIoModuleClient	1号仓IO变化：DO 1->1，锁DI 1->0，光幕DI 1->1。
2026-10-10T00:01:53.8786109+08:00	Information	ModbusTcpIoModuleClient	1号仓IO变化：DO 1->0，锁DI 0->0，光幕DI 1->1。
2026-10-10T00:01:54.0909313+08:00	Information	WireToGateSessionClient	收到SessionReadiness：messageId=04a764e4-cb25-4fa6-aeb0-a118247cf0df，generation=1，readiness=READY，reasonCodes=[]，acceptedSafetyStateVersion=3。
2026-10-10T00:01:54.0919647+08:00	Information	WireToGateSessionClient	会话状态发布：source=SessionReadiness，connected=True，generation=1，readiness=Ready，reasonCodes=[]，safetyStateVersion=3。
2026-10-10T00:01:54.0997746+08:00	Information	WireToGateSessionClient	会话状态发布：source=SafetyStateChanged-ack，connected=True，generation=1，readiness=Ready，reasonCodes=[]，safetyStateVersion=3。
2026-10-10T00:01:54.3874590+08:00	Information	WireToGateSessionClient	收到SessionReadiness：messageId=ada44359-fed4-4555-b024-a9251a83239d，generation=1，readiness=READY，reasonCodes=[]，acceptedSafetyStateVersion=4。
2026-10-10T00:01:54.3879338+08:00	Information	WireToGateSessionClient	会话状态发布：source=SessionReadiness，connected=True，generation=1，readiness=Ready，reasonCodes=[]，safetyStateVersion=4。
2026-10-10T00:01:54.4211050+08:00	Information	WireToGateSessionClient	会话状态发布：source=SafetyStateChanged-ack，connected=True，generation=1，readiness=Ready，reasonCodes=[]，safetyStateVersion=4。
2026-10-10T00:01:54.7709594+08:00	Information	ModbusTcpIoModuleClient	1号仓IO变化：DO 0->0，锁DI 0->1，光幕DI 1->0。
2026-10-10T00:01:55.9864181+08:00	Information	WireToGateSessionClient	收到SessionReadiness：messageId=ce0e1314-aa55-4ac3-9cdb-e10855daaf08，generation=1，readiness=READY，reasonCodes=[]，acceptedSafetyStateVersion=5。
2026-10-10T00:01:55.9870465+08:00	Information	WireToGateSessionClient	会话状态发布：source=SessionReadiness，connected=True，generation=1，readiness=Ready，reasonCodes=[]，safetyStateVersion=5。
2026-10-10T00:01:56.0682875+08:00	Information	WireToGateSessionClient	会话状态发布：source=SafetyStateChanged-ack，connected=True，generation=1，readiness=Ready，reasonCodes=[]，safetyStateVersion=5。
2026-10-10T00:01:56.4750376+08:00	Information	WireToGateBusinessService	忽略并发重复SlotOperationCommand：attempt=511aca47-e566-4c52-8f51-7bdcf59d5907。
2026-10-10T00:01:57.3096059+08:00	Information	WireToGateSessionClient	接收循环失败收尾：generation=1，EndOfStreamException：ControlServer在旅程会话期间关闭了连接。
2026-10-10T00:01:57.3114072+08:00	Warning	WireToGateBusinessService	OperationResult暂未收到DurableAck：attempt=511aca47-e566-4c52-8f51-7bdcf59d5907。 | EndOfStreamException: ControlServer在旅程会话期间关闭了连接。
2026-10-10T00:01:57.3257994+08:00	Information	WireToGateSessionClient	会话状态发布：source=receive-failed，connected=False，generation=null，readiness=Disconnected，reasonCodes=[SESSION_RECOVERY_REQUIRED]，safetyStateVersion=5。
2026-10-10T00:01:57.3278110+08:00	Information	WireToGateBusinessService	判恢复入口：generation=null，readiness=Disconnected，reasonCodes=[SESSION_RECOVERY_REQUIRED]，subject=Load/fd9c041b-5fcc-47b6-826f-12597d877ec5/511aca47-e566-4c52-8f51-7bdcf59d5907（在途操作），recoveryVector=none，recoverySession=none，faultCargoHandoff=False。
2026-10-10T00:01:57.3282122+08:00	Information	WireToGateSessionClient	会话状态发布：source=disconnect，connected=False，generation=null，readiness=Disconnected，reasonCodes=[SESSION_RECOVERY_REQUIRED]，safetyStateVersion=5。
2026-10-10T00:01:57.3315895+08:00	Warning	WireToGateSessionService	上层会话不可用：ControlServer在旅程会话期间关闭了连接。。将在2秒后重连。
2026-10-10T00:01:59.3330197+08:00	Information	WireToGateSessionClient	会话状态发布：source=handshake-start，connected=False，generation=null，readiness=Recovering，reasonCodes=[]，safetyStateVersion=5。
2026-10-10T00:01:59.3344572+08:00	Information	WireToGateBusinessService	判恢复入口：generation=null，readiness=Recovering，reasonCodes=[]，subject=Load/fd9c041b-5fcc-47b6-826f-12597d877ec5/511aca47-e566-4c52-8f51-7bdcf59d5907（在途操作），recoveryVector=none，recoverySession=none，faultCargoHandoff=False。
2026-10-10T00:01:59.9361465+08:00	Information	WireToGateSessionClient	会话状态发布：source=session-accepted，connected=True，generation=2，readiness=Recovering，reasonCodes=[]，safetyStateVersion=5。
2026-10-10T00:01:59.9367545+08:00	Information	WireToGateBusinessService	判恢复入口：generation=2，readiness=Recovering，reasonCodes=[]，subject=Load/fd9c041b-5fcc-47b6-826f-12597d877ec5/511aca47-e566-4c52-8f51-7bdcf59d5907（在途操作），recoveryVector=none，recoverySession=none，faultCargoHandoff=False。
2026-10-10T00:02:01.0456826+08:00	Information	WireToGateSessionClient	收到SessionReadiness：messageId=11a8bbfc-559a-4c49-ae0a-b2c1b2d82a3b，generation=2，readiness=READY，reasonCodes=[]，acceptedSafetyStateVersion=5。
2026-10-10T00:02:01.0462536+08:00	Information	WireToGateSessionClient	会话状态发布：source=SessionReadiness，connected=True，generation=2，readiness=Ready，reasonCodes=[]，safetyStateVersion=5。
2026-10-10T00:02:01.0467582+08:00	Information	WireToGateBusinessService	判恢复入口：generation=2，readiness=Ready，reasonCodes=[]，subject=Load/fd9c041b-5fcc-47b6-826f-12597d877ec5/511aca47-e566-4c52-8f51-7bdcf59d5907（在途操作），recoveryVector=none，recoverySession=none，faultCargoHandoff=False。
2026-10-10T00:02:01.0480613+08:00	Information	WireToGateSessionService	上层会话已建立：generation=2，readiness=Ready。
2026-10-10T00:02:01.0729580+08:00	Information	WireToGateBusinessService	重连后检查授权请求：generation=2，vector=none/none，commandBound=False，结论=无待授权的补偿或修正。
2026-10-10T00:02:01.4626912+08:00	Information	WireToGateBusinessService	迟到的DurableAck已取得（重连补发或重发），补记已完成的仓位操作结果：attempt=511aca47-e566-4c52-8f51-7bdcf59d5907。
2026-10-10T00:02:01.9289666+08:00	Information	WireToGateSessionClient	收到SessionReadiness：messageId=96c9ae81-ea7a-4d24-bbff-e3662246d2f6，generation=2，readiness=READY，reasonCodes=[]，acceptedSafetyStateVersion=6。
2026-10-10T00:02:01.9295057+08:00	Information	WireToGateSessionClient	会话状态发布：source=SessionReadiness，connected=True，generation=2，readiness=Ready，reasonCodes=[]，safetyStateVersion=6。
2026-10-10T00:02:02.0130067+08:00	Information	WireToGateSessionClient	会话状态发布：source=SafetyStateChanged-ack，connected=True，generation=2，readiness=Ready，reasonCodes=[]，safetyStateVersion=6。
2026-10-10T00:02:02.7960662+08:00	Information	WireToGateBusinessService	忽略重复SlotOperationCommand：attempt=511aca47-e566-4c52-8f51-7bdcf59d5907，保留原OperationResult重放。
2026-10-10T00:02:39.4270955+08:00	Information	ModbusTcpIoModuleClient	已向物理1号仓发送开锁脉冲触发，DO地址=100。硬件负责自动复位。 
2026-10-10T00:02:39.5402210+08:00	Information	ModbusTcpIoModuleClient	1号仓IO变化：DO 0->1，锁DI 1->0，光幕DI 0->0。
2026-10-10T00:02:39.9477607+08:00	Information	ModbusTcpIoModuleClient	1号仓IO变化：DO 1->0，锁DI 0->0，光幕DI 0->0。
2026-10-10T00:02:40.0283261+08:00	Information	WireToGateSessionClient	收到SessionReadiness：messageId=3e048be1-d1d3-4ce9-b7c3-d3b0ce78d283，generation=2，readiness=READY，reasonCodes=[]，acceptedSafetyStateVersion=7。
2026-10-10T00:02:40.0292601+08:00	Information	WireToGateSessionClient	会话状态发布：source=SessionReadiness，connected=True，generation=2，readiness=Ready，reasonCodes=[]，safetyStateVersion=7。
2026-10-10T00:02:40.0751572+08:00	Information	WireToGateSessionClient	会话状态发布：source=SafetyStateChanged-ack，connected=True，generation=2，readiness=Ready，reasonCodes=[]，safetyStateVersion=7。
2026-10-10T00:02:41.0035895+08:00	Information	WireToGateSessionClient	收到SessionReadiness：messageId=0677d787-a784-4090-8845-431a32fb9ccb，generation=2，readiness=READY，reasonCodes=[]，acceptedSafetyStateVersion=8。
2026-10-10T00:02:41.0047030+08:00	Information	WireToGateSessionClient	会话状态发布：source=SessionReadiness，connected=True，generation=2，readiness=Ready，reasonCodes=[]，safetyStateVersion=8。
2026-10-10T00:02:41.0430780+08:00	Information	WireToGateSessionClient	会话状态发布：source=SafetyStateChanged-ack，connected=True，generation=2，readiness=Ready，reasonCodes=[]，safetyStateVersion=8。
2026-10-10T00:02:41.0788411+08:00	Information	WireToGateBusinessService	忽略并发重复SlotOperationCommand：attempt=705f5368-3f54-4b59-859e-e0eec537ba28。
2026-10-10T00:02:41.7223933+08:00	Information	ModbusTcpIoModuleClient	1号仓IO变化：DO 0->0，锁DI 0->0，光幕DI 0->1。
2026-10-10T00:02:41.9127690+08:00	Information	ModbusTcpIoModuleClient	1号仓IO变化：DO 0->0，锁DI 0->1，光幕DI 1->1。
2026-10-10T00:02:42.6775168+08:00	Information	WireToGateSessionClient	收到SessionReadiness：messageId=611565ab-4bde-480f-ac33-bdbbd0c4e906，generation=2，readiness=READY，reasonCodes=[]，acceptedSafetyStateVersion=9。
2026-10-10T00:02:42.6785208+08:00	Information	WireToGateSessionClient	会话状态发布：source=SessionReadiness，connected=True，generation=2，readiness=Ready，reasonCodes=[]，safetyStateVersion=9。
2026-10-10T00:02:42.7357894+08:00	Information	WireToGateSessionClient	会话状态发布：source=SafetyStateChanged-ack，connected=True，generation=2，readiness=Ready，reasonCodes=[]，safetyStateVersion=9。
2026-10-10T00:02:43.4192252+08:00	Information	WireToGateSessionClient	收到SessionReadiness：messageId=2c982126-38b4-45ae-9916-b5a57296b4af，generation=2，readiness=READY，reasonCodes=[]，acceptedSafetyStateVersion=10。
2026-10-10T00:02:43.4201706+08:00	Information	WireToGateSessionClient	会话状态发布：source=SessionReadiness，connected=True，generation=2，readiness=Ready，reasonCodes=[]，safetyStateVersion=10。
2026-10-10T00:02:43.4511000+08:00	Information	WireToGateSessionClient	会话状态发布：source=SafetyStateChanged-ack，connected=True，generation=2，readiness=Ready，reasonCodes=[]，safetyStateVersion=10。
2026-10-10T00:02:43.5162160+08:00	Information	WireToGateBusinessService	忽略并发重复SlotOperationCommand：attempt=705f5368-3f54-4b59-859e-e0eec537ba28。
2026-10-10T00:02:44.4998668+08:00	Information	WireToGateBusinessService	忽略重复SlotOperationCommand：attempt=705f5368-3f54-4b59-859e-e0eec537ba28，保留原OperationResult重放。
