<?xml version="1.0" encoding="utf-8"?>
<TestRun id="ed9574d2-3bc9-436f-b938-ac47180d714f" name="szy@LAB-WIN-01 2026-09-08 11:16:18" runUser="LAB-WIN-01\szy" xmlns="http://microsoft.com/schemas/VisualStudio/TeamTest/2010">
  <Times creation="2026-09-08T11:16:18.0906913+08:00" queuing="2026-09-08T11:16:18.0906915+08:00" start="2026-09-08T11:16:16.5420509+08:00" finish="2026-09-08T11:16:23.5993919+08:00" />
  <TestSettings name="default" id="7e1b7d8f-07d3-4733-8bf4-9207767a4b20">
    <Deployment runDeploymentRoot="szy_LAB-WIN-01_2026-09-08_11_16_18" />
  </TestSettings>
  <Results>
    <UnitTestResult executionId="b0976da5-bf99-49ff-b697-1f135f337629" testId="1629d653-38be-8fc6-3d4c-a6a256dc9813" testName="ControlServer.Tests.HttpRiotMovementGatewayTests.QueueingOrderWithoutABoundVehicleIsIdentifiedByItsAppointedKey(executeVehicle: null)" computerName="LAB-WIN-01" duration="00:00:00.0009464" startTime="2026-09-08T11:16:18.0819298+08:00" endTime="2026-09-08T11:16:18.0829236+08:00" testType="13cdc9d9-ddb5-4fa4-a97d-d965ccfc6d4b" outcome="Passed" testListId="8c84fa94-04c1-424b-9868-57a2d4851a1d" relativeResultsDirectory="b0976da5-bf99-49ff-b697-1f135f337629" />
    <UnitTestResult executionId="cd152d17-233e-46ac-90b6-09f4fc967499" testId="c15b352a-2968-08ce-bba3-8e344f0a254f" testName="ControlServer.Tests.HttpRiotMovementGatewayTests.CreateUsesSdkFrozenIntentBodyAndReturnsFrozenEvidence" computerName="LAB-WIN-01" duration="00:00:00.0699984" startTime="2026-09-08T11:16:18.0072069+08:00" endTime="2026-09-08T11:16:18.0772625+08:00" testType="13cdc9d9-ddb5-4fa4-a97d-d965ccfc6d4b" outcome="Passed" testListId="8c84fa94-04c1-424b-9868-57a2d4851a1d" relativeResultsDirectory="cd152d17-233e-46ac-90b6-09f4fc967499" />
    <UnitTestResult executionId="aa4da977-93f2-4ed7-8c32-10c9a148c6b1" testId="a3cbdb25-c154-a503-1207-77d9bcd41706" testName="ControlServer.Tests.HttpRiotMovementGatewayTests.QueueingOrderWithoutABoundVehicleIsIdentifiedByItsAppointedKey(executeVehicle: &quot;   &quot;)" computerName="LAB-WIN-01" duration="00:00:00.0001296" startTime="2026-09-08T11:16:18.0854350+08:00" endTime="2026-09-08T11:16:18.0855964+08:00" testType="13cdc9d9-ddb5-4fa4-a97d-d965ccfc6d4b" outcome="Passed" testListId="8c84fa94-04c1-424b-9868-57a2d4851a1d" relativeResultsDirectory="aa4da977-93f2-4ed7-8c32-10c9a148c6b1" />
    <UnitTestResult executionId="fceee74b-08b8-4f1c-b7b3-b97e283f6ea2" testId="950c2cd1-19f5-b55f-d86f-a2af83743902" testName="ControlServer.Tests.JourneyRuntimeWorkerTests.DepartureSafetyAnsweredPromptlyIsJudgedWhileItIsStillValid" computerName="LAB-WIN-01" duration="00:00:00.1105666" startTime="2026-09-08T11:16:21.3800565+08:00" endTime="2026-09-08T11:16:21.4906903+08:00" testType="13cdc9d9-ddb5-4fa4-a97d-d965ccfc6d4b" outcome="Passed" testListId="8c84fa94-04c1-424b-9868-57a2d4851a1d" relativeResultsDirectory="fceee74b-08b8-4f1c-b7b3-b97e283f6ea2" />
    <UnitTestResult executionId="6c46442a-c1bb-4584-b18a-5eef0cded315" testId="0fd4eab2-d236-9bf7-89d1-80dbd9249994" testName="ControlServer.Tests.OnboardMessageProcessorTests.SafeSafetyStateChangeAcknowledgesAndPublishesReadyTransition" computerName="LAB-WIN-01" duration="00:00:00.1443647" startTime="2026-09-08T11:16:19.0521727+08:00" endTime="2026-09-08T11:16:19.1965978+08:00" testType="13cdc9d9-ddb5-4fa4-a97d-d965ccfc6d4b" outcome="Passed" testListId="8c84fa94-04c1-424b-9868-57a2d4851a1d" relativeResultsDirectory="6c46442a-c1bb-4584-b18a-5eef0cded315" />
    <UnitTestResult executionId="f6aa5e91-be28-4a12-8d91-a3339db1c652" testId="ddd03016-f03b-b793-0308-379c7516b991" testName="ControlServer.Tests.JourneyRuntimeWorkerTests.UnknownPreDepartureSafetyCannotCreateTheGateOrder" computerName="LAB-WIN-01" duration="00:00:02.0702073" startTime="2026-09-08T11:16:19.3078970+08:00" endTime="2026-09-08T11:16:21.3781921+08:00" testType="13cdc9d9-ddb5-4fa4-a97d-d965ccfc6d4b" outcome="Passed" testListId="8c84fa94-04c1-424b-9868-57a2d4851a1d" relativeResultsDirectory="f6aa5e91-be28-4a12-8d91-a3339db1c652" />
    <UnitTestResult executionId="fbf6ac8e-bb3c-485f-a8a9-86dff6e76ae1" testId="d78ef031-44a5-77d5-3c6a-4b211fe53a6d" testName="ControlServer.Tests.HttpRiotMovementGatewayTests.ReconcileAbsentOrIndeterminateSdkObservationRemainsUnknownPendingContractConfirmation(body: &quot;{\&quot;code\&quot;:\&quot;0\&quot;,\&quot;message\&quot;:\&quot;成功\&quot;,\&quot;result\&quot;:{\&quot;u&quot;···)" computerName="LAB-WIN-01" duration="00:00:00.0001308" startTime="2026-09-08T11:16:17.9982048+08:00" endTime="2026-09-08T11:16:17.9983658+08:00" testType="13cdc9d9-ddb5-4fa4-a97d-d965ccfc6d4b" outcome="Passed" testListId="8c84fa94-04c1-424b-9868-57a2d4851a1d" relativeResultsDirectory="fbf6ac8e-bb3c-485f-a8a9-86dff6e76ae1" />
    <UnitTestResult executionId="d7541355-eeb0-4ce2-9968-f7bd469eda43" testId="7d396361-0cd0-92cc-9f2e-0e9c39d514a3" testName="ControlServer.Tests.HttpRiotMovementGatewayTests.ReconcileAbsentOrIndeterminateSdkObservationRemainsUnknownPendingContractConfirmation(body: &quot;{\&quot;code\&quot;:\&quot;0\&quot;,\&quot;message\&quot;:\&quot;成功\&quot;}&quot;)" computerName="LAB-WIN-01" duration="00:00:00.0001498" startTime="2026-09-08T11:16:17.9975719+08:00" endTime="2026-09-08T11:16:17.9977556+08:00" testType="13cdc9d9-ddb5-4fa4-a97d-d965ccfc6d4b" outcome="Passed" testListId="8c84fa94-04c1-424b-9868-57a2d4851a1d" relativeResultsDirectory="d7541355-eeb0-4ce2-9968-f7bd469eda43" />
    <UnitTestResult executionId="fef1223a-3e82-4e87-97cb-3914abe8af1f" testId="85b7ab38-dafa-8a30-94f1-972e840a816b" testName="ControlServer.Tests.HttpRiotMovementGatewayTests.ReconcileAbsentOrIndeterminateSdkObservationRemainsUnknownPendingContractConfirmation(body: &quot;{\&quot;code\&quot;:\&quot;0\&quot;,\&quot;message\&quot;:\&quot;成功\&quot;,\&quot;result\&quot;:null&quot;···)" computerName="LAB-WIN-01" duration="00:00:00.0008677" startTime="2026-09-08T11:16:17.9960744+08:00" endTime="2026-09-08T11:16:17.9970406+08:00" testType="13cdc9d9-ddb5-4fa4-a97d-d965ccfc6d4b" outcome="Passed" testListId="8c84fa94-04c1-424b-9868-57a2d4851a1d" relativeResultsDirectory="fef1223a-3e82-4e87-97cb-3914abe8af1f" />
    <UnitTestResult executionId="1d69eb63-c6ba-407f-8e05-04f77f8ed9e2" testId="c4a6678f-6945-7f94-4848-b52e2f17feeb" testName="ControlServer.Tests.HttpRiotMovementGatewayTests.OnceRiotBindsAVehicleTheExecutingKeyWinsOverTheAppointedOne" computerName="LAB-WIN-01" duration="00:00:00.0010084" startTime="2026-09-08T11:16:18.0860553+08:00" endTime="2026-09-08T11:16:18.0870982+08:00" testType="13cdc9d9-ddb5-4fa4-a97d-d965ccfc6d4b" outcome="Passed" testListId="8c84fa94-04c1-424b-9868-57a2d4851a1d" relativeResultsDirectory="1d69eb63-c6ba-407f-8e05-04f77f8ed9e2" />
    <UnitTestResult executionId="c12746ff-67b9-45c5-b775-7f395743772f" testId="2b59cf08-05fe-e665-6ad0-9a2357c0cacf" testName="ControlServer.Tests.ApplicationOrchestrationTests.UnknownRiotResultKeepsOriginalUpperIdAndDoesNotBlindlyCreate" computerName="LAB-WIN-01" duration="00:00:01.1569970" startTime="2026-09-08T11:16:17.9058092+08:00" endTime="2026-09-08T11:16:19.0700763+08:00" testType="13cdc9d9-ddb5-4fa4-a97d-d965ccfc6d4b" outcome="Passed" testListId="8c84fa94-04c1-424b-9868-57a2d4851a1d" relativeResultsDirectory="c12746ff-67b9-45c5-b775-7f395743772f" />
    <UnitTestResult executionId="dcb4bc22-14cb-483c-b363-c0e13232aac5" testId="e6ed9b0e-8129-c0b1-eb10-ac9219f60ef4" testName="ControlServer.Tests.ApplicationOrchestrationTests.TerminalObservationIsPersistedAndFrozenIdentityMismatchNeverConfirms" computerName="LAB-WIN-01" duration="00:00:00.1513563" startTime="2026-09-08T11:16:19.0706296+08:00" endTime="2026-09-08T11:16:19.2220348+08:00" testType="13cdc9d9-ddb5-4fa4-a97d-d965ccfc6d4b" outcome="Passed" testListId="8c84fa94-04c1-424b-9868-57a2d4851a1d" relativeResultsDirectory="dcb4bc22-14cb-483c-b363-c0e13232aac5" />
    <UnitTestResult executionId="895ebfbc-612e-40cf-a9f7-2049fa2bc796" testId="beec4ae6-e2d2-8fc6-78da-afc18264ca39" testName="ControlServer.Tests.HttpRiotMovementGatewayTests.QueueingOrderWithoutABoundVehicleIsIdentifiedByItsAppointedKey(executeVehicle: &quot; -- &quot;)" computerName="LAB-WIN-01" duration="00:00:00.0001649" startTime="2026-09-08T11:16:18.0843291+08:00" endTime="2026-09-08T11:16:18.0845374+08:00" testType="13cdc9d9-ddb5-4fa4-a97d-d965ccfc6d4b" outcome="Passed" testListId="8c84fa94-04c1-424b-9868-57a2d4851a1d" relativeResultsDirectory="895ebfbc-612e-40cf-a9f7-2049fa2bc796" />
    <UnitTestResult executionId="4336daab-7392-4eb6-94c4-f897860eae7d" testId="896b1435-e4cc-7cf7-9431-2682b97552eb" testName="ControlServer.Tests.HttpRiotMovementGatewayTests.QueueingOrderWithoutABoundVehicleIsIdentifiedByItsAppointedKey(executeVehicle: &quot;--&quot;)" computerName="LAB-WIN-01" duration="00:00:00.0001552" startTime="2026-09-08T11:16:18.0849436+08:00" endTime="2026-09-08T11:16:18.0851404+08:00" testType="13cdc9d9-ddb5-4fa4-a97d-d965ccfc6d4b" outcome="Passed" testListId="8c84fa94-04c1-424b-9868-57a2d4851a1d" relativeResultsDirectory="4336daab-7392-4eb6-94c4-f897860eae7d" />
    <UnitTestResult executionId="8493bec1-7688-44a6-9385-c708e470d3b7" testId="6fea1d2f-e02f-742d-7376-bf8c24835495" testName="ControlServer.Tests.JourneyRuntimeWorkerTests.ProductionRuntimeResumesOneJourneyThroughTrustedArrivalsAndAtomicCompletion" computerName="LAB-WIN-01" duration="00:00:02.0294016" startTime="2026-09-08T11:16:21.4916937+08:00" endTime="2026-09-08T11:16:23.5211610+08:00" testType="13cdc9d9-ddb5-4fa4-a97d-d965ccfc6d4b" outcome="Passed" testListId="8c84fa94-04c1-424b-9868-57a2d4851a1d" relativeResultsDirectory="8493bec1-7688-44a6-9385-c708e470d3b7" />
    <UnitTestResult executionId="2d42edf1-1c49-47e6-92f3-1b643a5f942d" testId="53c9fe66-35c4-81ef-ef89-aa6fd39c1593" testName="ControlServer.Tests.ApplicationOrchestrationTests.UnknownCreateOutcomeSurvivesRestartAndConfirmedAbsenceDoesNotCreateAgain" computerName="LAB-WIN-01" duration="00:00:00.0586282" startTime="2026-09-08T11:16:19.2238348+08:00" endTime="2026-09-08T11:16:19.2825237+08:00" testType="13cdc9d9-ddb5-4fa4-a97d-d965ccfc6d4b" outcome="Passed" testListId="8c84fa94-04c1-424b-9868-57a2d4851a1d" relativeResultsDirectory="2d42edf1-1c49-47e6-92f3-1b643a5f942d" />
    <UnitTestResult executionId="66a447ff-5a8d-4007-9316-8c8967232848" testId="b3d06b9a-da69-2c2e-2da5-5b1369d6ca1e" testName="ControlServer.Tests.JourneyRuntimeWorkerTests.RestartReconcilesUnknownPickupCreateWithoutSecondOrderOrIdentityChange" computerName="LAB-WIN-01" duration="00:00:01.3941462" startTime="2026-09-08T11:16:17.9058384+08:00" endTime="2026-09-08T11:16:19.3072003+08:00" testType="13cdc9d9-ddb5-4fa4-a97d-d965ccfc6d4b" outcome="Passed" testListId="8c84fa94-04c1-424b-9868-57a2d4851a1d" relativeResultsDirectory="66a447ff-5a8d-4007-9316-8c8967232848" />
    <UnitTestResult executionId="03ec6aa0-6392-4e2a-b025-c67db4df138d" testId="e737508b-a48b-3749-d47d-2da630a9419c" testName="ControlServer.Tests.HttpRiotMovementGatewayTests.QueueingOrderWithoutABoundVehicleIsIdentifiedByItsAppointedKey(executeVehicle: &quot;&quot;)" computerName="LAB-WIN-01" duration="00:00:00.0004402" startTime="2026-09-08T11:16:18.0833733+08:00" endTime="2026-09-08T11:16:18.0838765+08:00" testType="13cdc9d9-ddb5-4fa4-a97d-d965ccfc6d4b" outcome="Passed" testListId="8c84fa94-04c1-424b-9868-57a2d4851a1d" relativeResultsDirectory="03ec6aa0-6392-4e2a-b025-c67db4df138d" />
    <UnitTestResult executionId="6358a05e-f3a8-4a88-b9d6-74b153ac684d" testId="25538c03-c942-f97b-5e99-271387a48a68" testName="ControlServer.Tests.HttpRiotMovementGatewayTests.ReconcileHttp404IsConfirmedNotFound" computerName="LAB-WIN-01" duration="00:00:00.0048087" startTime="2026-09-08T11:16:18.0015651+08:00" endTime="2026-09-08T11:16:18.0064398+08:00" testType="13cdc9d9-ddb5-4fa4-a97d-d965ccfc6d4b" outcome="Passed" testListId="8c84fa94-04c1-424b-9868-57a2d4851a1d" relativeResultsDirectory="6358a05e-f3a8-4a88-b9d6-74b153ac684d" />
    <UnitTestResult executionId="e55b0c6b-22ee-4ab7-b5d2-8f4355d36061" testId="87ab6baa-a2fa-4bd2-e2a4-5abe279110f2" testName="ControlServer.Tests.OnboardJourneyPublisherTests.CoreJourneyCommandsEmitFormalSchemaPayloadsWithExactCorrelationRules" computerName="LAB-WIN-01" duration="00:00:01.1482127" startTime="2026-09-08T11:16:17.9058156+08:00" endTime="2026-09-08T11:16:19.0612450+08:00" testType="13cdc9d9-ddb5-4fa4-a97d-d965ccfc6d4b" outcome="Passed" testListId="8c84fa94-04c1-424b-9868-57a2d4851a1d" relativeResultsDirectory="e55b0c6b-22ee-4ab7-b5d2-8f4355d36061" />
    <UnitTestResult executionId="42118ed8-ca82-4754-ae4d-4d40749a47ee" testId="1ad99594-928b-7a98-60c3-1a379250c317" testName="ControlServer.Tests.HttpRiotMovementGatewayTests.ReconcileAbsentOrIndeterminateSdkObservationRemainsUnknownPendingContractConfirmation(body: &quot;{\&quot;code\&quot;:\&quot;0\&quot;,\&quot;result\&quot;:{\&quot;id\&quot;:1,\&quot;orderId\&quot;:\&quot;···)" computerName="LAB-WIN-01" duration="00:00:00.0754359" startTime="2026-09-08T11:16:17.9058463+08:00" endTime="2026-09-08T11:16:17.9910704+08:00" testType="13cdc9d9-ddb5-4fa4-a97d-d965ccfc6d4b" outcome="Passed" testListId="8c84fa94-04c1-424b-9868-57a2d4851a1d" relativeResultsDirectory="42118ed8-ca82-4754-ae4d-4d40749a47ee" />
    <UnitTestResult executionId="fed4dcb4-9c35-43cc-8b65-93a18aa27735" testId="9d8ca64b-f758-541d-8c5a-d5162a6e5d20" testName="ControlServer.Tests.WireToGateStoreTests.GateMovementRequiresFreshSafeCheckAndStableIntentIdentity" computerName="LAB-WIN-01" duration="00:00:01.0731940" startTime="2026-09-08T11:16:17.9058229+08:00" endTime="2026-09-08T11:16:18.9862760+08:00" testType="13cdc9d9-ddb5-4fa4-a97d-d965ccfc6d4b" outcome="Passed" testListId="8c84fa94-04c1-424b-9868-57a2d4851a1d" relativeResultsDirectory="fed4dcb4-9c35-43cc-8b65-93a18aa27735" />
    <UnitTestResult executionId="139b75f0-0b5e-4cab-a847-d99cafe241f5" testId="7a66b1d3-1402-9b87-f491-fb28637de467" testName="ControlServer.Tests.OnboardMessageProcessorTests.UnsafeSafetyStateChangeIsAcknowledgedThenFailClosesSessionReadiness" computerName="LAB-WIN-01" duration="00:00:01.1372963" startTime="2026-09-08T11:16:17.9058356+08:00" endTime="2026-09-08T11:16:19.0503217+08:00" testType="13cdc9d9-ddb5-4fa4-a97d-d965ccfc6d4b" outcome="Passed" testListId="8c84fa94-04c1-424b-9868-57a2d4851a1d" relativeResultsDirectory="139b75f0-0b5e-4cab-a847-d99cafe241f5" />
    <UnitTestResult executionId="97817cb5-6f18-4c16-b96a-4db21dbe5083" testId="45f28932-d5d4-e2ab-562c-1f68144b9c9a" testName="ControlServer.Tests.FakeRiotTests.CreatingAnOrderQueuesItAndTheSameUpperIdIsRefusedAsAlreadyExisting" computerName="LAB-WIN-01" duration="00:00:00.3681767" startTime="2026-09-08T11:16:17.9058514+08:00" endTime="2026-09-08T11:16:18.2820770+08:00" testType="13cdc9d9-ddb5-4fa4-a97d-d965ccfc6d4b" outcome="Passed" testListId="8c84fa94-04c1-424b-9868-57a2d4851a1d" relativeResultsDirectory="97817cb5-6f18-4c16-b96a-4db21dbe5083" />
    <UnitTestResult executionId="3bbd29c8-54be-4c65-afa1-5034ec0c6c6d" testId="300e4cc4-f903-b68b-eae6-1c793b9612e0" testName="ControlServer.Tests.HttpRiotMovementGatewayTests.ReconcileAbsentOrIndeterminateSdkObservationRemainsUnknownPendingContractConfirmation(body: &quot;{\&quot;code\&quot;:\&quot;0\&quot;,\&quot;message\&quot;:\&quot;成功\&quot;,\&quot;result\&quot;:[]}&quot;)" computerName="LAB-WIN-01" duration="00:00:00.0001246" startTime="2026-09-08T11:16:17.9987869+08:00" endTime="2026-09-08T11:16:17.9989401+08:00" testType="13cdc9d9-ddb5-4fa4-a97d-d965ccfc6d4b" outcome="Passed" testListId="8c84fa94-04c1-424b-9868-57a2d4851a1d" relativeResultsDirectory="3bbd29c8-54be-4c65-afa1-5034ec0c6c6d" />
    <UnitTestResult executionId="0afebbf9-6aae-4ee1-95e3-77b31b6ca716" testId="73a774cf-ffb1-8df3-20ba-c64a3fdd56d9" testName="ControlServer.Tests.HttpRiotMovementGatewayTests.ReconcileUsesSdkUpperIdEndpointAndParsesCompleteActiveOrder" computerName="LAB-WIN-01" duration="00:00:00.0026268" startTime="2026-09-08T11:16:18.0784426+08:00" endTime="2026-09-08T11:16:18.0811247+08:00" testType="13cdc9d9-ddb5-4fa4-a97d-d965ccfc6d4b" outcome="Passed" testListId="8c84fa94-04c1-424b-9868-57a2d4851a1d" relativeResultsDirectory="0afebbf9-6aae-4ee1-95e3-77b31b6ca716" />
    <UnitTestResult executionId="c90e9a55-a0dc-492e-a699-b03a0806b4eb" testId="2933364b-f600-e0eb-75a9-ae7aeb49927b" testName="ControlServer.Tests.ApplicationOrchestrationTests.CreateIsConfirmedOnlyByIndependentUpperIdRead" computerName="LAB-WIN-01" duration="00:00:00.0452163" startTime="2026-09-08T11:16:19.2833004+08:00" endTime="2026-09-08T11:16:19.3285659+08:00" testType="13cdc9d9-ddb5-4fa4-a97d-d965ccfc6d4b" outcome="Passed" testListId="8c84fa94-04c1-424b-9868-57a2d4851a1d" relativeResultsDirectory="c90e9a55-a0dc-492e-a699-b03a0806b4eb" />
  </Results>
  <TestDefinitions>
    <UnitTest name="ControlServer.Tests.WireToGateStoreTests.GateMovementRequiresFreshSafeCheckAndStableIntentIdentity" storage="c:\users\szy\desktop\8005-workspace\repos\8005-agv-control-server\tests\controlserver.tests\bin\release\net8.0\win-x64\controlserver.tests.dll" id="9d8ca64b-f758-541d-8c5a-d5162a6e5d20">
      <Execution id="fed4dcb4-9c35-43cc-8b65-93a18aa27735" />
      <TestMethod codeBase="C:\Users\szy\Desktop\8005-workspace\repos\8005-agv-control-server\tests\ControlServer.Tests\bin\Release\net8.0\win-x64\ControlServer.Tests.dll" adapterTypeName="executor://xunit/VsTestRunner3/netcore/" className="ControlServer.Tests.WireToGateStoreTests" name="GateMovementRequiresFreshSafeCheckAndStableIntentIdentity" />
    </UnitTest>
    <UnitTest name="ControlServer.Tests.HttpRiotMovementGatewayTests.QueueingOrderWithoutABoundVehicleIsIdentifiedByItsAppointedKey(executeVehicle: &quot; -- &quot;)" storage="c:\users\szy\desktop\8005-workspace\repos\8005-agv-control-server\tests\controlserver.tests\bin\release\net8.0\win-x64\controlserver.tests.dll" id="beec4ae6-e2d2-8fc6-78da-afc18264ca39">
      <Execution id="895ebfbc-612e-40cf-a9f7-2049fa2bc796" />
      <TestMethod codeBase="C:\Users\szy\Desktop\8005-workspace\repos\8005-agv-control-server\tests\ControlServer.Tests\bin\Release\net8.0\win-x64\ControlServer.Tests.dll" adapterTypeName="executor://xunit/VsTestRunner3/netcore/" className="ControlServer.Tests.HttpRiotMovementGatewayTests" name="QueueingOrderWithoutABoundVehicleIsIdentifiedByItsAppointedKey" />
    </UnitTest>
    <UnitTest name="ControlServer.Tests.HttpRiotMovementGatewayTests.OnceRiotBindsAVehicleTheExecutingKeyWinsOverTheAppointedOne" storage="c:\users\szy\desktop\8005-workspace\repos\8005-agv-control-server\tests\controlserver.tests\bin\release\net8.0\win-x64\controlserver.tests.dll" id="c4a6678f-6945-7f94-4848-b52e2f17feeb">
      <Execution id="1d69eb63-c6ba-407f-8e05-04f77f8ed9e2" />
      <TestMethod codeBase="C:\Users\szy\Desktop\8005-workspace\repos\8005-agv-control-server\tests\ControlServer.Tests\bin\Release\net8.0\win-x64\ControlServer.Tests.dll" adapterTypeName="executor://xunit/VsTestRunner3/netcore/" className="ControlServer.Tests.HttpRiotMovementGatewayTests" name="OnceRiotBindsAVehicleTheExecutingKeyWinsOverTheAppointedOne" />
    </UnitTest>
    <UnitTest name="ControlServer.Tests.HttpRiotMovementGatewayTests.ReconcileHttp404IsConfirmedNotFound" storage="c:\users\szy\desktop\8005-workspace\repos\8005-agv-control-server\tests\controlserver.tests\bin\release\net8.0\win-x64\controlserver.tests.dll" id="25538c03-c942-f97b-5e99-271387a48a68">
      <Execution id="6358a05e-f3a8-4a88-b9d6-74b153ac684d" />
      <TestMethod codeBase="C:\Users\szy\Desktop\8005-workspace\repos\8005-agv-control-server\tests\ControlServer.Tests\bin\Release\net8.0\win-x64\ControlServer.Tests.dll" adapterTypeName="executor://xunit/VsTestRunner3/netcore/" className="ControlServer.Tests.HttpRiotMovementGatewayTests" name="ReconcileHttp404IsConfirmedNotFound" />
    </UnitTest>
    <UnitTest name="ControlServer.Tests.HttpRiotMovementGatewayTests.ReconcileAbsentOrIndeterminateSdkObservationRemainsUnknownPendingContractConfirmation(body: &quot;{\&quot;code\&quot;:\&quot;0\&quot;,\&quot;message\&quot;:\&quot;成功\&quot;}&quot;)" storage="c:\users\szy\desktop\8005-workspace\repos\8005-agv-control-server\tests\controlserver.tests\bin\release\net8.0\win-x64\controlserver.tests.dll" id="7d396361-0cd0-92cc-9f2e-0e9c39d514a3">
      <Execution id="d7541355-eeb0-4ce2-9968-f7bd469eda43" />
      <TestMethod codeBase="C:\Users\szy\Desktop\8005-workspace\repos\8005-agv-control-server\tests\ControlServer.Tests\bin\Release\net8.0\win-x64\ControlServer.Tests.dll" adapterTypeName="executor://xunit/VsTestRunner3/netcore/" className="ControlServer.Tests.HttpRiotMovementGatewayTests" name="ReconcileAbsentOrIndeterminateSdkObservationRemainsUnknownPendingContractConfirmation" />
    </UnitTest>
    <UnitTest name="ControlServer.Tests.HttpRiotMovementGatewayTests.ReconcileAbsentOrIndeterminateSdkObservationRemainsUnknownPendingContractConfirmation(body: &quot;{\&quot;code\&quot;:\&quot;0\&quot;,\&quot;message\&quot;:\&quot;成功\&quot;,\&quot;result\&quot;:[]}&quot;)" storage="c:\users\szy\desktop\8005-workspace\repos\8005-agv-control-server\tests\controlserver.tests\bin\release\net8.0\win-x64\controlserver.tests.dll" id="300e4cc4-f903-b68b-eae6-1c793b9612e0">
      <Execution id="3bbd29c8-54be-4c65-afa1-5034ec0c6c6d" />
      <TestMethod codeBase="C:\Users\szy\Desktop\8005-workspace\repos\8005-agv-control-server\tests\ControlServer.Tests\bin\Release\net8.0\win-x64\ControlServer.Tests.dll" adapterTypeName="executor://xunit/VsTestRunner3/netcore/" className="ControlServer.Tests.HttpRiotMovementGatewayTests" name="ReconcileAbsentOrIndeterminateSdkObservationRemainsUnknownPendingContractConfirmation" />
    </UnitTest>
    <UnitTest name="ControlServer.Tests.HttpRiotMovementGatewayTests.ReconcileUsesSdkUpperIdEndpointAndParsesCompleteActiveOrder" storage="c:\users\szy\desktop\8005-workspace\repos\8005-agv-control-server\tests\controlserver.tests\bin\release\net8.0\win-x64\controlserver.tests.dll" id="73a774cf-ffb1-8df3-20ba-c64a3fdd56d9">
      <Execution id="0afebbf9-6aae-4ee1-95e3-77b31b6ca716" />
      <TestMethod codeBase="C:\Users\szy\Desktop\8005-workspace\repos\8005-agv-control-server\tests\ControlServer.Tests\bin\Release\net8.0\win-x64\ControlServer.Tests.dll" adapterTypeName="executor://xunit/VsTestRunner3/netcore/" className="ControlServer.Tests.HttpRiotMovementGatewayTests" name="ReconcileUsesSdkUpperIdEndpointAndParsesCompleteActiveOrder" />
    </UnitTest>
    <UnitTest name="ControlServer.Tests.ApplicationOrchestrationTests.CreateIsConfirmedOnlyByIndependentUpperIdRead" storage="c:\users\szy\desktop\8005-workspace\repos\8005-agv-control-server\tests\controlserver.tests\bin\release\net8.0\win-x64\controlserver.tests.dll" id="2933364b-f600-e0eb-75a9-ae7aeb49927b">
      <Execution id="c90e9a55-a0dc-492e-a699-b03a0806b4eb" />
      <TestMethod codeBase="C:\Users\szy\Desktop\8005-workspace\repos\8005-agv-control-server\tests\ControlServer.Tests\bin\Release\net8.0\win-x64\ControlServer.Tests.dll" adapterTypeName="executor://xunit/VsTestRunner3/netcore/" className="ControlServer.Tests.ApplicationOrchestrationTests" name="CreateIsConfirmedOnlyByIndependentUpperIdRead" />
    </UnitTest>
    <UnitTest name="ControlServer.Tests.ApplicationOrchestrationTests.UnknownCreateOutcomeSurvivesRestartAndConfirmedAbsenceDoesNotCreateAgain" storage="c:\users\szy\desktop\8005-workspace\repos\8005-agv-control-server\tests\controlserver.tests\bin\release\net8.0\win-x64\controlserver.tests.dll" id="53c9fe66-35c4-81ef-ef89-aa6fd39c1593">
      <Execution id="2d42edf1-1c49-47e6-92f3-1b643a5f942d" />
      <TestMethod codeBase="C:\Users\szy\Desktop\8005-workspace\repos\8005-agv-control-server\tests\ControlServer.Tests\bin\Release\net8.0\win-x64\ControlServer.Tests.dll" adapterTypeName="executor://xunit/VsTestRunner3/netcore/" className="ControlServer.Tests.ApplicationOrchestrationTests" name="UnknownCreateOutcomeSurvivesRestartAndConfirmedAbsenceDoesNotCreateAgain" />
    </UnitTest>
    <UnitTest name="ControlServer.Tests.ApplicationOrchestrationTests.TerminalObservationIsPersistedAndFrozenIdentityMismatchNeverConfirms" storage="c:\users\szy\desktop\8005-workspace\repos\8005-agv-control-server\tests\controlserver.tests\bin\release\net8.0\win-x64\controlserver.tests.dll" id="e6ed9b0e-8129-c0b1-eb10-ac9219f60ef4">
      <Execution id="dcb4bc22-14cb-483c-b363-c0e13232aac5" />
      <TestMethod codeBase="C:\Users\szy\Desktop\8005-workspace\repos\8005-agv-control-server\tests\ControlServer.Tests\bin\Release\net8.0\win-x64\ControlServer.Tests.dll" adapterTypeName="executor://xunit/VsTestRunner3/netcore/" className="ControlServer.Tests.ApplicationOrchestrationTests" name="TerminalObservationIsPersistedAndFrozenIdentityMismatchNeverConfirms" />
    </UnitTest>
    <UnitTest name="ControlServer.Tests.HttpRiotMovementGatewayTests.ReconcileAbsentOrIndeterminateSdkObservationRemainsUnknownPendingContractConfirmation(body: &quot;{\&quot;code\&quot;:\&quot;0\&quot;,\&quot;message\&quot;:\&quot;成功\&quot;,\&quot;result\&quot;:{\&quot;u&quot;···)" storage="c:\users\szy\desktop\8005-workspace\repos\8005-agv-control-server\tests\controlserver.tests\bin\release\net8.0\win-x64\controlserver.tests.dll" id="d78ef031-44a5-77d5-3c6a-4b211fe53a6d">
      <Execution id="fbf6ac8e-bb3c-485f-a8a9-86dff6e76ae1" />
      <TestMethod codeBase="C:\Users\szy\Desktop\8005-workspace\repos\8005-agv-control-server\tests\ControlServer.Tests\bin\Release\net8.0\win-x64\ControlServer.Tests.dll" adapterTypeName="executor://xunit/VsTestRunner3/netcore/" className="ControlServer.Tests.HttpRiotMovementGatewayTests" name="ReconcileAbsentOrIndeterminateSdkObservationRemainsUnknownPendingContractConfirmation" />
    </UnitTest>
    <UnitTest name="ControlServer.Tests.JourneyRuntimeWorkerTests.RestartReconcilesUnknownPickupCreateWithoutSecondOrderOrIdentityChange" storage="c:\users\szy\desktop\8005-workspace\repos\8005-agv-control-server\tests\controlserver.tests\bin\release\net8.0\win-x64\controlserver.tests.dll" id="b3d06b9a-da69-2c2e-2da5-5b1369d6ca1e">
      <Execution id="66a447ff-5a8d-4007-9316-8c8967232848" />
      <TestMethod codeBase="C:\Users\szy\Desktop\8005-workspace\repos\8005-agv-control-server\tests\ControlServer.Tests\bin\Release\net8.0\win-x64\ControlServer.Tests.dll" adapterTypeName="executor://xunit/VsTestRunner3/netcore/" className="ControlServer.Tests.JourneyRuntimeWorkerTests" name="RestartReconcilesUnknownPickupCreateWithoutSecondOrderOrIdentityChange" />
    </UnitTest>
    <UnitTest name="ControlServer.Tests.HttpRiotMovementGatewayTests.QueueingOrderWithoutABoundVehicleIsIdentifiedByItsAppointedKey(executeVehicle: &quot;--&quot;)" storage="c:\users\szy\desktop\8005-workspace\repos\8005-agv-control-server\tests\controlserver.tests\bin\release\net8.0\win-x64\controlserver.tests.dll" id="896b1435-e4cc-7cf7-9431-2682b97552eb">
      <Execution id="4336daab-7392-4eb6-94c4-f897860eae7d" />
      <TestMethod codeBase="C:\Users\szy\Desktop\8005-workspace\repos\8005-agv-control-server\tests\ControlServer.Tests\bin\Release\net8.0\win-x64\ControlServer.Tests.dll" adapterTypeName="executor://xunit/VsTestRunner3/netcore/" className="ControlServer.Tests.HttpRiotMovementGatewayTests" name="QueueingOrderWithoutABoundVehicleIsIdentifiedByItsAppointedKey" />
    </UnitTest>
    <UnitTest name="ControlServer.Tests.HttpRiotMovementGatewayTests.QueueingOrderWithoutABoundVehicleIsIdentifiedByItsAppointedKey(executeVehicle: &quot;&quot;)" storage="c:\users\szy\desktop\8005-workspace\repos\8005-agv-control-server\tests\controlserver.tests\bin\release\net8.0\win-x64\controlserver.tests.dll" id="e737508b-a48b-3749-d47d-2da630a9419c">
      <Execution id="03ec6aa0-6392-4e2a-b025-c67db4df138d" />
      <TestMethod codeBase="C:\Users\szy\Desktop\8005-workspace\repos\8005-agv-control-server\tests\ControlServer.Tests\bin\Release\net8.0\win-x64\ControlServer.Tests.dll" adapterTypeName="executor://xunit/VsTestRunner3/netcore/" className="ControlServer.Tests.HttpRiotMovementGatewayTests" name="QueueingOrderWithoutABoundVehicleIsIdentifiedByItsAppointedKey" />
    </UnitTest>
    <UnitTest name="ControlServer.Tests.OnboardJourneyPublisherTests.CoreJourneyCommandsEmitFormalSchemaPayloadsWithExactCorrelationRules" storage="c:\users\szy\desktop\8005-workspace\repos\8005-agv-control-server\tests\controlserver.tests\bin\release\net8.0\win-x64\controlserver.tests.dll" id="87ab6baa-a2fa-4bd2-e2a4-5abe279110f2">
      <Execution id="e55b0c6b-22ee-4ab7-b5d2-8f4355d36061" />
      <TestMethod codeBase="C:\Users\szy\Desktop\8005-workspace\repos\8005-agv-control-server\tests\ControlServer.Tests\bin\Release\net8.0\win-x64\ControlServer.Tests.dll" adapterTypeName="executor://xunit/VsTestRunner3/netcore/" className="ControlServer.Tests.OnboardJourneyPublisherTests" name="CoreJourneyCommandsEmitFormalSchemaPayloadsWithExactCorrelationRules" />
    </UnitTest>
    <UnitTest name="ControlServer.Tests.ApplicationOrchestrationTests.UnknownRiotResultKeepsOriginalUpperIdAndDoesNotBlindlyCreate" storage="c:\users\szy\desktop\8005-workspace\repos\8005-agv-control-server\tests\controlserver.tests\bin\release\net8.0\win-x64\controlserver.tests.dll" id="2b59cf08-05fe-e665-6ad0-9a2357c0cacf">
      <Execution id="c12746ff-67b9-45c5-b775-7f395743772f" />
      <TestMethod codeBase="C:\Users\szy\Desktop\8005-workspace\repos\8005-agv-control-server\tests\ControlServer.Tests\bin\Release\net8.0\win-x64\ControlServer.Tests.dll" adapterTypeName="executor://xunit/VsTestRunner3/netcore/" className="ControlServer.Tests.ApplicationOrchestrationTests" name="UnknownRiotResultKeepsOriginalUpperIdAndDoesNotBlindlyCreate" />
    </UnitTest>
    <UnitTest name="ControlServer.Tests.OnboardMessageProcessorTests.SafeSafetyStateChangeAcknowledgesAndPublishesReadyTransition" storage="c:\users\szy\desktop\8005-workspace\repos\8005-agv-control-server\tests\controlserver.tests\bin\release\net8.0\win-x64\controlserver.tests.dll" id="0fd4eab2-d236-9bf7-89d1-80dbd9249994">
      <Execution id="6c46442a-c1bb-4584-b18a-5eef0cded315" />
      <TestMethod codeBase="C:\Users\szy\Desktop\8005-workspace\repos\8005-agv-control-server\tests\ControlServer.Tests\bin\Release\net8.0\win-x64\ControlServer.Tests.dll" adapterTypeName="executor://xunit/VsTestRunner3/netcore/" className="ControlServer.Tests.OnboardMessageProcessorTests" name="SafeSafetyStateChangeAcknowledgesAndPublishesReadyTransition" />
    </UnitTest>
    <UnitTest name="ControlServer.Tests.FakeRiotTests.CreatingAnOrderQueuesItAndTheSameUpperIdIsRefusedAsAlreadyExisting" storage="c:\users\szy\desktop\8005-workspace\repos\8005-agv-control-server\tests\controlserver.tests\bin\release\net8.0\win-x64\controlserver.tests.dll" id="45f28932-d5d4-e2ab-562c-1f68144b9c9a">
      <Execution id="97817cb5-6f18-4c16-b96a-4db21dbe5083" />
      <TestMethod codeBase="C:\Users\szy\Desktop\8005-workspace\repos\8005-agv-control-server\tests\ControlServer.Tests\bin\Release\net8.0\win-x64\ControlServer.Tests.dll" adapterTypeName="executor://xunit/VsTestRunner3/netcore/" className="ControlServer.Tests.FakeRiotTests" name="CreatingAnOrderQueuesItAndTheSameUpperIdIsRefusedAsAlreadyExisting" />
    </UnitTest>
    <UnitTest name="ControlServer.Tests.HttpRiotMovementGatewayTests.ReconcileAbsentOrIndeterminateSdkObservationRemainsUnknownPendingContractConfirmation(body: &quot;{\&quot;code\&quot;:\&quot;0\&quot;,\&quot;message\&quot;:\&quot;成功\&quot;,\&quot;result\&quot;:null&quot;···)" storage="c:\users\szy\desktop\8005-workspace\repos\8005-agv-control-server\tests\controlserver.tests\bin\release\net8.0\win-x64\controlserver.tests.dll" id="85b7ab38-dafa-8a30-94f1-972e840a816b">
      <Execution id="fef1223a-3e82-4e87-97cb-3914abe8af1f" />
      <TestMethod codeBase="C:\Users\szy\Desktop\8005-workspace\repos\8005-agv-control-server\tests\ControlServer.Tests\bin\Release\net8.0\win-x64\ControlServer.Tests.dll" adapterTypeName="executor://xunit/VsTestRunner3/netcore/" className="ControlServer.Tests.HttpRiotMovementGatewayTests" name="ReconcileAbsentOrIndeterminateSdkObservationRemainsUnknownPendingContractConfirmation" />
    </UnitTest>
    <UnitTest name="ControlServer.Tests.HttpRiotMovementGatewayTests.QueueingOrderWithoutABoundVehicleIsIdentifiedByItsAppointedKey(executeVehicle: &quot;   &quot;)" storage="c:\users\szy\desktop\8005-workspace\repos\8005-agv-control-server\tests\controlserver.tests\bin\release\net8.0\win-x64\controlserver.tests.dll" id="a3cbdb25-c154-a503-1207-77d9bcd41706">
      <Execution id="aa4da977-93f2-4ed7-8c32-10c9a148c6b1" />
      <TestMethod codeBase="C:\Users\szy\Desktop\8005-workspace\repos\8005-agv-control-server\tests\ControlServer.Tests\bin\Release\net8.0\win-x64\ControlServer.Tests.dll" adapterTypeName="executor://xunit/VsTestRunner3/netcore/" className="ControlServer.Tests.HttpRiotMovementGatewayTests" name="QueueingOrderWithoutABoundVehicleIsIdentifiedByItsAppointedKey" />
    </UnitTest>
    <UnitTest name="ControlServer.Tests.HttpRiotMovementGatewayTests.QueueingOrderWithoutABoundVehicleIsIdentifiedByItsAppointedKey(executeVehicle: null)" storage="c:\users\szy\desktop\8005-workspace\repos\8005-agv-control-server\tests\controlserver.tests\bin\release\net8.0\win-x64\controlserver.tests.dll" id="1629d653-38be-8fc6-3d4c-a6a256dc9813">
      <Execution id="b0976da5-bf99-49ff-b697-1f135f337629" />
      <TestMethod codeBase="C:\Users\szy\Desktop\8005-workspace\repos\8005-agv-control-server\tests\ControlServer.Tests\bin\Release\net8.0\win-x64\ControlServer.Tests.dll" adapterTypeName="executor://xunit/VsTestRunner3/netcore/" className="ControlServer.Tests.HttpRiotMovementGatewayTests" name="QueueingOrderWithoutABoundVehicleIsIdentifiedByItsAppointedKey" />
    </UnitTest>
    <UnitTest name="ControlServer.Tests.JourneyRuntimeWorkerTests.ProductionRuntimeResumesOneJourneyThroughTrustedArrivalsAndAtomicCompletion" storage="c:\users\szy\desktop\8005-workspace\repos\8005-agv-control-server\tests\controlserver.tests\bin\release\net8.0\win-x64\controlserver.tests.dll" id="6fea1d2f-e02f-742d-7376-bf8c24835495">
      <Execution id="8493bec1-7688-44a6-9385-c708e470d3b7" />
      <TestMethod codeBase="C:\Users\szy\Desktop\8005-workspace\repos\8005-agv-control-server\tests\ControlServer.Tests\bin\Release\net8.0\win-x64\ControlServer.Tests.dll" adapterTypeName="executor://xunit/VsTestRunner3/netcore/" className="ControlServer.Tests.JourneyRuntimeWorkerTests" name="ProductionRuntimeResumesOneJourneyThroughTrustedArrivalsAndAtomicCompletion" />
    </UnitTest>
    <UnitTest name="ControlServer.Tests.HttpRiotMovementGatewayTests.ReconcileAbsentOrIndeterminateSdkObservationRemainsUnknownPendingContractConfirmation(body: &quot;{\&quot;code\&quot;:\&quot;0\&quot;,\&quot;result\&quot;:{\&quot;id\&quot;:1,\&quot;orderId\&quot;:\&quot;···)" storage="c:\users\szy\desktop\8005-workspace\repos\8005-agv-control-server\tests\controlserver.tests\bin\release\net8.0\win-x64\controlserver.tests.dll" id="1ad99594-928b-7a98-60c3-1a379250c317">
      <Execution id="42118ed8-ca82-4754-ae4d-4d40749a47ee" />
      <TestMethod codeBase="C:\Users\szy\Desktop\8005-workspace\repos\8005-agv-control-server\tests\ControlServer.Tests\bin\Release\net8.0\win-x64\ControlServer.Tests.dll" adapterTypeName="executor://xunit/VsTestRunner3/netcore/" className="ControlServer.Tests.HttpRiotMovementGatewayTests" name="ReconcileAbsentOrIndeterminateSdkObservationRemainsUnknownPendingContractConfirmation" />
    </UnitTest>
    <UnitTest name="ControlServer.Tests.OnboardMessageProcessorTests.UnsafeSafetyStateChangeIsAcknowledgedThenFailClosesSessionReadiness" storage="c:\users\szy\desktop\8005-workspace\repos\8005-agv-control-server\tests\controlserver.tests\bin\release\net8.0\win-x64\controlserver.tests.dll" id="7a66b1d3-1402-9b87-f491-fb28637de467">
      <Execution id="139b75f0-0b5e-4cab-a847-d99cafe241f5" />
      <TestMethod codeBase="C:\Users\szy\Desktop\8005-workspace\repos\8005-agv-control-server\tests\ControlServer.Tests\bin\Release\net8.0\win-x64\ControlServer.Tests.dll" adapterTypeName="executor://xunit/VsTestRunner3/netcore/" className="ControlServer.Tests.OnboardMessageProcessorTests" name="UnsafeSafetyStateChangeIsAcknowledgedThenFailClosesSessionReadiness" />
    </UnitTest>
    <UnitTest name="ControlServer.Tests.JourneyRuntimeWorkerTests.UnknownPreDepartureSafetyCannotCreateTheGateOrder" storage="c:\users\szy\desktop\8005-workspace\repos\8005-agv-control-server\tests\controlserver.tests\bin\release\net8.0\win-x64\controlserver.tests.dll" id="ddd03016-f03b-b793-0308-379c7516b991">
      <Execution id="f6aa5e91-be28-4a12-8d91-a3339db1c652" />
      <TestMethod codeBase="C:\Users\szy\Desktop\8005-workspace\repos\8005-agv-control-server\tests\ControlServer.Tests\bin\Release\net8.0\win-x64\ControlServer.Tests.dll" adapterTypeName="executor://xunit/VsTestRunner3/netcore/" className="ControlServer.Tests.JourneyRuntimeWorkerTests" name="UnknownPreDepartureSafetyCannotCreateTheGateOrder" />
    </UnitTest>
    <UnitTest name="ControlServer.Tests.HttpRiotMovementGatewayTests.CreateUsesSdkFrozenIntentBodyAndReturnsFrozenEvidence" storage="c:\users\szy\desktop\8005-workspace\repos\8005-agv-control-server\tests\controlserver.tests\bin\release\net8.0\win-x64\controlserver.tests.dll" id="c15b352a-2968-08ce-bba3-8e344f0a254f">
      <Execution id="cd152d17-233e-46ac-90b6-09f4fc967499" />
      <TestMethod codeBase="C:\Users\szy\Desktop\8005-workspace\repos\8005-agv-control-server\tests\ControlServer.Tests\bin\Release\net8.0\win-x64\ControlServer.Tests.dll" adapterTypeName="executor://xunit/VsTestRunner3/netcore/" className="ControlServer.Tests.HttpRiotMovementGatewayTests" name="CreateUsesSdkFrozenIntentBodyAndReturnsFrozenEvidence" />
    </UnitTest>
    <UnitTest name="ControlServer.Tests.JourneyRuntimeWorkerTests.DepartureSafetyAnsweredPromptlyIsJudgedWhileItIsStillValid" storage="c:\users\szy\desktop\8005-workspace\repos\8005-agv-control-server\tests\controlserver.tests\bin\release\net8.0\win-x64\controlserver.tests.dll" id="950c2cd1-19f5-b55f-d86f-a2af83743902">
      <Execution id="fceee74b-08b8-4f1c-b7b3-b97e283f6ea2" />
      <TestMethod codeBase="C:\Users\szy\Desktop\8005-workspace\repos\8005-agv-control-server\tests\ControlServer.Tests\bin\Release\net8.0\win-x64\ControlServer.Tests.dll" adapterTypeName="executor://xunit/VsTestRunner3/netcore/" className="ControlServer.Tests.JourneyRuntimeWorkerTests" name="DepartureSafetyAnsweredPromptlyIsJudgedWhileItIsStillValid" />
    </UnitTest>
  </TestDefinitions>
  <TestEntries>
    <TestEntry testId="1629d653-38be-8fc6-3d4c-a6a256dc9813" executionId="b0976da5-bf99-49ff-b697-1f135f337629" testListId="8c84fa94-04c1-424b-9868-57a2d4851a1d" />
    <TestEntry testId="c15b352a-2968-08ce-bba3-8e344f0a254f" executionId="cd152d17-233e-46ac-90b6-09f4fc967499" testListId="8c84fa94-04c1-424b-9868-57a2d4851a1d" />
    <TestEntry testId="a3cbdb25-c154-a503-1207-77d9bcd41706" executionId="aa4da977-93f2-4ed7-8c32-10c9a148c6b1" testListId="8c84fa94-04c1-424b-9868-57a2d4851a1d" />
    <TestEntry testId="950c2cd1-19f5-b55f-d86f-a2af83743902" executionId="fceee74b-08b8-4f1c-b7b3-b97e283f6ea2" testListId="8c84fa94-04c1-424b-9868-57a2d4851a1d" />
    <TestEntry testId="0fd4eab2-d236-9bf7-89d1-80dbd9249994" executionId="6c46442a-c1bb-4584-b18a-5eef0cded315" testListId="8c84fa94-04c1-424b-9868-57a2d4851a1d" />
    <TestEntry testId="ddd03016-f03b-b793-0308-379c7516b991" executionId="f6aa5e91-be28-4a12-8d91-a3339db1c652" testListId="8c84fa94-04c1-424b-9868-57a2d4851a1d" />
    <TestEntry testId="d78ef031-44a5-77d5-3c6a-4b211fe53a6d" executionId="fbf6ac8e-bb3c-485f-a8a9-86dff6e76ae1" testListId="8c84fa94-04c1-424b-9868-57a2d4851a1d" />
    <TestEntry testId="7d396361-0cd0-92cc-9f2e-0e9c39d514a3" executionId="d7541355-eeb0-4ce2-9968-f7bd469eda43" testListId="8c84fa94-04c1-424b-9868-57a2d4851a1d" />
    <TestEntry testId="85b7ab38-dafa-8a30-94f1-972e840a816b" executionId="fef1223a-3e82-4e87-97cb-3914abe8af1f" testListId="8c84fa94-04c1-424b-9868-57a2d4851a1d" />
    <TestEntry testId="c4a6678f-6945-7f94-4848-b52e2f17feeb" executionId="1d69eb63-c6ba-407f-8e05-04f77f8ed9e2" testListId="8c84fa94-04c1-424b-9868-57a2d4851a1d" />
    <TestEntry testId="2b59cf08-05fe-e665-6ad0-9a2357c0cacf" executionId="c12746ff-67b9-45c5-b775-7f395743772f" testListId="8c84fa94-04c1-424b-9868-57a2d4851a1d" />
    <TestEntry testId="e6ed9b0e-8129-c0b1-eb10-ac9219f60ef4" executionId="dcb4bc22-14cb-483c-b363-c0e13232aac5" testListId="8c84fa94-04c1-424b-9868-57a2d4851a1d" />
    <TestEntry testId="beec4ae6-e2d2-8fc6-78da-afc18264ca39" executionId="895ebfbc-612e-40cf-a9f7-2049fa2bc796" testListId="8c84fa94-04c1-424b-9868-57a2d4851a1d" />
    <TestEntry testId="896b1435-e4cc-7cf7-9431-2682b97552eb" executionId="4336daab-7392-4eb6-94c4-f897860eae7d" testListId="8c84fa94-04c1-424b-9868-57a2d4851a1d" />
    <TestEntry testId="6fea1d2f-e02f-742d-7376-bf8c24835495" executionId="8493bec1-7688-44a6-9385-c708e470d3b7" testListId="8c84fa94-04c1-424b-9868-57a2d4851a1d" />
    <TestEntry testId="53c9fe66-35c4-81ef-ef89-aa6fd39c1593" executionId="2d42edf1-1c49-47e6-92f3-1b643a5f942d" testListId="8c84fa94-04c1-424b-9868-57a2d4851a1d" />
    <TestEntry testId="b3d06b9a-da69-2c2e-2da5-5b1369d6ca1e" executionId="66a447ff-5a8d-4007-9316-8c8967232848" testListId="8c84fa94-04c1-424b-9868-57a2d4851a1d" />
    <TestEntry testId="e737508b-a48b-3749-d47d-2da630a9419c" executionId="03ec6aa0-6392-4e2a-b025-c67db4df138d" testListId="8c84fa94-04c1-424b-9868-57a2d4851a1d" />
    <TestEntry testId="25538c03-c942-f97b-5e99-271387a48a68" executionId="6358a05e-f3a8-4a88-b9d6-74b153ac684d" testListId="8c84fa94-04c1-424b-9868-57a2d4851a1d" />
    <TestEntry testId="87ab6baa-a2fa-4bd2-e2a4-5abe279110f2" executionId="e55b0c6b-22ee-4ab7-b5d2-8f4355d36061" testListId="8c84fa94-04c1-424b-9868-57a2d4851a1d" />
    <TestEntry testId="1ad99594-928b-7a98-60c3-1a379250c317" executionId="42118ed8-ca82-4754-ae4d-4d40749a47ee" testListId="8c84fa94-04c1-424b-9868-57a2d4851a1d" />
    <TestEntry testId="9d8ca64b-f758-541d-8c5a-d5162a6e5d20" executionId="fed4dcb4-9c35-43cc-8b65-93a18aa27735" testListId="8c84fa94-04c1-424b-9868-57a2d4851a1d" />
    <TestEntry testId="7a66b1d3-1402-9b87-f491-fb28637de467" executionId="139b75f0-0b5e-4cab-a847-d99cafe241f5" testListId="8c84fa94-04c1-424b-9868-57a2d4851a1d" />
    <TestEntry testId="45f28932-d5d4-e2ab-562c-1f68144b9c9a" executionId="97817cb5-6f18-4c16-b96a-4db21dbe5083" testListId="8c84fa94-04c1-424b-9868-57a2d4851a1d" />
    <TestEntry testId="300e4cc4-f903-b68b-eae6-1c793b9612e0" executionId="3bbd29c8-54be-4c65-afa1-5034ec0c6c6d" testListId="8c84fa94-04c1-424b-9868-57a2d4851a1d" />
    <TestEntry testId="73a774cf-ffb1-8df3-20ba-c64a3fdd56d9" executionId="0afebbf9-6aae-4ee1-95e3-77b31b6ca716" testListId="8c84fa94-04c1-424b-9868-57a2d4851a1d" />
    <TestEntry testId="2933364b-f600-e0eb-75a9-ae7aeb49927b" executionId="c90e9a55-a0dc-492e-a699-b03a0806b4eb" testListId="8c84fa94-04c1-424b-9868-57a2d4851a1d" />
  </TestEntries>
  <TestLists>
    <TestList name="Results Not in a List" id="8c84fa94-04c1-424b-9868-57a2d4851a1d" />
    <TestList name="All Loaded Results" id="19431567-8539-422a-85d7-44ee4e166bda" />
  </TestLists>
  <ResultSummary outcome="Completed">
    <Counters total="27" executed="27" passed="27" failed="0" error="0" timeout="0" aborted="0" inconclusive="0" passedButRunAborted="0" notRunnable="0" notExecuted="0" disconnected="0" warning="0" completed="0" inProgress="0" pending="0" />
    <Output>
      <StdOut>[xUnit.net 00:00:00.00] xUnit.net VSTest Adapter v3.1.5+1b188a7b0a (64-bit .NET 8.0.30)&#xD;
[xUnit.net 00:00:00.24]   Discovering: ControlServer.Tests&#xD;
[xUnit.net 00:00:00.61]   Discovered:  ControlServer.Tests&#xD;
[xUnit.net 00:00:00.82]   Starting:    ControlServer.Tests&#xD;
[xUnit.net 00:00:06.51]   Finished:    ControlServer.Tests (ID = '5f32e3228d37e5cb3e7bc60b239275389dd116eb20728c9edbbdde1b1bccd0e8')&#xD;
</StdOut>
    </Output>
  </ResultSummary>
</TestRun>