2026-09-10T16:28:40.0654803+08:00	Information	App	车载端启动：agvId=AGV-L2-001，environment=Development，version=0.2.0-safety-mock-travel+588819d6c62e7b386c25fa5aa24a5264a55a33cf。
2026-09-10T16:28:41.7941431+08:00	Information	ModbusTcpIoModuleClient	已连接IO模块 127.0.0.1:58312，UnitId=255。
2026-09-10T16:28:41.8236370+08:00	Information	OnboardController	IO模块在线。
2026-09-10T16:28:41.8265030+08:00	Information	OnboardController	启动IO安全快照验证通过。
2026-09-10T16:28:42.5027125+08:00	Information	WireToGateSessionService	上层会话已建立：generation=1，readiness=Ready。
2026-09-10T16:28:46.1376691+08:00	Information	App	服务端请求录入Sublot：demandId=019f3e7c-ccd7-4127-a020-044612d8ebe9，revision=1。 
2026-09-10T16:28:46.7027002+08:00	Information	App	服务端请求录入Sublot：demandId=019f3e7c-ccd7-4127-a020-044612d8ebe9，revision=1。 
2026-09-10T16:28:47.7042391+08:00	Information	App	服务端请求录入Sublot：demandId=019f3e7c-ccd7-4127-a020-044612d8ebe9，revision=1。 
2026-09-10T16:28:47.9504999+08:00	Information	ModbusTcpIoModuleClient	已向物理1号仓发送开锁脉冲触发，DO地址=100。硬件负责自动复位。 
2026-09-10T16:28:47.9775058+08:00	Information	ModbusTcpIoModuleClient	1号仓IO变化：DO 0->1，锁DI 1->1，光幕DI 1->1。
2026-09-10T16:28:48.1066144+08:00	Information	ModbusTcpIoModuleClient	1号仓IO变化：DO 1->1，锁DI 1->0，光幕DI 1->1。
2026-09-10T16:28:48.5582699+08:00	Information	ModbusTcpIoModuleClient	1号仓IO变化：DO 1->0，锁DI 0->0，光幕DI 1->1。
2026-09-10T16:28:48.7112672+08:00	Information	WireToGateBusinessService	忽略并发重复SlotOperationCommand：attempt=38b51ae7-be2e-3a59-8a7c-5742cf0360c5。
2026-09-10T16:28:49.2258221+08:00	Information	ModbusTcpIoModuleClient	1号仓IO变化：DO 0->0，锁DI 0->1，光幕DI 1->1。
2026-09-10T16:28:49.6262218+08:00	Information	ModbusTcpIoModuleClient	已向物理1号仓发送开锁脉冲触发，DO地址=100。硬件负责自动复位。 
2026-09-10T16:28:49.6751721+08:00	Information	ModbusTcpIoModuleClient	1号仓IO变化：DO 0->1，锁DI 1->1，光幕DI 1->1。
2026-09-10T16:28:49.7250935+08:00	Information	WireToGateBusinessService	忽略并发重复SlotOperationCommand：attempt=38b51ae7-be2e-3a59-8a7c-5742cf0360c5。
2026-09-10T16:28:49.7997226+08:00	Information	ModbusTcpIoModuleClient	1号仓IO变化：DO 1->1，锁DI 1->0，光幕DI 1->1。
2026-09-10T16:28:50.1448164+08:00	Information	ModbusTcpIoModuleClient	1号仓IO变化：DO 1->0，锁DI 0->0，光幕DI 1->1。
2026-09-10T16:28:50.7016334+08:00	Information	WireToGateBusinessService	忽略并发重复SlotOperationCommand：attempt=38b51ae7-be2e-3a59-8a7c-5742cf0360c5。
2026-09-10T16:28:51.0294843+08:00	Information	ModbusTcpIoModuleClient	1号仓IO变化：DO 0->0，锁DI 0->1，光幕DI 1->1。
2026-09-10T16:28:51.4290675+08:00	Information	ModbusTcpIoModuleClient	已向物理1号仓发送开锁脉冲触发，DO地址=100。硬件负责自动复位。 
2026-09-10T16:28:51.4794825+08:00	Information	ModbusTcpIoModuleClient	1号仓IO变化：DO 0->1，锁DI 1->1，光幕DI 1->1。
2026-09-10T16:28:51.6035019+08:00	Information	ModbusTcpIoModuleClient	1号仓IO变化：DO 1->1，锁DI 1->0，光幕DI 1->1。
2026-09-10T16:28:51.6972447+08:00	Information	WireToGateBusinessService	忽略并发重复SlotOperationCommand：attempt=38b51ae7-be2e-3a59-8a7c-5742cf0360c5。
2026-09-10T16:28:51.9330438+08:00	Information	ModbusTcpIoModuleClient	1号仓IO变化：DO 1->0，锁DI 0->0，光幕DI 1->1。
2026-09-10T16:28:52.5972156+08:00	Information	ModbusTcpIoModuleClient	1号仓IO变化：DO 0->0，锁DI 0->1，光幕DI 1->0。
2026-09-10T16:28:52.7043896+08:00	Information	WireToGateBusinessService	忽略并发重复SlotOperationCommand：attempt=38b51ae7-be2e-3a59-8a7c-5742cf0360c5。
2026-09-10T16:28:53.7007094+08:00	Information	WireToGateBusinessService	忽略重复SlotOperationCommand：attempt=38b51ae7-be2e-3a59-8a7c-5742cf0360c5，保留原OperationResult重放。
2026-09-10T16:28:54.9113349+08:00	Information	App	服务端请求录入Sublot：demandId=155e4995-98a4-4f8e-8b09-5a9404c9f1e3，revision=2。 
2026-09-10T16:28:55.7073477+08:00	Information	App	服务端请求录入Sublot：demandId=155e4995-98a4-4f8e-8b09-5a9404c9f1e3，revision=2。 
2026-09-10T16:28:55.8156241+08:00	Information	ModbusTcpIoModuleClient	已向物理2号仓发送开锁脉冲触发，DO地址=101。硬件负责自动复位。 
2026-09-10T16:28:55.8644333+08:00	Information	ModbusTcpIoModuleClient	2号仓IO变化：DO 0->1，锁DI 1->1，光幕DI 1->1。
2026-09-10T16:28:55.9874622+08:00	Information	ModbusTcpIoModuleClient	2号仓IO变化：DO 1->1，锁DI 1->0，光幕DI 1->1。
2026-09-10T16:28:56.3307568+08:00	Information	ModbusTcpIoModuleClient	2号仓IO变化：DO 1->0，锁DI 0->0，光幕DI 1->1。
2026-09-10T16:28:56.7112751+08:00	Information	WireToGateBusinessService	忽略并发重复SlotOperationCommand：attempt=8c62602b-aeb4-4d5c-a649-5f325c11053e。
2026-09-10T16:28:57.7033105+08:00	Information	WireToGateBusinessService	忽略并发重复SlotOperationCommand：attempt=8c62602b-aeb4-4d5c-a649-5f325c11053e。
2026-09-10T16:28:58.6965174+08:00	Information	WireToGateBusinessService	忽略并发重复SlotOperationCommand：attempt=8c62602b-aeb4-4d5c-a649-5f325c11053e。
2026-09-10T16:28:59.7008709+08:00	Information	WireToGateBusinessService	忽略并发重复SlotOperationCommand：attempt=8c62602b-aeb4-4d5c-a649-5f325c11053e。
2026-09-10T16:29:00.7084587+08:00	Information	WireToGateBusinessService	忽略并发重复SlotOperationCommand：attempt=8c62602b-aeb4-4d5c-a649-5f325c11053e。
2026-09-10T16:29:01.6955823+08:00	Information	WireToGateBusinessService	忽略并发重复SlotOperationCommand：attempt=8c62602b-aeb4-4d5c-a649-5f325c11053e。
2026-09-10T16:29:02.7021033+08:00	Information	WireToGateBusinessService	忽略并发重复SlotOperationCommand：attempt=8c62602b-aeb4-4d5c-a649-5f325c11053e。
2026-09-10T16:29:03.7003501+08:00	Information	WireToGateBusinessService	忽略并发重复SlotOperationCommand：attempt=8c62602b-aeb4-4d5c-a649-5f325c11053e。
2026-09-10T16:29:04.6954377+08:00	Information	WireToGateBusinessService	忽略并发重复SlotOperationCommand：attempt=8c62602b-aeb4-4d5c-a649-5f325c11053e。
2026-09-10T16:29:05.7048399+08:00	Information	WireToGateBusinessService	忽略并发重复SlotOperationCommand：attempt=8c62602b-aeb4-4d5c-a649-5f325c11053e。
2026-09-10T16:29:06.7077829+08:00	Information	WireToGateBusinessService	忽略并发重复SlotOperationCommand：attempt=8c62602b-aeb4-4d5c-a649-5f325c11053e。
2026-09-10T16:29:07.7047974+08:00	Information	WireToGateBusinessService	忽略并发重复SlotOperationCommand：attempt=8c62602b-aeb4-4d5c-a649-5f325c11053e。
2026-09-10T16:29:08.7013389+08:00	Information	WireToGateBusinessService	忽略并发重复SlotOperationCommand：attempt=8c62602b-aeb4-4d5c-a649-5f325c11053e。
2026-09-10T16:29:09.7012642+08:00	Information	WireToGateBusinessService	忽略并发重复SlotOperationCommand：attempt=8c62602b-aeb4-4d5c-a649-5f325c11053e。
2026-09-10T16:29:10.7121898+08:00	Information	WireToGateBusinessService	忽略并发重复SlotOperationCommand：attempt=8c62602b-aeb4-4d5c-a649-5f325c11053e。
2026-09-10T16:29:11.7011099+08:00	Information	WireToGateBusinessService	忽略并发重复SlotOperationCommand：attempt=8c62602b-aeb4-4d5c-a649-5f325c11053e。
2026-09-10T16:29:12.6960549+08:00	Information	WireToGateBusinessService	忽略并发重复SlotOperationCommand：attempt=8c62602b-aeb4-4d5c-a649-5f325c11053e。
2026-09-10T16:29:13.7077470+08:00	Information	WireToGateBusinessService	忽略并发重复SlotOperationCommand：attempt=8c62602b-aeb4-4d5c-a649-5f325c11053e。
2026-09-10T16:29:14.7029580+08:00	Information	WireToGateBusinessService	忽略并发重复SlotOperationCommand：attempt=8c62602b-aeb4-4d5c-a649-5f325c11053e。
2026-09-10T16:29:15.6980474+08:00	Information	WireToGateBusinessService	忽略并发重复SlotOperationCommand：attempt=8c62602b-aeb4-4d5c-a649-5f325c11053e。
2026-09-10T16:29:16.7080748+08:00	Information	WireToGateBusinessService	忽略并发重复SlotOperationCommand：attempt=8c62602b-aeb4-4d5c-a649-5f325c11053e。
2026-09-10T16:29:17.6998869+08:00	Information	WireToGateBusinessService	忽略并发重复SlotOperationCommand：attempt=8c62602b-aeb4-4d5c-a649-5f325c11053e。
2026-09-10T16:29:18.6916799+08:00	Information	WireToGateBusinessService	忽略并发重复SlotOperationCommand：attempt=8c62602b-aeb4-4d5c-a649-5f325c11053e。
2026-09-10T16:29:19.7027936+08:00	Information	WireToGateBusinessService	忽略并发重复SlotOperationCommand：attempt=8c62602b-aeb4-4d5c-a649-5f325c11053e。
2026-09-10T16:29:20.6952341+08:00	Information	WireToGateBusinessService	忽略并发重复SlotOperationCommand：attempt=8c62602b-aeb4-4d5c-a649-5f325c11053e。
2026-09-10T16:29:21.6999510+08:00	Information	WireToGateBusinessService	忽略并发重复SlotOperationCommand：attempt=8c62602b-aeb4-4d5c-a649-5f325c11053e。
2026-09-10T16:29:22.6938385+08:00	Information	WireToGateBusinessService	忽略并发重复SlotOperationCommand：attempt=8c62602b-aeb4-4d5c-a649-5f325c11053e。
2026-09-10T16:29:23.7047858+08:00	Information	WireToGateBusinessService	忽略并发重复SlotOperationCommand：attempt=8c62602b-aeb4-4d5c-a649-5f325c11053e。
2026-09-10T16:29:24.7007593+08:00	Information	WireToGateBusinessService	忽略并发重复SlotOperationCommand：attempt=8c62602b-aeb4-4d5c-a649-5f325c11053e。
2026-09-10T16:29:25.6985236+08:00	Information	WireToGateBusinessService	忽略并发重复SlotOperationCommand：attempt=8c62602b-aeb4-4d5c-a649-5f325c11053e。
2026-09-10T16:29:26.7052402+08:00	Information	WireToGateBusinessService	忽略并发重复SlotOperationCommand：attempt=8c62602b-aeb4-4d5c-a649-5f325c11053e。
2026-09-10T16:29:27.7021214+08:00	Information	WireToGateBusinessService	忽略并发重复SlotOperationCommand：attempt=8c62602b-aeb4-4d5c-a649-5f325c11053e。
2026-09-10T16:29:28.6932089+08:00	Information	WireToGateBusinessService	忽略并发重复SlotOperationCommand：attempt=8c62602b-aeb4-4d5c-a649-5f325c11053e。
2026-09-10T16:29:29.7078689+08:00	Information	WireToGateBusinessService	忽略并发重复SlotOperationCommand：attempt=8c62602b-aeb4-4d5c-a649-5f325c11053e。
2026-09-10T16:29:30.6973259+08:00	Information	WireToGateBusinessService	忽略并发重复SlotOperationCommand：attempt=8c62602b-aeb4-4d5c-a649-5f325c11053e。
2026-09-10T16:29:31.6965098+08:00	Information	WireToGateBusinessService	忽略并发重复SlotOperationCommand：attempt=8c62602b-aeb4-4d5c-a649-5f325c11053e。
2026-09-10T16:29:32.6939062+08:00	Information	WireToGateBusinessService	忽略并发重复SlotOperationCommand：attempt=8c62602b-aeb4-4d5c-a649-5f325c11053e。
2026-09-10T16:29:33.7105329+08:00	Information	WireToGateBusinessService	忽略并发重复SlotOperationCommand：attempt=8c62602b-aeb4-4d5c-a649-5f325c11053e。
2026-09-10T16:29:34.7047287+08:00	Information	WireToGateBusinessService	忽略并发重复SlotOperationCommand：attempt=8c62602b-aeb4-4d5c-a649-5f325c11053e。
2026-09-10T16:29:35.7068459+08:00	Information	WireToGateBusinessService	忽略并发重复SlotOperationCommand：attempt=8c62602b-aeb4-4d5c-a649-5f325c11053e。
2026-09-10T16:29:36.7039804+08:00	Information	WireToGateBusinessService	忽略并发重复SlotOperationCommand：attempt=8c62602b-aeb4-4d5c-a649-5f325c11053e。
2026-09-10T16:29:37.6960240+08:00	Information	WireToGateBusinessService	忽略并发重复SlotOperationCommand：attempt=8c62602b-aeb4-4d5c-a649-5f325c11053e。
2026-09-10T16:29:38.7047500+08:00	Information	WireToGateBusinessService	忽略并发重复SlotOperationCommand：attempt=8c62602b-aeb4-4d5c-a649-5f325c11053e。
2026-09-10T16:29:39.6940543+08:00	Information	WireToGateBusinessService	忽略并发重复SlotOperationCommand：attempt=8c62602b-aeb4-4d5c-a649-5f325c11053e。
2026-09-10T16:29:40.7054891+08:00	Information	WireToGateBusinessService	忽略并发重复SlotOperationCommand：attempt=8c62602b-aeb4-4d5c-a649-5f325c11053e。
2026-09-10T16:29:41.6967940+08:00	Information	WireToGateBusinessService	忽略并发重复SlotOperationCommand：attempt=8c62602b-aeb4-4d5c-a649-5f325c11053e。
2026-09-10T16:29:42.7035270+08:00	Information	WireToGateBusinessService	忽略并发重复SlotOperationCommand：attempt=8c62602b-aeb4-4d5c-a649-5f325c11053e。
2026-09-10T16:29:43.6955878+08:00	Information	WireToGateBusinessService	忽略并发重复SlotOperationCommand：attempt=8c62602b-aeb4-4d5c-a649-5f325c11053e。
2026-09-10T16:29:44.6967582+08:00	Information	WireToGateBusinessService	忽略并发重复SlotOperationCommand：attempt=8c62602b-aeb4-4d5c-a649-5f325c11053e。
2026-09-10T16:29:45.7056325+08:00	Information	WireToGateBusinessService	忽略并发重复SlotOperationCommand：attempt=8c62602b-aeb4-4d5c-a649-5f325c11053e。
2026-09-10T16:29:46.7029939+08:00	Information	WireToGateBusinessService	忽略并发重复SlotOperationCommand：attempt=8c62602b-aeb4-4d5c-a649-5f325c11053e。
2026-09-10T16:29:47.6974003+08:00	Information	WireToGateBusinessService	忽略并发重复SlotOperationCommand：attempt=8c62602b-aeb4-4d5c-a649-5f325c11053e。
2026-09-10T16:29:48.6937245+08:00	Information	WireToGateBusinessService	忽略并发重复SlotOperationCommand：attempt=8c62602b-aeb4-4d5c-a649-5f325c11053e。
2026-09-10T16:29:49.7000042+08:00	Information	WireToGateBusinessService	忽略并发重复SlotOperationCommand：attempt=8c62602b-aeb4-4d5c-a649-5f325c11053e。
2026-09-10T16:29:50.6919835+08:00	Information	WireToGateBusinessService	忽略并发重复SlotOperationCommand：attempt=8c62602b-aeb4-4d5c-a649-5f325c11053e。
2026-09-10T16:29:51.7063649+08:00	Information	WireToGateBusinessService	忽略并发重复SlotOperationCommand：attempt=8c62602b-aeb4-4d5c-a649-5f325c11053e。
2026-09-10T16:29:52.7020318+08:00	Information	WireToGateBusinessService	忽略并发重复SlotOperationCommand：attempt=8c62602b-aeb4-4d5c-a649-5f325c11053e。
2026-09-10T16:29:53.7008910+08:00	Information	WireToGateBusinessService	忽略并发重复SlotOperationCommand：attempt=8c62602b-aeb4-4d5c-a649-5f325c11053e。
2026-09-10T16:29:54.7077927+08:00	Information	WireToGateBusinessService	忽略并发重复SlotOperationCommand：attempt=8c62602b-aeb4-4d5c-a649-5f325c11053e。
2026-09-10T16:29:55.7031745+08:00	Information	WireToGateBusinessService	忽略并发重复SlotOperationCommand：attempt=8c62602b-aeb4-4d5c-a649-5f325c11053e。
2026-09-10T16:29:56.7021573+08:00	Information	WireToGateBusinessService	忽略并发重复SlotOperationCommand：attempt=8c62602b-aeb4-4d5c-a649-5f325c11053e。
2026-09-10T16:29:57.7055144+08:00	Information	WireToGateBusinessService	忽略并发重复SlotOperationCommand：attempt=8c62602b-aeb4-4d5c-a649-5f325c11053e。
2026-09-10T16:29:58.6987846+08:00	Information	WireToGateBusinessService	忽略并发重复SlotOperationCommand：attempt=8c62602b-aeb4-4d5c-a649-5f325c11053e。
2026-09-10T16:29:59.6953024+08:00	Information	WireToGateBusinessService	忽略并发重复SlotOperationCommand：attempt=8c62602b-aeb4-4d5c-a649-5f325c11053e。
2026-09-10T16:30:00.7048281+08:00	Information	WireToGateBusinessService	忽略并发重复SlotOperationCommand：attempt=8c62602b-aeb4-4d5c-a649-5f325c11053e。
2026-09-10T16:30:01.6996028+08:00	Information	WireToGateBusinessService	忽略并发重复SlotOperationCommand：attempt=8c62602b-aeb4-4d5c-a649-5f325c11053e。
2026-09-10T16:30:02.6946383+08:00	Information	WireToGateBusinessService	忽略并发重复SlotOperationCommand：attempt=8c62602b-aeb4-4d5c-a649-5f325c11053e。
2026-09-10T16:30:03.7040815+08:00	Information	WireToGateBusinessService	忽略并发重复SlotOperationCommand：attempt=8c62602b-aeb4-4d5c-a649-5f325c11053e。
2026-09-10T16:30:04.7039286+08:00	Information	WireToGateBusinessService	忽略并发重复SlotOperationCommand：attempt=8c62602b-aeb4-4d5c-a649-5f325c11053e。
2026-09-10T16:30:05.6994456+08:00	Information	WireToGateBusinessService	忽略并发重复SlotOperationCommand：attempt=8c62602b-aeb4-4d5c-a649-5f325c11053e。
2026-09-10T16:30:06.6996438+08:00	Information	WireToGateBusinessService	忽略并发重复SlotOperationCommand：attempt=8c62602b-aeb4-4d5c-a649-5f325c11053e。
2026-09-10T16:30:07.6998707+08:00	Information	WireToGateBusinessService	忽略并发重复SlotOperationCommand：attempt=8c62602b-aeb4-4d5c-a649-5f325c11053e。
2026-09-10T16:30:08.6948637+08:00	Information	WireToGateBusinessService	忽略并发重复SlotOperationCommand：attempt=8c62602b-aeb4-4d5c-a649-5f325c11053e。
2026-09-10T16:30:09.7067411+08:00	Information	WireToGateBusinessService	忽略并发重复SlotOperationCommand：attempt=8c62602b-aeb4-4d5c-a649-5f325c11053e。
2026-09-10T16:30:10.7031903+08:00	Information	WireToGateBusinessService	忽略并发重复SlotOperationCommand：attempt=8c62602b-aeb4-4d5c-a649-5f325c11053e。
2026-09-10T16:30:11.6992950+08:00	Information	WireToGateBusinessService	忽略并发重复SlotOperationCommand：attempt=8c62602b-aeb4-4d5c-a649-5f325c11053e。
2026-09-10T16:30:12.6936972+08:00	Information	WireToGateBusinessService	忽略并发重复SlotOperationCommand：attempt=8c62602b-aeb4-4d5c-a649-5f325c11053e。
2026-09-10T16:30:13.6983432+08:00	Information	WireToGateBusinessService	忽略并发重复SlotOperationCommand：attempt=8c62602b-aeb4-4d5c-a649-5f325c11053e。
2026-09-10T16:30:14.6965129+08:00	Information	WireToGateBusinessService	忽略并发重复SlotOperationCommand：attempt=8c62602b-aeb4-4d5c-a649-5f325c11053e。
2026-09-10T16:30:15.7035690+08:00	Information	WireToGateBusinessService	忽略并发重复SlotOperationCommand：attempt=8c62602b-aeb4-4d5c-a649-5f325c11053e。
2026-09-10T16:30:16.6907417+08:00	Information	WireToGateBusinessService	忽略并发重复SlotOperationCommand：attempt=8c62602b-aeb4-4d5c-a649-5f325c11053e。
2026-09-10T16:30:17.7027789+08:00	Information	WireToGateBusinessService	忽略并发重复SlotOperationCommand：attempt=8c62602b-aeb4-4d5c-a649-5f325c11053e。
2026-09-10T16:30:18.6993991+08:00	Information	WireToGateBusinessService	忽略并发重复SlotOperationCommand：attempt=8c62602b-aeb4-4d5c-a649-5f325c11053e。
2026-09-10T16:30:19.7062867+08:00	Information	WireToGateBusinessService	忽略并发重复SlotOperationCommand：attempt=8c62602b-aeb4-4d5c-a649-5f325c11053e。
2026-09-10T16:30:20.6999756+08:00	Information	WireToGateBusinessService	忽略并发重复SlotOperationCommand：attempt=8c62602b-aeb4-4d5c-a649-5f325c11053e。
2026-09-10T16:30:21.6940912+08:00	Information	WireToGateBusinessService	忽略并发重复SlotOperationCommand：attempt=8c62602b-aeb4-4d5c-a649-5f325c11053e。
2026-09-10T16:30:22.6939804+08:00	Information	WireToGateBusinessService	忽略并发重复SlotOperationCommand：attempt=8c62602b-aeb4-4d5c-a649-5f325c11053e。
2026-09-10T16:30:23.7038730+08:00	Information	WireToGateBusinessService	忽略并发重复SlotOperationCommand：attempt=8c62602b-aeb4-4d5c-a649-5f325c11053e。
2026-09-10T16:30:24.6971314+08:00	Information	WireToGateBusinessService	忽略并发重复SlotOperationCommand：attempt=8c62602b-aeb4-4d5c-a649-5f325c11053e。
2026-09-10T16:30:25.6917079+08:00	Information	WireToGateBusinessService	忽略并发重复SlotOperationCommand：attempt=8c62602b-aeb4-4d5c-a649-5f325c11053e。
2026-09-10T16:30:26.7066020+08:00	Information	WireToGateBusinessService	忽略并发重复SlotOperationCommand：attempt=8c62602b-aeb4-4d5c-a649-5f325c11053e。
2026-09-10T16:30:27.7018247+08:00	Information	WireToGateBusinessService	忽略并发重复SlotOperationCommand：attempt=8c62602b-aeb4-4d5c-a649-5f325c11053e。
2026-09-10T16:30:28.6967871+08:00	Information	WireToGateBusinessService	忽略并发重复SlotOperationCommand：attempt=8c62602b-aeb4-4d5c-a649-5f325c11053e。
2026-09-10T16:30:29.6915193+08:00	Information	WireToGateBusinessService	忽略并发重复SlotOperationCommand：attempt=8c62602b-aeb4-4d5c-a649-5f325c11053e。
2026-09-10T16:30:30.6947540+08:00	Information	WireToGateBusinessService	忽略并发重复SlotOperationCommand：attempt=8c62602b-aeb4-4d5c-a649-5f325c11053e。
2026-09-10T16:30:31.6920088+08:00	Information	WireToGateBusinessService	忽略并发重复SlotOperationCommand：attempt=8c62602b-aeb4-4d5c-a649-5f325c11053e。
2026-09-10T16:30:32.7041076+08:00	Information	WireToGateBusinessService	忽略并发重复SlotOperationCommand：attempt=8c62602b-aeb4-4d5c-a649-5f325c11053e。
2026-09-10T16:30:33.6928716+08:00	Information	WireToGateBusinessService	忽略并发重复SlotOperationCommand：attempt=8c62602b-aeb4-4d5c-a649-5f325c11053e。
2026-09-10T16:30:34.7014966+08:00	Information	WireToGateBusinessService	忽略并发重复SlotOperationCommand：attempt=8c62602b-aeb4-4d5c-a649-5f325c11053e。
2026-09-10T16:30:35.7001577+08:00	Information	WireToGateBusinessService	忽略并发重复SlotOperationCommand：attempt=8c62602b-aeb4-4d5c-a649-5f325c11053e。
2026-09-10T16:30:36.6935863+08:00	Information	WireToGateBusinessService	忽略并发重复SlotOperationCommand：attempt=8c62602b-aeb4-4d5c-a649-5f325c11053e。
2026-09-10T16:30:37.7037410+08:00	Information	WireToGateBusinessService	忽略并发重复SlotOperationCommand：attempt=8c62602b-aeb4-4d5c-a649-5f325c11053e。
2026-09-10T16:30:38.6976464+08:00	Information	WireToGateBusinessService	忽略并发重复SlotOperationCommand：attempt=8c62602b-aeb4-4d5c-a649-5f325c11053e。
2026-09-10T16:30:39.6940236+08:00	Information	WireToGateBusinessService	忽略并发重复SlotOperationCommand：attempt=8c62602b-aeb4-4d5c-a649-5f325c11053e。
2026-09-10T16:30:40.6936061+08:00	Information	WireToGateBusinessService	忽略并发重复SlotOperationCommand：attempt=8c62602b-aeb4-4d5c-a649-5f325c11053e。
2026-09-10T16:30:41.6908828+08:00	Information	WireToGateBusinessService	忽略并发重复SlotOperationCommand：attempt=8c62602b-aeb4-4d5c-a649-5f325c11053e。
2026-09-10T16:30:42.7024652+08:00	Information	WireToGateBusinessService	忽略并发重复SlotOperationCommand：attempt=8c62602b-aeb4-4d5c-a649-5f325c11053e。
2026-09-10T16:30:43.6946643+08:00	Information	WireToGateBusinessService	忽略并发重复SlotOperationCommand：attempt=8c62602b-aeb4-4d5c-a649-5f325c11053e。
2026-09-10T16:30:44.6979242+08:00	Information	WireToGateBusinessService	忽略并发重复SlotOperationCommand：attempt=8c62602b-aeb4-4d5c-a649-5f325c11053e。
2026-09-10T16:30:45.7061152+08:00	Information	WireToGateBusinessService	忽略并发重复SlotOperationCommand：attempt=8c62602b-aeb4-4d5c-a649-5f325c11053e。
2026-09-10T16:30:46.6958729+08:00	Information	WireToGateBusinessService	忽略并发重复SlotOperationCommand：attempt=8c62602b-aeb4-4d5c-a649-5f325c11053e。
2026-09-10T16:30:47.7046031+08:00	Information	WireToGateBusinessService	忽略并发重复SlotOperationCommand：attempt=8c62602b-aeb4-4d5c-a649-5f325c11053e。
2026-09-10T16:30:48.7060629+08:00	Information	WireToGateBusinessService	忽略并发重复SlotOperationCommand：attempt=8c62602b-aeb4-4d5c-a649-5f325c11053e。
2026-09-10T16:30:49.7022006+08:00	Information	WireToGateBusinessService	忽略并发重复SlotOperationCommand：attempt=8c62602b-aeb4-4d5c-a649-5f325c11053e。
2026-09-10T16:30:50.7039476+08:00	Information	WireToGateBusinessService	忽略并发重复SlotOperationCommand：attempt=8c62602b-aeb4-4d5c-a649-5f325c11053e。
2026-09-10T16:30:51.7083622+08:00	Information	WireToGateBusinessService	忽略并发重复SlotOperationCommand：attempt=8c62602b-aeb4-4d5c-a649-5f325c11053e。
2026-09-10T16:30:52.6937170+08:00	Information	WireToGateBusinessService	忽略并发重复SlotOperationCommand：attempt=8c62602b-aeb4-4d5c-a649-5f325c11053e。
2026-09-10T16:30:53.6946822+08:00	Information	WireToGateBusinessService	忽略并发重复SlotOperationCommand：attempt=8c62602b-aeb4-4d5c-a649-5f325c11053e。
2026-09-10T16:30:54.7023811+08:00	Information	WireToGateBusinessService	忽略并发重复SlotOperationCommand：attempt=8c62602b-aeb4-4d5c-a649-5f325c11053e。
2026-09-10T16:30:55.6927309+08:00	Information	WireToGateBusinessService	忽略并发重复SlotOperationCommand：attempt=8c62602b-aeb4-4d5c-a649-5f325c11053e。
2026-09-10T16:30:56.6945916+08:00	Information	WireToGateBusinessService	忽略并发重复SlotOperationCommand：attempt=8c62602b-aeb4-4d5c-a649-5f325c11053e。
2026-09-10T16:30:57.0700461+08:00	Information	ModbusTcpIoModuleClient	2号仓IO变化：DO 0->0，锁DI 0->1，光幕DI 1->1。
2026-09-10T16:30:57.4484554+08:00	Information	ModbusTcpIoModuleClient	已向物理2号仓发送开锁脉冲触发，DO地址=101。硬件负责自动复位。 
2026-09-10T16:30:57.5160510+08:00	Information	ModbusTcpIoModuleClient	2号仓IO变化：DO 0->1，锁DI 1->1，光幕DI 1->1。
2026-09-10T16:30:57.6403496+08:00	Information	ModbusTcpIoModuleClient	2号仓IO变化：DO 1->1，锁DI 1->0，光幕DI 1->1。
2026-09-10T16:30:57.6956090+08:00	Information	WireToGateBusinessService	忽略并发重复SlotOperationCommand：attempt=8c62602b-aeb4-4d5c-a649-5f325c11053e。
2026-09-10T16:30:57.9806402+08:00	Information	ModbusTcpIoModuleClient	2号仓IO变化：DO 1->0，锁DI 0->0，光幕DI 1->1。
2026-09-10T16:30:58.6989193+08:00	Information	WireToGateBusinessService	忽略并发重复SlotOperationCommand：attempt=8c62602b-aeb4-4d5c-a649-5f325c11053e。
2026-09-10T16:30:58.7497744+08:00	Information	ModbusTcpIoModuleClient	2号仓IO变化：DO 0->0，锁DI 0->1，光幕DI 1->1。
2026-09-10T16:30:59.7062955+08:00	Information	WireToGateBusinessService	忽略重复SlotOperationCommand：attempt=8c62602b-aeb4-4d5c-a649-5f325c11053e，保留原OperationResult重放。
2026-09-10T16:31:00.6954799+08:00	Information	WireToGateBusinessService	忽略重复SlotOperationCommand：attempt=8c62602b-aeb4-4d5c-a649-5f325c11053e，保留原OperationResult重放。
2026-09-10T16:31:01.6986308+08:00	Information	WireToGateBusinessService	忽略重复SlotOperationCommand：attempt=8c62602b-aeb4-4d5c-a649-5f325c11053e，保留原OperationResult重放。
2026-09-10T16:31:02.7043720+08:00	Information	WireToGateBusinessService	忽略重复SlotOperationCommand：attempt=8c62602b-aeb4-4d5c-a649-5f325c11053e，保留原OperationResult重放。
2026-09-10T16:31:03.6928134+08:00	Information	WireToGateBusinessService	忽略重复SlotOperationCommand：attempt=8c62602b-aeb4-4d5c-a649-5f325c11053e，保留原OperationResult重放。
2026-09-10T16:31:04.6962699+08:00	Information	WireToGateBusinessService	忽略重复SlotOperationCommand：attempt=8c62602b-aeb4-4d5c-a649-5f325c11053e，保留原OperationResult重放。
2026-09-10T16:31:05.6991583+08:00	Information	WireToGateBusinessService	忽略重复SlotOperationCommand：attempt=8c62602b-aeb4-4d5c-a649-5f325c11053e，保留原OperationResult重放。
2026-09-10T16:31:06.7021562+08:00	Information	WireToGateBusinessService	忽略重复SlotOperationCommand：attempt=8c62602b-aeb4-4d5c-a649-5f325c11053e，保留原OperationResult重放。
2026-09-10T16:31:07.7039146+08:00	Information	WireToGateBusinessService	忽略重复SlotOperationCommand：attempt=8c62602b-aeb4-4d5c-a649-5f325c11053e，保留原OperationResult重放。
2026-09-10T16:31:08.7035175+08:00	Information	WireToGateBusinessService	忽略重复SlotOperationCommand：attempt=8c62602b-aeb4-4d5c-a649-5f325c11053e，保留原OperationResult重放。
2026-09-10T16:31:09.7050110+08:00	Information	WireToGateBusinessService	忽略重复SlotOperationCommand：attempt=8c62602b-aeb4-4d5c-a649-5f325c11053e，保留原OperationResult重放。
2026-09-10T16:31:10.6958886+08:00	Information	WireToGateBusinessService	忽略重复SlotOperationCommand：attempt=8c62602b-aeb4-4d5c-a649-5f325c11053e，保留原OperationResult重放。
2026-09-10T16:31:11.7032761+08:00	Information	WireToGateBusinessService	忽略重复SlotOperationCommand：attempt=8c62602b-aeb4-4d5c-a649-5f325c11053e，保留原OperationResult重放。
2026-09-10T16:31:12.7046340+08:00	Information	WireToGateBusinessService	忽略重复SlotOperationCommand：attempt=8c62602b-aeb4-4d5c-a649-5f325c11053e，保留原OperationResult重放。
2026-09-10T16:31:13.7017996+08:00	Information	WireToGateBusinessService	忽略重复SlotOperationCommand：attempt=8c62602b-aeb4-4d5c-a649-5f325c11053e，保留原OperationResult重放。
2026-09-10T16:31:14.7067743+08:00	Information	WireToGateBusinessService	忽略重复SlotOperationCommand：attempt=8c62602b-aeb4-4d5c-a649-5f325c11053e，保留原OperationResult重放。
2026-09-10T16:31:15.7032912+08:00	Information	WireToGateBusinessService	忽略重复SlotOperationCommand：attempt=8c62602b-aeb4-4d5c-a649-5f325c11053e，保留原OperationResult重放。
2026-09-10T16:31:16.7078201+08:00	Information	WireToGateBusinessService	忽略重复SlotOperationCommand：attempt=8c62602b-aeb4-4d5c-a649-5f325c11053e，保留原OperationResult重放。
2026-09-10T16:31:17.7151373+08:00	Information	WireToGateBusinessService	忽略重复SlotOperationCommand：attempt=8c62602b-aeb4-4d5c-a649-5f325c11053e，保留原OperationResult重放。
2026-09-10T16:31:18.7068439+08:00	Information	WireToGateBusinessService	忽略重复SlotOperationCommand：attempt=8c62602b-aeb4-4d5c-a649-5f325c11053e，保留原OperationResult重放。
2026-09-10T16:31:19.7090773+08:00	Information	WireToGateBusinessService	忽略重复SlotOperationCommand：attempt=8c62602b-aeb4-4d5c-a649-5f325c11053e，保留原OperationResult重放。
2026-09-10T16:31:20.6959673+08:00	Information	WireToGateBusinessService	忽略重复SlotOperationCommand：attempt=8c62602b-aeb4-4d5c-a649-5f325c11053e，保留原OperationResult重放。
2026-09-10T16:31:21.7061459+08:00	Information	WireToGateBusinessService	忽略重复SlotOperationCommand：attempt=8c62602b-aeb4-4d5c-a649-5f325c11053e，保留原OperationResult重放。
2026-09-10T16:31:22.7057628+08:00	Information	WireToGateBusinessService	忽略重复SlotOperationCommand：attempt=8c62602b-aeb4-4d5c-a649-5f325c11053e，保留原OperationResult重放。
2026-09-10T16:31:23.7055793+08:00	Information	WireToGateBusinessService	忽略重复SlotOperationCommand：attempt=8c62602b-aeb4-4d5c-a649-5f325c11053e，保留原OperationResult重放。
2026-09-10T16:31:24.6922503+08:00	Information	WireToGateBusinessService	忽略重复SlotOperationCommand：attempt=8c62602b-aeb4-4d5c-a649-5f325c11053e，保留原OperationResult重放。
2026-09-10T16:31:25.7030869+08:00	Information	WireToGateBusinessService	忽略重复SlotOperationCommand：attempt=8c62602b-aeb4-4d5c-a649-5f325c11053e，保留原OperationResult重放。
2026-09-10T16:31:26.6940470+08:00	Information	WireToGateBusinessService	忽略重复SlotOperationCommand：attempt=8c62602b-aeb4-4d5c-a649-5f325c11053e，保留原OperationResult重放。
2026-09-10T16:31:27.6970807+08:00	Information	WireToGateBusinessService	忽略重复SlotOperationCommand：attempt=8c62602b-aeb4-4d5c-a649-5f325c11053e，保留原OperationResult重放。
2026-09-10T16:31:28.7026463+08:00	Information	WireToGateBusinessService	忽略重复SlotOperationCommand：attempt=8c62602b-aeb4-4d5c-a649-5f325c11053e，保留原OperationResult重放。
2026-09-10T16:31:29.6975804+08:00	Information	WireToGateBusinessService	忽略重复SlotOperationCommand：attempt=8c62602b-aeb4-4d5c-a649-5f325c11053e，保留原OperationResult重放。
