2026-09-19T22:46:10.4150846+08:00	Information	App	车载端启动：agvId=AGV-L2-001，environment=Development，version=0.2.0-safety-mock-travel+4d716340982de4e39339c2151c291efe1a21e1d1。
2026-09-19T22:46:11.0420904+08:00	Information	ModbusTcpIoModuleClient	已连接IO模块 127.0.0.1:48412，UnitId=255。
2026-09-19T22:46:11.0678220+08:00	Information	OnboardController	IO模块在线。
2026-09-19T22:46:11.0689386+08:00	Information	OnboardController	启动IO安全快照验证通过。
2026-09-19T22:46:12.0803804+08:00	Information	WireToGateSessionService	上层会话已建立：generation=1，readiness=Ready。
2026-09-19T22:46:20.2191358+08:00	Information	App	服务端请求录入Sublot：station=N1-3_N1-7，revision=1，expectedSublots=L2-DT-20260919T144559993Z。 
2026-09-19T22:46:20.2785697+08:00	Information	App	服务端请求录入Sublot：station=N1-3_N1-7，revision=1，expectedSublots=L2-DT-20260919T144559993Z。 
2026-09-19T22:46:20.9878249+08:00	Information	App	服务端请求录入Sublot：station=N1-3_N1-7，revision=1，expectedSublots=L2-DT-20260919T144559993Z。 
2026-09-19T22:46:21.2571281+08:00	Information	ModbusTcpIoModuleClient	已向物理1号仓发送开锁脉冲触发，DO地址=100。硬件负责自动复位。 
2026-09-19T22:46:21.3445481+08:00	Information	ModbusTcpIoModuleClient	1号仓IO变化：DO 0->1，锁DI 1->1，光幕DI 1->1。
2026-09-19T22:46:21.4708332+08:00	Information	ModbusTcpIoModuleClient	1号仓IO变化：DO 1->1，锁DI 1->0，光幕DI 1->1。
2026-09-19T22:46:21.8191999+08:00	Information	ModbusTcpIoModuleClient	1号仓IO变化：DO 1->0，锁DI 0->0，光幕DI 1->1。
2026-09-19T22:46:22.0077888+08:00	Information	WireToGateBusinessService	忽略并发重复SlotOperationCommand：attempt=8cbffd9f-b777-5752-a681-e4048b36ac24。
2026-09-19T22:46:23.0220551+08:00	Information	WireToGateBusinessService	忽略并发重复SlotOperationCommand：attempt=8cbffd9f-b777-5752-a681-e4048b36ac24。
2026-09-19T22:46:24.1860807+08:00	Information	WireToGateBusinessService	忽略并发重复SlotOperationCommand：attempt=8cbffd9f-b777-5752-a681-e4048b36ac24。
2026-09-19T22:46:25.0457563+08:00	Information	WireToGateBusinessService	忽略并发重复SlotOperationCommand：attempt=8cbffd9f-b777-5752-a681-e4048b36ac24。
2026-09-19T22:46:26.0544597+08:00	Information	WireToGateBusinessService	忽略并发重复SlotOperationCommand：attempt=8cbffd9f-b777-5752-a681-e4048b36ac24。
2026-09-19T22:46:27.0097511+08:00	Information	WireToGateBusinessService	忽略并发重复SlotOperationCommand：attempt=8cbffd9f-b777-5752-a681-e4048b36ac24。
2026-09-19T22:46:28.0443450+08:00	Information	WireToGateBusinessService	忽略并发重复SlotOperationCommand：attempt=8cbffd9f-b777-5752-a681-e4048b36ac24。
2026-09-19T22:46:29.0214194+08:00	Information	WireToGateBusinessService	忽略并发重复SlotOperationCommand：attempt=8cbffd9f-b777-5752-a681-e4048b36ac24。
2026-09-19T22:46:30.0096147+08:00	Information	WireToGateBusinessService	忽略并发重复SlotOperationCommand：attempt=8cbffd9f-b777-5752-a681-e4048b36ac24。
2026-09-19T22:46:31.0261526+08:00	Information	WireToGateBusinessService	忽略并发重复SlotOperationCommand：attempt=8cbffd9f-b777-5752-a681-e4048b36ac24。
2026-09-19T22:46:32.0346180+08:00	Information	WireToGateBusinessService	忽略并发重复SlotOperationCommand：attempt=8cbffd9f-b777-5752-a681-e4048b36ac24。
2026-09-19T22:46:33.0445044+08:00	Information	WireToGateBusinessService	忽略并发重复SlotOperationCommand：attempt=8cbffd9f-b777-5752-a681-e4048b36ac24。
2026-09-19T22:46:34.0173659+08:00	Information	WireToGateBusinessService	忽略并发重复SlotOperationCommand：attempt=8cbffd9f-b777-5752-a681-e4048b36ac24。
2026-09-19T22:46:35.0281411+08:00	Information	WireToGateBusinessService	忽略并发重复SlotOperationCommand：attempt=8cbffd9f-b777-5752-a681-e4048b36ac24。
2026-09-19T22:46:36.0730003+08:00	Information	WireToGateBusinessService	忽略并发重复SlotOperationCommand：attempt=8cbffd9f-b777-5752-a681-e4048b36ac24。
2026-09-19T22:46:37.1503481+08:00	Information	WireToGateBusinessService	忽略并发重复SlotOperationCommand：attempt=8cbffd9f-b777-5752-a681-e4048b36ac24。
2026-09-19T22:46:38.0203707+08:00	Information	WireToGateBusinessService	忽略并发重复SlotOperationCommand：attempt=8cbffd9f-b777-5752-a681-e4048b36ac24。
2026-09-19T22:46:39.0215224+08:00	Information	WireToGateBusinessService	忽略并发重复SlotOperationCommand：attempt=8cbffd9f-b777-5752-a681-e4048b36ac24。
2026-09-19T22:46:40.0298226+08:00	Information	WireToGateBusinessService	忽略并发重复SlotOperationCommand：attempt=8cbffd9f-b777-5752-a681-e4048b36ac24。
2026-09-19T22:46:40.9970825+08:00	Information	WireToGateBusinessService	忽略并发重复SlotOperationCommand：attempt=8cbffd9f-b777-5752-a681-e4048b36ac24。
2026-09-19T22:46:42.0275511+08:00	Information	WireToGateBusinessService	忽略并发重复SlotOperationCommand：attempt=8cbffd9f-b777-5752-a681-e4048b36ac24。
2026-09-19T22:46:43.0224996+08:00	Information	WireToGateBusinessService	忽略并发重复SlotOperationCommand：attempt=8cbffd9f-b777-5752-a681-e4048b36ac24。
2026-09-19T22:46:44.0134943+08:00	Information	WireToGateBusinessService	忽略并发重复SlotOperationCommand：attempt=8cbffd9f-b777-5752-a681-e4048b36ac24。
2026-09-19T22:46:45.0157886+08:00	Information	WireToGateBusinessService	忽略并发重复SlotOperationCommand：attempt=8cbffd9f-b777-5752-a681-e4048b36ac24。
2026-09-19T22:46:46.0224136+08:00	Information	WireToGateBusinessService	忽略并发重复SlotOperationCommand：attempt=8cbffd9f-b777-5752-a681-e4048b36ac24。
2026-09-19T22:46:47.0200060+08:00	Information	WireToGateBusinessService	忽略并发重复SlotOperationCommand：attempt=8cbffd9f-b777-5752-a681-e4048b36ac24。
2026-09-19T22:46:48.0353661+08:00	Information	WireToGateBusinessService	忽略并发重复SlotOperationCommand：attempt=8cbffd9f-b777-5752-a681-e4048b36ac24。
2026-09-19T22:46:49.0856721+08:00	Information	WireToGateBusinessService	忽略并发重复SlotOperationCommand：attempt=8cbffd9f-b777-5752-a681-e4048b36ac24。
2026-09-19T22:46:50.1911411+08:00	Information	WireToGateBusinessService	忽略并发重复SlotOperationCommand：attempt=8cbffd9f-b777-5752-a681-e4048b36ac24。
2026-09-19T22:46:51.0143066+08:00	Information	WireToGateBusinessService	忽略并发重复SlotOperationCommand：attempt=8cbffd9f-b777-5752-a681-e4048b36ac24。
2026-09-19T22:46:52.0171909+08:00	Information	WireToGateBusinessService	忽略并发重复SlotOperationCommand：attempt=8cbffd9f-b777-5752-a681-e4048b36ac24。
2026-09-19T22:46:53.0196431+08:00	Information	WireToGateBusinessService	忽略并发重复SlotOperationCommand：attempt=8cbffd9f-b777-5752-a681-e4048b36ac24。
2026-09-19T22:46:54.0200424+08:00	Information	WireToGateBusinessService	忽略并发重复SlotOperationCommand：attempt=8cbffd9f-b777-5752-a681-e4048b36ac24。
2026-09-19T22:46:55.0270618+08:00	Information	WireToGateBusinessService	忽略并发重复SlotOperationCommand：attempt=8cbffd9f-b777-5752-a681-e4048b36ac24。
2026-09-19T22:46:56.0362382+08:00	Information	WireToGateBusinessService	忽略并发重复SlotOperationCommand：attempt=8cbffd9f-b777-5752-a681-e4048b36ac24。
2026-09-19T22:46:57.0310663+08:00	Information	WireToGateBusinessService	忽略并发重复SlotOperationCommand：attempt=8cbffd9f-b777-5752-a681-e4048b36ac24。
2026-09-19T22:46:58.0310444+08:00	Information	WireToGateBusinessService	忽略并发重复SlotOperationCommand：attempt=8cbffd9f-b777-5752-a681-e4048b36ac24。
2026-09-19T22:46:59.0454939+08:00	Information	WireToGateBusinessService	忽略并发重复SlotOperationCommand：attempt=8cbffd9f-b777-5752-a681-e4048b36ac24。
2026-09-19T22:47:00.0210690+08:00	Information	WireToGateBusinessService	忽略并发重复SlotOperationCommand：attempt=8cbffd9f-b777-5752-a681-e4048b36ac24。
2026-09-19T22:47:01.0279889+08:00	Information	WireToGateBusinessService	忽略并发重复SlotOperationCommand：attempt=8cbffd9f-b777-5752-a681-e4048b36ac24。
2026-09-19T22:47:02.0139217+08:00	Information	WireToGateBusinessService	忽略并发重复SlotOperationCommand：attempt=8cbffd9f-b777-5752-a681-e4048b36ac24。
2026-09-19T22:47:03.0188857+08:00	Information	WireToGateBusinessService	忽略并发重复SlotOperationCommand：attempt=8cbffd9f-b777-5752-a681-e4048b36ac24。
2026-09-19T22:47:04.0519612+08:00	Information	WireToGateBusinessService	忽略并发重复SlotOperationCommand：attempt=8cbffd9f-b777-5752-a681-e4048b36ac24。
2026-09-19T22:47:05.2184157+08:00	Information	WireToGateBusinessService	忽略并发重复SlotOperationCommand：attempt=8cbffd9f-b777-5752-a681-e4048b36ac24。
2026-09-19T22:47:06.0122550+08:00	Information	WireToGateBusinessService	忽略并发重复SlotOperationCommand：attempt=8cbffd9f-b777-5752-a681-e4048b36ac24。
2026-09-19T22:47:07.0248027+08:00	Information	WireToGateBusinessService	忽略并发重复SlotOperationCommand：attempt=8cbffd9f-b777-5752-a681-e4048b36ac24。
2026-09-19T22:47:08.0069453+08:00	Information	WireToGateBusinessService	忽略并发重复SlotOperationCommand：attempt=8cbffd9f-b777-5752-a681-e4048b36ac24。
2026-09-19T22:47:09.0147284+08:00	Information	WireToGateBusinessService	忽略并发重复SlotOperationCommand：attempt=8cbffd9f-b777-5752-a681-e4048b36ac24。
2026-09-19T22:47:10.0314750+08:00	Information	WireToGateBusinessService	忽略并发重复SlotOperationCommand：attempt=8cbffd9f-b777-5752-a681-e4048b36ac24。
2026-09-19T22:47:11.0141864+08:00	Information	WireToGateBusinessService	忽略并发重复SlotOperationCommand：attempt=8cbffd9f-b777-5752-a681-e4048b36ac24。
2026-09-19T22:47:12.0288144+08:00	Information	WireToGateBusinessService	忽略并发重复SlotOperationCommand：attempt=8cbffd9f-b777-5752-a681-e4048b36ac24。
2026-09-19T22:47:13.0173481+08:00	Information	WireToGateBusinessService	忽略并发重复SlotOperationCommand：attempt=8cbffd9f-b777-5752-a681-e4048b36ac24。
2026-09-19T22:47:14.0220166+08:00	Information	WireToGateBusinessService	忽略并发重复SlotOperationCommand：attempt=8cbffd9f-b777-5752-a681-e4048b36ac24。
2026-09-19T22:47:15.0189477+08:00	Information	WireToGateBusinessService	忽略并发重复SlotOperationCommand：attempt=8cbffd9f-b777-5752-a681-e4048b36ac24。
2026-09-19T22:47:16.0155449+08:00	Information	WireToGateBusinessService	忽略并发重复SlotOperationCommand：attempt=8cbffd9f-b777-5752-a681-e4048b36ac24。
2026-09-19T22:47:17.0888264+08:00	Information	WireToGateBusinessService	忽略并发重复SlotOperationCommand：attempt=8cbffd9f-b777-5752-a681-e4048b36ac24。
2026-09-19T22:47:18.2003305+08:00	Information	WireToGateBusinessService	忽略并发重复SlotOperationCommand：attempt=8cbffd9f-b777-5752-a681-e4048b36ac24。
2026-09-19T22:47:19.0274309+08:00	Information	WireToGateBusinessService	忽略并发重复SlotOperationCommand：attempt=8cbffd9f-b777-5752-a681-e4048b36ac24。
2026-09-19T22:47:20.0403776+08:00	Information	WireToGateBusinessService	忽略并发重复SlotOperationCommand：attempt=8cbffd9f-b777-5752-a681-e4048b36ac24。
2026-09-19T22:47:21.0042923+08:00	Information	WireToGateBusinessService	忽略并发重复SlotOperationCommand：attempt=8cbffd9f-b777-5752-a681-e4048b36ac24。
2026-09-19T22:47:22.0204971+08:00	Information	WireToGateBusinessService	忽略并发重复SlotOperationCommand：attempt=8cbffd9f-b777-5752-a681-e4048b36ac24。
2026-09-19T22:47:23.0340224+08:00	Information	WireToGateBusinessService	忽略并发重复SlotOperationCommand：attempt=8cbffd9f-b777-5752-a681-e4048b36ac24。
2026-09-19T22:47:24.0136677+08:00	Information	WireToGateBusinessService	忽略并发重复SlotOperationCommand：attempt=8cbffd9f-b777-5752-a681-e4048b36ac24。
2026-09-19T22:47:25.0169069+08:00	Information	WireToGateBusinessService	忽略并发重复SlotOperationCommand：attempt=8cbffd9f-b777-5752-a681-e4048b36ac24。
2026-09-19T22:47:26.0309864+08:00	Information	WireToGateBusinessService	忽略并发重复SlotOperationCommand：attempt=8cbffd9f-b777-5752-a681-e4048b36ac24。
2026-09-19T22:47:27.0496079+08:00	Information	WireToGateBusinessService	忽略并发重复SlotOperationCommand：attempt=8cbffd9f-b777-5752-a681-e4048b36ac24。
2026-09-19T22:47:28.1782370+08:00	Information	WireToGateBusinessService	忽略并发重复SlotOperationCommand：attempt=8cbffd9f-b777-5752-a681-e4048b36ac24。
2026-09-19T22:47:29.0380421+08:00	Information	WireToGateBusinessService	忽略并发重复SlotOperationCommand：attempt=8cbffd9f-b777-5752-a681-e4048b36ac24。
2026-09-19T22:47:30.0169913+08:00	Information	WireToGateBusinessService	忽略并发重复SlotOperationCommand：attempt=8cbffd9f-b777-5752-a681-e4048b36ac24。
2026-09-19T22:47:31.0162816+08:00	Information	WireToGateBusinessService	忽略并发重复SlotOperationCommand：attempt=8cbffd9f-b777-5752-a681-e4048b36ac24。
2026-09-19T22:47:32.0129246+08:00	Information	WireToGateBusinessService	忽略并发重复SlotOperationCommand：attempt=8cbffd9f-b777-5752-a681-e4048b36ac24。
2026-09-19T22:47:33.0458921+08:00	Information	WireToGateBusinessService	忽略并发重复SlotOperationCommand：attempt=8cbffd9f-b777-5752-a681-e4048b36ac24。
2026-09-19T22:47:33.3341551+08:00	Information	ModbusTcpIoModuleClient	1号仓IO变化：DO 0->0，锁DI 0->1，光幕DI 1->0。
2026-09-19T22:47:34.1470857+08:00	Information	WireToGateBusinessService	忽略重复SlotOperationCommand：attempt=8cbffd9f-b777-5752-a681-e4048b36ac24，保留原OperationResult重放。
