<?xml version="1.0" encoding="utf-8"?>
<TestRun id="1250f79b-0a73-4034-a055-e412309eda80" name="szy@LAB-WIN-01 2026-10-10 13:31:32" runUser="LAB-WIN-01\szy" xmlns="http://microsoft.com/schemas/VisualStudio/TeamTest/2010">
  <Times creation="2026-10-10T13:31:32.7610235+08:00" queuing="2026-10-10T13:31:32.7610242+08:00" start="2026-10-10T13:31:26.7652868+08:00" finish="2026-10-10T13:32:40.6676465+08:00" />
  <TestSettings name="default" id="a949b596-854b-4c45-b903-33a906223518">
    <Deployment runDeploymentRoot="szy_LAB-WIN-01_2026-10-10_13_31_32" />
  </TestSettings>
  <Results>
    <UnitTestResult executionId="a0af6959-055a-40ea-a74d-fa252374a9d6" testId="07d17304-34df-6508-f568-396f5f1c0658" testName="ControlServer.Tests.ReversedDirectionJourneyRuntimeTests.AnOrderFailingInTheRoundTheWaitRunsOutIsEscalatedNotOverwritten" computerName="LAB-WIN-01" duration="00:00:02.0938256" startTime="2026-10-10T13:32:09.6126291+08:00" endTime="2026-10-10T13:32:11.7065168+08:00" testType="13cdc9d9-ddb5-4fa4-a97d-d965ccfc6d4b" outcome="Passed" testListId="8c84fa94-04c1-424b-9868-57a2d4851a1d" relativeResultsDirectory="a0af6959-055a-40ea-a74d-fa252374a9d6" />
    <UnitTestResult executionId="d52253e4-9efa-44f7-aea5-2932099046f2" testId="d1c61478-12d9-86c7-1110-6a0ebfdb7c4d" testName="ControlServer.Tests.AreaEndAdmissionStoreTests.InAMultiStopJourneyEachDemandIsAdmittedAtItsOwnStopsStationOnly" computerName="LAB-WIN-01" duration="00:00:00.9252721" startTime="2026-10-10T13:31:44.6269184+08:00" endTime="2026-10-10T13:31:45.5522593+08:00" testType="13cdc9d9-ddb5-4fa4-a97d-d965ccfc6d4b" outcome="Passed" testListId="8c84fa94-04c1-424b-9868-57a2d4851a1d" relativeResultsDirectory="d52253e4-9efa-44f7-aea5-2932099046f2" />
    <UnitTestResult executionId="9849adee-be42-45ef-9591-e5f04c88c911" testId="48cb8883-c6ca-cd52-5469-cf003b27d8a5" testName="ControlServer.Tests.ReversedDirectionJourneyRuntimeTests.AHeldStagingToWireGetsNoSecondLegUntilTheHoldIsReleased" computerName="LAB-WIN-01" duration="00:00:02.0851082" startTime="2026-10-10T13:31:59.2225200+08:00" endTime="2026-10-10T13:32:01.3076882+08:00" testType="13cdc9d9-ddb5-4fa4-a97d-d965ccfc6d4b" outcome="Passed" testListId="8c84fa94-04c1-424b-9868-57a2d4851a1d" relativeResultsDirectory="9849adee-be42-45ef-9591-e5f04c88c911" />
    <UnitTestResult executionId="7c5d05cf-d15b-436d-8135-2cf48b24b267" testId="ddb420f6-661d-b14d-efe7-9ebc1008d141" testName="ControlServer.Tests.ReversedDirectionJourneyRuntimeTests.ASessionLostAndRegainedWhileHeldDoesNotRestartTheCount" computerName="LAB-WIN-01" duration="00:00:08.6597448" startTime="2026-10-10T13:31:31.2214425+08:00" endTime="2026-10-10T13:31:39.8909296+08:00" testType="13cdc9d9-ddb5-4fa4-a97d-d965ccfc6d4b" outcome="Passed" testListId="8c84fa94-04c1-424b-9868-57a2d4851a1d" relativeResultsDirectory="7c5d05cf-d15b-436d-8135-2cf48b24b267" />
    <UnitTestResult executionId="178b599b-55af-496a-9a24-48490acf4fd2" testId="d4fbc300-ecd8-42aa-5597-a61f39d77933" testName="ControlServer.Tests.AreaEndAdmissionStoreTests.TheAreaEndStationOfEitherDirectionIsPreparedAndFrozen" computerName="LAB-WIN-01" duration="00:00:01.0789912" startTime="2026-10-10T13:31:41.6007308+08:00" endTime="2026-10-10T13:31:42.6797966+08:00" testType="13cdc9d9-ddb5-4fa4-a97d-d965ccfc6d4b" outcome="Passed" testListId="8c84fa94-04c1-424b-9868-57a2d4851a1d" relativeResultsDirectory="178b599b-55af-496a-9a24-48490acf4fd2" />
    <UnitTestResult executionId="e4bcf4e1-9242-4112-a77a-8a75a9da88b1" testId="829a465b-e454-447e-d066-a5b2bb91ff56" testName="ControlServer.Tests.ReversedDirectionJourneyRuntimeTests.HoldingWireToGateDoesNotHoldAStagingToWireSecondLeg" computerName="LAB-WIN-01" duration="00:00:02.1288847" startTime="2026-10-10T13:31:51.8988528+08:00" endTime="2026-10-10T13:31:54.0278289+08:00" testType="13cdc9d9-ddb5-4fa4-a97d-d965ccfc6d4b" outcome="Passed" testListId="8c84fa94-04c1-424b-9868-57a2d4851a1d" relativeResultsDirectory="e4bcf4e1-9242-4112-a77a-8a75a9da88b1" />
    <UnitTestResult executionId="011ac495-d838-4e7d-ba5e-1b28a5a3c36c" testId="7c5c88f3-4013-73b6-43bb-4ce2ffb9ba64" testName="ControlServer.Tests.ReversedDirectionJourneyRuntimeTests.TheStartOfTheWaitIsOnlyWrittenThroughItsTwoWritePoints" computerName="LAB-WIN-01" duration="00:00:00.7408487" startTime="2026-10-10T13:31:56.3206839+08:00" endTime="2026-10-10T13:31:57.0616004+08:00" testType="13cdc9d9-ddb5-4fa4-a97d-d965ccfc6d4b" outcome="Passed" testListId="8c84fa94-04c1-424b-9868-57a2d4851a1d" relativeResultsDirectory="011ac495-d838-4e7d-ba5e-1b28a5a3c36c" />
    <UnitTestResult executionId="7c8a266c-9e8d-4744-8451-be8d2c6c7949" testId="3e8fec5f-4651-8793-1641-2719355eed75" testName="ControlServer.Tests.ReversedDirectionJourneyRuntimeTests.AStagingToWireJourneyFreezesItsAdmissionOnTheUnloadAtTheAreaMachineAndCompletes" computerName="LAB-WIN-01" duration="00:00:02.2459891" startTime="2026-10-10T13:32:11.7082499+08:00" endTime="2026-10-10T13:32:13.9543229+08:00" testType="13cdc9d9-ddb5-4fa4-a97d-d965ccfc6d4b" outcome="Passed" testListId="8c84fa94-04c1-424b-9868-57a2d4851a1d" relativeResultsDirectory="7c8a266c-9e8d-4744-8451-be8d2c6c7949" />
    <UnitTestResult executionId="1e60eaf3-b809-4757-aa0e-70210a65f52f" testId="88e18a46-edb0-06be-34ef-daee761e7fa9" testName="ControlServer.Tests.AreaEndAdmissionStoreTests.AFurtherDemandIsAskedAboutAtItsOwnStopsStationNotTheAnchors(admittingStation: &quot;N2-1&quot;, expected: True)" computerName="LAB-WIN-01" duration="00:00:01.1915244" startTime="2026-10-10T13:31:46.5241713+08:00" endTime="2026-10-10T13:31:47.7175608+08:00" testType="13cdc9d9-ddb5-4fa4-a97d-d965ccfc6d4b" outcome="Passed" testListId="8c84fa94-04c1-424b-9868-57a2d4851a1d" relativeResultsDirectory="1e60eaf3-b809-4757-aa0e-70210a65f52f" />
    <UnitTestResult executionId="4b5a7dd9-b563-47d9-848e-c8be0d3f2d7d" testId="1d320cf0-a638-ca19-9de3-6c3ebfa42e2f" testName="ControlServer.Tests.ReversedDirectionJourneyRuntimeTests.AfterARestartAPreparedUnloadIsNotEscalatedByAWaitThatHadAlreadyEnded" computerName="LAB-WIN-01" duration="00:00:02.4569774" startTime="2026-10-10T13:32:13.9588981+08:00" endTime="2026-10-10T13:32:16.4160942+08:00" testType="13cdc9d9-ddb5-4fa4-a97d-d965ccfc6d4b" outcome="Passed" testListId="8c84fa94-04c1-424b-9868-57a2d4851a1d" relativeResultsDirectory="4b5a7dd9-b563-47d9-848e-c8be0d3f2d7d" />
    <UnitTestResult executionId="697eef01-68c7-495a-a409-d1fe413e96a6" testId="ed1712e0-b13a-368d-eed9-127acdeb492a" testName="ControlServer.Tests.ReversedDirectionJourneyRuntimeTests.AnAdmissionStillRevokedPastTheThresholdBlocksTheJourneyForManualRecovery" computerName="LAB-WIN-01" duration="00:00:02.1520540" startTime="2026-10-10T13:31:49.7457680+08:00" endTime="2026-10-10T13:31:51.8978858+08:00" testType="13cdc9d9-ddb5-4fa4-a97d-d965ccfc6d4b" outcome="Passed" testListId="8c84fa94-04c1-424b-9868-57a2d4851a1d" relativeResultsDirectory="697eef01-68c7-495a-a409-d1fe413e96a6" />
    <UnitTestResult executionId="84b7b903-7830-4bb6-a716-c2130bd9a7ef" testId="94ea8573-a1c4-6580-39d1-b9b492c934c2" testName="ControlServer.Tests.ReversedDirectionJourneyRuntimeTests.AStagingToWireJourneyIsPlannedFromTheStagingStationToTheAreaMachineAndNeverSwapped" computerName="LAB-WIN-01" duration="00:00:00.4044025" startTime="2026-10-10T13:32:16.4197018+08:00" endTime="2026-10-10T13:32:16.8242113+08:00" testType="13cdc9d9-ddb5-4fa4-a97d-d965ccfc6d4b" outcome="Passed" testListId="8c84fa94-04c1-424b-9868-57a2d4851a1d" relativeResultsDirectory="84b7b903-7830-4bb6-a716-c2130bd9a7ef" />
    <UnitTestResult executionId="653afcec-c54a-498d-bfdf-7a5bc0165ca1" testId="9c5fb2d4-793d-f484-3de4-0eab92082317" testName="ControlServer.Tests.ReversedDirectionJourneyRuntimeTests.AnAdmissionRestoredClearsTheStoredStartOfTheWait" computerName="LAB-WIN-01" duration="00:00:03.1437686" startTime="2026-10-10T13:31:46.3932271+08:00" endTime="2026-10-10T13:31:49.5371056+08:00" testType="13cdc9d9-ddb5-4fa4-a97d-d965ccfc6d4b" outcome="Passed" testListId="8c84fa94-04c1-424b-9868-57a2d4851a1d" relativeResultsDirectory="653afcec-c54a-498d-bfdf-7a5bc0165ca1" />
    <UnitTestResult executionId="992544b7-eba8-482a-a156-fc7733ee0090" testId="2f630fdb-f592-aa52-7a6f-0f909025f61e" testName="ControlServer.Tests.ReversedDirectionJourneyRuntimeTests.ARestartAndAReconnectWhileHeldDoNotRestartTheCount" computerName="LAB-WIN-01" duration="00:00:02.3214298" startTime="2026-10-10T13:32:16.8258779+08:00" endTime="2026-10-10T13:32:19.1473977+08:00" testType="13cdc9d9-ddb5-4fa4-a97d-d965ccfc6d4b" outcome="Passed" testListId="8c84fa94-04c1-424b-9868-57a2d4851a1d" relativeResultsDirectory="992544b7-eba8-482a-a156-fc7733ee0090" />
    <UnitTestResult executionId="2a3d8b61-5255-4b4f-8a7f-218653303e00" testId="dffe93fb-bc83-3843-7a46-c0d9df180764" testName="ControlServer.Tests.ReversedDirectionJourneyRuntimeTests.AnAdmissionRestoredInsideTheThresholdGoesOnAndClearsTheCount" computerName="LAB-WIN-01" duration="00:00:03.1364298" startTime="2026-10-10T13:31:39.8969237+08:00" endTime="2026-10-10T13:31:43.0335011+08:00" testType="13cdc9d9-ddb5-4fa4-a97d-d965ccfc6d4b" outcome="Passed" testListId="8c84fa94-04c1-424b-9868-57a2d4851a1d" relativeResultsDirectory="2a3d8b61-5255-4b4f-8a7f-218653303e00" />
    <UnitTestResult executionId="36ea6434-e911-4470-9235-59e15388f19b" testId="25da33ab-a865-4378-c3e6-e9ed60005924" testName="ControlServer.Tests.AreaEndAdmissionStoreTests.AReplayOfAnOperationFrozenAtAnotherStationThanTheAreaEndIsRefused" computerName="LAB-WIN-01" duration="00:00:01.5030884" startTime="2026-10-10T13:31:38.9137988+08:00" endTime="2026-10-10T13:31:40.4169744+08:00" testType="13cdc9d9-ddb5-4fa4-a97d-d965ccfc6d4b" outcome="Passed" testListId="8c84fa94-04c1-424b-9868-57a2d4851a1d" relativeResultsDirectory="36ea6434-e911-4470-9235-59e15388f19b" />
    <UnitTestResult executionId="325b852b-88e1-40d9-979a-284de7fb5e0f" testId="011c4de7-e6d6-7bfe-8ca5-2ae686841222" testName="ControlServer.Tests.TaskTypeAdmissionRuntimeTests.TheAdmissionSeedPairsEveryAreaStationWithEveryExecutableTaskType" computerName="LAB-WIN-01" duration="00:00:03.7376441" startTime="2026-10-10T13:31:31.2213813+08:00" endTime="2026-10-10T13:31:34.9673894+08:00" testType="13cdc9d9-ddb5-4fa4-a97d-d965ccfc6d4b" outcome="Passed" testListId="8c84fa94-04c1-424b-9868-57a2d4851a1d" relativeResultsDirectory="325b852b-88e1-40d9-979a-284de7fb5e0f" />
    <UnitTestResult executionId="348027cf-64c1-4e4b-8e6a-736367ed8d34" testId="d4709df6-f4b6-de73-aa4f-a380cd4ba42f" testName="ControlServer.Tests.AreaEndAdmissionStoreTests.AFurtherDemandIsAskedAboutAtItsOwnStopsStationNotTheAnchors(admittingStation: &quot;N1-1&quot;, expected: False)" computerName="LAB-WIN-01" duration="00:00:00.9824616" startTime="2026-10-10T13:31:47.7198841+08:00" endTime="2026-10-10T13:31:48.7024240+08:00" testType="13cdc9d9-ddb5-4fa4-a97d-d965ccfc6d4b" outcome="Passed" testListId="8c84fa94-04c1-424b-9868-57a2d4851a1d" relativeResultsDirectory="348027cf-64c1-4e4b-8e6a-736367ed8d34" />
    <UnitTestResult executionId="d43b4fff-5f11-45c0-aa8f-2df3efc4609e" testId="e3391f3a-bf75-98ca-4f70-1a2f75d8422c" testName="ControlServer.Tests.ReversedDirectionJourneyRuntimeTests.AHeldStopWhoseOnboardStopsHeartbeatingIsStillEscalatedOnTime" computerName="LAB-WIN-01" duration="00:00:02.1579286" startTime="2026-10-10T13:31:57.0630724+08:00" endTime="2026-10-10T13:31:59.2210647+08:00" testType="13cdc9d9-ddb5-4fa4-a97d-d965ccfc6d4b" outcome="Passed" testListId="8c84fa94-04c1-424b-9868-57a2d4851a1d" relativeResultsDirectory="d43b4fff-5f11-45c0-aa8f-2df3efc4609e" />
    <UnitTestResult executionId="e0c9e61d-5d39-4d68-bb3c-d03c8537708d" testId="2cb1a0d2-5752-772e-73e7-06497d614e1c" testName="ControlServer.Tests.ReversedDirectionJourneyRuntimeTests.AnOrderFailureInTheMiddleOfTheWaitDoesNotRestartTheCount" computerName="LAB-WIN-01" duration="00:00:02.2873168" startTime="2026-10-10T13:31:54.0321505+08:00" endTime="2026-10-10T13:31:56.3195574+08:00" testType="13cdc9d9-ddb5-4fa4-a97d-d965ccfc6d4b" outcome="Passed" testListId="8c84fa94-04c1-424b-9868-57a2d4851a1d" relativeResultsDirectory="e0c9e61d-5d39-4d68-bb3c-d03c8537708d" />
    <UnitTestResult executionId="6f494b2a-f435-4a10-954b-ddc81b427d38" testId="7d8e9fc0-1ab9-fa01-73a0-230577ab8c8c" testName="ControlServer.Tests.JourneyRuntimeOptionsTests.TheAreaEndAdmissionRevokedTimeoutDefaultsToTenMinutesAndMustBePositive" computerName="LAB-WIN-01" duration="00:00:00.0371743" startTime="2026-10-10T13:31:31.2214056+08:00" endTime="2026-10-10T13:31:31.2700901+08:00" testType="13cdc9d9-ddb5-4fa4-a97d-d965ccfc6d4b" outcome="Passed" testListId="8c84fa94-04c1-424b-9868-57a2d4851a1d" relativeResultsDirectory="6f494b2a-f435-4a10-954b-ddc81b427d38" />
    <UnitTestResult executionId="04baeb54-18a6-4b3e-a704-b7c243b4be59" testId="d5cd9782-5340-c9b6-17f2-5fc1e5314c72" testName="ControlServer.Tests.AreaEndAdmissionStoreTests.AnAdmissionStationThatIsNotTheDemandsAreaEndStationIsRefused" computerName="LAB-WIN-01" duration="00:00:00.9666244" startTime="2026-10-10T13:31:45.5537887+08:00" endTime="2026-10-10T13:31:46.5204863+08:00" testType="13cdc9d9-ddb5-4fa4-a97d-d965ccfc6d4b" outcome="Passed" testListId="8c84fa94-04c1-424b-9868-57a2d4851a1d" relativeResultsDirectory="04baeb54-18a6-4b3e-a704-b7c243b4be59" />
    <UnitTestResult executionId="722c9d20-4cca-4a17-be5c-cae56beee304" testId="d2e8da9a-90c1-6219-6a61-4a826747e5da" testName="ControlServer.Tests.ReversedDirectionJourneyRuntimeTests.AFurtherDemandsUnloadIsAdmittedAtItsOwnMachineWhenTheAnchorsIsRevoked" computerName="LAB-WIN-01" duration="00:00:04.1330570" startTime="2026-10-10T13:32:05.4781305+08:00" endTime="2026-10-10T13:32:09.6112668+08:00" testType="13cdc9d9-ddb5-4fa4-a97d-d965ccfc6d4b" outcome="Passed" testListId="8c84fa94-04c1-424b-9868-57a2d4851a1d" relativeResultsDirectory="722c9d20-4cca-4a17-be5c-cae56beee304" />
    <UnitTestResult executionId="b04fa1c6-78cd-453b-b4fd-d4bc2d4248df" testId="2ff679ad-cf15-23a4-9312-fa7abe3fadd5" testName="ControlServer.Tests.AreaEndAdmissionStoreTests.AnAdmissionIdentityNamingAnotherTaskTypeThanTheDemandsIsRefused" computerName="LAB-WIN-01" duration="00:00:04.8459630" startTime="2026-10-10T13:31:31.2213671+08:00" endTime="2026-10-10T13:31:36.0755087+08:00" testType="13cdc9d9-ddb5-4fa4-a97d-d965ccfc6d4b" outcome="Passed" testListId="8c84fa94-04c1-424b-9868-57a2d4851a1d" relativeResultsDirectory="b04fa1c6-78cd-453b-b4fd-d4bc2d4248df" />
    <UnitTestResult executionId="8e8717f3-2e47-47f4-92bc-bc154c2208a8" testId="4074d3ad-63d0-1fb4-c2c1-d9822d71ee8d" testName="ControlServer.Tests.ReversedDirectionJourneyRuntimeTests.TheShippedAdmissionPolicyVersionMovesPastTheOneTheWireToGateOnlySeedWasBoundTo" computerName="LAB-WIN-01" duration="00:00:00.0017210" startTime="2026-10-10T13:32:13.9560094+08:00" endTime="2026-10-10T13:32:13.9578206+08:00" testType="13cdc9d9-ddb5-4fa4-a97d-d965ccfc6d4b" outcome="Passed" testListId="8c84fa94-04c1-424b-9868-57a2d4851a1d" relativeResultsDirectory="8e8717f3-2e47-47f4-92bc-bc154c2208a8" />
    <UnitTestResult executionId="321d75ce-7b4a-4690-b317-6dc544919ca8" testId="ae4d4a38-3280-2d80-dfa0-a4cec58d4bc9" testName="ControlServer.Tests.AreaEndAdmissionStoreTests.AnOperationIsJudgedAtTheStopOfTheMembershipItsAttemptBelongsTo" computerName="LAB-WIN-01" duration="00:00:02.8350314" startTime="2026-10-10T13:31:36.0766589+08:00" endTime="2026-10-10T13:31:38.9117828+08:00" testType="13cdc9d9-ddb5-4fa4-a97d-d965ccfc6d4b" outcome="Passed" testListId="8c84fa94-04c1-424b-9868-57a2d4851a1d" relativeResultsDirectory="321d75ce-7b4a-4690-b317-6dc544919ca8" />
    <UnitTestResult executionId="5690b368-a64b-4741-85ab-5e0064a92fbd" testId="93f29cb8-5b00-a2f6-33da-b09cdbc7ebfa" testName="ControlServer.Tests.ReversedDirectionJourneyRuntimeTests.TheThresholdIsConfiguredAndEscalatingLeavesTheOrderToTheMachineAlone" computerName="LAB-WIN-01" duration="00:00:03.3400994" startTime="2026-10-10T13:31:43.0357561+08:00" endTime="2026-10-10T13:31:46.3759537+08:00" testType="13cdc9d9-ddb5-4fa4-a97d-d965ccfc6d4b" outcome="Passed" testListId="8c84fa94-04c1-424b-9868-57a2d4851a1d" relativeResultsDirectory="5690b368-a64b-4741-85ab-5e0064a92fbd" />
    <UnitTestResult executionId="820f10cd-eb52-43f2-98c2-65c04136be3a" testId="eeb3fb95-1834-9354-8ad2-b466d054f28f" testName="ControlServer.Tests.ReversedDirectionJourneyRuntimeTests.AfterARestartAPreparedUnloadGoesOnUnderItsFrozenAdmission" computerName="LAB-WIN-01" duration="00:00:02.0786829" startTime="2026-10-10T13:32:03.3983133+08:00" endTime="2026-10-10T13:32:05.4770682+08:00" testType="13cdc9d9-ddb5-4fa4-a97d-d965ccfc6d4b" outcome="Passed" testListId="8c84fa94-04c1-424b-9868-57a2d4851a1d" relativeResultsDirectory="820f10cd-eb52-43f2-98c2-65c04136be3a" />
    <UnitTestResult executionId="5d84b53b-e86b-468b-89cc-cffe924b9d09" testId="45a49448-7791-87c3-8422-7111add53272" testName="ControlServer.Tests.ReversedDirectionJourneyRuntimeTests.ADurableEntryAtTheStagingStationHoldsTheStopAgainstACancellationBeforeAnySublot" computerName="LAB-WIN-01" duration="00:00:00.2055349" startTime="2026-10-10T13:31:49.5393447+08:00" endTime="2026-10-10T13:31:49.7449432+08:00" testType="13cdc9d9-ddb5-4fa4-a97d-d965ccfc6d4b" outcome="Passed" testListId="8c84fa94-04c1-424b-9868-57a2d4851a1d" relativeResultsDirectory="5d84b53b-e86b-468b-89cc-cffe924b9d09" />
    <UnitTestResult executionId="c13d19d2-cbce-4ee1-8458-facc98b39aaf" testId="38e868b5-1b71-6042-48d5-841202ff0fd0" testName="ControlServer.Tests.AreaEndAdmissionStoreTests.AStagingToWireUnloadCarriesAndFreezesTheAreaMachineAdmission" computerName="LAB-WIN-01" duration="00:00:01.0490519" startTime="2026-10-10T13:31:42.6815790+08:00" endTime="2026-10-10T13:31:43.7307010+08:00" testType="13cdc9d9-ddb5-4fa4-a97d-d965ccfc6d4b" outcome="Passed" testListId="8c84fa94-04c1-424b-9868-57a2d4851a1d" relativeResultsDirectory="c13d19d2-cbce-4ee1-8458-facc98b39aaf" />
    <UnitTestResult executionId="2eee5aba-b6ac-4efa-a09a-a069efab4430" testId="d230b9d4-dca2-1692-a21c-40da0f7c0904" testName="ControlServer.Tests.ReversedDirectionJourneyRuntimeTests.AMachineThatNoLongerAdmitsTheTaskTypeHoldsTheUnloadUntilItDoesAgain" computerName="LAB-WIN-01" duration="00:00:02.0882564" startTime="2026-10-10T13:32:01.3090826+08:00" endTime="2026-10-10T13:32:03.3974150+08:00" testType="13cdc9d9-ddb5-4fa4-a97d-d965ccfc6d4b" outcome="Passed" testListId="8c84fa94-04c1-424b-9868-57a2d4851a1d" relativeResultsDirectory="2eee5aba-b6ac-4efa-a09a-a069efab4430" />
    <UnitTestResult executionId="890eb0bb-4f05-4eb3-a280-8742594bc2e6" testId="92ffb350-e1db-315e-3336-93b0d758b80a" testName="ControlServer.Tests.ReversedDirectionJourneyTests.AStagingToWirePlanPicksUpAtTheStagingStationAndDropsOffAtTheAreaMachine" computerName="LAB-WIN-01" duration="00:00:02.7911548" startTime="2026-10-10T13:31:36.0654133+08:00" endTime="2026-10-10T13:31:38.8567116+08:00" testType="13cdc9d9-ddb5-4fa4-a97d-d965ccfc6d4b" outcome="Passed" testListId="8c84fa94-04c1-424b-9868-57a2d4851a1d" relativeResultsDirectory="890eb0bb-4f05-4eb3-a280-8742594bc2e6" />
    <UnitTestResult executionId="07dd9a58-f000-4f72-af09-d4dfe169fc04" testId="b12375bb-c361-2123-b817-f432d02309ad" testName="ControlServer.Tests.AreaEndAdmissionStoreTests.AnAdmissionIdentityOnTheLegAwayFromTheAreaMachineIsRefused" computerName="LAB-WIN-01" duration="00:00:00.8917142" startTime="2026-10-10T13:31:43.7324255+08:00" endTime="2026-10-10T13:31:44.6242199+08:00" testType="13cdc9d9-ddb5-4fa4-a97d-d965ccfc6d4b" outcome="Passed" testListId="8c84fa94-04c1-424b-9868-57a2d4851a1d" relativeResultsDirectory="07dd9a58-f000-4f72-af09-d4dfe169fc04" />
    <UnitTestResult executionId="38a978fa-578b-4da0-a371-e23e448c91d2" testId="62c7627a-4bee-4123-6a5f-54ac4eba1706" testName="ControlServer.Tests.AreaEndAdmissionStoreTests.AReplayOfAnOperationWhoseAdmissionIdentityIsNotTheDemandsTaskTypeIsRefused" computerName="LAB-WIN-01" duration="00:00:01.1790890" startTime="2026-10-10T13:31:40.4198362+08:00" endTime="2026-10-10T13:31:41.5990170+08:00" testType="13cdc9d9-ddb5-4fa4-a97d-d965ccfc6d4b" outcome="Passed" testListId="8c84fa94-04c1-424b-9868-57a2d4851a1d" relativeResultsDirectory="38a978fa-578b-4da0-a371-e23e448c91d2" />
    <UnitTestResult executionId="bc87ffa7-7416-4b20-9e6c-b8fabfef169f" testId="df2bf7f2-3a60-e9f9-f969-5edd7e0109c8" testName="ControlServer.Tests.ReversedDirectionJourneyTests.AReplayedStagingToWireDemandKeepsItsRouteEvidenceAndASwappedOneIsRefused" computerName="LAB-WIN-01" duration="00:00:04.8315160" startTime="2026-10-10T13:31:31.2214334+08:00" endTime="2026-10-10T13:31:36.0611092+08:00" testType="13cdc9d9-ddb5-4fa4-a97d-d965ccfc6d4b" outcome="Passed" testListId="8c84fa94-04c1-424b-9868-57a2d4851a1d" relativeResultsDirectory="bc87ffa7-7416-4b20-9e6c-b8fabfef169f" />
  </Results>
  <TestDefinitions>
    <UnitTest name="ControlServer.Tests.ReversedDirectionJourneyRuntimeTests.AfterARestartAPreparedUnloadIsNotEscalatedByAWaitThatHadAlreadyEnded" storage="c:\users\szy\desktop\8005-workspace-v2\worktrees\cs393-8005-agv-control-server\tests\controlserver.tests\bin\release\net8.0\win-x64\controlserver.tests.dll" id="1d320cf0-a638-ca19-9de3-6c3ebfa42e2f">
      <Execution id="4b5a7dd9-b563-47d9-848e-c8be0d3f2d7d" />
      <TestMethod codeBase="C:\Users\szy\Desktop\8005-workspace-v2\worktrees\cs393-8005-agv-control-server\tests\ControlServer.Tests\bin\Release\net8.0\win-x64\ControlServer.Tests.dll" adapterTypeName="executor://xunit/VsTestRunner3/netcore/" className="ControlServer.Tests.ReversedDirectionJourneyRuntimeTests" name="AfterARestartAPreparedUnloadIsNotEscalatedByAWaitThatHadAlreadyEnded" />
    </UnitTest>
    <UnitTest name="ControlServer.Tests.JourneyRuntimeOptionsTests.TheAreaEndAdmissionRevokedTimeoutDefaultsToTenMinutesAndMustBePositive" storage="c:\users\szy\desktop\8005-workspace-v2\worktrees\cs393-8005-agv-control-server\tests\controlserver.tests\bin\release\net8.0\win-x64\controlserver.tests.dll" id="7d8e9fc0-1ab9-fa01-73a0-230577ab8c8c">
      <Execution id="6f494b2a-f435-4a10-954b-ddc81b427d38" />
      <TestMethod codeBase="C:\Users\szy\Desktop\8005-workspace-v2\worktrees\cs393-8005-agv-control-server\tests\ControlServer.Tests\bin\Release\net8.0\win-x64\ControlServer.Tests.dll" adapterTypeName="executor://xunit/VsTestRunner3/netcore/" className="ControlServer.Tests.JourneyRuntimeOptionsTests" name="TheAreaEndAdmissionRevokedTimeoutDefaultsToTenMinutesAndMustBePositive" />
    </UnitTest>
    <UnitTest name="ControlServer.Tests.ReversedDirectionJourneyRuntimeTests.AnOrderFailureInTheMiddleOfTheWaitDoesNotRestartTheCount" storage="c:\users\szy\desktop\8005-workspace-v2\worktrees\cs393-8005-agv-control-server\tests\controlserver.tests\bin\release\net8.0\win-x64\controlserver.tests.dll" id="2cb1a0d2-5752-772e-73e7-06497d614e1c">
      <Execution id="e0c9e61d-5d39-4d68-bb3c-d03c8537708d" />
      <TestMethod codeBase="C:\Users\szy\Desktop\8005-workspace-v2\worktrees\cs393-8005-agv-control-server\tests\ControlServer.Tests\bin\Release\net8.0\win-x64\ControlServer.Tests.dll" adapterTypeName="executor://xunit/VsTestRunner3/netcore/" className="ControlServer.Tests.ReversedDirectionJourneyRuntimeTests" name="AnOrderFailureInTheMiddleOfTheWaitDoesNotRestartTheCount" />
    </UnitTest>
    <UnitTest name="ControlServer.Tests.ReversedDirectionJourneyRuntimeTests.AnAdmissionStillRevokedPastTheThresholdBlocksTheJourneyForManualRecovery" storage="c:\users\szy\desktop\8005-workspace-v2\worktrees\cs393-8005-agv-control-server\tests\controlserver.tests\bin\release\net8.0\win-x64\controlserver.tests.dll" id="ed1712e0-b13a-368d-eed9-127acdeb492a">
      <Execution id="697eef01-68c7-495a-a409-d1fe413e96a6" />
      <TestMethod codeBase="C:\Users\szy\Desktop\8005-workspace-v2\worktrees\cs393-8005-agv-control-server\tests\ControlServer.Tests\bin\Release\net8.0\win-x64\ControlServer.Tests.dll" adapterTypeName="executor://xunit/VsTestRunner3/netcore/" className="ControlServer.Tests.ReversedDirectionJourneyRuntimeTests" name="AnAdmissionStillRevokedPastTheThresholdBlocksTheJourneyForManualRecovery" />
    </UnitTest>
    <UnitTest name="ControlServer.Tests.ReversedDirectionJourneyRuntimeTests.ADurableEntryAtTheStagingStationHoldsTheStopAgainstACancellationBeforeAnySublot" storage="c:\users\szy\desktop\8005-workspace-v2\worktrees\cs393-8005-agv-control-server\tests\controlserver.tests\bin\release\net8.0\win-x64\controlserver.tests.dll" id="45a49448-7791-87c3-8422-7111add53272">
      <Execution id="5d84b53b-e86b-468b-89cc-cffe924b9d09" />
      <TestMethod codeBase="C:\Users\szy\Desktop\8005-workspace-v2\worktrees\cs393-8005-agv-control-server\tests\ControlServer.Tests\bin\Release\net8.0\win-x64\ControlServer.Tests.dll" adapterTypeName="executor://xunit/VsTestRunner3/netcore/" className="ControlServer.Tests.ReversedDirectionJourneyRuntimeTests" name="ADurableEntryAtTheStagingStationHoldsTheStopAgainstACancellationBeforeAnySublot" />
    </UnitTest>
    <UnitTest name="ControlServer.Tests.ReversedDirectionJourneyRuntimeTests.AnOrderFailingInTheRoundTheWaitRunsOutIsEscalatedNotOverwritten" storage="c:\users\szy\desktop\8005-workspace-v2\worktrees\cs393-8005-agv-control-server\tests\controlserver.tests\bin\release\net8.0\win-x64\controlserver.tests.dll" id="07d17304-34df-6508-f568-396f5f1c0658">
      <Execution id="a0af6959-055a-40ea-a74d-fa252374a9d6" />
      <TestMethod codeBase="C:\Users\szy\Desktop\8005-workspace-v2\worktrees\cs393-8005-agv-control-server\tests\ControlServer.Tests\bin\Release\net8.0\win-x64\ControlServer.Tests.dll" adapterTypeName="executor://xunit/VsTestRunner3/netcore/" className="ControlServer.Tests.ReversedDirectionJourneyRuntimeTests" name="AnOrderFailingInTheRoundTheWaitRunsOutIsEscalatedNotOverwritten" />
    </UnitTest>
    <UnitTest name="ControlServer.Tests.ReversedDirectionJourneyRuntimeTests.AfterARestartAPreparedUnloadGoesOnUnderItsFrozenAdmission" storage="c:\users\szy\desktop\8005-workspace-v2\worktrees\cs393-8005-agv-control-server\tests\controlserver.tests\bin\release\net8.0\win-x64\controlserver.tests.dll" id="eeb3fb95-1834-9354-8ad2-b466d054f28f">
      <Execution id="820f10cd-eb52-43f2-98c2-65c04136be3a" />
      <TestMethod codeBase="C:\Users\szy\Desktop\8005-workspace-v2\worktrees\cs393-8005-agv-control-server\tests\ControlServer.Tests\bin\Release\net8.0\win-x64\ControlServer.Tests.dll" adapterTypeName="executor://xunit/VsTestRunner3/netcore/" className="ControlServer.Tests.ReversedDirectionJourneyRuntimeTests" name="AfterARestartAPreparedUnloadGoesOnUnderItsFrozenAdmission" />
    </UnitTest>
    <UnitTest name="ControlServer.Tests.ReversedDirectionJourneyTests.AReplayedStagingToWireDemandKeepsItsRouteEvidenceAndASwappedOneIsRefused" storage="c:\users\szy\desktop\8005-workspace-v2\worktrees\cs393-8005-agv-control-server\tests\controlserver.tests\bin\release\net8.0\win-x64\controlserver.tests.dll" id="df2bf7f2-3a60-e9f9-f969-5edd7e0109c8">
      <Execution id="bc87ffa7-7416-4b20-9e6c-b8fabfef169f" />
      <TestMethod codeBase="C:\Users\szy\Desktop\8005-workspace-v2\worktrees\cs393-8005-agv-control-server\tests\ControlServer.Tests\bin\Release\net8.0\win-x64\ControlServer.Tests.dll" adapterTypeName="executor://xunit/VsTestRunner3/netcore/" className="ControlServer.Tests.ReversedDirectionJourneyTests" name="AReplayedStagingToWireDemandKeepsItsRouteEvidenceAndASwappedOneIsRefused" />
    </UnitTest>
    <UnitTest name="ControlServer.Tests.AreaEndAdmissionStoreTests.AnAdmissionStationThatIsNotTheDemandsAreaEndStationIsRefused" storage="c:\users\szy\desktop\8005-workspace-v2\worktrees\cs393-8005-agv-control-server\tests\controlserver.tests\bin\release\net8.0\win-x64\controlserver.tests.dll" id="d5cd9782-5340-c9b6-17f2-5fc1e5314c72">
      <Execution id="04baeb54-18a6-4b3e-a704-b7c243b4be59" />
      <TestMethod codeBase="C:\Users\szy\Desktop\8005-workspace-v2\worktrees\cs393-8005-agv-control-server\tests\ControlServer.Tests\bin\Release\net8.0\win-x64\ControlServer.Tests.dll" adapterTypeName="executor://xunit/VsTestRunner3/netcore/" className="ControlServer.Tests.AreaEndAdmissionStoreTests" name="AnAdmissionStationThatIsNotTheDemandsAreaEndStationIsRefused" />
    </UnitTest>
    <UnitTest name="ControlServer.Tests.ReversedDirectionJourneyTests.AStagingToWirePlanPicksUpAtTheStagingStationAndDropsOffAtTheAreaMachine" storage="c:\users\szy\desktop\8005-workspace-v2\worktrees\cs393-8005-agv-control-server\tests\controlserver.tests\bin\release\net8.0\win-x64\controlserver.tests.dll" id="92ffb350-e1db-315e-3336-93b0d758b80a">
      <Execution id="890eb0bb-4f05-4eb3-a280-8742594bc2e6" />
      <TestMethod codeBase="C:\Users\szy\Desktop\8005-workspace-v2\worktrees\cs393-8005-agv-control-server\tests\ControlServer.Tests\bin\Release\net8.0\win-x64\ControlServer.Tests.dll" adapterTypeName="executor://xunit/VsTestRunner3/netcore/" className="ControlServer.Tests.ReversedDirectionJourneyTests" name="AStagingToWirePlanPicksUpAtTheStagingStationAndDropsOffAtTheAreaMachine" />
    </UnitTest>
    <UnitTest name="ControlServer.Tests.AreaEndAdmissionStoreTests.AReplayOfAnOperationFrozenAtAnotherStationThanTheAreaEndIsRefused" storage="c:\users\szy\desktop\8005-workspace-v2\worktrees\cs393-8005-agv-control-server\tests\controlserver.tests\bin\release\net8.0\win-x64\controlserver.tests.dll" id="25da33ab-a865-4378-c3e6-e9ed60005924">
      <Execution id="36ea6434-e911-4470-9235-59e15388f19b" />
      <TestMethod codeBase="C:\Users\szy\Desktop\8005-workspace-v2\worktrees\cs393-8005-agv-control-server\tests\ControlServer.Tests\bin\Release\net8.0\win-x64\ControlServer.Tests.dll" adapterTypeName="executor://xunit/VsTestRunner3/netcore/" className="ControlServer.Tests.AreaEndAdmissionStoreTests" name="AReplayOfAnOperationFrozenAtAnotherStationThanTheAreaEndIsRefused" />
    </UnitTest>
    <UnitTest name="ControlServer.Tests.ReversedDirectionJourneyRuntimeTests.AStagingToWireJourneyFreezesItsAdmissionOnTheUnloadAtTheAreaMachineAndCompletes" storage="c:\users\szy\desktop\8005-workspace-v2\worktrees\cs393-8005-agv-control-server\tests\controlserver.tests\bin\release\net8.0\win-x64\controlserver.tests.dll" id="3e8fec5f-4651-8793-1641-2719355eed75">
      <Execution id="7c8a266c-9e8d-4744-8451-be8d2c6c7949" />
      <TestMethod codeBase="C:\Users\szy\Desktop\8005-workspace-v2\worktrees\cs393-8005-agv-control-server\tests\ControlServer.Tests\bin\Release\net8.0\win-x64\ControlServer.Tests.dll" adapterTypeName="executor://xunit/VsTestRunner3/netcore/" className="ControlServer.Tests.ReversedDirectionJourneyRuntimeTests" name="AStagingToWireJourneyFreezesItsAdmissionOnTheUnloadAtTheAreaMachineAndCompletes" />
    </UnitTest>
    <UnitTest name="ControlServer.Tests.AreaEndAdmissionStoreTests.AnAdmissionIdentityOnTheLegAwayFromTheAreaMachineIsRefused" storage="c:\users\szy\desktop\8005-workspace-v2\worktrees\cs393-8005-agv-control-server\tests\controlserver.tests\bin\release\net8.0\win-x64\controlserver.tests.dll" id="b12375bb-c361-2123-b817-f432d02309ad">
      <Execution id="07dd9a58-f000-4f72-af09-d4dfe169fc04" />
      <TestMethod codeBase="C:\Users\szy\Desktop\8005-workspace-v2\worktrees\cs393-8005-agv-control-server\tests\ControlServer.Tests\bin\Release\net8.0\win-x64\ControlServer.Tests.dll" adapterTypeName="executor://xunit/VsTestRunner3/netcore/" className="ControlServer.Tests.AreaEndAdmissionStoreTests" name="AnAdmissionIdentityOnTheLegAwayFromTheAreaMachineIsRefused" />
    </UnitTest>
    <UnitTest name="ControlServer.Tests.ReversedDirectionJourneyRuntimeTests.AHeldStagingToWireGetsNoSecondLegUntilTheHoldIsReleased" storage="c:\users\szy\desktop\8005-workspace-v2\worktrees\cs393-8005-agv-control-server\tests\controlserver.tests\bin\release\net8.0\win-x64\controlserver.tests.dll" id="48cb8883-c6ca-cd52-5469-cf003b27d8a5">
      <Execution id="9849adee-be42-45ef-9591-e5f04c88c911" />
      <TestMethod codeBase="C:\Users\szy\Desktop\8005-workspace-v2\worktrees\cs393-8005-agv-control-server\tests\ControlServer.Tests\bin\Release\net8.0\win-x64\ControlServer.Tests.dll" adapterTypeName="executor://xunit/VsTestRunner3/netcore/" className="ControlServer.Tests.ReversedDirectionJourneyRuntimeTests" name="AHeldStagingToWireGetsNoSecondLegUntilTheHoldIsReleased" />
    </UnitTest>
    <UnitTest name="ControlServer.Tests.ReversedDirectionJourneyRuntimeTests.HoldingWireToGateDoesNotHoldAStagingToWireSecondLeg" storage="c:\users\szy\desktop\8005-workspace-v2\worktrees\cs393-8005-agv-control-server\tests\controlserver.tests\bin\release\net8.0\win-x64\controlserver.tests.dll" id="829a465b-e454-447e-d066-a5b2bb91ff56">
      <Execution id="e4bcf4e1-9242-4112-a77a-8a75a9da88b1" />
      <TestMethod codeBase="C:\Users\szy\Desktop\8005-workspace-v2\worktrees\cs393-8005-agv-control-server\tests\ControlServer.Tests\bin\Release\net8.0\win-x64\ControlServer.Tests.dll" adapterTypeName="executor://xunit/VsTestRunner3/netcore/" className="ControlServer.Tests.ReversedDirectionJourneyRuntimeTests" name="HoldingWireToGateDoesNotHoldAStagingToWireSecondLeg" />
    </UnitTest>
    <UnitTest name="ControlServer.Tests.AreaEndAdmissionStoreTests.AnAdmissionIdentityNamingAnotherTaskTypeThanTheDemandsIsRefused" storage="c:\users\szy\desktop\8005-workspace-v2\worktrees\cs393-8005-agv-control-server\tests\controlserver.tests\bin\release\net8.0\win-x64\controlserver.tests.dll" id="2ff679ad-cf15-23a4-9312-fa7abe3fadd5">
      <Execution id="b04fa1c6-78cd-453b-b4fd-d4bc2d4248df" />
      <TestMethod codeBase="C:\Users\szy\Desktop\8005-workspace-v2\worktrees\cs393-8005-agv-control-server\tests\ControlServer.Tests\bin\Release\net8.0\win-x64\ControlServer.Tests.dll" adapterTypeName="executor://xunit/VsTestRunner3/netcore/" className="ControlServer.Tests.AreaEndAdmissionStoreTests" name="AnAdmissionIdentityNamingAnotherTaskTypeThanTheDemandsIsRefused" />
    </UnitTest>
    <UnitTest name="ControlServer.Tests.ReversedDirectionJourneyRuntimeTests.ARestartAndAReconnectWhileHeldDoNotRestartTheCount" storage="c:\users\szy\desktop\8005-workspace-v2\worktrees\cs393-8005-agv-control-server\tests\controlserver.tests\bin\release\net8.0\win-x64\controlserver.tests.dll" id="2f630fdb-f592-aa52-7a6f-0f909025f61e">
      <Execution id="992544b7-eba8-482a-a156-fc7733ee0090" />
      <TestMethod codeBase="C:\Users\szy\Desktop\8005-workspace-v2\worktrees\cs393-8005-agv-control-server\tests\ControlServer.Tests\bin\Release\net8.0\win-x64\ControlServer.Tests.dll" adapterTypeName="executor://xunit/VsTestRunner3/netcore/" className="ControlServer.Tests.ReversedDirectionJourneyRuntimeTests" name="ARestartAndAReconnectWhileHeldDoNotRestartTheCount" />
    </UnitTest>
    <UnitTest name="ControlServer.Tests.AreaEndAdmissionStoreTests.AnOperationIsJudgedAtTheStopOfTheMembershipItsAttemptBelongsTo" storage="c:\users\szy\desktop\8005-workspace-v2\worktrees\cs393-8005-agv-control-server\tests\controlserver.tests\bin\release\net8.0\win-x64\controlserver.tests.dll" id="ae4d4a38-3280-2d80-dfa0-a4cec58d4bc9">
      <Execution id="321d75ce-7b4a-4690-b317-6dc544919ca8" />
      <TestMethod codeBase="C:\Users\szy\Desktop\8005-workspace-v2\worktrees\cs393-8005-agv-control-server\tests\ControlServer.Tests\bin\Release\net8.0\win-x64\ControlServer.Tests.dll" adapterTypeName="executor://xunit/VsTestRunner3/netcore/" className="ControlServer.Tests.AreaEndAdmissionStoreTests" name="AnOperationIsJudgedAtTheStopOfTheMembershipItsAttemptBelongsTo" />
    </UnitTest>
    <UnitTest name="ControlServer.Tests.ReversedDirectionJourneyRuntimeTests.AFurtherDemandsUnloadIsAdmittedAtItsOwnMachineWhenTheAnchorsIsRevoked" storage="c:\users\szy\desktop\8005-workspace-v2\worktrees\cs393-8005-agv-control-server\tests\controlserver.tests\bin\release\net8.0\win-x64\controlserver.tests.dll" id="d2e8da9a-90c1-6219-6a61-4a826747e5da">
      <Execution id="722c9d20-4cca-4a17-be5c-cae56beee304" />
      <TestMethod codeBase="C:\Users\szy\Desktop\8005-workspace-v2\worktrees\cs393-8005-agv-control-server\tests\ControlServer.Tests\bin\Release\net8.0\win-x64\ControlServer.Tests.dll" adapterTypeName="executor://xunit/VsTestRunner3/netcore/" className="ControlServer.Tests.ReversedDirectionJourneyRuntimeTests" name="AFurtherDemandsUnloadIsAdmittedAtItsOwnMachineWhenTheAnchorsIsRevoked" />
    </UnitTest>
    <UnitTest name="ControlServer.Tests.AreaEndAdmissionStoreTests.TheAreaEndStationOfEitherDirectionIsPreparedAndFrozen" storage="c:\users\szy\desktop\8005-workspace-v2\worktrees\cs393-8005-agv-control-server\tests\controlserver.tests\bin\release\net8.0\win-x64\controlserver.tests.dll" id="d4fbc300-ecd8-42aa-5597-a61f39d77933">
      <Execution id="178b599b-55af-496a-9a24-48490acf4fd2" />
      <TestMethod codeBase="C:\Users\szy\Desktop\8005-workspace-v2\worktrees\cs393-8005-agv-control-server\tests\ControlServer.Tests\bin\Release\net8.0\win-x64\ControlServer.Tests.dll" adapterTypeName="executor://xunit/VsTestRunner3/netcore/" className="ControlServer.Tests.AreaEndAdmissionStoreTests" name="TheAreaEndStationOfEitherDirectionIsPreparedAndFrozen" />
    </UnitTest>
    <UnitTest name="ControlServer.Tests.AreaEndAdmissionStoreTests.AFurtherDemandIsAskedAboutAtItsOwnStopsStationNotTheAnchors(admittingStation: &quot;N1-1&quot;, expected: False)" storage="c:\users\szy\desktop\8005-workspace-v2\worktrees\cs393-8005-agv-control-server\tests\controlserver.tests\bin\release\net8.0\win-x64\controlserver.tests.dll" id="d4709df6-f4b6-de73-aa4f-a380cd4ba42f">
      <Execution id="348027cf-64c1-4e4b-8e6a-736367ed8d34" />
      <TestMethod codeBase="C:\Users\szy\Desktop\8005-workspace-v2\worktrees\cs393-8005-agv-control-server\tests\ControlServer.Tests\bin\Release\net8.0\win-x64\ControlServer.Tests.dll" adapterTypeName="executor://xunit/VsTestRunner3/netcore/" className="ControlServer.Tests.AreaEndAdmissionStoreTests" name="AFurtherDemandIsAskedAboutAtItsOwnStopsStationNotTheAnchors" />
    </UnitTest>
    <UnitTest name="ControlServer.Tests.AreaEndAdmissionStoreTests.AFurtherDemandIsAskedAboutAtItsOwnStopsStationNotTheAnchors(admittingStation: &quot;N2-1&quot;, expected: True)" storage="c:\users\szy\desktop\8005-workspace-v2\worktrees\cs393-8005-agv-control-server\tests\controlserver.tests\bin\release\net8.0\win-x64\controlserver.tests.dll" id="88e18a46-edb0-06be-34ef-daee761e7fa9">
      <Execution id="1e60eaf3-b809-4757-aa0e-70210a65f52f" />
      <TestMethod codeBase="C:\Users\szy\Desktop\8005-workspace-v2\worktrees\cs393-8005-agv-control-server\tests\ControlServer.Tests\bin\Release\net8.0\win-x64\ControlServer.Tests.dll" adapterTypeName="executor://xunit/VsTestRunner3/netcore/" className="ControlServer.Tests.AreaEndAdmissionStoreTests" name="AFurtherDemandIsAskedAboutAtItsOwnStopsStationNotTheAnchors" />
    </UnitTest>
    <UnitTest name="ControlServer.Tests.ReversedDirectionJourneyRuntimeTests.AHeldStopWhoseOnboardStopsHeartbeatingIsStillEscalatedOnTime" storage="c:\users\szy\desktop\8005-workspace-v2\worktrees\cs393-8005-agv-control-server\tests\controlserver.tests\bin\release\net8.0\win-x64\controlserver.tests.dll" id="e3391f3a-bf75-98ca-4f70-1a2f75d8422c">
      <Execution id="d43b4fff-5f11-45c0-aa8f-2df3efc4609e" />
      <TestMethod codeBase="C:\Users\szy\Desktop\8005-workspace-v2\worktrees\cs393-8005-agv-control-server\tests\ControlServer.Tests\bin\Release\net8.0\win-x64\ControlServer.Tests.dll" adapterTypeName="executor://xunit/VsTestRunner3/netcore/" className="ControlServer.Tests.ReversedDirectionJourneyRuntimeTests" name="AHeldStopWhoseOnboardStopsHeartbeatingIsStillEscalatedOnTime" />
    </UnitTest>
    <UnitTest name="ControlServer.Tests.AreaEndAdmissionStoreTests.InAMultiStopJourneyEachDemandIsAdmittedAtItsOwnStopsStationOnly" storage="c:\users\szy\desktop\8005-workspace-v2\worktrees\cs393-8005-agv-control-server\tests\controlserver.tests\bin\release\net8.0\win-x64\controlserver.tests.dll" id="d1c61478-12d9-86c7-1110-6a0ebfdb7c4d">
      <Execution id="d52253e4-9efa-44f7-aea5-2932099046f2" />
      <TestMethod codeBase="C:\Users\szy\Desktop\8005-workspace-v2\worktrees\cs393-8005-agv-control-server\tests\ControlServer.Tests\bin\Release\net8.0\win-x64\ControlServer.Tests.dll" adapterTypeName="executor://xunit/VsTestRunner3/netcore/" className="ControlServer.Tests.AreaEndAdmissionStoreTests" name="InAMultiStopJourneyEachDemandIsAdmittedAtItsOwnStopsStationOnly" />
    </UnitTest>
    <UnitTest name="ControlServer.Tests.AreaEndAdmissionStoreTests.AStagingToWireUnloadCarriesAndFreezesTheAreaMachineAdmission" storage="c:\users\szy\desktop\8005-workspace-v2\worktrees\cs393-8005-agv-control-server\tests\controlserver.tests\bin\release\net8.0\win-x64\controlserver.tests.dll" id="38e868b5-1b71-6042-48d5-841202ff0fd0">
      <Execution id="c13d19d2-cbce-4ee1-8458-facc98b39aaf" />
      <TestMethod codeBase="C:\Users\szy\Desktop\8005-workspace-v2\worktrees\cs393-8005-agv-control-server\tests\ControlServer.Tests\bin\Release\net8.0\win-x64\ControlServer.Tests.dll" adapterTypeName="executor://xunit/VsTestRunner3/netcore/" className="ControlServer.Tests.AreaEndAdmissionStoreTests" name="AStagingToWireUnloadCarriesAndFreezesTheAreaMachineAdmission" />
    </UnitTest>
    <UnitTest name="ControlServer.Tests.ReversedDirectionJourneyRuntimeTests.AnAdmissionRestoredInsideTheThresholdGoesOnAndClearsTheCount" storage="c:\users\szy\desktop\8005-workspace-v2\worktrees\cs393-8005-agv-control-server\tests\controlserver.tests\bin\release\net8.0\win-x64\controlserver.tests.dll" id="dffe93fb-bc83-3843-7a46-c0d9df180764">
      <Execution id="2a3d8b61-5255-4b4f-8a7f-218653303e00" />
      <TestMethod codeBase="C:\Users\szy\Desktop\8005-workspace-v2\worktrees\cs393-8005-agv-control-server\tests\ControlServer.Tests\bin\Release\net8.0\win-x64\ControlServer.Tests.dll" adapterTypeName="executor://xunit/VsTestRunner3/netcore/" className="ControlServer.Tests.ReversedDirectionJourneyRuntimeTests" name="AnAdmissionRestoredInsideTheThresholdGoesOnAndClearsTheCount" />
    </UnitTest>
    <UnitTest name="ControlServer.Tests.ReversedDirectionJourneyRuntimeTests.TheThresholdIsConfiguredAndEscalatingLeavesTheOrderToTheMachineAlone" storage="c:\users\szy\desktop\8005-workspace-v2\worktrees\cs393-8005-agv-control-server\tests\controlserver.tests\bin\release\net8.0\win-x64\controlserver.tests.dll" id="93f29cb8-5b00-a2f6-33da-b09cdbc7ebfa">
      <Execution id="5690b368-a64b-4741-85ab-5e0064a92fbd" />
      <TestMethod codeBase="C:\Users\szy\Desktop\8005-workspace-v2\worktrees\cs393-8005-agv-control-server\tests\ControlServer.Tests\bin\Release\net8.0\win-x64\ControlServer.Tests.dll" adapterTypeName="executor://xunit/VsTestRunner3/netcore/" className="ControlServer.Tests.ReversedDirectionJourneyRuntimeTests" name="TheThresholdIsConfiguredAndEscalatingLeavesTheOrderToTheMachineAlone" />
    </UnitTest>
    <UnitTest name="ControlServer.Tests.ReversedDirectionJourneyRuntimeTests.TheStartOfTheWaitIsOnlyWrittenThroughItsTwoWritePoints" storage="c:\users\szy\desktop\8005-workspace-v2\worktrees\cs393-8005-agv-control-server\tests\controlserver.tests\bin\release\net8.0\win-x64\controlserver.tests.dll" id="7c5c88f3-4013-73b6-43bb-4ce2ffb9ba64">
      <Execution id="011ac495-d838-4e7d-ba5e-1b28a5a3c36c" />
      <TestMethod codeBase="C:\Users\szy\Desktop\8005-workspace-v2\worktrees\cs393-8005-agv-control-server\tests\ControlServer.Tests\bin\Release\net8.0\win-x64\ControlServer.Tests.dll" adapterTypeName="executor://xunit/VsTestRunner3/netcore/" className="ControlServer.Tests.ReversedDirectionJourneyRuntimeTests" name="TheStartOfTheWaitIsOnlyWrittenThroughItsTwoWritePoints" />
    </UnitTest>
    <UnitTest name="ControlServer.Tests.ReversedDirectionJourneyRuntimeTests.AStagingToWireJourneyIsPlannedFromTheStagingStationToTheAreaMachineAndNeverSwapped" storage="c:\users\szy\desktop\8005-workspace-v2\worktrees\cs393-8005-agv-control-server\tests\controlserver.tests\bin\release\net8.0\win-x64\controlserver.tests.dll" id="94ea8573-a1c4-6580-39d1-b9b492c934c2">
      <Execution id="84b7b903-7830-4bb6-a716-c2130bd9a7ef" />
      <TestMethod codeBase="C:\Users\szy\Desktop\8005-workspace-v2\worktrees\cs393-8005-agv-control-server\tests\ControlServer.Tests\bin\Release\net8.0\win-x64\ControlServer.Tests.dll" adapterTypeName="executor://xunit/VsTestRunner3/netcore/" className="ControlServer.Tests.ReversedDirectionJourneyRuntimeTests" name="AStagingToWireJourneyIsPlannedFromTheStagingStationToTheAreaMachineAndNeverSwapped" />
    </UnitTest>
    <UnitTest name="ControlServer.Tests.ReversedDirectionJourneyRuntimeTests.AnAdmissionRestoredClearsTheStoredStartOfTheWait" storage="c:\users\szy\desktop\8005-workspace-v2\worktrees\cs393-8005-agv-control-server\tests\controlserver.tests\bin\release\net8.0\win-x64\controlserver.tests.dll" id="9c5fb2d4-793d-f484-3de4-0eab92082317">
      <Execution id="653afcec-c54a-498d-bfdf-7a5bc0165ca1" />
      <TestMethod codeBase="C:\Users\szy\Desktop\8005-workspace-v2\worktrees\cs393-8005-agv-control-server\tests\ControlServer.Tests\bin\Release\net8.0\win-x64\ControlServer.Tests.dll" adapterTypeName="executor://xunit/VsTestRunner3/netcore/" className="ControlServer.Tests.ReversedDirectionJourneyRuntimeTests" name="AnAdmissionRestoredClearsTheStoredStartOfTheWait" />
    </UnitTest>
    <UnitTest name="ControlServer.Tests.ReversedDirectionJourneyRuntimeTests.TheShippedAdmissionPolicyVersionMovesPastTheOneTheWireToGateOnlySeedWasBoundTo" storage="c:\users\szy\desktop\8005-workspace-v2\worktrees\cs393-8005-agv-control-server\tests\controlserver.tests\bin\release\net8.0\win-x64\controlserver.tests.dll" id="4074d3ad-63d0-1fb4-c2c1-d9822d71ee8d">
      <Execution id="8e8717f3-2e47-47f4-92bc-bc154c2208a8" />
      <TestMethod codeBase="C:\Users\szy\Desktop\8005-workspace-v2\worktrees\cs393-8005-agv-control-server\tests\ControlServer.Tests\bin\Release\net8.0\win-x64\ControlServer.Tests.dll" adapterTypeName="executor://xunit/VsTestRunner3/netcore/" className="ControlServer.Tests.ReversedDirectionJourneyRuntimeTests" name="TheShippedAdmissionPolicyVersionMovesPastTheOneTheWireToGateOnlySeedWasBoundTo" />
    </UnitTest>
    <UnitTest name="ControlServer.Tests.AreaEndAdmissionStoreTests.AReplayOfAnOperationWhoseAdmissionIdentityIsNotTheDemandsTaskTypeIsRefused" storage="c:\users\szy\desktop\8005-workspace-v2\worktrees\cs393-8005-agv-control-server\tests\controlserver.tests\bin\release\net8.0\win-x64\controlserver.tests.dll" id="62c7627a-4bee-4123-6a5f-54ac4eba1706">
      <Execution id="38a978fa-578b-4da0-a371-e23e448c91d2" />
      <TestMethod codeBase="C:\Users\szy\Desktop\8005-workspace-v2\worktrees\cs393-8005-agv-control-server\tests\ControlServer.Tests\bin\Release\net8.0\win-x64\ControlServer.Tests.dll" adapterTypeName="executor://xunit/VsTestRunner3/netcore/" className="ControlServer.Tests.AreaEndAdmissionStoreTests" name="AReplayOfAnOperationWhoseAdmissionIdentityIsNotTheDemandsTaskTypeIsRefused" />
    </UnitTest>
    <UnitTest name="ControlServer.Tests.ReversedDirectionJourneyRuntimeTests.AMachineThatNoLongerAdmitsTheTaskTypeHoldsTheUnloadUntilItDoesAgain" storage="c:\users\szy\desktop\8005-workspace-v2\worktrees\cs393-8005-agv-control-server\tests\controlserver.tests\bin\release\net8.0\win-x64\controlserver.tests.dll" id="d230b9d4-dca2-1692-a21c-40da0f7c0904">
      <Execution id="2eee5aba-b6ac-4efa-a09a-a069efab4430" />
      <TestMethod codeBase="C:\Users\szy\Desktop\8005-workspace-v2\worktrees\cs393-8005-agv-control-server\tests\ControlServer.Tests\bin\Release\net8.0\win-x64\ControlServer.Tests.dll" adapterTypeName="executor://xunit/VsTestRunner3/netcore/" className="ControlServer.Tests.ReversedDirectionJourneyRuntimeTests" name="AMachineThatNoLongerAdmitsTheTaskTypeHoldsTheUnloadUntilItDoesAgain" />
    </UnitTest>
    <UnitTest name="ControlServer.Tests.ReversedDirectionJourneyRuntimeTests.ASessionLostAndRegainedWhileHeldDoesNotRestartTheCount" storage="c:\users\szy\desktop\8005-workspace-v2\worktrees\cs393-8005-agv-control-server\tests\controlserver.tests\bin\release\net8.0\win-x64\controlserver.tests.dll" id="ddb420f6-661d-b14d-efe7-9ebc1008d141">
      <Execution id="7c5d05cf-d15b-436d-8135-2cf48b24b267" />
      <TestMethod codeBase="C:\Users\szy\Desktop\8005-workspace-v2\worktrees\cs393-8005-agv-control-server\tests\ControlServer.Tests\bin\Release\net8.0\win-x64\ControlServer.Tests.dll" adapterTypeName="executor://xunit/VsTestRunner3/netcore/" className="ControlServer.Tests.ReversedDirectionJourneyRuntimeTests" name="ASessionLostAndRegainedWhileHeldDoesNotRestartTheCount" />
    </UnitTest>
    <UnitTest name="ControlServer.Tests.TaskTypeAdmissionRuntimeTests.TheAdmissionSeedPairsEveryAreaStationWithEveryExecutableTaskType" storage="c:\users\szy\desktop\8005-workspace-v2\worktrees\cs393-8005-agv-control-server\tests\controlserver.tests\bin\release\net8.0\win-x64\controlserver.tests.dll" id="011c4de7-e6d6-7bfe-8ca5-2ae686841222">
      <Execution id="325b852b-88e1-40d9-979a-284de7fb5e0f" />
      <TestMethod codeBase="C:\Users\szy\Desktop\8005-workspace-v2\worktrees\cs393-8005-agv-control-server\tests\ControlServer.Tests\bin\Release\net8.0\win-x64\ControlServer.Tests.dll" adapterTypeName="executor://xunit/VsTestRunner3/netcore/" className="ControlServer.Tests.TaskTypeAdmissionRuntimeTests" name="TheAdmissionSeedPairsEveryAreaStationWithEveryExecutableTaskType" />
    </UnitTest>
  </TestDefinitions>
  <TestEntries>
    <TestEntry testId="07d17304-34df-6508-f568-396f5f1c0658" executionId="a0af6959-055a-40ea-a74d-fa252374a9d6" testListId="8c84fa94-04c1-424b-9868-57a2d4851a1d" />
    <TestEntry testId="d1c61478-12d9-86c7-1110-6a0ebfdb7c4d" executionId="d52253e4-9efa-44f7-aea5-2932099046f2" testListId="8c84fa94-04c1-424b-9868-57a2d4851a1d" />
    <TestEntry testId="48cb8883-c6ca-cd52-5469-cf003b27d8a5" executionId="9849adee-be42-45ef-9591-e5f04c88c911" testListId="8c84fa94-04c1-424b-9868-57a2d4851a1d" />
    <TestEntry testId="ddb420f6-661d-b14d-efe7-9ebc1008d141" executionId="7c5d05cf-d15b-436d-8135-2cf48b24b267" testListId="8c84fa94-04c1-424b-9868-57a2d4851a1d" />
    <TestEntry testId="d4fbc300-ecd8-42aa-5597-a61f39d77933" executionId="178b599b-55af-496a-9a24-48490acf4fd2" testListId="8c84fa94-04c1-424b-9868-57a2d4851a1d" />
    <TestEntry testId="829a465b-e454-447e-d066-a5b2bb91ff56" executionId="e4bcf4e1-9242-4112-a77a-8a75a9da88b1" testListId="8c84fa94-04c1-424b-9868-57a2d4851a1d" />
    <TestEntry testId="7c5c88f3-4013-73b6-43bb-4ce2ffb9ba64" executionId="011ac495-d838-4e7d-ba5e-1b28a5a3c36c" testListId="8c84fa94-04c1-424b-9868-57a2d4851a1d" />
    <TestEntry testId="3e8fec5f-4651-8793-1641-2719355eed75" executionId="7c8a266c-9e8d-4744-8451-be8d2c6c7949" testListId="8c84fa94-04c1-424b-9868-57a2d4851a1d" />
    <TestEntry testId="88e18a46-edb0-06be-34ef-daee761e7fa9" executionId="1e60eaf3-b809-4757-aa0e-70210a65f52f" testListId="8c84fa94-04c1-424b-9868-57a2d4851a1d" />
    <TestEntry testId="1d320cf0-a638-ca19-9de3-6c3ebfa42e2f" executionId="4b5a7dd9-b563-47d9-848e-c8be0d3f2d7d" testListId="8c84fa94-04c1-424b-9868-57a2d4851a1d" />
    <TestEntry testId="ed1712e0-b13a-368d-eed9-127acdeb492a" executionId="697eef01-68c7-495a-a409-d1fe413e96a6" testListId="8c84fa94-04c1-424b-9868-57a2d4851a1d" />
    <TestEntry testId="94ea8573-a1c4-6580-39d1-b9b492c934c2" executionId="84b7b903-7830-4bb6-a716-c2130bd9a7ef" testListId="8c84fa94-04c1-424b-9868-57a2d4851a1d" />
    <TestEntry testId="9c5fb2d4-793d-f484-3de4-0eab92082317" executionId="653afcec-c54a-498d-bfdf-7a5bc0165ca1" testListId="8c84fa94-04c1-424b-9868-57a2d4851a1d" />
    <TestEntry testId="2f630fdb-f592-aa52-7a6f-0f909025f61e" executionId="992544b7-eba8-482a-a156-fc7733ee0090" testListId="8c84fa94-04c1-424b-9868-57a2d4851a1d" />
    <TestEntry testId="dffe93fb-bc83-3843-7a46-c0d9df180764" executionId="2a3d8b61-5255-4b4f-8a7f-218653303e00" testListId="8c84fa94-04c1-424b-9868-57a2d4851a1d" />
    <TestEntry testId="25da33ab-a865-4378-c3e6-e9ed60005924" executionId="36ea6434-e911-4470-9235-59e15388f19b" testListId="8c84fa94-04c1-424b-9868-57a2d4851a1d" />
    <TestEntry testId="011c4de7-e6d6-7bfe-8ca5-2ae686841222" executionId="325b852b-88e1-40d9-979a-284de7fb5e0f" testListId="8c84fa94-04c1-424b-9868-57a2d4851a1d" />
    <TestEntry testId="d4709df6-f4b6-de73-aa4f-a380cd4ba42f" executionId="348027cf-64c1-4e4b-8e6a-736367ed8d34" testListId="8c84fa94-04c1-424b-9868-57a2d4851a1d" />
    <TestEntry testId="e3391f3a-bf75-98ca-4f70-1a2f75d8422c" executionId="d43b4fff-5f11-45c0-aa8f-2df3efc4609e" testListId="8c84fa94-04c1-424b-9868-57a2d4851a1d" />
    <TestEntry testId="2cb1a0d2-5752-772e-73e7-06497d614e1c" executionId="e0c9e61d-5d39-4d68-bb3c-d03c8537708d" testListId="8c84fa94-04c1-424b-9868-57a2d4851a1d" />
    <TestEntry testId="7d8e9fc0-1ab9-fa01-73a0-230577ab8c8c" executionId="6f494b2a-f435-4a10-954b-ddc81b427d38" testListId="8c84fa94-04c1-424b-9868-57a2d4851a1d" />
    <TestEntry testId="d5cd9782-5340-c9b6-17f2-5fc1e5314c72" executionId="04baeb54-18a6-4b3e-a704-b7c243b4be59" testListId="8c84fa94-04c1-424b-9868-57a2d4851a1d" />
    <TestEntry testId="d2e8da9a-90c1-6219-6a61-4a826747e5da" executionId="722c9d20-4cca-4a17-be5c-cae56beee304" testListId="8c84fa94-04c1-424b-9868-57a2d4851a1d" />
    <TestEntry testId="2ff679ad-cf15-23a4-9312-fa7abe3fadd5" executionId="b04fa1c6-78cd-453b-b4fd-d4bc2d4248df" testListId="8c84fa94-04c1-424b-9868-57a2d4851a1d" />
    <TestEntry testId="4074d3ad-63d0-1fb4-c2c1-d9822d71ee8d" executionId="8e8717f3-2e47-47f4-92bc-bc154c2208a8" testListId="8c84fa94-04c1-424b-9868-57a2d4851a1d" />
    <TestEntry testId="ae4d4a38-3280-2d80-dfa0-a4cec58d4bc9" executionId="321d75ce-7b4a-4690-b317-6dc544919ca8" testListId="8c84fa94-04c1-424b-9868-57a2d4851a1d" />
    <TestEntry testId="93f29cb8-5b00-a2f6-33da-b09cdbc7ebfa" executionId="5690b368-a64b-4741-85ab-5e0064a92fbd" testListId="8c84fa94-04c1-424b-9868-57a2d4851a1d" />
    <TestEntry testId="eeb3fb95-1834-9354-8ad2-b466d054f28f" executionId="820f10cd-eb52-43f2-98c2-65c04136be3a" testListId="8c84fa94-04c1-424b-9868-57a2d4851a1d" />
    <TestEntry testId="45a49448-7791-87c3-8422-7111add53272" executionId="5d84b53b-e86b-468b-89cc-cffe924b9d09" testListId="8c84fa94-04c1-424b-9868-57a2d4851a1d" />
    <TestEntry testId="38e868b5-1b71-6042-48d5-841202ff0fd0" executionId="c13d19d2-cbce-4ee1-8458-facc98b39aaf" testListId="8c84fa94-04c1-424b-9868-57a2d4851a1d" />
    <TestEntry testId="d230b9d4-dca2-1692-a21c-40da0f7c0904" executionId="2eee5aba-b6ac-4efa-a09a-a069efab4430" testListId="8c84fa94-04c1-424b-9868-57a2d4851a1d" />
    <TestEntry testId="92ffb350-e1db-315e-3336-93b0d758b80a" executionId="890eb0bb-4f05-4eb3-a280-8742594bc2e6" testListId="8c84fa94-04c1-424b-9868-57a2d4851a1d" />
    <TestEntry testId="b12375bb-c361-2123-b817-f432d02309ad" executionId="07dd9a58-f000-4f72-af09-d4dfe169fc04" testListId="8c84fa94-04c1-424b-9868-57a2d4851a1d" />
    <TestEntry testId="62c7627a-4bee-4123-6a5f-54ac4eba1706" executionId="38a978fa-578b-4da0-a371-e23e448c91d2" testListId="8c84fa94-04c1-424b-9868-57a2d4851a1d" />
    <TestEntry testId="df2bf7f2-3a60-e9f9-f969-5edd7e0109c8" executionId="bc87ffa7-7416-4b20-9e6c-b8fabfef169f" testListId="8c84fa94-04c1-424b-9868-57a2d4851a1d" />
  </TestEntries>
  <TestLists>
    <TestList name="Results Not in a List" id="8c84fa94-04c1-424b-9868-57a2d4851a1d" />
    <TestList name="All Loaded Results" id="19431567-8539-422a-85d7-44ee4e166bda" />
  </TestLists>
  <ResultSummary outcome="Completed">
    <Counters total="35" executed="35" passed="35" failed="0" error="0" timeout="0" aborted="0" inconclusive="0" passedButRunAborted="0" notRunnable="0" notExecuted="0" disconnected="0" warning="0" completed="0" inProgress="0" pending="0" />
    <Output>
      <StdOut>[xUnit.net 00:00:00.00] xUnit.net VSTest Adapter v3.1.5+1b188a7b0a (64-bit .NET 8.0.31)&#xD;
[xUnit.net 00:00:00.85]   Discovering: ControlServer.Tests&#xD;
[xUnit.net 00:00:03.43]   Discovered:  ControlServer.Tests&#xD;
[xUnit.net 00:00:03.70]   Starting:    ControlServer.Tests&#xD;
[xUnit.net 00:01:13.13]   Finished:    ControlServer.Tests (ID = '20a49027ad26c062388424838d23b7f97cb462d1792e5cdadbd36290cbbeacb8')&#xD;
</StdOut>
    </Output>
  </ResultSummary>
</TestRun>