2026-10-02T21:57:24.5806388+08:00	Information	SingleInstanceGuard	抢到了整机单例名字。名字=Global\SQCD.Agv.Wpf.Onboard。
2026-10-02T21:57:24.6451896+08:00	Information	App	车载端启动：agvId=AGV-L2-001，environment=Development，version=0.2.0-safety-mock-travel+4e40e196205d55c363f97850d10bd18df9a686c0。
2026-10-02T21:57:25.3003725+08:00	Information	ModbusTcpIoModuleClient	已连接IO模块 127.0.0.1:48412，UnitId=255。
2026-10-02T21:57:25.3035490+08:00	Information	WireToGateSessionClient	会话状态发布：source=handshake-start，connected=False，generation=null，readiness=Recovering，reasonCodes=[]，safetyStateVersion=1。
2026-10-02T21:57:25.3071693+08:00	Information	WireToGateBusinessService	判恢复入口：generation=null，readiness=Recovering，reasonCodes=[]，subject=none，recoveryVector=none，recoverySession=none，faultCargoHandoff=False。
2026-10-02T21:57:25.3192837+08:00	Information	OnboardController	IO模块在线。
2026-10-02T21:57:25.3208051+08:00	Information	OnboardController	启动IO安全快照验证通过。
2026-10-02T21:57:25.6370986+08:00	Information	WireToGateSessionClient	会话状态发布：source=session-accepted，connected=True，generation=1，readiness=Recovering，reasonCodes=[]，safetyStateVersion=1。
2026-10-02T21:57:25.6377209+08:00	Information	WireToGateBusinessService	判恢复入口：generation=1，readiness=Recovering，reasonCodes=[]，subject=none，recoveryVector=none，recoverySession=none，faultCargoHandoff=False。
2026-10-02T21:57:25.9774807+08:00	Information	WireToGateSessionClient	收到SessionReadiness：messageId=41e788f7-45e7-4930-b58e-20dcd310a29b，generation=1，readiness=READY，reasonCodes=[]，acceptedSafetyStateVersion=1。
2026-10-02T21:57:25.9793450+08:00	Information	WireToGateSessionClient	会话状态发布：source=SessionReadiness，connected=True，generation=1，readiness=Ready，reasonCodes=[]，safetyStateVersion=1。
2026-10-02T21:57:25.9822829+08:00	Information	WireToGateBusinessService	判恢复入口：generation=1，readiness=Ready，reasonCodes=[]，subject=none，recoveryVector=none，recoverySession=none，faultCargoHandoff=False。
2026-10-02T21:57:26.0027452+08:00	Information	WireToGateBusinessService	重连后检查授权请求：generation=1，vector=none/none，commandBound=False，结论=无待授权的补偿或修正。
2026-10-02T21:57:26.0042138+08:00	Information	WireToGateSessionService	上层会话已建立：generation=1，readiness=Ready。
2026-10-02T21:57:26.1565349+08:00	Information	WireToGateSessionClient	收到SessionReadiness：messageId=fc4957c7-e443-4a2f-a879-0f85db671e58，generation=1，readiness=READY，reasonCodes=[]，acceptedSafetyStateVersion=2。
2026-10-02T21:57:26.1569706+08:00	Information	WireToGateSessionClient	会话状态发布：source=SessionReadiness，connected=True，generation=1，readiness=Ready，reasonCodes=[]，safetyStateVersion=2。
2026-10-02T21:57:26.1692339+08:00	Information	WireToGateSessionClient	会话状态发布：source=SafetyStateChanged-ack，connected=True，generation=1，readiness=Ready，reasonCodes=[]，safetyStateVersion=2。
2026-10-02T21:57:40.9299523+08:00	Information	App	服务端请求录入Sublot：station=N1-3_N1-7，revision=1，expectedSublots=L2-RD-20261002T135710712Z。 
2026-10-02T21:57:41.6788251+08:00	Information	App	服务端请求录入Sublot：station=N1-3_N1-7，revision=1，expectedSublots=L2-RD-20261002T135710712Z。 
2026-10-02T21:57:42.5082091+08:00	Information	App	服务端请求录入Sublot：station=N1-3_N1-7，revision=1，expectedSublots=L2-RD-20261002T135710712Z。 
2026-10-02T21:57:43.5029744+08:00	Information	App	服务端请求录入Sublot：station=N1-3_N1-7，revision=1，expectedSublots=L2-RD-20261002T135710712Z。 
2026-10-02T21:57:44.4237612+08:00	Information	App	服务端请求录入Sublot：station=N1-3_N1-7，revision=1，expectedSublots=L2-RD-20261002T135710712Z。 
2026-10-02T21:57:45.4132935+08:00	Information	App	服务端请求录入Sublot：station=N1-3_N1-7，revision=1，expectedSublots=L2-RD-20261002T135710712Z。 
2026-10-02T21:57:46.4385137+08:00	Information	App	服务端请求录入Sublot：station=N1-3_N1-7，revision=1，expectedSublots=L2-RD-20261002T135710712Z。 
2026-10-02T21:57:47.2123774+08:00	Information	App	服务端请求录入Sublot：station=N1-3_N1-7，revision=1，expectedSublots=L2-RD-20261002T135710712Z。 
2026-10-02T21:57:48.3035064+08:00	Information	App	服务端请求录入Sublot：station=N1-3_N1-7，revision=1，expectedSublots=L2-RD-20261002T135710712Z。 
2026-10-02T21:57:49.2071214+08:00	Information	App	服务端请求录入Sublot：station=N1-3_N1-7，revision=1，expectedSublots=L2-RD-20261002T135710712Z。 
2026-10-02T21:57:50.2080703+08:00	Information	App	服务端请求录入Sublot：station=N1-3_N1-7，revision=1，expectedSublots=L2-RD-20261002T135710712Z。 
2026-10-02T21:57:50.9524911+08:00	Information	WireToGateSessionClient	接收循环失败收尾：generation=1，EndOfStreamException：ControlServer在旅程会话期间关闭了连接。
2026-10-02T21:57:50.9717519+08:00	Information	WireToGateSessionClient	会话状态发布：source=receive-failed，connected=False，generation=null，readiness=Disconnected，reasonCodes=[SESSION_RECOVERY_REQUIRED]，safetyStateVersion=2。
2026-10-02T21:57:50.9722714+08:00	Information	WireToGateBusinessService	判恢复入口：generation=null，readiness=Disconnected，reasonCodes=[SESSION_RECOVERY_REQUIRED]，subject=none，recoveryVector=none，recoverySession=none，faultCargoHandoff=False。
2026-10-02T21:57:52.0246185+08:00	Information	WireToGateSessionClient	会话状态发布：source=disconnect，connected=False，generation=null，readiness=Disconnected，reasonCodes=[SESSION_RECOVERY_REQUIRED]，safetyStateVersion=2。
2026-10-02T21:57:52.0294258+08:00	Warning	WireToGateSessionService	上层会话不可用：WIRE_TO_GATE会话尚未建立。。将在2秒后重连。
2026-10-02T21:57:54.0373502+08:00	Information	WireToGateSessionClient	会话状态发布：source=handshake-start，connected=False，generation=null，readiness=Recovering，reasonCodes=[]，safetyStateVersion=2。
2026-10-02T21:57:54.0386172+08:00	Information	WireToGateBusinessService	判恢复入口：generation=null，readiness=Recovering，reasonCodes=[]，subject=none，recoveryVector=none，recoverySession=none，faultCargoHandoff=False。
2026-10-02T21:57:54.1823028+08:00	Information	WireToGateSessionClient	会话状态发布：source=session-accepted，connected=True，generation=2，readiness=Recovering，reasonCodes=[]，safetyStateVersion=2。
2026-10-02T21:57:54.1836546+08:00	Information	WireToGateBusinessService	判恢复入口：generation=2，readiness=Recovering，reasonCodes=[]，subject=none，recoveryVector=none，recoverySession=none，faultCargoHandoff=False。
2026-10-02T21:57:54.4500384+08:00	Information	WireToGateSessionClient	收到SessionReadiness：messageId=efe59c05-adff-43d2-9a33-fd5e2b223d2b，generation=2，readiness=READY，reasonCodes=[]，acceptedSafetyStateVersion=2。
2026-10-02T21:57:54.4509843+08:00	Information	WireToGateSessionClient	会话状态发布：source=SessionReadiness，connected=True，generation=2，readiness=Ready，reasonCodes=[]，safetyStateVersion=2。
2026-10-02T21:57:54.4518812+08:00	Information	WireToGateBusinessService	判恢复入口：generation=2，readiness=Ready，reasonCodes=[]，subject=none，recoveryVector=none，recoverySession=none，faultCargoHandoff=False。
2026-10-02T21:57:54.4562697+08:00	Information	WireToGateSessionService	上层会话已建立：generation=2，readiness=Ready。
2026-10-02T21:57:54.4747394+08:00	Information	WireToGateBusinessService	重连后检查授权请求：generation=2，vector=none/none，commandBound=False，结论=无待授权的补偿或修正。
2026-10-02T21:57:54.5086369+08:00	Information	WireToGateSessionClient	收到SessionReadiness：messageId=029312b5-85f3-413d-b822-c18b0aa87183，generation=2，readiness=READY，reasonCodes=[]，acceptedSafetyStateVersion=3。
2026-10-02T21:57:54.5093169+08:00	Information	WireToGateSessionClient	会话状态发布：source=SessionReadiness，connected=True，generation=2，readiness=Ready，reasonCodes=[]，safetyStateVersion=3。
2026-10-02T21:57:54.5146146+08:00	Information	WireToGateSessionClient	会话状态发布：source=SafetyStateChanged-ack，connected=True，generation=2，readiness=Ready，reasonCodes=[]，safetyStateVersion=3。
2026-10-02T21:57:54.6322544+08:00	Information	App	服务端请求录入Sublot：station=N1-3_N1-7，revision=1，expectedSublots=L2-RD-20261002T135710712Z。 
2026-10-02T21:57:54.8558515+08:00	Information	App	服务端请求录入Sublot：station=N1-3_N1-7，revision=2，expectedSublots=L2-RD-20261002T135710712Z。 
